
> comptia-network-plus-learning-platform@1.0.0 test
> vitest


[1m[7m[36m RUN [39m[27m[22m [36mv2.1.9 [39m[90mC:/Users/brand/Development/Project_Workspace/active-development/learn_comptia_network+[39m

 [32m✓[39m tests/unit/cloud.test.ts[2m > [22mCloud Architecture Component[2m > [22mCloud Service Model Validation[2m > [22mshould validate IaaS service model correctly
 [32m✓[39m tests/unit/cloud.test.ts[2m > [22mCloud Architecture Component[2m > [22mCloud Service Model Validation[2m > [22mshould validate PaaS service model correctly
 [32m✓[39m tests/unit/cloud.test.ts[2m > [22mCloud Architecture Component[2m > [22mCloud Service Model Validation[2m > [22mshould validate SaaS service model correctly
 [32m✓[39m tests/unit/cloud.test.ts[2m > [22mCloud Architecture Component[2m > [22mCloud Service Model Validation[2m > [22mshould handle invalid service model types
 [32m✓[39m tests/unit/cloud.test.ts[2m > [22mCloud Architecture Component[2m > [22mCloud Deployment Model Validation[2m > [22mshould validate public cloud deployment
 [32m✓[39m tests/unit/cloud.test.ts[2m > [22mCloud Architecture Component[2m > [22mCloud Deployment Model Validation[2m > [22mshould validate private cloud deployment
 [32m✓[39m tests/unit/cloud.test.ts[2m > [22mCloud Architecture Component[2m > [22mCloud Deployment Model Validation[2m > [22mshould validate hybrid cloud deployment
 [32m✓[39m tests/unit/cloud.test.ts[2m > [22mCloud Architecture Component[2m > [22mCloud Deployment Model Validation[2m > [22mshould validate community cloud deployment
 [32m✓[39m tests/unit/cloud.test.ts[2m > [22mCloud Architecture Component[2m > [22mCloud Architecture Scoring[2m > [22mshould calculate correct score for architecture design
 [32m✓[39m tests/unit/cloud.test.ts[2m > [22mCloud Architecture Component[2m > [22mCloud Architecture Scoring[2m > [22mshould calculate partial score for partially correct architecture
 [32m✓[39m tests/unit/cloud.test.ts[2m > [22mCloud Architecture Component[2m > [22mCloud Architecture Scoring[2m > [22mshould penalize incorrect scalability design
 [32m✓[39m tests/unit/cloud.test.ts[2m > [22mCloud Architecture Component[2m > [22mCloud Cost Optimization[2m > [22mshould calculate cost savings for reserved instances
 [31m×[39m tests/unit/cloud.test.ts[2m > [22mCloud Architecture Component[2m > [22mCloud Cost Optimization[2m > [22mshould recommend right-sizing for oversized instances
[31m   → expected 'maintain' to be 'downsize' // Object.is equality[39m
 [32m✓[39m tests/unit/cloud.test.ts[2m > [22mCloud Architecture Component[2m > [22mCloud Cost Optimization[2m > [22mshould recommend auto-scaling for variable workloads
 [32m✓[39m tests/unit/cloud.test.ts[2m > [22mCloud Architecture Component[2m > [22mCloud Security Validation[2m > [22mshould validate security group rules
 [32m✓[39m tests/unit/cloud.test.ts[2m > [22mCloud Architecture Component[2m > [22mCloud Security Validation[2m > [22mshould detect overly permissive SSH access
 [32m✓[39m tests/unit/cloud.test.ts[2m > [22mCloud Architecture Component[2m > [22mCloud Security Validation[2m > [22mshould validate encryption settings
 [32m✓[39m tests/unit/cloud.test.ts[2m > [22mCloud Architecture Component[2m > [22mCloud Network Architecture[2m > [22mshould validate VPC configuration
 [32m✓[39m tests/unit/cloud.test.ts[2m > [22mCloud Architecture Component[2m > [22mCloud Network Architecture[2m > [22mshould validate multi-AZ deployment
 [32m✓[39m tests/unit/cloud.test.ts[2m > [22mCloud Architecture Component[2m > [22mCloud Network Architecture[2m > [22mshould calculate subnet requirements
 [32m✓[39m tests/unit/assessment.test.ts[2m > [22mIntegrated Assessment Component[2m > [22mScenario Simulator[2m > [22mshould initialize network troubleshooting scenario
 [32m✓[39m tests/unit/assessment.test.ts[2m > [22mIntegrated Assessment Component[2m > [22mScenario Simulator[2m > [22mshould validate correct troubleshooting steps
 [32m✓[39m tests/unit/assessment.test.ts[2m > [22mIntegrated Assessment Component[2m > [22mScenario Simulator[2m > [22mshould detect incorrect troubleshooting order
 [32m✓[39m tests/unit/assessment.test.ts[2m > [22mIntegrated Assessment Component[2m > [22mScenario Simulator[2m > [22mshould simulate network design scenario
 [32m✓[39m tests/unit/assessment.test.ts[2m > [22mIntegrated Assessment Component[2m > [22mScenario Simulator[2m > [22mshould evaluate security configuration scenario
 [32m✓[39m tests/unit/assessment.test.ts[2m > [22mIntegrated Assessment Component[2m > [22mIntegrated Scoring System[2m > [22mshould calculate comprehensive assessment score
 [32m✓[39m tests/unit/assessment.test.ts[2m > [22mIntegrated Assessment Component[2m > [22mIntegrated Scoring System[2m > [22mshould apply time bonus correctly
 [32m✓[39m tests/unit/assessment.test.ts[2m > [22mIntegrated Assessment Component[2m > [22mIntegrated Scoring System[2m > [22mshould penalize incorrect attempts
 [31m×[39m tests/unit/assessment.test.ts[2m > [22mIntegrated Assessment Component[2m > [22mIntegrated Scoring System[2m > [22mshould calculate domain mastery levels
[31m   → expected 'Proficient' to be 'Competent' // Object.is equality[39m
 [32m✓[39m tests/unit/assessment.test.ts[2m > [22mIntegrated Assessment Component[2m > [22mProgress Tracking[2m > [22mshould track component completion
 [32m✓[39m tests/unit/assessment.test.ts[2m > [22mIntegrated Assessment Component[2m > [22mProgress Tracking[2m > [22mshould calculate estimated completion time
 [32m✓[39m tests/unit/assessment.test.ts[2m > [22mIntegrated Assessment Component[2m > [22mProgress Tracking[2m > [22mshould track learning velocity
 [32m✓[39m tests/unit/assessment.test.ts[2m > [22mIntegrated Assessment Component[2m > [22mProgress Tracking[2m > [22mshould identify struggling areas
 [32m✓[39m tests/unit/assessment.test.ts[2m > [22mIntegrated Assessment Component[2m > [22mBadge Award System[2m > [22mshould award "First Steps" badge for completing first component
 [32m✓[39m tests/unit/assessment.test.ts[2m > [22mIntegrated Assessment Component[2m > [22mBadge Award System[2m > [22mshould award "Quick Learner" badge for fast completion
 [32m✓[39m tests/unit/assessment.test.ts[2m > [22mIntegrated Assessment Component[2m > [22mBadge Award System[2m > [22mshould award "Perfect Score" badge
 [32m✓[39m tests/unit/assessment.test.ts[2m > [22mIntegrated Assessment Component[2m > [22mBadge Award System[2m > [22mshould award "Troubleshooting Expert" badge
 [32m✓[39m tests/unit/assessment.test.ts[2m > [22mIntegrated Assessment Component[2m > [22mBadge Award System[2m > [22mshould award "Network Architect" badge for design scenarios
 [32m✓[39m tests/unit/assessment.test.ts[2m > [22mIntegrated Assessment Component[2m > [22mBadge Award System[2m > [22mshould award "Course Champion" badge for completing all 23 components
 [32m✓[39m tests/unit/assessment.test.ts[2m > [22mIntegrated Assessment Component[2m > [22mPersonalized Recommendations[2m > [22mshould recommend review for weak areas
 [32m✓[39m tests/unit/assessment.test.ts[2m > [22mIntegrated Assessment Component[2m > [22mPersonalized Recommendations[2m > [22mshould recommend advanced topics for strong performers
 [32m✓[39m tests/unit/assessment.test.ts[2m > [22mIntegrated Assessment Component[2m > [22mPersonalized Recommendations[2m > [22mshould suggest practice scenarios
 [32m✓[39m tests/unit/assessment.test.ts[2m > [22mIntegrated Assessment Component[2m > [22mCertification Readiness[2m > [22mshould calculate certification readiness score
 [32m✓[39m tests/unit/assessment.test.ts[2m > [22mIntegrated Assessment Component[2m > [22mCertification Readiness[2m > [22mshould identify certification knowledge gaps
 [32m✓[39m tests/unit/assessment.test.ts[2m > [22mIntegrated Assessment Component[2m > [22mCertification Readiness[2m > [22mshould estimate exam readiness timeline
 [32m✓[39m tests/unit/assessment.test.ts[2m > [22mIntegrated Assessment Component[2m > [22mPerformance Analytics[2m > [22mshould generate performance report
 [32m✓[39m tests/unit/assessment.test.ts[2m > [22mIntegrated Assessment Component[2m > [22mPerformance Analytics[2m > [22mshould track improvement over time
 [32m✓[39m tests/unit/assessment.test.ts[2m > [22mIntegrated Assessment Component[2m > [22mPerformance Analytics[2m > [22mshould compare performance to benchmarks
 [32m✓[39m tests/unit/media.test.ts[2m > [22mNetwork Media and Connectors Component[2m > [22mCable Type Validation[2m > [22mshould validate Cat5e cable specifications
 [32m✓[39m tests/unit/media.test.ts[2m > [22mNetwork Media and Connectors Component[2m > [22mCable Type Validation[2m > [22mshould validate Cat6 cable specifications
 [32m✓[39m tests/unit/media.test.ts[2m > [22mNetwork Media and Connectors Component[2m > [22mCable Type Validation[2m > [22mshould validate Cat6a cable specifications
 [32m✓[39m tests/unit/media.test.ts[2m > [22mNetwork Media and Connectors Component[2m > [22mCable Type Validation[2m > [22mshould validate fiber optic cable types
 [32m✓[39m tests/unit/media.test.ts[2m > [22mNetwork Media and Connectors Component[2m > [22mConnector Type Matching[2m > [22mshould match RJ45 connectors to twisted pair cables
 [32m✓[39m tests/unit/media.test.ts[2m > [22mNetwork Media and Connectors Component[2m > [22mConnector Type Matching[2m > [22mshould match LC connectors to fiber optic cables
 [32m✓[39m tests/unit/media.test.ts[2m > [22mNetwork Media and Connectors Component[2m > [22mConnector Type Matching[2m > [22mshould match SC connectors to fiber optic cables
 [32m✓[39m tests/unit/media.test.ts[2m > [22mNetwork Media and Connectors Component[2m > [22mConnector Type Matching[2m > [22mshould validate connector and cable compatibility
 [32m✓[39m tests/unit/media.test.ts[2m > [22mNetwork Media and Connectors Component[2m > [22mCable Selection Algorithm[2m > [22mshould recommend Cat5e for 100 Mbps over 90 meters
 [32m✓[39m tests/unit/media.test.ts[2m > [22mNetwork Media and Connectors Component[2m > [22mCable Selection Algorithm[2m > [22mshould recommend Cat6 for 1 Gbps over 50 meters
 [32m✓[39m tests/unit/media.test.ts[2m > [22mNetwork Media and Connectors Component[2m > [22mCable Selection Algorithm[2m > [22mshould recommend Cat6a for 10 Gbps over 100 meters
 [32m✓[39m tests/unit/media.test.ts[2m > [22mNetwork Media and Connectors Component[2m > [22mCable Selection Algorithm[2m > [22mshould recommend single-mode fiber for long distances
 [32m✓[39m tests/unit/media.test.ts[2m > [22mNetwork Media and Connectors Component[2m > [22mCable Selection Algorithm[2m > [22mshould recommend multi-mode fiber for medium distances at high speed
 [32m✓[39m tests/unit/media.test.ts[2m > [22mNetwork Media and Connectors Component[2m > [22mTransceiver Module Testing[2m > [22mshould validate SFP module specifications
 [32m✓[39m tests/unit/media.test.ts[2m > [22mNetwork Media and Connectors Component[2m > [22mTransceiver Module Testing[2m > [22mshould validate SFP+ module specifications
 [32m✓[39m tests/unit/media.test.ts[2m > [22mNetwork Media and Connectors Component[2m > [22mTransceiver Module Testing[2m > [22mshould validate QSFP module specifications
 [32m✓[39m tests/unit/media.test.ts[2m > [22mNetwork Media and Connectors Component[2m > [22mTransceiver Module Testing[2m > [22mshould match transceivers to cable types
 [32m✓[39m tests/unit/media.test.ts[2m > [22mNetwork Media and Connectors Component[2m > [22mPhysical Media Properties[2m > [22mshould calculate signal attenuation over distance
 [32m✓[39m tests/unit/media.test.ts[2m > [22mNetwork Media and Connectors Component[2m > [22mPhysical Media Properties[2m > [22mshould calculate crosstalk for twisted pair cables
 [32m✓[39m tests/unit/media.test.ts[2m > [22mNetwork Media and Connectors Component[2m > [22mPhysical Media Properties[2m > [22mshould determine shielding requirements
 [32m✓[39m tests/unit/media.test.ts[2m > [22mNetwork Media and Connectors Component[2m > [22mPhysical Media Properties[2m > [22mshould calculate bandwidth capacity
 [32m✓[39m tests/unit/media.test.ts[2m > [22mNetwork Media and Connectors Component[2m > [22m3D Connector Lab Simulation[2m > [22mshould validate correct connector insertion
 [32m✓[39m tests/unit/media.test.ts[2m > [22mNetwork Media and Connectors Component[2m > [22m3D Connector Lab Simulation[2m > [22mshould detect incorrect connector orientation
 [32m✓[39m tests/unit/media.test.ts[2m > [22mNetwork Media and Connectors Component[2m > [22m3D Connector Lab Simulation[2m > [22mshould prevent incompatible connector insertion
 [32m✓[39m tests/unit/topologies.test.ts[2m > [22mNetwork Topologies Component[2m > [22mTopology Type Validation[2m > [22mshould validate bus topology properties
 [32m✓[39m tests/unit/topologies.test.ts[2m > [22mNetwork Topologies Component[2m > [22mTopology Type Validation[2m > [22mshould validate star topology properties
 [32m✓[39m tests/unit/topologies.test.ts[2m > [22mNetwork Topologies Component[2m > [22mTopology Type Validation[2m > [22mshould validate mesh topology properties
 [32m✓[39m tests/unit/topologies.test.ts[2m > [22mNetwork Topologies Component[2m > [22mTopology Type Validation[2m > [22mshould validate ring topology properties
 [32m✓[39m tests/unit/topologies.test.ts[2m > [22mNetwork Topologies Component[2m > [22mTopology Type Validation[2m > [22mshould validate hybrid topology properties
 [32m✓[39m tests/unit/topologies.test.ts[2m > [22mNetwork Topologies Component[2m > [22mTopology Calculations[2m > [22mshould calculate connections for full mesh topology
 [32m✓[39m tests/unit/topologies.test.ts[2m > [22mNetwork Topologies Component[2m > [22mTopology Calculations[2m > [22mshould calculate connections for partial mesh topology
 [32m✓[39m tests/unit/topologies.test.ts[2m > [22mNetwork Topologies Component[2m > [22mTopology Calculations[2m > [22mshould calculate star topology port requirements
 [32m✓[39m tests/unit/topologies.test.ts[2m > [22mNetwork Topologies Component[2m > [22mTopology Calculations[2m > [22mshould calculate ring topology latency
 [32m✓[39m tests/unit/topologies.test.ts[2m > [22mNetwork Topologies Component[2m > [22mTopology Transformation[2m > [22mshould convert bus to star topology
 [32m✓[39m tests/unit/topologies.test.ts[2m > [22mNetwork Topologies Component[2m > [22mTopology Transformation[2m > [22mshould convert star to mesh topology
 [32m✓[39m tests/unit/topologies.test.ts[2m > [22mNetwork Topologies Component[2m > [22mTopology Transformation[2m > [22mshould convert ring to star topology
 [32m✓[39m tests/unit/topologies.test.ts[2m > [22mNetwork Topologies Component[2m > [22mTraffic Flow Analysis[2m > [22mshould calculate broadcast traffic in star topology
 [32m✓[39m tests/unit/topologies.test.ts[2m > [22mNetwork Topologies Component[2m > [22mTraffic Flow Analysis[2m > [22mshould calculate unicast path in star topology
 [32m✓[39m tests/unit/topologies.test.ts[2m > [22mNetwork Topologies Component[2m > [22mTraffic Flow Analysis[2m > [22mshould calculate multicast efficiency in mesh topology
 [32m✓[39m tests/unit/topologies.test.ts[2m > [22mNetwork Topologies Component[2m > [22mTraffic Flow Analysis[2m > [22mshould detect bottlenecks in star topology
 [32m✓[39m tests/unit/topologies.test.ts[2m > [22mNetwork Topologies Component[2m > [22mTopology Reliability[2m > [22mshould calculate single point of failure risk
 [32m✓[39m tests/unit/topologies.test.ts[2m > [22mNetwork Topologies Component[2m > [22mTopology Reliability[2m > [22mshould calculate network availability for mesh topology
 [32m✓[39m tests/unit/topologies.test.ts[2m > [22mNetwork Topologies Component[2m > [22mTopology Reliability[2m > [22mshould calculate redundant paths in mesh network
 [32m✓[39m tests/unit/topologies.test.ts[2m > [22mNetwork Topologies Component[2m > [22mTopology Reliability[2m > [22mshould assess fault tolerance
 [32m✓[39m tests/unit/topologies.test.ts[2m > [22mNetwork Topologies Component[2m > [22mTopology Cost Analysis[2m > [22mshould calculate cable cost for star topology
 [32m✓[39m tests/unit/topologies.test.ts[2m > [22mNetwork Topologies Component[2m > [22mTopology Cost Analysis[2m > [22mshould calculate total infrastructure cost
 [32m✓[39m tests/unit/topologies.test.ts[2m > [22mNetwork Topologies Component[2m > [22mTopology Cost Analysis[2m > [22mshould compare costs between topologies
 [32m✓[39m tests/unit/topologies.test.ts[2m > [22mNetwork Topologies Component[2m > [22mTopology Optimization[2m > [22mshould suggest topology upgrade for scalability
 [32m✓[39m tests/unit/topologies.test.ts[2m > [22mNetwork Topologies Component[2m > [22mTopology Optimization[2m > [22mshould optimize mesh topology for cost
 [32m✓[39m tests/unit/topologies.test.ts[2m > [22mNetwork Topologies Component[2m > [22mTopology Optimization[2m > [22mshould recommend redundancy improvements
 [32m✓[39m tests/unit/ipv4.test.ts[2m > [22mIPv4 Addressing Component[2m > [22mSubnet Calculations[2m > [22mshould calculate /24 subnet correctly
 [32m✓[39m tests/unit/ipv4.test.ts[2m > [22mIPv4 Addressing Component[2m > [22mSubnet Calculations[2m > [22mshould calculate /26 subnet correctly
 [32m✓[39m tests/unit/ipv4.test.ts[2m > [22mIPv4 Addressing Component[2m > [22mSubnet Calculations[2m > [22mshould calculate /30 subnet for point-to-point
 [32m✓[39m tests/unit/ipv4.test.ts[2m > [22mIPv4 Addressing Component[2m > [22mSubnet Calculations[2m > [22mshould calculate /8 Class A network
 [32m✓[39m tests/unit/ipv4.test.ts[2m > [22mIPv4 Addressing Component[2m > [22mSubnet Calculations[2m > [22mshould calculate /16 Class B network
 [32m✓[39m tests/unit/ipv4.test.ts[2m > [22mIPv4 Addressing Component[2m > [22mCIDR and Subnet Mask Conversion[2m > [22mshould convert CIDR to subnet mask
 [32m✓[39m tests/unit/ipv4.test.ts[2m > [22mIPv4 Addressing Component[2m > [22mCIDR and Subnet Mask Conversion[2m > [22mshould convert subnet mask to CIDR
 [31m×[39m tests/unit/ipv4.test.ts[2m > [22mIPv4 Addressing Component[2m > [22mCIDR and Subnet Mask Conversion[2m > [22mshould handle edge case subnet masks
[31m   → expected '255.255.255.255' to be '0.0.0.0' // Object.is equality[39m
 [32m✓[39m tests/unit/ipv4.test.ts[2m > [22mIPv4 Addressing Component[2m > [22mIP Address in Subnet Validation[2m > [22mshould confirm IP is in subnet
 [32m✓[39m tests/unit/ipv4.test.ts[2m > [22mIPv4 Addressing Component[2m > [22mIP Address in Subnet Validation[2m > [22mshould confirm IP is not in subnet
 [32m✓[39m tests/unit/ipv4.test.ts[2m > [22mIPv4 Addressing Component[2m > [22mIP Address in Subnet Validation[2m > [22mshould validate broadcast address
 [32m✓[39m tests/unit/ipv4.test.ts[2m > [22mIPv4 Addressing Component[2m > [22mIP Address in Subnet Validation[2m > [22mshould validate network address
 [32m✓[39m tests/unit/ipv4.test.ts[2m > [22mIPv4 Addressing Component[2m > [22mVLSM Calculations[2m > [22mshould calculate VLSM for multiple subnet requirements
 [32m✓[39m tests/unit/ipv4.test.ts[2m > [22mIPv4 Addressing Component[2m > [22mVLSM Calculations[2m > [22mshould optimize address space usage
 [32m✓[39m tests/unit/ipv4.test.ts[2m > [22mIPv4 Addressing Component[2m > [22mVLSM Calculations[2m > [22mshould handle single large requirement
 [32m✓[39m tests/unit/ipv4.test.ts[2m > [22mIPv4 Addressing Component[2m > [22mVLSM Calculations[2m > [22mshould sort requirements from largest to smallest
 [32m✓[39m tests/unit/ipv4.test.ts[2m > [22mIPv4 Addressing Component[2m > [22mNetwork Splitting[2m > [22mshould split /24 into four /26 subnets
 [32m✓[39m tests/unit/ipv4.test.ts[2m > [22mIPv4 Addressing Component[2m > [22mNetwork Splitting[2m > [22mshould split /16 into 256 /24 subnets
 [32m✓[39m tests/unit/ipv4.test.ts[2m > [22mIPv4 Addressing Component[2m > [22mNetwork Splitting[2m > [22mshould split network into /30 for point-to-point links
 [32m✓[39m tests/unit/ipv4.test.ts[2m > [22mIPv4 Addressing Component[2m > [22mIPv4 Troubleshooting Scenarios[2m > [22mshould detect subnet mismatch
 [32m✓[39m tests/unit/ipv4.test.ts[2m > [22mIPv4 Addressing Component[2m > [22mIPv4 Troubleshooting Scenarios[2m > [22mshould detect IP address conflict
 [32m✓[39m tests/unit/ipv4.test.ts[2m > [22mIPv4 Addressing Component[2m > [22mIPv4 Troubleshooting Scenarios[2m > [22mshould detect broadcast address assignment
 [32m✓[39m tests/unit/ipv4.test.ts[2m > [22mIPv4 Addressing Component[2m > [22mIPv4 Troubleshooting Scenarios[2m > [22mshould detect network address assignment
 [32m✓[39m tests/unit/ipv4.test.ts[2m > [22mIPv4 Addressing Component[2m > [22mIPv4 Troubleshooting Scenarios[2m > [22mshould validate correct IP assignment
 [32m✓[39m tests/unit/ipv4.test.ts[2m > [22mIPv4 Addressing Component[2m > [22mSubnetting Practice Problems[2m > [22mshould determine number of subnets from borrowed bits
 [32m✓[39m tests/unit/ipv4.test.ts[2m > [22mIPv4 Addressing Component[2m > [22mSubnetting Practice Problems[2m > [22mshould calculate hosts per subnet
 [32m✓[39m tests/unit/ipv4.test.ts[2m > [22mIPv4 Addressing Component[2m > [22mSubnetting Practice Problems[2m > [22mshould find valid subnet for host count requirement
 [31m×[39m tests/integration/state-management.test.tsx[2m > [22mState Management Integration[2m > [22mProgress State[2m > [22mshould update component progress
[31m   → Cannot read properties of undefined (reading 'cloud-designer')[39m
 [31m×[39m tests/integration/state-management.test.tsx[2m > [22mState Management Integration[2m > [22mProgress State[2m > [22mshould calculate total score correctly
[31m   → expected undefined to be 90 // Object.is equality[39m
 [31m×[39m tests/integration/state-management.test.tsx[2m > [22mState Management Integration[2m > [22mProgress State[2m > [22mshould mark components as complete
[31m   → the given combination of arguments (undefined and string) is invalid for this assertion. You can use an array, a map, an object, a set, a string, or a weakset instead of a string[39m
 [31m×[39m tests/integration/state-management.test.tsx[2m > [22mState Management Integration[2m > [22mProgress State[2m > [22mshould not duplicate completed components
[31m   → Cannot read properties of undefined (reading 'filter')[39m
 [31m×[39m tests/integration/state-management.test.tsx[2m > [22mState Management Integration[2m > [22mProgress State[2m > [22mshould update last activity timestamp
[31m   → expected NaN to be greater than or equal to 1761749612622[39m
 [32m✓[39m tests/integration/state-management.test.tsx[2m > [22mState Management Integration[2m > [22mTheme State[2m > [22mshould toggle theme
 [32m✓[39m tests/integration/state-management.test.tsx[2m > [22mState Management Integration[2m > [22mTheme State[2m > [22mshould toggle between light and dark
 [32m✓[39m tests/integration/state-management.test.tsx[2m > [22mState Management Integration[2m > [22mNavigation State[2m > [22mshould update current path
 [32m✓[39m tests/integration/state-management.test.tsx[2m > [22mState Management Integration[2m > [22mNavigation State[2m > [22mshould track path changes
 [32m✓[39m tests/integration/state-management.test.tsx[2m > [22mState Management Integration[2m > [22mLoading State[2m > [22mshould set loading state
 [32m✓[39m tests/integration/state-management.test.tsx[2m > [22mState Management Integration[2m > [22mLoading State[2m > [22mshould clear loading state
 [31m×[39m tests/integration/state-management.test.tsx[2m > [22mState Management Integration[2m > [22mState Persistence[2m > [22mshould persist progress to localStorage
[31m   → Cannot read properties of undefined (reading 'cloud-designer')[39m
 [32m✓[39m tests/integration/state-management.test.tsx[2m > [22mState Management Integration[2m > [22mState Persistence[2m > [22mshould persist theme to localStorage
 [32m✓[39m tests/integration/state-management.test.tsx[2m > [22mState Management Integration[2m > [22mState Persistence[2m > [22mshould restore state from localStorage
 [32m✓[39m tests/integration/state-management.test.tsx[2m > [22mState Management Integration[2m > [22mState Persistence[2m > [22mshould handle corrupted localStorage gracefully
 [31m×[39m tests/integration/state-management.test.tsx[2m > [22mState Management Integration[2m > [22mMultiple Updates[2m > [22mshould handle rapid successive updates
[31m   → Cannot convert undefined or null to object[39m
 [31m×[39m tests/integration/state-management.test.tsx[2m > [22mState Management Integration[2m > [22mMultiple Updates[2m > [22mshould maintain data consistency with concurrent updates
[31m   → Cannot read properties of undefined (reading 'component-1')[39m
 [31m×[39m tests/integration/state-management.test.tsx[2m > [22mState Management Integration[2m > [22mEdge Cases[2m > [22mshould handle empty component ID
[31m   → Cannot read properties of undefined (reading '')[39m
 [31m×[39m tests/integration/state-management.test.tsx[2m > [22mState Management Integration[2m > [22mEdge Cases[2m > [22mshould handle negative scores
[31m   → Cannot read properties of undefined (reading 'component-1')[39m
 [31m×[39m tests/integration/state-management.test.tsx[2m > [22mState Management Integration[2m > [22mEdge Cases[2m > [22mshould handle scores over 100
[31m   → Cannot read properties of undefined (reading 'component-1')[39m
 [32m✓[39m tests/integration/state-management.test.tsx[2m > [22mState Management Integration[2m > [22mEdge Cases[2m > [22mshould handle very long path strings
 [32m✓[39m tests/integration/state-management.test.tsx[2m > [22mState Management Integration[2m > [22mPerformance[2m > [22mshould update state quickly
 [32m✓[39m tests/integration/state-management.test.tsx[2m > [22mState Management Integration[2m > [22mPerformance[2m > [22mshould handle large state efficiently
 [31m×[39m tests/integration/state-management.test.tsx[2m > [22mState Management Integration[2m > [22mSubscribers[2m > [22mshould notify subscribers on state change
[31m   → Cannot read properties of undefined (reading 'test-component')[39m
 [31m×[39m tests/integration/state-management.test.tsx[2m > [22mState Management Integration[2m > [22mSubscribers[2m > [22mshould allow multiple subscribers
[31m   → Cannot read properties of undefined (reading 'test-component')[39m

[1m[33mwarn[39m[22m - The `content` option in your Tailwind CSS configuration is missing or empty.
[1m[33mwarn[39m[22m - Configure your content sources or your generated CSS will be missing styles.
[1m[33mwarn[39m[22m - https://tailwindcss.com/docs/content-configuration
[90mstderr[2m | tests/unit/components/ErrorBoundary.test.tsx[2m > [22m[2mErrorBoundary[2m > [22m[2mError Display[2m > [22m[2mshould render error message
[22m[39m⚠️ React Router Future Flag Warning: React Router will begin wrapping state updates in `React.startTransition` in v7. You can use the `v7_startTransition` future flag to opt-in early. For more information, see https://reactrouter.com/v6/upgrading/future#v7_starttransition.

 [32m✓[39m tests/unit/components/ErrorBoundary.test.tsx[2m > [22mErrorBoundary[2m > [22mError Display[2m > [22mshould render error message
 [31m×[39m tests/unit/components/ErrorBoundary.test.tsx[2m > [22mErrorBoundary[2m > [22mError Display[2m > [22mshould display error icon
[31m   → Unable to find an element with the role "img"

Here are the available roles:

  heading:

  Name "Oops! Something went wrong":
  [36m<h1[31m
    [33mclass[31m=[32m"text-2xl font-bold text-gray-900 dark:text-white mb-2"[31m
  [36m/>[31m

  --------------------------------------------------
  paragraph:

  Name "":
  [36m<p[31m
    [33mclass[31m=[32m"text-gray-600 dark:text-gray-400 mb-6"[31m
  [36m/>[31m

  Name "":
  [36m<p[31m
    [33mclass[31m=[32m"text-sm text-red-800 dark:text-red-200 font-mono"[31m
  [36m/>[31m

  --------------------------------------------------
  link:

  Name "Go to Home Page":
  [36m<a[31m
    [33mclass[31m=[32m"block w-full bg-blue-600 hover:bg-blue-700 text-white font-semibold py-2 px-4 rounded-lg transition-colors"[31m
    [33mhref[31m=[32m"/"[31m
  [36m/>[31m

  --------------------------------------------------
  button:

  Name "Reload Page":
  [36m<button[31m
    [33mclass[31m=[32m"block w-full bg-gray-200 dark:bg-gray-700 hover:bg-gray-300 dark:hover:bg-gray-600 text-gray-900 dark:text-white font-semibold py-2 px-4 rounded-lg transition-colors"[31m
  [36m/>[31m

  --------------------------------------------------

Ignored nodes: comments, script, style
[36m<body>[31m
  [36m<div>[31m
    [36m<div[31m
      [33mclass[31m=[32m"min-h-screen bg-gray-50 dark:bg-gray-900 flex items-center justify-center p-4"[31m
    [36m>[31m
      [36m<div[31m
        [33mclass[31m=[32m"max-w-md w-full bg-white dark:bg-gray-800 rounded-lg shadow-lg p-8 text-center"[31m
      [36m>[31m
        [36m<div[31m
          [33mclass[31m=[32m"w-16 h-16 bg-red-100 dark:bg-red-900/30 rounded-full flex items-center justify-center mx-auto mb-4"[31m
        [36m>[31m
          [36m<svg[31m
            [33mclass[31m=[32m"w-8 h-8 text-red-600 dark:text-red-400"[31m
            [33mfill[31m=[32m"none"[31m
            [33mstroke[31m=[32m"currentColor"[31m
            [33mviewBox[31m=[32m"0 0 24 24"[31m
          [36m>[31m
            [36m<path[31m
              [33md[31m=[32m"M12 9v2m0 4h.01m-6.938 4h13.856c1.54 0 2.502-1.667 1.732-3L13.732 4c-.77-1.333-2.694-1.333-3.464 0L3.34 16c-.77 1.333.192 3 1.732 3z"[31m
              [33mstroke-linecap[31m=[32m"round"[31m
              [33mstroke-linejoin[31m=[32m"round"[31m
              [33mstroke-width[31m=[32m"2"[31m
            [36m/>[31m
          [36m</svg>[31m
        [36m</div>[31m
        [36m<h1[31m
          [33mclass[31m=[32m"text-2xl font-bold text-gray-900 dark:text-white mb-2"[31m
        [36m>[31m
          [0mOops! Something went wrong[0m
        [36m</h1>[31m
        [36m<p[31m
          [33mclass[31m=[32m"text-gray-600 dark:text-gray-400 mb-6"[31m
        [36m>[31m
          [0mWe encountered an error while loading this page.[0m
        [36m</p>[31m
        [36m<div[31m
          [33mclass[31m=[32m"bg-red-50 dark:bg-red-900/20 border border-red-200 dark:border-red-800 rounded-lg p-4 mb-6 text-left"[31m
        [36m>[31m
          [36m<p[31m
            [33mclass[31m=[32m"text-sm text-red-800 dark:text-red-200 font-mono"[31m
          [36m>[31m
            [0mTest error[0m
          [36m</p>[31m
        [36m</div>[31m
        [36m<div[31m
          [33mclass[31m=[32m"space-y-3"[31m
        [36m>[31m
          [36m<a[31m
            [33mclass[31m=[32m"block w-full bg-blue-600 hover:bg-blue-700 text-white font-semibold py-2 px-4 rounded-lg transition-colors"[31m
            [33mhref[31m=[32m"/"[31m
          [36m>[31m
            [0mGo to Home Page[0m
          [36m</a>[31m
          [36m<button[31m
            [33mclass[31m=[32m"block w-full bg-gray-200 dark:bg-gray-700 hover:bg-gray-300 dark:hover:bg-gray-600 text-gray-900 dark:text-white font-semibold py-2 px-4 rounded-lg transition-colors"[31m
          [36m>[31m
            [0mReload Page[0m
          [36m</button>[31m
        [36m</div>[31m
      [36m</div>[31m
    [36m</div>[31m
  [36m</div>[31m
[36m</body>[31m[39m
 [32m✓[39m tests/unit/components/ErrorBoundary.test.tsx[2m > [22mErrorBoundary[2m > [22mError Display[2m > [22mshould show error details when error has message
 [32m✓[39m tests/unit/components/ErrorBoundary.test.tsx[2m > [22mErrorBoundary[2m > [22mError Display[2m > [22mshould show "Unknown error" when error has no message
 [32m✓[39m tests/unit/components/ErrorBoundary.test.tsx[2m > [22mErrorBoundary[2m > [22mNavigation Actions[2m > [22mshould render "Go to Home Page" link
 [32m✓[39m tests/unit/components/ErrorBoundary.test.tsx[2m > [22mErrorBoundary[2m > [22mNavigation Actions[2m > [22mshould render "Reload Page" button
 [32m✓[39m tests/unit/components/ErrorBoundary.test.tsx[2m > [22mErrorBoundary[2m > [22mNavigation Actions[2m > [22mshould call window.location.reload when reload button is clicked
 [32m✓[39m tests/unit/components/ErrorBoundary.test.tsx[2m > [22mErrorBoundary[2m > [22mStyling[2m > [22mshould apply correct CSS classes for layout
 [32m✓[39m tests/unit/components/ErrorBoundary.test.tsx[2m > [22mErrorBoundary[2m > [22mStyling[2m > [22mshould apply dark mode classes
 [32m✓[39m tests/unit/components/ErrorBoundary.test.tsx[2m > [22mErrorBoundary[2m > [22mError Types[2m > [22mshould handle TypeError
 [32m✓[39m tests/unit/components/ErrorBoundary.test.tsx[2m > [22mErrorBoundary[2m > [22mError Types[2m > [22mshould handle ReferenceError
 [32m✓[39m tests/unit/components/ErrorBoundary.test.tsx[2m > [22mErrorBoundary[2m > [22mError Types[2m > [22mshould handle custom error messages
 [32m✓[39m tests/unit/components/ErrorBoundary.test.tsx[2m > [22mErrorBoundary[2m > [22mError Types[2m > [22mshould handle very long error messages
 [32m✓[39m tests/unit/components/ErrorBoundary.test.tsx[2m > [22mErrorBoundary[2m > [22mAccessibility[2m > [22mshould have accessible button labels
 [32m✓[39m tests/unit/components/ErrorBoundary.test.tsx[2m > [22mErrorBoundary[2m > [22mAccessibility[2m > [22mshould have proper heading hierarchy
 [32m✓[39m tests/unit/components/ErrorBoundary.test.tsx[2m > [22mErrorBoundary[2m > [22mAccessibility[2m > [22mshould have visible error message for screen readers
 [32m✓[39m tests/unit/components/ErrorBoundary.test.tsx[2m > [22mErrorBoundary[2m > [22mEdge Cases[2m > [22mshould handle error without name property
 [31m×[39m tests/unit/components/ErrorBoundary.test.tsx[2m > [22mErrorBoundary[2m > [22mEdge Cases[2m > [22mshould handle null error
[31m   → Unable to find an element with the text: Unknown error. This could be because the text is broken up by multiple elements. In this case, you can provide a function for your text matcher to make your matcher more flexible.

Ignored nodes: comments, script, style
[36m<body>[31m
  [36m<div>[31m
    [36m<div[31m
      [33mclass[31m=[32m"min-h-screen bg-gray-50 dark:bg-gray-900 flex items-center justify-center p-4"[31m
    [36m>[31m
      [36m<div[31m
        [33mclass[31m=[32m"max-w-md w-full bg-white dark:bg-gray-800 rounded-lg shadow-lg p-8 text-center"[31m
      [36m>[31m
        [36m<div[31m
          [33mclass[31m=[32m"w-16 h-16 bg-red-100 dark:bg-red-900/30 rounded-full flex items-center justify-center mx-auto mb-4"[31m
        [36m>[31m
          [36m<svg[31m
            [33mclass[31m=[32m"w-8 h-8 text-red-600 dark:text-red-400"[31m
            [33mfill[31m=[32m"none"[31m
            [33mstroke[31m=[32m"currentColor"[31m
            [33mviewBox[31m=[32m"0 0 24 24"[31m
          [36m>[31m
            [36m<path[31m
              [33md[31m=[32m"M12 9v2m0 4h.01m-6.938 4h13.856c1.54 0 2.502-1.667 1.732-3L13.732 4c-.77-1.333-2.694-1.333-3.464 0L3.34 16c-.77 1.333.192 3 1.732 3z"[31m
              [33mstroke-linecap[31m=[32m"round"[31m
              [33mstroke-linejoin[31m=[32m"round"[31m
              [33mstroke-width[31m=[32m"2"[31m
            [36m/>[31m
          [36m</svg>[31m
        [36m</div>[31m
        [36m<h1[31m
          [33mclass[31m=[32m"text-2xl font-bold text-gray-900 dark:text-white mb-2"[31m
        [36m>[31m
          [0mOops! Something went wrong[0m
        [36m</h1>[31m
        [36m<p[31m
          [33mclass[31m=[32m"text-gray-600 dark:text-gray-400 mb-6"[31m
        [36m>[31m
          [0mWe encountered an error while loading this page.[0m
        [36m</p>[31m
        [36m<div[31m
          [33mclass[31m=[32m"space-y-3"[31m
        [36m>[31m
          [36m<a[31m
            [33mclass[31m=[32m"block w-full bg-blue-600 hover:bg-blue-700 text-white font-semibold py-2 px-4 rounded-lg transition-colors"[31m
            [33mhref[31m=[32m"/"[31m
          [36m>[31m
            [0mGo to Home Page[0m
          [36m</a>[31m
          [36m<button[31m
            [33mclass[31m=[32m"block w-full bg-gray-200 dark:bg-gray-700 hover:bg-gray-300 dark:hover:bg-gray-600 text-gray-900 dark:text-white font-semibold py-2 px-4 rounded-lg transition-colors"[31m
          [36m>[31m
            [0mReload Page[0m
          [36m</button>[31m
        [36m</div>[31m
      [36m</div>[31m
    [36m</div>[31m
  [36m</div>[31m
[36m</body>[31m[39m
 [31m×[39m tests/unit/components/ErrorBoundary.test.tsx[2m > [22mErrorBoundary[2m > [22mEdge Cases[2m > [22mshould handle undefined error
[31m   → undefined[39m
 [32m✓[39m tests/unit/components/ErrorBoundary.test.tsx[2m > [22mErrorBoundary[2m > [22mEdge Cases[2m > [22mshould handle string error
[90mstderr[2m | tests/integration/navigation.test.tsx[2m > [22m[2mNavigation Integration[2m > [22m[2mRoute Navigation[2m > [22m[2mshould navigate to cloud designer
[22m[39mWarning: React.jsx: type is invalid -- expected a string (for built-in components) or a class/function (for composite components) but got: undefined. You likely forgot to export your component from the file it's defined in, or you might have mixed up default and named imports.

Check your code at navigation.test.tsx:27.
Error: Uncaught [Error: Element type is invalid: expected a string (for built-in components) or a class/function (for composite components) but got: undefined. You likely forgot to export your component from the file it's defined in, or you might have mixed up default and named imports.]
    at reportException (C:\Users\brand\Development\Project_Workspace\active-development\learn_comptia_network+\node_modules\jsdom\lib\jsdom\living\helpers\runtime-script-errors.js:66:24)
    at innerInvokeEventListeners (C:\Users\brand\Development\Project_Workspace\active-development\learn_comptia_network+\node_modules\jsdom\lib\jsdom\living\events\EventTarget-impl.js:353:9)
    at invokeEventListeners (C:\Users\brand\Development\Project_Workspace\active-development\learn_comptia_network+\node_modules\jsdom\lib\jsdom\living\events\EventTarget-impl.js:286:3)
    at HTMLUnknownElementImpl._dispatch (C:\Users\brand\Development\Project_Workspace\active-development\learn_comptia_network+\node_modules\jsdom\lib\jsdom\living\events\EventTarget-impl.js:233:9)
    at HTMLUnknownElementImpl.dispatchEvent (C:\Users\brand\Development\Project_Workspace\active-development\learn_comptia_network+\node_modules\jsdom\lib\jsdom\living\events\EventTarget-impl.js:104:17)
    at HTMLUnknownElement.dispatchEvent (C:\Users\brand\Development\Project_Workspace\active-development\learn_comptia_network+\node_modules\jsdom\lib\jsdom\living\generated\EventTarget.js:241:34)
    at Object.invokeGuardedCallbackDev (C:\Users\brand\Development\Project_Workspace\active-development\learn_comptia_network+\node_modules\react-dom\cjs\react-dom.development.js:4213:16)
    at invokeGuardedCallback (C:\Users\brand\Development\Project_Workspace\active-development\learn_comptia_network+\node_modules\react-dom\cjs\react-dom.development.js:4277:31)
    at beginWork$1 (C:\Users\brand\Development\Project_Workspace\active-development\learn_comptia_network+\node_modules\react-dom\cjs\react-dom.development.js:27490:7)
    at performUnitOfWork (C:\Users\brand\Development\Project_Workspace\active-development\learn_comptia_network+\node_modules\react-dom\cjs\react-dom.development.js:26599:12) Error: Element type is invalid: expected a string (for built-in components) or a class/function (for composite components) but got: undefined. You likely forgot to export your component from the file it's defined in, or you might have mixed up default and named imports.
    at createFiberFromTypeAndProps [90m(C:\Users\brand\Development\Project_Workspace\active-development\learn_comptia_network+\[39mnode_modules\[4mreact-dom[24m\cjs\react-dom.development.js:28478:17[90m)[39m
    at createFiberFromElement [90m(C:\Users\brand\Development\Project_Workspace\active-development\learn_comptia_network+\[39mnode_modules\[4mreact-dom[24m\cjs\react-dom.development.js:28504:15[90m)[39m
    at reconcileSingleElement [90m(C:\Users\brand\Development\Project_Workspace\active-development\learn_comptia_network+\[39mnode_modules\[4mreact-dom[24m\cjs\react-dom.development.js:13986:23[90m)[39m
    at reconcileChildFibers [90m(C:\Users\brand\Development\Project_Workspace\active-development\learn_comptia_network+\[39mnode_modules\[4mreact-dom[24m\cjs\react-dom.development.js:14044:35[90m)[39m
    at reconcileChildren [90m(C:\Users\brand\Development\Project_Workspace\active-development\learn_comptia_network+\[39mnode_modules\[4mreact-dom[24m\cjs\react-dom.development.js:19186:28[90m)[39m
    at updateContextProvider [90m(C:\Users\brand\Development\Project_Workspace\active-development\learn_comptia_network+\[39mnode_modules\[4mreact-dom[24m\cjs\react-dom.development.js:21193:3[90m)[39m
    at beginWork [90m(C:\Users\brand\Development\Project_Workspace\active-development\learn_comptia_network+\[39mnode_modules\[4mreact-dom[24m\cjs\react-dom.development.js:21688:14[90m)[39m
    at HTMLUnknownElement.callCallback [90m(C:\Users\brand\Development\Project_Workspace\active-development\learn_comptia_network+\[39mnode_modules\[4mreact-dom[24m\cjs\react-dom.development.js:4164:14[90m)[39m
    at HTMLUnknownElement.callTheUserObjectsOperation [90m(C:\Users\brand\Development\Project_Workspace\active-development\learn_comptia_network+\[39mnode_modules\[4mjsdom[24m\lib\jsdom\living\generated\EventListener.js:26:30[90m)[39m
    at innerInvokeEventListeners [90m(C:\Users\brand\Development\Project_Workspace\active-development\learn_comptia_network+\[39mnode_modules\[4mjsdom[24m\lib\jsdom\living\events\EventTarget-impl.js:350:25[90m)[39m
Error: Uncaught [Error: Element type is invalid: expected a string (for built-in components) or a class/function (for composite components) but got: undefined. You likely forgot to export your component from the file it's defined in, or you might have mixed up default and named imports.]
    at reportException (C:\Users\brand\Development\Project_Workspace\active-development\learn_comptia_network+\node_modules\jsdom\lib\jsdom\living\helpers\runtime-script-errors.js:66:24)
    at innerInvokeEventListeners (C:\Users\brand\Development\Project_Workspace\active-development\learn_comptia_network+\node_modules\jsdom\lib\jsdom\living\events\EventTarget-impl.js:353:9)
    at invokeEventListeners (C:\Users\brand\Development\Project_Workspace\active-development\learn_comptia_network+\node_modules\jsdom\lib\jsdom\living\events\EventTarget-impl.js:286:3)
    at HTMLUnknownElementImpl._dispatch (C:\Users\brand\Development\Project_Workspace\active-development\learn_comptia_network+\node_modules\jsdom\lib\jsdom\living\events\EventTarget-impl.js:233:9)
    at HTMLUnknownElementImpl.dispatchEvent (C:\Users\brand\Development\Project_Workspace\active-development\learn_comptia_network+\node_modules\jsdom\lib\jsdom\living\events\EventTarget-impl.js:104:17)
    at HTMLUnknownElement.dispatchEvent (C:\Users\brand\Development\Project_Workspace\active-development\learn_comptia_network+\node_modules\jsdom\lib\jsdom\living\generated\EventTarget.js:241:34)
    at Object.invokeGuardedCallbackDev (C:\Users\brand\Development\Project_Workspace\active-development\learn_comptia_network+\node_modules\react-dom\cjs\react-dom.development.js:4213:16)
    at invokeGuardedCallback (C:\Users\brand\Development\Project_Workspace\active-development\learn_comptia_network+\node_modules\react-dom\cjs\react-dom.development.js:4277:31)
    at beginWork$1 (C:\Users\brand\Development\Project_Workspace\active-development\learn_comptia_network+\node_modules\react-dom\cjs\react-dom.development.js:27490:7)
    at performUnitOfWork (C:\Users\brand\Development\Project_Workspace\active-development\learn_comptia_network+\node_modules\react-dom\cjs\react-dom.development.js:26599:12) Error: Element type is invalid: expected a string (for built-in components) or a class/function (for composite components) but got: undefined. You likely forgot to export your component from the file it's defined in, or you might have mixed up default and named imports.
    at createFiberFromTypeAndProps [90m(C:\Users\brand\Development\Project_Workspace\active-development\learn_comptia_network+\[39mnode_modules\[4mreact-dom[24m\cjs\react-dom.development.js:28478:17[90m)[39m
    at createFiberFromElement [90m(C:\Users\brand\Development\Project_Workspace\active-development\learn_comptia_network+\[39mnode_modules\[4mreact-dom[24m\cjs\react-dom.development.js:28504:15[90m)[39m
    at reconcileSingleElement [90m(C:\Users\brand\Development\Project_Workspace\active-development\learn_comptia_network+\[39mnode_modules\[4mreact-dom[24m\cjs\react-dom.development.js:13986:23[90m)[39m
    at reconcileChildFibers [90m(C:\Users\brand\Development\Project_Workspace\active-development\learn_comptia_network+\[39mnode_modules\[4mreact-dom[24m\cjs\react-dom.development.js:14044:35[90m)[39m
    at reconcileChildren [90m(C:\Users\brand\Development\Project_Workspace\active-development\learn_comptia_network+\[39mnode_modules\[4mreact-dom[24m\cjs\react-dom.development.js:19186:28[90m)[39m
    at updateContextProvider [90m(C:\Users\brand\Development\Project_Workspace\active-development\learn_comptia_network+\[39mnode_modules\[4mreact-dom[24m\cjs\react-dom.development.js:21193:3[90m)[39m
    at beginWork [90m(C:\Users\brand\Development\Project_Workspace\active-development\learn_comptia_network+\[39mnode_modules\[4mreact-dom[24m\cjs\react-dom.development.js:21688:14[90m)[39m
    at HTMLUnknownElement.callCallback [90m(C:\Users\brand\Development\Project_Workspace\active-development\learn_comptia_network+\[39mnode_modules\[4mreact-dom[24m\cjs\react-dom.development.js:4164:14[90m)[39m
    at HTMLUnknownElement.callTheUserObjectsOperation [90m(C:\Users\brand\Development\Project_Workspace\active-development\learn_comptia_network+\[39mnode_modules\[4mjsdom[24m\lib\jsdom\living\generated\EventListener.js:26:30[90m)[39m
    at innerInvokeEventListeners [90m(C:\Users\brand\Development\Project_Workspace\active-development\learn_comptia_network+\[39mnode_modules\[4mjsdom[24m\lib\jsdom\living\events\EventTarget-impl.js:350:25[90m)[39m
The above error occurred in the <Route.Provider> component:

    at RenderedRoute (C:\Users\brand\Development\Project_Workspace\active-development\learn_comptia_network+\node_modules\react-router\dist\umd\react-router.development.js:539:7)
    at Routes (C:\Users\brand\Development\Project_Workspace\active-development\learn_comptia_network+\node_modules\react-router\dist\umd\react-router.development.js:1273:7)
    at Router (C:\Users\brand\Development\Project_Workspace\active-development\learn_comptia_network+\node_modules\react-router\dist\umd\react-router.development.js:1207:17)
    at BrowserRouter (C:\Users\brand\Development\Project_Workspace\active-development\learn_comptia_network+\node_modules\react-router-dom\dist\umd\react-router-dom.development.js:695:7)

Consider adding an error boundary to your tree to customize error handling behavior.
Visit https://reactjs.org/link/error-boundaries to learn more about error boundaries.

[90mstderr[2m | tests/integration/navigation.test.tsx[2m > [22m[2mNavigation Integration[2m > [22m[2mRoute Navigation[2m > [22m[2mshould navigate to protocol trainer
[22m[39mWarning: React.jsx: type is invalid -- expected a string (for built-in components) or a class/function (for composite components) but got: undefined. You likely forgot to export your component from the file it's defined in, or you might have mixed up default and named imports.

Check your code at navigation.test.tsx:27.
Error: Uncaught [Error: Element type is invalid: expected a string (for built-in components) or a class/function (for composite components) but got: undefined. You likely forgot to export your component from the file it's defined in, or you might have mixed up default and named imports.]
    at reportException (C:\Users\brand\Development\Project_Workspace\active-development\learn_comptia_network+\node_modules\jsdom\lib\jsdom\living\helpers\runtime-script-errors.js:66:24)
    at innerInvokeEventListeners (C:\Users\brand\Development\Project_Workspace\active-development\learn_comptia_network+\node_modules\jsdom\lib\jsdom\living\events\EventTarget-impl.js:353:9)
    at invokeEventListeners (C:\Users\brand\Development\Project_Workspace\active-development\learn_comptia_network+\node_modules\jsdom\lib\jsdom\living\events\EventTarget-impl.js:286:3)
    at HTMLUnknownElementImpl._dispatch (C:\Users\brand\Development\Project_Workspace\active-development\learn_comptia_network+\node_modules\jsdom\lib\jsdom\living\events\EventTarget-impl.js:233:9)
    at HTMLUnknownElementImpl.dispatchEvent (C:\Users\brand\Development\Project_Workspace\active-development\learn_comptia_network+\node_modules\jsdom\lib\jsdom\living\events\EventTarget-impl.js:104:17)
    at HTMLUnknownElement.dispatchEvent (C:\Users\brand\Development\Project_Workspace\active-development\learn_comptia_network+\node_modules\jsdom\lib\jsdom\living\generated\EventTarget.js:241:34)
    at Object.invokeGuardedCallbackDev (C:\Users\brand\Development\Project_Workspace\active-development\learn_comptia_network+\node_modules\react-dom\cjs\react-dom.development.js:4213:16)
    at invokeGuardedCallback (C:\Users\brand\Development\Project_Workspace\active-development\learn_comptia_network+\node_modules\react-dom\cjs\react-dom.development.js:4277:31)
    at beginWork$1 (C:\Users\brand\Development\Project_Workspace\active-development\learn_comptia_network+\node_modules\react-dom\cjs\react-dom.development.js:27490:7)
    at performUnitOfWork (C:\Users\brand\Development\Project_Workspace\active-development\learn_comptia_network+\node_modules\react-dom\cjs\react-dom.development.js:26599:12) Error: Element type is invalid: expected a string (for built-in components) or a class/function (for composite components) but got: undefined. You likely forgot to export your component from the file it's defined in, or you might have mixed up default and named imports.
    at createFiberFromTypeAndProps [90m(C:\Users\brand\Development\Project_Workspace\active-development\learn_comptia_network+\[39mnode_modules\[4mreact-dom[24m\cjs\react-dom.development.js:28478:17[90m)[39m
    at createFiberFromElement [90m(C:\Users\brand\Development\Project_Workspace\active-development\learn_comptia_network+\[39mnode_modules\[4mreact-dom[24m\cjs\react-dom.development.js:28504:15[90m)[39m
    at reconcileSingleElement [90m(C:\Users\brand\Development\Project_Workspace\active-development\learn_comptia_network+\[39mnode_modules\[4mreact-dom[24m\cjs\react-dom.development.js:13986:23[90m)[39m
    at reconcileChildFibers [90m(C:\Users\brand\Development\Project_Workspace\active-development\learn_comptia_network+\[39mnode_modules\[4mreact-dom[24m\cjs\react-dom.development.js:14044:35[90m)[39m
    at reconcileChildren [90m(C:\Users\brand\Development\Project_Workspace\active-development\learn_comptia_network+\[39mnode_modules\[4mreact-dom[24m\cjs\react-dom.development.js:19186:28[90m)[39m
    at updateContextProvider [90m(C:\Users\brand\Development\Project_Workspace\active-development\learn_comptia_network+\[39mnode_modules\[4mreact-dom[24m\cjs\react-dom.development.js:21193:3[90m)[39m
    at beginWork [90m(C:\Users\brand\Development\Project_Workspace\active-development\learn_comptia_network+\[39mnode_modules\[4mreact-dom[24m\cjs\react-dom.development.js:21688:14[90m)[39m
    at HTMLUnknownElement.callCallback [90m(C:\Users\brand\Development\Project_Workspace\active-development\learn_comptia_network+\[39mnode_modules\[4mreact-dom[24m\cjs\react-dom.development.js:4164:14[90m)[39m
    at HTMLUnknownElement.callTheUserObjectsOperation [90m(C:\Users\brand\Development\Project_Workspace\active-development\learn_comptia_network+\[39mnode_modules\[4mjsdom[24m\lib\jsdom\living\generated\EventListener.js:26:30[90m)[39m
    at innerInvokeEventListeners [90m(C:\Users\brand\Development\Project_Workspace\active-development\learn_comptia_network+\[39mnode_modules\[4mjsdom[24m\lib\jsdom\living\events\EventTarget-impl.js:350:25[90m)[39m
Error: Uncaught [Error: Element type is invalid: expected a string (for built-in components) or a class/function (for composite components) but got: undefined. You likely forgot to export your component from the file it's defined in, or you might have mixed up default and named imports.]
    at reportException (C:\Users\brand\Development\Project_Workspace\active-development\learn_comptia_network+\node_modules\jsdom\lib\jsdom\living\helpers\runtime-script-errors.js:66:24)
    at innerInvokeEventListeners (C:\Users\brand\Development\Project_Workspace\active-development\learn_comptia_network+\node_modules\jsdom\lib\jsdom\living\events\EventTarget-impl.js:353:9)
    at invokeEventListeners (C:\Users\brand\Development\Project_Workspace\active-development\learn_comptia_network+\node_modules\jsdom\lib\jsdom\living\events\EventTarget-impl.js:286:3)
    at HTMLUnknownElementImpl._dispatch (C:\Users\brand\Development\Project_Workspace\active-development\learn_comptia_network+\node_modules\jsdom\lib\jsdom\living\events\EventTarget-impl.js:233:9)
    at HTMLUnknownElementImpl.dispatchEvent (C:\Users\brand\Development\Project_Workspace\active-development\learn_comptia_network+\node_modules\jsdom\lib\jsdom\living\events\EventTarget-impl.js:104:17)
    at HTMLUnknownElement.dispatchEvent (C:\Users\brand\Development\Project_Workspace\active-development\learn_comptia_network+\node_modules\jsdom\lib\jsdom\living\generated\EventTarget.js:241:34)
    at Object.invokeGuardedCallbackDev (C:\Users\brand\Development\Project_Workspace\active-development\learn_comptia_network+\node_modules\react-dom\cjs\react-dom.development.js:4213:16)
    at invokeGuardedCallback (C:\Users\brand\Development\Project_Workspace\active-development\learn_comptia_network+\node_modules\react-dom\cjs\react-dom.development.js:4277:31)
    at beginWork$1 (C:\Users\brand\Development\Project_Workspace\active-development\learn_comptia_network+\node_modules\react-dom\cjs\react-dom.development.js:27490:7)
    at performUnitOfWork (C:\Users\brand\Development\Project_Workspace\active-development\learn_comptia_network+\node_modules\react-dom\cjs\react-dom.development.js:26599:12) Error: Element type is invalid: expected a string (for built-in components) or a class/function (for composite components) but got: undefined. You likely forgot to export your component from the file it's defined in, or you might have mixed up default and named imports.
    at createFiberFromTypeAndProps [90m(C:\Users\brand\Development\Project_Workspace\active-development\learn_comptia_network+\[39mnode_modules\[4mreact-dom[24m\cjs\react-dom.development.js:28478:17[90m)[39m
    at createFiberFromElement [90m(C:\Users\brand\Development\Project_Workspace\active-development\learn_comptia_network+\[39mnode_modules\[4mreact-dom[24m\cjs\react-dom.development.js:28504:15[90m)[39m
    at reconcileSingleElement [90m(C:\Users\brand\Development\Project_Workspace\active-development\learn_comptia_network+\[39mnode_modules\[4mreact-dom[24m\cjs\react-dom.development.js:13986:23[90m)[39m
    at reconcileChildFibers [90m(C:\Users\brand\Development\Project_Workspace\active-development\learn_comptia_network+\[39mnode_modules\[4mreact-dom[24m\cjs\react-dom.development.js:14044:35[90m)[39m
    at reconcileChildren [90m(C:\Users\brand\Development\Project_Workspace\active-development\learn_comptia_network+\[39mnode_modules\[4mreact-dom[24m\cjs\react-dom.development.js:19186:28[90m)[39m
    at updateContextProvider [90m(C:\Users\brand\Development\Project_Workspace\active-development\learn_comptia_network+\[39mnode_modules\[4mreact-dom[24m\cjs\react-dom.development.js:21193:3[90m)[39m
    at beginWork [90m(C:\Users\brand\Development\Project_Workspace\active-development\learn_comptia_network+\[39mnode_modules\[4mreact-dom[24m\cjs\react-dom.development.js:21688:14[90m)[39m
    at HTMLUnknownElement.callCallback [90m(C:\Users\brand\Development\Project_Workspace\active-development\learn_comptia_network+\[39mnode_modules\[4mreact-dom[24m\cjs\react-dom.development.js:4164:14[90m)[39m
    at HTMLUnknownElement.callTheUserObjectsOperation [90m(C:\Users\brand\Development\Project_Workspace\active-development\learn_comptia_network+\[39mnode_modules\[4mjsdom[24m\lib\jsdom\living\generated\EventListener.js:26:30[90m)[39m
    at innerInvokeEventListeners [90m(C:\Users\brand\Development\Project_Workspace\active-development\learn_comptia_network+\[39mnode_modules\[4mjsdom[24m\lib\jsdom\living\events\EventTarget-impl.js:350:25[90m)[39m
The above error occurred in the <Route.Provider> component:

    at RenderedRoute (C:\Users\brand\Development\Project_Workspace\active-development\learn_comptia_network+\node_modules\react-router\dist\umd\react-router.development.js:539:7)
    at Routes (C:\Users\brand\Development\Project_Workspace\active-development\learn_comptia_network+\node_modules\react-router\dist\umd\react-router.development.js:1273:7)
    at Router (C:\Users\brand\Development\Project_Workspace\active-development\learn_comptia_network+\node_modules\react-router\dist\umd\react-router.development.js:1207:17)
    at BrowserRouter (C:\Users\brand\Development\Project_Workspace\active-development\learn_comptia_network+\node_modules\react-router-dom\dist\umd\react-router-dom.development.js:695:7)

Consider adding an error boundary to your tree to customize error handling behavior.
Visit https://reactjs.org/link/error-boundaries to learn more about error boundaries.

[90mstderr[2m | tests/integration/navigation.test.tsx[2m > [22m[2mNavigation Integration[2m > [22m[2mRoute Navigation[2m > [22m[2mshould navigate to media matrix
[22m[39mWarning: React.jsx: type is invalid -- expected a string (for built-in components) or a class/function (for composite components) but got: undefined. You likely forgot to export your component from the file it's defined in, or you might have mixed up default and named imports.

Check your code at navigation.test.tsx:27.
Error: Uncaught [Error: Element type is invalid: expected a string (for built-in components) or a class/function (for composite components) but got: undefined. You likely forgot to export your component from the file it's defined in, or you might have mixed up default and named imports.]
    at reportException (C:\Users\brand\Development\Project_Workspace\active-development\learn_comptia_network+\node_modules\jsdom\lib\jsdom\living\helpers\runtime-script-errors.js:66:24)
    at innerInvokeEventListeners (C:\Users\brand\Development\Project_Workspace\active-development\learn_comptia_network+\node_modules\jsdom\lib\jsdom\living\events\EventTarget-impl.js:353:9)
    at invokeEventListeners (C:\Users\brand\Development\Project_Workspace\active-development\learn_comptia_network+\node_modules\jsdom\lib\jsdom\living\events\EventTarget-impl.js:286:3)
    at HTMLUnknownElementImpl._dispatch (C:\Users\brand\Development\Project_Workspace\active-development\learn_comptia_network+\node_modules\jsdom\lib\jsdom\living\events\EventTarget-impl.js:233:9)
    at HTMLUnknownElementImpl.dispatchEvent (C:\Users\brand\Development\Project_Workspace\active-development\learn_comptia_network+\node_modules\jsdom\lib\jsdom\living\events\EventTarget-impl.js:104:17)
    at HTMLUnknownElement.dispatchEvent (C:\Users\brand\Development\Project_Workspace\active-development\learn_comptia_network+\node_modules\jsdom\lib\jsdom\living\generated\EventTarget.js:241:34)
    at Object.invokeGuardedCallbackDev (C:\Users\brand\Development\Project_Workspace\active-development\learn_comptia_network+\node_modules\react-dom\cjs\react-dom.development.js:4213:16)
    at invokeGuardedCallback (C:\Users\brand\Development\Project_Workspace\active-development\learn_comptia_network+\node_modules\react-dom\cjs\react-dom.development.js:4277:31)
    at beginWork$1 (C:\Users\brand\Development\Project_Workspace\active-development\learn_comptia_network+\node_modules\react-dom\cjs\react-dom.development.js:27490:7)
    at performUnitOfWork (C:\Users\brand\Development\Project_Workspace\active-development\learn_comptia_network+\node_modules\react-dom\cjs\react-dom.development.js:26599:12) Error: Element type is invalid: expected a string (for built-in components) or a class/function (for composite components) but got: undefined. You likely forgot to export your component from the file it's defined in, or you might have mixed up default and named imports.
    at createFiberFromTypeAndProps [90m(C:\Users\brand\Development\Project_Workspace\active-development\learn_comptia_network+\[39mnode_modules\[4mreact-dom[24m\cjs\react-dom.development.js:28478:17[90m)[39m
    at createFiberFromElement [90m(C:\Users\brand\Development\Project_Workspace\active-development\learn_comptia_network+\[39mnode_modules\[4mreact-dom[24m\cjs\react-dom.development.js:28504:15[90m)[39m
    at reconcileSingleElement [90m(C:\Users\brand\Development\Project_Workspace\active-development\learn_comptia_network+\[39mnode_modules\[4mreact-dom[24m\cjs\react-dom.development.js:13986:23[90m)[39m
    at reconcileChildFibers [90m(C:\Users\brand\Development\Project_Workspace\active-development\learn_comptia_network+\[39mnode_modules\[4mreact-dom[24m\cjs\react-dom.development.js:14044:35[90m)[39m
    at reconcileChildren [90m(C:\Users\brand\Development\Project_Workspace\active-development\learn_comptia_network+\[39mnode_modules\[4mreact-dom[24m\cjs\react-dom.development.js:19186:28[90m)[39m
    at updateContextProvider [90m(C:\Users\brand\Development\Project_Workspace\active-development\learn_comptia_network+\[39mnode_modules\[4mreact-dom[24m\cjs\react-dom.development.js:21193:3[90m)[39m
    at beginWork [90m(C:\Users\brand\Development\Project_Workspace\active-development\learn_comptia_network+\[39mnode_modules\[4mreact-dom[24m\cjs\react-dom.development.js:21688:14[90m)[39m
    at HTMLUnknownElement.callCallback [90m(C:\Users\brand\Development\Project_Workspace\active-development\learn_comptia_network+\[39mnode_modules\[4mreact-dom[24m\cjs\react-dom.development.js:4164:14[90m)[39m
    at HTMLUnknownElement.callTheUserObjectsOperation [90m(C:\Users\brand\Development\Project_Workspace\active-development\learn_comptia_network+\[39mnode_modules\[4mjsdom[24m\lib\jsdom\living\generated\EventListener.js:26:30[90m)[39m
    at innerInvokeEventListeners [90m(C:\Users\brand\Development\Project_Workspace\active-development\learn_comptia_network+\[39mnode_modules\[4mjsdom[24m\lib\jsdom\living\events\EventTarget-impl.js:350:25[90m)[39m
Error: Uncaught [Error: Element type is invalid: expected a string (for built-in components) or a class/function (for composite components) but got: undefined. You likely forgot to export your component from the file it's defined in, or you might have mixed up default and named imports.]
    at reportException (C:\Users\brand\Development\Project_Workspace\active-development\learn_comptia_network+\node_modules\jsdom\lib\jsdom\living\helpers\runtime-script-errors.js:66:24)
    at innerInvokeEventListeners (C:\Users\brand\Development\Project_Workspace\active-development\learn_comptia_network+\node_modules\jsdom\lib\jsdom\living\events\EventTarget-impl.js:353:9)
    at invokeEventListeners (C:\Users\brand\Development\Project_Workspace\active-development\learn_comptia_network+\node_modules\jsdom\lib\jsdom\living\events\EventTarget-impl.js:286:3)
    at HTMLUnknownElementImpl._dispatch (C:\Users\brand\Development\Project_Workspace\active-development\learn_comptia_network+\node_modules\jsdom\lib\jsdom\living\events\EventTarget-impl.js:233:9)
    at HTMLUnknownElementImpl.dispatchEvent (C:\Users\brand\Development\Project_Workspace\active-development\learn_comptia_network+\node_modules\jsdom\lib\jsdom\living\events\EventTarget-impl.js:104:17)
    at HTMLUnknownElement.dispatchEvent (C:\Users\brand\Development\Project_Workspace\active-development\learn_comptia_network+\node_modules\jsdom\lib\jsdom\living\generated\EventTarget.js:241:34)
    at Object.invokeGuardedCallbackDev (C:\Users\brand\Development\Project_Workspace\active-development\learn_comptia_network+\node_modules\react-dom\cjs\react-dom.development.js:4213:16)
    at invokeGuardedCallback (C:\Users\brand\Development\Project_Workspace\active-development\learn_comptia_network+\node_modules\react-dom\cjs\react-dom.development.js:4277:31)
    at beginWork$1 (C:\Users\brand\Development\Project_Workspace\active-development\learn_comptia_network+\node_modules\react-dom\cjs\react-dom.development.js:27490:7)
    at performUnitOfWork (C:\Users\brand\Development\Project_Workspace\active-development\learn_comptia_network+\node_modules\react-dom\cjs\react-dom.development.js:26599:12) Error: Element type is invalid: expected a string (for built-in components) or a class/function (for composite components) but got: undefined. You likely forgot to export your component from the file it's defined in, or you might have mixed up default and named imports.
    at createFiberFromTypeAndProps [90m(C:\Users\brand\Development\Project_Workspace\active-development\learn_comptia_network+\[39mnode_modules\[4mreact-dom[24m\cjs\react-dom.development.js:28478:17[90m)[39m
    at createFiberFromElement [90m(C:\Users\brand\Development\Project_Workspace\active-development\learn_comptia_network+\[39mnode_modules\[4mreact-dom[24m\cjs\react-dom.development.js:28504:15[90m)[39m
    at reconcileSingleElement [90m(C:\Users\brand\Development\Project_Workspace\active-development\learn_comptia_network+\[39mnode_modules\[4mreact-dom[24m\cjs\react-dom.development.js:13986:23[90m)[39m
    at reconcileChildFibers [90m(C:\Users\brand\Development\Project_Workspace\active-development\learn_comptia_network+\[39mnode_modules\[4mreact-dom[24m\cjs\react-dom.development.js:14044:35[90m)[39m
    at reconcileChildren [90m(C:\Users\brand\Development\Project_Workspace\active-development\learn_comptia_network+\[39mnode_modules\[4mreact-dom[24m\cjs\react-dom.development.js:19186:28[90m)[39m
    at updateContextProvider [90m(C:\Users\brand\Development\Project_Workspace\active-development\learn_comptia_network+\[39mnode_modules\[4mreact-dom[24m\cjs\react-dom.development.js:21193:3[90m)[39m
    at beginWork [90m(C:\Users\brand\Development\Project_Workspace\active-development\learn_comptia_network+\[39mnode_modules\[4mreact-dom[24m\cjs\react-dom.development.js:21688:14[90m)[39m
    at HTMLUnknownElement.callCallback [90m(C:\Users\brand\Development\Project_Workspace\active-development\learn_comptia_network+\[39mnode_modules\[4mreact-dom[24m\cjs\react-dom.development.js:4164:14[90m)[39m
    at HTMLUnknownElement.callTheUserObjectsOperation [90m(C:\Users\brand\Development\Project_Workspace\active-development\learn_comptia_network+\[39mnode_modules\[4mjsdom[24m\lib\jsdom\living\generated\EventListener.js:26:30[90m)[39m
    at innerInvokeEventListeners [90m(C:\Users\brand\Development\Project_Workspace\active-development\learn_comptia_network+\[39mnode_modules\[4mjsdom[24m\lib\jsdom\living\events\EventTarget-impl.js:350:25[90m)[39m
The above error occurred in the <Route.Provider> component:

    at RenderedRoute (C:\Users\brand\Development\Project_Workspace\active-development\learn_comptia_network+\node_modules\react-router\dist\umd\react-router.development.js:539:7)
    at Routes (C:\Users\brand\Development\Project_Workspace\active-development\learn_comptia_network+\node_modules\react-router\dist\umd\react-router.development.js:1273:7)
    at Router (C:\Users\brand\Development\Project_Workspace\active-development\learn_comptia_network+\node_modules\react-router\dist\umd\react-router.development.js:1207:17)
    at BrowserRouter (C:\Users\brand\Development\Project_Workspace\active-development\learn_comptia_network+\node_modules\react-router-dom\dist\umd\react-router-dom.development.js:695:7)

Consider adding an error boundary to your tree to customize error handling behavior.
Visit https://reactjs.org/link/error-boundaries to learn more about error boundaries.

[90mstderr[2m | tests/integration/navigation.test.tsx[2m > [22m[2mNavigation Integration[2m > [22m[2mRoute Navigation[2m > [22m[2mshould navigate back to home
[22m[39mWarning: React.jsx: type is invalid -- expected a string (for built-in components) or a class/function (for composite components) but got: undefined. You likely forgot to export your component from the file it's defined in, or you might have mixed up default and named imports.

Check your code at navigation.test.tsx:27.
Error: Uncaught [Error: Element type is invalid: expected a string (for built-in components) or a class/function (for composite components) but got: undefined. You likely forgot to export your component from the file it's defined in, or you might have mixed up default and named imports.]
    at reportException (C:\Users\brand\Development\Project_Workspace\active-development\learn_comptia_network+\node_modules\jsdom\lib\jsdom\living\helpers\runtime-script-errors.js:66:24)
    at innerInvokeEventListeners (C:\Users\brand\Development\Project_Workspace\active-development\learn_comptia_network+\node_modules\jsdom\lib\jsdom\living\events\EventTarget-impl.js:353:9)
    at invokeEventListeners (C:\Users\brand\Development\Project_Workspace\active-development\learn_comptia_network+\node_modules\jsdom\lib\jsdom\living\events\EventTarget-impl.js:286:3)
    at HTMLUnknownElementImpl._dispatch (C:\Users\brand\Development\Project_Workspace\active-development\learn_comptia_network+\node_modules\jsdom\lib\jsdom\living\events\EventTarget-impl.js:233:9)
    at HTMLUnknownElementImpl.dispatchEvent (C:\Users\brand\Development\Project_Workspace\active-development\learn_comptia_network+\node_modules\jsdom\lib\jsdom\living\events\EventTarget-impl.js:104:17)
    at HTMLUnknownElement.dispatchEvent (C:\Users\brand\Development\Project_Workspace\active-development\learn_comptia_network+\node_modules\jsdom\lib\jsdom\living\generated\EventTarget.js:241:34)
    at Object.invokeGuardedCallbackDev (C:\Users\brand\Development\Project_Workspace\active-development\learn_comptia_network+\node_modules\react-dom\cjs\react-dom.development.js:4213:16)
    at invokeGuardedCallback (C:\Users\brand\Development\Project_Workspace\active-development\learn_comptia_network+\node_modules\react-dom\cjs\react-dom.development.js:4277:31)
    at beginWork$1 (C:\Users\brand\Development\Project_Workspace\active-development\learn_comptia_network+\node_modules\react-dom\cjs\react-dom.development.js:27490:7)
    at performUnitOfWork (C:\Users\brand\Development\Project_Workspace\active-development\learn_comptia_network+\node_modules\react-dom\cjs\react-dom.development.js:26599:12) Error: Element type is invalid: expected a string (for built-in components) or a class/function (for composite components) but got: undefined. You likely forgot to export your component from the file it's defined in, or you might have mixed up default and named imports.
    at createFiberFromTypeAndProps [90m(C:\Users\brand\Development\Project_Workspace\active-development\learn_comptia_network+\[39mnode_modules\[4mreact-dom[24m\cjs\react-dom.development.js:28478:17[90m)[39m
    at createFiberFromElement [90m(C:\Users\brand\Development\Project_Workspace\active-development\learn_comptia_network+\[39mnode_modules\[4mreact-dom[24m\cjs\react-dom.development.js:28504:15[90m)[39m
    at reconcileSingleElement [90m(C:\Users\brand\Development\Project_Workspace\active-development\learn_comptia_network+\[39mnode_modules\[4mreact-dom[24m\cjs\react-dom.development.js:13986:23[90m)[39m
    at reconcileChildFibers [90m(C:\Users\brand\Development\Project_Workspace\active-development\learn_comptia_network+\[39mnode_modules\[4mreact-dom[24m\cjs\react-dom.development.js:14044:35[90m)[39m
    at reconcileChildren [90m(C:\Users\brand\Development\Project_Workspace\active-development\learn_comptia_network+\[39mnode_modules\[4mreact-dom[24m\cjs\react-dom.development.js:19186:28[90m)[39m
    at updateContextProvider [90m(C:\Users\brand\Development\Project_Workspace\active-development\learn_comptia_network+\[39mnode_modules\[4mreact-dom[24m\cjs\react-dom.development.js:21193:3[90m)[39m
    at beginWork [90m(C:\Users\brand\Development\Project_Workspace\active-development\learn_comptia_network+\[39mnode_modules\[4mreact-dom[24m\cjs\react-dom.development.js:21688:14[90m)[39m
    at HTMLUnknownElement.callCallback [90m(C:\Users\brand\Development\Project_Workspace\active-development\learn_comptia_network+\[39mnode_modules\[4mreact-dom[24m\cjs\react-dom.development.js:4164:14[90m)[39m
    at HTMLUnknownElement.callTheUserObjectsOperation [90m(C:\Users\brand\Development\Project_Workspace\active-development\learn_comptia_network+\[39mnode_modules\[4mjsdom[24m\lib\jsdom\living\generated\EventListener.js:26:30[90m)[39m
    at innerInvokeEventListeners [90m(C:\Users\brand\Development\Project_Workspace\active-development\learn_comptia_network+\[39mnode_modules\[4mjsdom[24m\lib\jsdom\living\events\EventTarget-impl.js:350:25[90m)[39m
Error: Uncaught [Error: Element type is invalid: expected a string (for built-in components) or a class/function (for composite components) but got: undefined. You likely forgot to export your component from the file it's defined in, or you might have mixed up default and named imports.]
    at reportException (C:\Users\brand\Development\Project_Workspace\active-development\learn_comptia_network+\node_modules\jsdom\lib\jsdom\living\helpers\runtime-script-errors.js:66:24)
    at innerInvokeEventListeners (C:\Users\brand\Development\Project_Workspace\active-development\learn_comptia_network+\node_modules\jsdom\lib\jsdom\living\events\EventTarget-impl.js:353:9)
    at invokeEventListeners (C:\Users\brand\Development\Project_Workspace\active-development\learn_comptia_network+\node_modules\jsdom\lib\jsdom\living\events\EventTarget-impl.js:286:3)
    at HTMLUnknownElementImpl._dispatch (C:\Users\brand\Development\Project_Workspace\active-development\learn_comptia_network+\node_modules\jsdom\lib\jsdom\living\events\EventTarget-impl.js:233:9)
    at HTMLUnknownElementImpl.dispatchEvent (C:\Users\brand\Development\Project_Workspace\active-development\learn_comptia_network+\node_modules\jsdom\lib\jsdom\living\events\EventTarget-impl.js:104:17)
    at HTMLUnknownElement.dispatchEvent (C:\Users\brand\Development\Project_Workspace\active-development\learn_comptia_network+\node_modules\jsdom\lib\jsdom\living\generated\EventTarget.js:241:34)
    at Object.invokeGuardedCallbackDev (C:\Users\brand\Development\Project_Workspace\active-development\learn_comptia_network+\node_modules\react-dom\cjs\react-dom.development.js:4213:16)
    at invokeGuardedCallback (C:\Users\brand\Development\Project_Workspace\active-development\learn_comptia_network+\node_modules\react-dom\cjs\react-dom.development.js:4277:31)
    at beginWork$1 (C:\Users\brand\Development\Project_Workspace\active-development\learn_comptia_network+\node_modules\react-dom\cjs\react-dom.development.js:27490:7)
    at performUnitOfWork (C:\Users\brand\Development\Project_Workspace\active-development\learn_comptia_network+\node_modules\react-dom\cjs\react-dom.development.js:26599:12) Error: Element type is invalid: expected a string (for built-in components) or a class/function (for composite components) but got: undefined. You likely forgot to export your component from the file it's defined in, or you might have mixed up default and named imports.
    at createFiberFromTypeAndProps [90m(C:\Users\brand\Development\Project_Workspace\active-development\learn_comptia_network+\[39mnode_modules\[4mreact-dom[24m\cjs\react-dom.development.js:28478:17[90m)[39m
    at createFiberFromElement [90m(C:\Users\brand\Development\Project_Workspace\active-development\learn_comptia_network+\[39mnode_modules\[4mreact-dom[24m\cjs\react-dom.development.js:28504:15[90m)[39m
    at reconcileSingleElement [90m(C:\Users\brand\Development\Project_Workspace\active-development\learn_comptia_network+\[39mnode_modules\[4mreact-dom[24m\cjs\react-dom.development.js:13986:23[90m)[39m
    at reconcileChildFibers [90m(C:\Users\brand\Development\Project_Workspace\active-development\learn_comptia_network+\[39mnode_modules\[4mreact-dom[24m\cjs\react-dom.development.js:14044:35[90m)[39m
    at reconcileChildren [90m(C:\Users\brand\Development\Project_Workspace\active-development\learn_comptia_network+\[39mnode_modules\[4mreact-dom[24m\cjs\react-dom.development.js:19186:28[90m)[39m
    at updateContextProvider [90m(C:\Users\brand\Development\Project_Workspace\active-development\learn_comptia_network+\[39mnode_modules\[4mreact-dom[24m\cjs\react-dom.development.js:21193:3[90m)[39m
    at beginWork [90m(C:\Users\brand\Development\Project_Workspace\active-development\learn_comptia_network+\[39mnode_modules\[4mreact-dom[24m\cjs\react-dom.development.js:21688:14[90m)[39m
    at HTMLUnknownElement.callCallback [90m(C:\Users\brand\Development\Project_Workspace\active-development\learn_comptia_network+\[39mnode_modules\[4mreact-dom[24m\cjs\react-dom.development.js:4164:14[90m)[39m
    at HTMLUnknownElement.callTheUserObjectsOperation [90m(C:\Users\brand\Development\Project_Workspace\active-development\learn_comptia_network+\[39mnode_modules\[4mjsdom[24m\lib\jsdom\living\generated\EventListener.js:26:30[90m)[39m
    at innerInvokeEventListeners [90m(C:\Users\brand\Development\Project_Workspace\active-development\learn_comptia_network+\[39mnode_modules\[4mjsdom[24m\lib\jsdom\living\events\EventTarget-impl.js:350:25[90m)[39m
The above error occurred in the <Route.Provider> component:

    at RenderedRoute (C:\Users\brand\Development\Project_Workspace\active-development\learn_comptia_network+\node_modules\react-router\dist\umd\react-router.development.js:539:7)
    at Routes (C:\Users\brand\Development\Project_Workspace\active-development\learn_comptia_network+\node_modules\react-router\dist\umd\react-router.development.js:1273:7)
    at Router (C:\Users\brand\Development\Project_Workspace\active-development\learn_comptia_network+\node_modules\react-router\dist\umd\react-router.development.js:1207:17)
    at BrowserRouter (C:\Users\brand\Development\Project_Workspace\active-development\learn_comptia_network+\node_modules\react-router-dom\dist\umd\react-router-dom.development.js:695:7)

Consider adding an error boundary to your tree to customize error handling behavior.
Visit https://reactjs.org/link/error-boundaries to learn more about error boundaries.

[90mstderr[2m | tests/integration/navigation.test.tsx[2m > [22m[2mNavigation Integration[2m > [22m[2mSidebar Navigation[2m > [22m[2mshould highlight active route
[22m[39mWarning: React.jsx: type is invalid -- expected a string (for built-in components) or a class/function (for composite components) but got: undefined. You likely forgot to export your component from the file it's defined in, or you might have mixed up default and named imports.

Check your code at navigation.test.tsx:27.
Error: Uncaught [Error: Element type is invalid: expected a string (for built-in components) or a class/function (for composite components) but got: undefined. You likely forgot to export your component from the file it's defined in, or you might have mixed up default and named imports.]
    at reportException (C:\Users\brand\Development\Project_Workspace\active-development\learn_comptia_network+\node_modules\jsdom\lib\jsdom\living\helpers\runtime-script-errors.js:66:24)
    at innerInvokeEventListeners (C:\Users\brand\Development\Project_Workspace\active-development\learn_comptia_network+\node_modules\jsdom\lib\jsdom\living\events\EventTarget-impl.js:353:9)
    at invokeEventListeners (C:\Users\brand\Development\Project_Workspace\active-development\learn_comptia_network+\node_modules\jsdom\lib\jsdom\living\events\EventTarget-impl.js:286:3)
    at HTMLUnknownElementImpl._dispatch (C:\Users\brand\Development\Project_Workspace\active-development\learn_comptia_network+\node_modules\jsdom\lib\jsdom\living\events\EventTarget-impl.js:233:9)
    at HTMLUnknownElementImpl.dispatchEvent (C:\Users\brand\Development\Project_Workspace\active-development\learn_comptia_network+\node_modules\jsdom\lib\jsdom\living\events\EventTarget-impl.js:104:17)
    at HTMLUnknownElement.dispatchEvent (C:\Users\brand\Development\Project_Workspace\active-development\learn_comptia_network+\node_modules\jsdom\lib\jsdom\living\generated\EventTarget.js:241:34)
    at Object.invokeGuardedCallbackDev (C:\Users\brand\Development\Project_Workspace\active-development\learn_comptia_network+\node_modules\react-dom\cjs\react-dom.development.js:4213:16)
    at invokeGuardedCallback (C:\Users\brand\Development\Project_Workspace\active-development\learn_comptia_network+\node_modules\react-dom\cjs\react-dom.development.js:4277:31)
    at beginWork$1 (C:\Users\brand\Development\Project_Workspace\active-development\learn_comptia_network+\node_modules\react-dom\cjs\react-dom.development.js:27490:7)
    at performUnitOfWork (C:\Users\brand\Development\Project_Workspace\active-development\learn_comptia_network+\node_modules\react-dom\cjs\react-dom.development.js:26599:12) Error: Element type is invalid: expected a string (for built-in components) or a class/function (for composite components) but got: undefined. You likely forgot to export your component from the file it's defined in, or you might have mixed up default and named imports.
    at createFiberFromTypeAndProps [90m(C:\Users\brand\Development\Project_Workspace\active-development\learn_comptia_network+\[39mnode_modules\[4mreact-dom[24m\cjs\react-dom.development.js:28478:17[90m)[39m
    at createFiberFromElement [90m(C:\Users\brand\Development\Project_Workspace\active-development\learn_comptia_network+\[39mnode_modules\[4mreact-dom[24m\cjs\react-dom.development.js:28504:15[90m)[39m
    at reconcileSingleElement [90m(C:\Users\brand\Development\Project_Workspace\active-development\learn_comptia_network+\[39mnode_modules\[4mreact-dom[24m\cjs\react-dom.development.js:13986:23[90m)[39m
    at reconcileChildFibers [90m(C:\Users\brand\Development\Project_Workspace\active-development\learn_comptia_network+\[39mnode_modules\[4mreact-dom[24m\cjs\react-dom.development.js:14044:35[90m)[39m
    at reconcileChildren [90m(C:\Users\brand\Development\Project_Workspace\active-development\learn_comptia_network+\[39mnode_modules\[4mreact-dom[24m\cjs\react-dom.development.js:19186:28[90m)[39m
    at updateContextProvider [90m(C:\Users\brand\Development\Project_Workspace\active-development\learn_comptia_network+\[39mnode_modules\[4mreact-dom[24m\cjs\react-dom.development.js:21193:3[90m)[39m
    at beginWork [90m(C:\Users\brand\Development\Project_Workspace\active-development\learn_comptia_network+\[39mnode_modules\[4mreact-dom[24m\cjs\react-dom.development.js:21688:14[90m)[39m
    at HTMLUnknownElement.callCallback [90m(C:\Users\brand\Development\Project_Workspace\active-development\learn_comptia_network+\[39mnode_modules\[4mreact-dom[24m\cjs\react-dom.development.js:4164:14[90m)[39m
    at HTMLUnknownElement.callTheUserObjectsOperation [90m(C:\Users\brand\Development\Project_Workspace\active-development\learn_comptia_network+\[39mnode_modules\[4mjsdom[24m\lib\jsdom\living\generated\EventListener.js:26:30[90m)[39m
    at innerInvokeEventListeners [90m(C:\Users\brand\Development\Project_Workspace\active-development\learn_comptia_network+\[39mnode_modules\[4mjsdom[24m\lib\jsdom\living\events\EventTarget-impl.js:350:25[90m)[39m
Error: Uncaught [Error: Element type is invalid: expected a string (for built-in components) or a class/function (for composite components) but got: undefined. You likely forgot to export your component from the file it's defined in, or you might have mixed up default and named imports.]
    at reportException (C:\Users\brand\Development\Project_Workspace\active-development\learn_comptia_network+\node_modules\jsdom\lib\jsdom\living\helpers\runtime-script-errors.js:66:24)
    at innerInvokeEventListeners (C:\Users\brand\Development\Project_Workspace\active-development\learn_comptia_network+\node_modules\jsdom\lib\jsdom\living\events\EventTarget-impl.js:353:9)
    at invokeEventListeners (C:\Users\brand\Development\Project_Workspace\active-development\learn_comptia_network+\node_modules\jsdom\lib\jsdom\living\events\EventTarget-impl.js:286:3)
    at HTMLUnknownElementImpl._dispatch (C:\Users\brand\Development\Project_Workspace\active-development\learn_comptia_network+\node_modules\jsdom\lib\jsdom\living\events\EventTarget-impl.js:233:9)
    at HTMLUnknownElementImpl.dispatchEvent (C:\Users\brand\Development\Project_Workspace\active-development\learn_comptia_network+\node_modules\jsdom\lib\jsdom\living\events\EventTarget-impl.js:104:17)
    at HTMLUnknownElement.dispatchEvent (C:\Users\brand\Development\Project_Workspace\active-development\learn_comptia_network+\node_modules\jsdom\lib\jsdom\living\generated\EventTarget.js:241:34)
    at Object.invokeGuardedCallbackDev (C:\Users\brand\Development\Project_Workspace\active-development\learn_comptia_network+\node_modules\react-dom\cjs\react-dom.development.js:4213:16)
    at invokeGuardedCallback (C:\Users\brand\Development\Project_Workspace\active-development\learn_comptia_network+\node_modules\react-dom\cjs\react-dom.development.js:4277:31)
    at beginWork$1 (C:\Users\brand\Development\Project_Workspace\active-development\learn_comptia_network+\node_modules\react-dom\cjs\react-dom.development.js:27490:7)
    at performUnitOfWork (C:\Users\brand\Development\Project_Workspace\active-development\learn_comptia_network+\node_modules\react-dom\cjs\react-dom.development.js:26599:12) Error: Element type is invalid: expected a string (for built-in components) or a class/function (for composite components) but got: undefined. You likely forgot to export your component from the file it's defined in, or you might have mixed up default and named imports.
    at createFiberFromTypeAndProps [90m(C:\Users\brand\Development\Project_Workspace\active-development\learn_comptia_network+\[39mnode_modules\[4mreact-dom[24m\cjs\react-dom.development.js:28478:17[90m)[39m
    at createFiberFromElement [90m(C:\Users\brand\Development\Project_Workspace\active-development\learn_comptia_network+\[39mnode_modules\[4mreact-dom[24m\cjs\react-dom.development.js:28504:15[90m)[39m
    at reconcileSingleElement [90m(C:\Users\brand\Development\Project_Workspace\active-development\learn_comptia_network+\[39mnode_modules\[4mreact-dom[24m\cjs\react-dom.development.js:13986:23[90m)[39m
    at reconcileChildFibers [90m(C:\Users\brand\Development\Project_Workspace\active-development\learn_comptia_network+\[39mnode_modules\[4mreact-dom[24m\cjs\react-dom.development.js:14044:35[90m)[39m
    at reconcileChildren [90m(C:\Users\brand\Development\Project_Workspace\active-development\learn_comptia_network+\[39mnode_modules\[4mreact-dom[24m\cjs\react-dom.development.js:19186:28[90m)[39m
    at updateContextProvider [90m(C:\Users\brand\Development\Project_Workspace\active-development\learn_comptia_network+\[39mnode_modules\[4mreact-dom[24m\cjs\react-dom.development.js:21193:3[90m)[39m
    at beginWork [90m(C:\Users\brand\Development\Project_Workspace\active-development\learn_comptia_network+\[39mnode_modules\[4mreact-dom[24m\cjs\react-dom.development.js:21688:14[90m)[39m
    at HTMLUnknownElement.callCallback [90m(C:\Users\brand\Development\Project_Workspace\active-development\learn_comptia_network+\[39mnode_modules\[4mreact-dom[24m\cjs\react-dom.development.js:4164:14[90m)[39m
    at HTMLUnknownElement.callTheUserObjectsOperation [90m(C:\Users\brand\Development\Project_Workspace\active-development\learn_comptia_network+\[39mnode_modules\[4mjsdom[24m\lib\jsdom\living\generated\EventListener.js:26:30[90m)[39m
    at innerInvokeEventListeners [90m(C:\Users\brand\Development\Project_Workspace\active-development\learn_comptia_network+\[39mnode_modules\[4mjsdom[24m\lib\jsdom\living\events\EventTarget-impl.js:350:25[90m)[39m
The above error occurred in the <Route.Provider> component:

    at RenderedRoute (C:\Users\brand\Development\Project_Workspace\active-development\learn_comptia_network+\node_modules\react-router\dist\umd\react-router.development.js:539:7)
    at Routes (C:\Users\brand\Development\Project_Workspace\active-development\learn_comptia_network+\node_modules\react-router\dist\umd\react-router.development.js:1273:7)
    at Router (C:\Users\brand\Development\Project_Workspace\active-development\learn_comptia_network+\node_modules\react-router\dist\umd\react-router.development.js:1207:17)
    at BrowserRouter (C:\Users\brand\Development\Project_Workspace\active-development\learn_comptia_network+\node_modules\react-router-dom\dist\umd\react-router-dom.development.js:695:7)

Consider adding an error boundary to your tree to customize error handling behavior.
Visit https://reactjs.org/link/error-boundaries to learn more about error boundaries.

[90mstderr[2m | tests/integration/navigation.test.tsx[2m > [22m[2mNavigation Integration[2m > [22m[2mSidebar Navigation[2m > [22m[2mshould expand/collapse sidebar sections
[22m[39mWarning: React.jsx: type is invalid -- expected a string (for built-in components) or a class/function (for composite components) but got: undefined. You likely forgot to export your component from the file it's defined in, or you might have mixed up default and named imports.

Check your code at navigation.test.tsx:27.
Error: Uncaught [Error: Element type is invalid: expected a string (for built-in components) or a class/function (for composite components) but got: undefined. You likely forgot to export your component from the file it's defined in, or you might have mixed up default and named imports.]
    at reportException (C:\Users\brand\Development\Project_Workspace\active-development\learn_comptia_network+\node_modules\jsdom\lib\jsdom\living\helpers\runtime-script-errors.js:66:24)
    at innerInvokeEventListeners (C:\Users\brand\Development\Project_Workspace\active-development\learn_comptia_network+\node_modules\jsdom\lib\jsdom\living\events\EventTarget-impl.js:353:9)
    at invokeEventListeners (C:\Users\brand\Development\Project_Workspace\active-development\learn_comptia_network+\node_modules\jsdom\lib\jsdom\living\events\EventTarget-impl.js:286:3)
    at HTMLUnknownElementImpl._dispatch (C:\Users\brand\Development\Project_Workspace\active-development\learn_comptia_network+\node_modules\jsdom\lib\jsdom\living\events\EventTarget-impl.js:233:9)
    at HTMLUnknownElementImpl.dispatchEvent (C:\Users\brand\Development\Project_Workspace\active-development\learn_comptia_network+\node_modules\jsdom\lib\jsdom\living\events\EventTarget-impl.js:104:17)
    at HTMLUnknownElement.dispatchEvent (C:\Users\brand\Development\Project_Workspace\active-development\learn_comptia_network+\node_modules\jsdom\lib\jsdom\living\generated\EventTarget.js:241:34)
    at Object.invokeGuardedCallbackDev (C:\Users\brand\Development\Project_Workspace\active-development\learn_comptia_network+\node_modules\react-dom\cjs\react-dom.development.js:4213:16)
    at invokeGuardedCallback (C:\Users\brand\Development\Project_Workspace\active-development\learn_comptia_network+\node_modules\react-dom\cjs\react-dom.development.js:4277:31)
    at beginWork$1 (C:\Users\brand\Development\Project_Workspace\active-development\learn_comptia_network+\node_modules\react-dom\cjs\react-dom.development.js:27490:7)
    at performUnitOfWork (C:\Users\brand\Development\Project_Workspace\active-development\learn_comptia_network+\node_modules\react-dom\cjs\react-dom.development.js:26599:12) Error: Element type is invalid: expected a string (for built-in components) or a class/function (for composite components) but got: undefined. You likely forgot to export your component from the file it's defined in, or you might have mixed up default and named imports.
    at createFiberFromTypeAndProps [90m(C:\Users\brand\Development\Project_Workspace\active-development\learn_comptia_network+\[39mnode_modules\[4mreact-dom[24m\cjs\react-dom.development.js:28478:17[90m)[39m
    at createFiberFromElement [90m(C:\Users\brand\Development\Project_Workspace\active-development\learn_comptia_network+\[39mnode_modules\[4mreact-dom[24m\cjs\react-dom.development.js:28504:15[90m)[39m
    at reconcileSingleElement [90m(C:\Users\brand\Development\Project_Workspace\active-development\learn_comptia_network+\[39mnode_modules\[4mreact-dom[24m\cjs\react-dom.development.js:13986:23[90m)[39m
    at reconcileChildFibers [90m(C:\Users\brand\Development\Project_Workspace\active-development\learn_comptia_network+\[39mnode_modules\[4mreact-dom[24m\cjs\react-dom.development.js:14044:35[90m)[39m
    at reconcileChildren [90m(C:\Users\brand\Development\Project_Workspace\active-development\learn_comptia_network+\[39mnode_modules\[4mreact-dom[24m\cjs\react-dom.development.js:19186:28[90m)[39m
    at updateContextProvider [90m(C:\Users\brand\Development\Project_Workspace\active-development\learn_comptia_network+\[39mnode_modules\[4mreact-dom[24m\cjs\react-dom.development.js:21193:3[90m)[39m
    at beginWork [90m(C:\Users\brand\Development\Project_Workspace\active-development\learn_comptia_network+\[39mnode_modules\[4mreact-dom[24m\cjs\react-dom.development.js:21688:14[90m)[39m
    at HTMLUnknownElement.callCallback [90m(C:\Users\brand\Development\Project_Workspace\active-development\learn_comptia_network+\[39mnode_modules\[4mreact-dom[24m\cjs\react-dom.development.js:4164:14[90m)[39m
    at HTMLUnknownElement.callTheUserObjectsOperation [90m(C:\Users\brand\Development\Project_Workspace\active-development\learn_comptia_network+\[39mnode_modules\[4mjsdom[24m\lib\jsdom\living\generated\EventListener.js:26:30[90m)[39m
    at innerInvokeEventListeners [90m(C:\Users\brand\Development\Project_Workspace\active-development\learn_comptia_network+\[39mnode_modules\[4mjsdom[24m\lib\jsdom\living\events\EventTarget-impl.js:350:25[90m)[39m
Error: Uncaught [Error: Element type is invalid: expected a string (for built-in components) or a class/function (for composite components) but got: undefined. You likely forgot to export your component from the file it's defined in, or you might have mixed up default and named imports.]
    at reportException (C:\Users\brand\Development\Project_Workspace\active-development\learn_comptia_network+\node_modules\jsdom\lib\jsdom\living\helpers\runtime-script-errors.js:66:24)
    at innerInvokeEventListeners (C:\Users\brand\Development\Project_Workspace\active-development\learn_comptia_network+\node_modules\jsdom\lib\jsdom\living\events\EventTarget-impl.js:353:9)
    at invokeEventListeners (C:\Users\brand\Development\Project_Workspace\active-development\learn_comptia_network+\node_modules\jsdom\lib\jsdom\living\events\EventTarget-impl.js:286:3)
    at HTMLUnknownElementImpl._dispatch (C:\Users\brand\Development\Project_Workspace\active-development\learn_comptia_network+\node_modules\jsdom\lib\jsdom\living\events\EventTarget-impl.js:233:9)
    at HTMLUnknownElementImpl.dispatchEvent (C:\Users\brand\Development\Project_Workspace\active-development\learn_comptia_network+\node_modules\jsdom\lib\jsdom\living\events\EventTarget-impl.js:104:17)
    at HTMLUnknownElement.dispatchEvent (C:\Users\brand\Development\Project_Workspace\active-development\learn_comptia_network+\node_modules\jsdom\lib\jsdom\living\generated\EventTarget.js:241:34)
    at Object.invokeGuardedCallbackDev (C:\Users\brand\Development\Project_Workspace\active-development\learn_comptia_network+\node_modules\react-dom\cjs\react-dom.development.js:4213:16)
    at invokeGuardedCallback (C:\Users\brand\Development\Project_Workspace\active-development\learn_comptia_network+\node_modules\react-dom\cjs\react-dom.development.js:4277:31)
    at beginWork$1 (C:\Users\brand\Development\Project_Workspace\active-development\learn_comptia_network+\node_modules\react-dom\cjs\react-dom.development.js:27490:7)
    at performUnitOfWork (C:\Users\brand\Development\Project_Workspace\active-development\learn_comptia_network+\node_modules\react-dom\cjs\react-dom.development.js:26599:12) Error: Element type is invalid: expected a string (for built-in components) or a class/function (for composite components) but got: undefined. You likely forgot to export your component from the file it's defined in, or you might have mixed up default and named imports.
    at createFiberFromTypeAndProps [90m(C:\Users\brand\Development\Project_Workspace\active-development\learn_comptia_network+\[39mnode_modules\[4mreact-dom[24m\cjs\react-dom.development.js:28478:17[90m)[39m
    at createFiberFromElement [90m(C:\Users\brand\Development\Project_Workspace\active-development\learn_comptia_network+\[39mnode_modules\[4mreact-dom[24m\cjs\react-dom.development.js:28504:15[90m)[39m
    at reconcileSingleElement [90m(C:\Users\brand\Development\Project_Workspace\active-development\learn_comptia_network+\[39mnode_modules\[4mreact-dom[24m\cjs\react-dom.development.js:13986:23[90m)[39m
    at reconcileChildFibers [90m(C:\Users\brand\Development\Project_Workspace\active-development\learn_comptia_network+\[39mnode_modules\[4mreact-dom[24m\cjs\react-dom.development.js:14044:35[90m)[39m
    at reconcileChildren [90m(C:\Users\brand\Development\Project_Workspace\active-development\learn_comptia_network+\[39mnode_modules\[4mreact-dom[24m\cjs\react-dom.development.js:19186:28[90m)[39m
    at updateContextProvider [90m(C:\Users\brand\Development\Project_Workspace\active-development\learn_comptia_network+\[39mnode_modules\[4mreact-dom[24m\cjs\react-dom.development.js:21193:3[90m)[39m
    at beginWork [90m(C:\Users\brand\Development\Project_Workspace\active-development\learn_comptia_network+\[39mnode_modules\[4mreact-dom[24m\cjs\react-dom.development.js:21688:14[90m)[39m
    at HTMLUnknownElement.callCallback [90m(C:\Users\brand\Development\Project_Workspace\active-development\learn_comptia_network+\[39mnode_modules\[4mreact-dom[24m\cjs\react-dom.development.js:4164:14[90m)[39m
    at HTMLUnknownElement.callTheUserObjectsOperation [90m(C:\Users\brand\Development\Project_Workspace\active-development\learn_comptia_network+\[39mnode_modules\[4mjsdom[24m\lib\jsdom\living\generated\EventListener.js:26:30[90m)[39m
    at innerInvokeEventListeners [90m(C:\Users\brand\Development\Project_Workspace\active-development\learn_comptia_network+\[39mnode_modules\[4mjsdom[24m\lib\jsdom\living\events\EventTarget-impl.js:350:25[90m)[39m
The above error occurred in the <Route.Provider> component:

    at RenderedRoute (C:\Users\brand\Development\Project_Workspace\active-development\learn_comptia_network+\node_modules\react-router\dist\umd\react-router.development.js:539:7)
    at Routes (C:\Users\brand\Development\Project_Workspace\active-development\learn_comptia_network+\node_modules\react-router\dist\umd\react-router.development.js:1273:7)
    at Router (C:\Users\brand\Development\Project_Workspace\active-development\learn_comptia_network+\node_modules\react-router\dist\umd\react-router.development.js:1207:17)
    at BrowserRouter (C:\Users\brand\Development\Project_Workspace\active-development\learn_comptia_network+\node_modules\react-router-dom\dist\umd\react-router-dom.development.js:695:7)

Consider adding an error boundary to your tree to customize error handling behavior.
Visit https://reactjs.org/link/error-boundaries to learn more about error boundaries.

[90mstderr[2m | tests/integration/navigation.test.tsx[2m > [22m[2mNavigation Integration[2m > [22m[2mSidebar Navigation[2m > [22m[2mshould show progress indicators
[22m[39mWarning: React.jsx: type is invalid -- expected a string (for built-in components) or a class/function (for composite components) but got: undefined. You likely forgot to export your component from the file it's defined in, or you might have mixed up default and named imports.

Check your code at navigation.test.tsx:27.
Error: Uncaught [Error: Element type is invalid: expected a string (for built-in components) or a class/function (for composite components) but got: undefined. You likely forgot to export your component from the file it's defined in, or you might have mixed up default and named imports.]
    at reportException (C:\Users\brand\Development\Project_Workspace\active-development\learn_comptia_network+\node_modules\jsdom\lib\jsdom\living\helpers\runtime-script-errors.js:66:24)
    at innerInvokeEventListeners (C:\Users\brand\Development\Project_Workspace\active-development\learn_comptia_network+\node_modules\jsdom\lib\jsdom\living\events\EventTarget-impl.js:353:9)
    at invokeEventListeners (C:\Users\brand\Development\Project_Workspace\active-development\learn_comptia_network+\node_modules\jsdom\lib\jsdom\living\events\EventTarget-impl.js:286:3)
    at HTMLUnknownElementImpl._dispatch (C:\Users\brand\Development\Project_Workspace\active-development\learn_comptia_network+\node_modules\jsdom\lib\jsdom\living\events\EventTarget-impl.js:233:9)
    at HTMLUnknownElementImpl.dispatchEvent (C:\Users\brand\Development\Project_Workspace\active-development\learn_comptia_network+\node_modules\jsdom\lib\jsdom\living\events\EventTarget-impl.js:104:17)
    at HTMLUnknownElement.dispatchEvent (C:\Users\brand\Development\Project_Workspace\active-development\learn_comptia_network+\node_modules\jsdom\lib\jsdom\living\generated\EventTarget.js:241:34)
    at Object.invokeGuardedCallbackDev (C:\Users\brand\Development\Project_Workspace\active-development\learn_comptia_network+\node_modules\react-dom\cjs\react-dom.development.js:4213:16)
    at invokeGuardedCallback (C:\Users\brand\Development\Project_Workspace\active-development\learn_comptia_network+\node_modules\react-dom\cjs\react-dom.development.js:4277:31)
    at beginWork$1 (C:\Users\brand\Development\Project_Workspace\active-development\learn_comptia_network+\node_modules\react-dom\cjs\react-dom.development.js:27490:7)
    at performUnitOfWork (C:\Users\brand\Development\Project_Workspace\active-development\learn_comptia_network+\node_modules\react-dom\cjs\react-dom.development.js:26599:12) Error: Element type is invalid: expected a string (for built-in components) or a class/function (for composite components) but got: undefined. You likely forgot to export your component from the file it's defined in, or you might have mixed up default and named imports.
    at createFiberFromTypeAndProps [90m(C:\Users\brand\Development\Project_Workspace\active-development\learn_comptia_network+\[39mnode_modules\[4mreact-dom[24m\cjs\react-dom.development.js:28478:17[90m)[39m
    at createFiberFromElement [90m(C:\Users\brand\Development\Project_Workspace\active-development\learn_comptia_network+\[39mnode_modules\[4mreact-dom[24m\cjs\react-dom.development.js:28504:15[90m)[39m
    at reconcileSingleElement [90m(C:\Users\brand\Development\Project_Workspace\active-development\learn_comptia_network+\[39mnode_modules\[4mreact-dom[24m\cjs\react-dom.development.js:13986:23[90m)[39m
    at reconcileChildFibers [90m(C:\Users\brand\Development\Project_Workspace\active-development\learn_comptia_network+\[39mnode_modules\[4mreact-dom[24m\cjs\react-dom.development.js:14044:35[90m)[39m
    at reconcileChildren [90m(C:\Users\brand\Development\Project_Workspace\active-development\learn_comptia_network+\[39mnode_modules\[4mreact-dom[24m\cjs\react-dom.development.js:19186:28[90m)[39m
    at updateContextProvider [90m(C:\Users\brand\Development\Project_Workspace\active-development\learn_comptia_network+\[39mnode_modules\[4mreact-dom[24m\cjs\react-dom.development.js:21193:3[90m)[39m
    at beginWork [90m(C:\Users\brand\Development\Project_Workspace\active-development\learn_comptia_network+\[39mnode_modules\[4mreact-dom[24m\cjs\react-dom.development.js:21688:14[90m)[39m
    at HTMLUnknownElement.callCallback [90m(C:\Users\brand\Development\Project_Workspace\active-development\learn_comptia_network+\[39mnode_modules\[4mreact-dom[24m\cjs\react-dom.development.js:4164:14[90m)[39m
    at HTMLUnknownElement.callTheUserObjectsOperation [90m(C:\Users\brand\Development\Project_Workspace\active-development\learn_comptia_network+\[39mnode_modules\[4mjsdom[24m\lib\jsdom\living\generated\EventListener.js:26:30[90m)[39m
    at innerInvokeEventListeners [90m(C:\Users\brand\Development\Project_Workspace\active-development\learn_comptia_network+\[39mnode_modules\[4mjsdom[24m\lib\jsdom\living\events\EventTarget-impl.js:350:25[90m)[39m
Error: Uncaught [Error: Element type is invalid: expected a string (for built-in components) or a class/function (for composite components) but got: undefined. You likely forgot to export your component from the file it's defined in, or you might have mixed up default and named imports.]
    at reportException (C:\Users\brand\Development\Project_Workspace\active-development\learn_comptia_network+\node_modules\jsdom\lib\jsdom\living\helpers\runtime-script-errors.js:66:24)
    at innerInvokeEventListeners (C:\Users\brand\Development\Project_Workspace\active-development\learn_comptia_network+\node_modules\jsdom\lib\jsdom\living\events\EventTarget-impl.js:353:9)
    at invokeEventListeners (C:\Users\brand\Development\Project_Workspace\active-development\learn_comptia_network+\node_modules\jsdom\lib\jsdom\living\events\EventTarget-impl.js:286:3)
    at HTMLUnknownElementImpl._dispatch (C:\Users\brand\Development\Project_Workspace\active-development\learn_comptia_network+\node_modules\jsdom\lib\jsdom\living\events\EventTarget-impl.js:233:9)
    at HTMLUnknownElementImpl.dispatchEvent (C:\Users\brand\Development\Project_Workspace\active-development\learn_comptia_network+\node_modules\jsdom\lib\jsdom\living\events\EventTarget-impl.js:104:17)
    at HTMLUnknownElement.dispatchEvent (C:\Users\brand\Development\Project_Workspace\active-development\learn_comptia_network+\node_modules\jsdom\lib\jsdom\living\generated\EventTarget.js:241:34)
    at Object.invokeGuardedCallbackDev (C:\Users\brand\Development\Project_Workspace\active-development\learn_comptia_network+\node_modules\react-dom\cjs\react-dom.development.js:4213:16)
    at invokeGuardedCallback (C:\Users\brand\Development\Project_Workspace\active-development\learn_comptia_network+\node_modules\react-dom\cjs\react-dom.development.js:4277:31)
    at beginWork$1 (C:\Users\brand\Development\Project_Workspace\active-development\learn_comptia_network+\node_modules\react-dom\cjs\react-dom.development.js:27490:7)
    at performUnitOfWork (C:\Users\brand\Development\Project_Workspace\active-development\learn_comptia_network+\node_modules\react-dom\cjs\react-dom.development.js:26599:12) Error: Element type is invalid: expected a string (for built-in components) or a class/function (for composite components) but got: undefined. You likely forgot to export your component from the file it's defined in, or you might have mixed up default and named imports.
    at createFiberFromTypeAndProps [90m(C:\Users\brand\Development\Project_Workspace\active-development\learn_comptia_network+\[39mnode_modules\[4mreact-dom[24m\cjs\react-dom.development.js:28478:17[90m)[39m
    at createFiberFromElement [90m(C:\Users\brand\Development\Project_Workspace\active-development\learn_comptia_network+\[39mnode_modules\[4mreact-dom[24m\cjs\react-dom.development.js:28504:15[90m)[39m
    at reconcileSingleElement [90m(C:\Users\brand\Development\Project_Workspace\active-development\learn_comptia_network+\[39mnode_modules\[4mreact-dom[24m\cjs\react-dom.development.js:13986:23[90m)[39m
    at reconcileChildFibers [90m(C:\Users\brand\Development\Project_Workspace\active-development\learn_comptia_network+\[39mnode_modules\[4mreact-dom[24m\cjs\react-dom.development.js:14044:35[90m)[39m
    at reconcileChildren [90m(C:\Users\brand\Development\Project_Workspace\active-development\learn_comptia_network+\[39mnode_modules\[4mreact-dom[24m\cjs\react-dom.development.js:19186:28[90m)[39m
    at updateContextProvider [90m(C:\Users\brand\Development\Project_Workspace\active-development\learn_comptia_network+\[39mnode_modules\[4mreact-dom[24m\cjs\react-dom.development.js:21193:3[90m)[39m
    at beginWork [90m(C:\Users\brand\Development\Project_Workspace\active-development\learn_comptia_network+\[39mnode_modules\[4mreact-dom[24m\cjs\react-dom.development.js:21688:14[90m)[39m
    at HTMLUnknownElement.callCallback [90m(C:\Users\brand\Development\Project_Workspace\active-development\learn_comptia_network+\[39mnode_modules\[4mreact-dom[24m\cjs\react-dom.development.js:4164:14[90m)[39m
    at HTMLUnknownElement.callTheUserObjectsOperation [90m(C:\Users\brand\Development\Project_Workspace\active-development\learn_comptia_network+\[39mnode_modules\[4mjsdom[24m\lib\jsdom\living\generated\EventListener.js:26:30[90m)[39m
    at innerInvokeEventListeners [90m(C:\Users\brand\Development\Project_Workspace\active-development\learn_comptia_network+\[39mnode_modules\[4mjsdom[24m\lib\jsdom\living\events\EventTarget-impl.js:350:25[90m)[39m
The above error occurred in the <Route.Provider> component:

    at RenderedRoute (C:\Users\brand\Development\Project_Workspace\active-development\learn_comptia_network+\node_modules\react-router\dist\umd\react-router.development.js:539:7)
    at Routes (C:\Users\brand\Development\Project_Workspace\active-development\learn_comptia_network+\node_modules\react-router\dist\umd\react-router.development.js:1273:7)
    at Router (C:\Users\brand\Development\Project_Workspace\active-development\learn_comptia_network+\node_modules\react-router\dist\umd\react-router.development.js:1207:17)
    at BrowserRouter (C:\Users\brand\Development\Project_Workspace\active-development\learn_comptia_network+\node_modules\react-router-dom\dist\umd\react-router-dom.development.js:695:7)

Consider adding an error boundary to your tree to customize error handling behavior.
Visit https://reactjs.org/link/error-boundaries to learn more about error boundaries.

[90mstderr[2m | tests/integration/navigation.test.tsx[2m > [22m[2mNavigation Integration[2m > [22m[2mBrowser History[2m > [22m[2mshould support back button
[22m[39mWarning: React.jsx: type is invalid -- expected a string (for built-in components) or a class/function (for composite components) but got: undefined. You likely forgot to export your component from the file it's defined in, or you might have mixed up default and named imports.

Check your code at navigation.test.tsx:27.
Error: Uncaught [Error: Element type is invalid: expected a string (for built-in components) or a class/function (for composite components) but got: undefined. You likely forgot to export your component from the file it's defined in, or you might have mixed up default and named imports.]
    at reportException (C:\Users\brand\Development\Project_Workspace\active-development\learn_comptia_network+\node_modules\jsdom\lib\jsdom\living\helpers\runtime-script-errors.js:66:24)
    at innerInvokeEventListeners (C:\Users\brand\Development\Project_Workspace\active-development\learn_comptia_network+\node_modules\jsdom\lib\jsdom\living\events\EventTarget-impl.js:353:9)
    at invokeEventListeners (C:\Users\brand\Development\Project_Workspace\active-development\learn_comptia_network+\node_modules\jsdom\lib\jsdom\living\events\EventTarget-impl.js:286:3)
    at HTMLUnknownElementImpl._dispatch (C:\Users\brand\Development\Project_Workspace\active-development\learn_comptia_network+\node_modules\jsdom\lib\jsdom\living\events\EventTarget-impl.js:233:9)
    at HTMLUnknownElementImpl.dispatchEvent (C:\Users\brand\Development\Project_Workspace\active-development\learn_comptia_network+\node_modules\jsdom\lib\jsdom\living\events\EventTarget-impl.js:104:17)
    at HTMLUnknownElement.dispatchEvent (C:\Users\brand\Development\Project_Workspace\active-development\learn_comptia_network+\node_modules\jsdom\lib\jsdom\living\generated\EventTarget.js:241:34)
    at Object.invokeGuardedCallbackDev (C:\Users\brand\Development\Project_Workspace\active-development\learn_comptia_network+\node_modules\react-dom\cjs\react-dom.development.js:4213:16)
    at invokeGuardedCallback (C:\Users\brand\Development\Project_Workspace\active-development\learn_comptia_network+\node_modules\react-dom\cjs\react-dom.development.js:4277:31)
    at beginWork$1 (C:\Users\brand\Development\Project_Workspace\active-development\learn_comptia_network+\node_modules\react-dom\cjs\react-dom.development.js:27490:7)
    at performUnitOfWork (C:\Users\brand\Development\Project_Workspace\active-development\learn_comptia_network+\node_modules\react-dom\cjs\react-dom.development.js:26599:12) Error: Element type is invalid: expected a string (for built-in components) or a class/function (for composite components) but got: undefined. You likely forgot to export your component from the file it's defined in, or you might have mixed up default and named imports.
    at createFiberFromTypeAndProps [90m(C:\Users\brand\Development\Project_Workspace\active-development\learn_comptia_network+\[39mnode_modules\[4mreact-dom[24m\cjs\react-dom.development.js:28478:17[90m)[39m
    at createFiberFromElement [90m(C:\Users\brand\Development\Project_Workspace\active-development\learn_comptia_network+\[39mnode_modules\[4mreact-dom[24m\cjs\react-dom.development.js:28504:15[90m)[39m
    at reconcileSingleElement [90m(C:\Users\brand\Development\Project_Workspace\active-development\learn_comptia_network+\[39mnode_modules\[4mreact-dom[24m\cjs\react-dom.development.js:13986:23[90m)[39m
    at reconcileChildFibers [90m(C:\Users\brand\Development\Project_Workspace\active-development\learn_comptia_network+\[39mnode_modules\[4mreact-dom[24m\cjs\react-dom.development.js:14044:35[90m)[39m
    at reconcileChildren [90m(C:\Users\brand\Development\Project_Workspace\active-development\learn_comptia_network+\[39mnode_modules\[4mreact-dom[24m\cjs\react-dom.development.js:19186:28[90m)[39m
    at updateContextProvider [90m(C:\Users\brand\Development\Project_Workspace\active-development\learn_comptia_network+\[39mnode_modules\[4mreact-dom[24m\cjs\react-dom.development.js:21193:3[90m)[39m
    at beginWork [90m(C:\Users\brand\Development\Project_Workspace\active-development\learn_comptia_network+\[39mnode_modules\[4mreact-dom[24m\cjs\react-dom.development.js:21688:14[90m)[39m
    at HTMLUnknownElement.callCallback [90m(C:\Users\brand\Development\Project_Workspace\active-development\learn_comptia_network+\[39mnode_modules\[4mreact-dom[24m\cjs\react-dom.development.js:4164:14[90m)[39m
    at HTMLUnknownElement.callTheUserObjectsOperation [90m(C:\Users\brand\Development\Project_Workspace\active-development\learn_comptia_network+\[39mnode_modules\[4mjsdom[24m\lib\jsdom\living\generated\EventListener.js:26:30[90m)[39m
    at innerInvokeEventListeners [90m(C:\Users\brand\Development\Project_Workspace\active-development\learn_comptia_network+\[39mnode_modules\[4mjsdom[24m\lib\jsdom\living\events\EventTarget-impl.js:350:25[90m)[39m
Error: Uncaught [Error: Element type is invalid: expected a string (for built-in components) or a class/function (for composite components) but got: undefined. You likely forgot to export your component from the file it's defined in, or you might have mixed up default and named imports.]
    at reportException (C:\Users\brand\Development\Project_Workspace\active-development\learn_comptia_network+\node_modules\jsdom\lib\jsdom\living\helpers\runtime-script-errors.js:66:24)
    at innerInvokeEventListeners (C:\Users\brand\Development\Project_Workspace\active-development\learn_comptia_network+\node_modules\jsdom\lib\jsdom\living\events\EventTarget-impl.js:353:9)
    at invokeEventListeners (C:\Users\brand\Development\Project_Workspace\active-development\learn_comptia_network+\node_modules\jsdom\lib\jsdom\living\events\EventTarget-impl.js:286:3)
    at HTMLUnknownElementImpl._dispatch (C:\Users\brand\Development\Project_Workspace\active-development\learn_comptia_network+\node_modules\jsdom\lib\jsdom\living\events\EventTarget-impl.js:233:9)
    at HTMLUnknownElementImpl.dispatchEvent (C:\Users\brand\Development\Project_Workspace\active-development\learn_comptia_network+\node_modules\jsdom\lib\jsdom\living\events\EventTarget-impl.js:104:17)
    at HTMLUnknownElement.dispatchEvent (C:\Users\brand\Development\Project_Workspace\active-development\learn_comptia_network+\node_modules\jsdom\lib\jsdom\living\generated\EventTarget.js:241:34)
    at Object.invokeGuardedCallbackDev (C:\Users\brand\Development\Project_Workspace\active-development\learn_comptia_network+\node_modules\react-dom\cjs\react-dom.development.js:4213:16)
    at invokeGuardedCallback (C:\Users\brand\Development\Project_Workspace\active-development\learn_comptia_network+\node_modules\react-dom\cjs\react-dom.development.js:4277:31)
    at beginWork$1 (C:\Users\brand\Development\Project_Workspace\active-development\learn_comptia_network+\node_modules\react-dom\cjs\react-dom.development.js:27490:7)
    at performUnitOfWork (C:\Users\brand\Development\Project_Workspace\active-development\learn_comptia_network+\node_modules\react-dom\cjs\react-dom.development.js:26599:12) Error: Element type is invalid: expected a string (for built-in components) or a class/function (for composite components) but got: undefined. You likely forgot to export your component from the file it's defined in, or you might have mixed up default and named imports.
    at createFiberFromTypeAndProps [90m(C:\Users\brand\Development\Project_Workspace\active-development\learn_comptia_network+\[39mnode_modules\[4mreact-dom[24m\cjs\react-dom.development.js:28478:17[90m)[39m
    at createFiberFromElement [90m(C:\Users\brand\Development\Project_Workspace\active-development\learn_comptia_network+\[39mnode_modules\[4mreact-dom[24m\cjs\react-dom.development.js:28504:15[90m)[39m
    at reconcileSingleElement [90m(C:\Users\brand\Development\Project_Workspace\active-development\learn_comptia_network+\[39mnode_modules\[4mreact-dom[24m\cjs\react-dom.development.js:13986:23[90m)[39m
    at reconcileChildFibers [90m(C:\Users\brand\Development\Project_Workspace\active-development\learn_comptia_network+\[39mnode_modules\[4mreact-dom[24m\cjs\react-dom.development.js:14044:35[90m)[39m
    at reconcileChildren [90m(C:\Users\brand\Development\Project_Workspace\active-development\learn_comptia_network+\[39mnode_modules\[4mreact-dom[24m\cjs\react-dom.development.js:19186:28[90m)[39m
    at updateContextProvider [90m(C:\Users\brand\Development\Project_Workspace\active-development\learn_comptia_network+\[39mnode_modules\[4mreact-dom[24m\cjs\react-dom.development.js:21193:3[90m)[39m
    at beginWork [90m(C:\Users\brand\Development\Project_Workspace\active-development\learn_comptia_network+\[39mnode_modules\[4mreact-dom[24m\cjs\react-dom.development.js:21688:14[90m)[39m
    at HTMLUnknownElement.callCallback [90m(C:\Users\brand\Development\Project_Workspace\active-development\learn_comptia_network+\[39mnode_modules\[4mreact-dom[24m\cjs\react-dom.development.js:4164:14[90m)[39m
    at HTMLUnknownElement.callTheUserObjectsOperation [90m(C:\Users\brand\Development\Project_Workspace\active-development\learn_comptia_network+\[39mnode_modules\[4mjsdom[24m\lib\jsdom\living\generated\EventListener.js:26:30[90m)[39m
    at innerInvokeEventListeners [90m(C:\Users\brand\Development\Project_Workspace\active-development\learn_comptia_network+\[39mnode_modules\[4mjsdom[24m\lib\jsdom\living\events\EventTarget-impl.js:350:25[90m)[39m
The above error occurred in the <Route.Provider> component:

    at RenderedRoute (C:\Users\brand\Development\Project_Workspace\active-development\learn_comptia_network+\node_modules\react-router\dist\umd\react-router.development.js:539:7)
    at Routes (C:\Users\brand\Development\Project_Workspace\active-development\learn_comptia_network+\node_modules\react-router\dist\umd\react-router.development.js:1273:7)
    at Router (C:\Users\brand\Development\Project_Workspace\active-development\learn_comptia_network+\node_modules\react-router\dist\umd\react-router.development.js:1207:17)
    at BrowserRouter (C:\Users\brand\Development\Project_Workspace\active-development\learn_comptia_network+\node_modules\react-router-dom\dist\umd\react-router-dom.development.js:695:7)

Consider adding an error boundary to your tree to customize error handling behavior.
Visit https://reactjs.org/link/error-boundaries to learn more about error boundaries.

[90mstderr[2m | tests/integration/navigation.test.tsx[2m > [22m[2mNavigation Integration[2m > [22m[2mBrowser History[2m > [22m[2mshould support forward button
[22m[39mWarning: React.jsx: type is invalid -- expected a string (for built-in components) or a class/function (for composite components) but got: undefined. You likely forgot to export your component from the file it's defined in, or you might have mixed up default and named imports.

Check your code at navigation.test.tsx:27.
Error: Uncaught [Error: Element type is invalid: expected a string (for built-in components) or a class/function (for composite components) but got: undefined. You likely forgot to export your component from the file it's defined in, or you might have mixed up default and named imports.]
    at reportException (C:\Users\brand\Development\Project_Workspace\active-development\learn_comptia_network+\node_modules\jsdom\lib\jsdom\living\helpers\runtime-script-errors.js:66:24)
    at innerInvokeEventListeners (C:\Users\brand\Development\Project_Workspace\active-development\learn_comptia_network+\node_modules\jsdom\lib\jsdom\living\events\EventTarget-impl.js:353:9)
    at invokeEventListeners (C:\Users\brand\Development\Project_Workspace\active-development\learn_comptia_network+\node_modules\jsdom\lib\jsdom\living\events\EventTarget-impl.js:286:3)
    at HTMLUnknownElementImpl._dispatch (C:\Users\brand\Development\Project_Workspace\active-development\learn_comptia_network+\node_modules\jsdom\lib\jsdom\living\events\EventTarget-impl.js:233:9)
    at HTMLUnknownElementImpl.dispatchEvent (C:\Users\brand\Development\Project_Workspace\active-development\learn_comptia_network+\node_modules\jsdom\lib\jsdom\living\events\EventTarget-impl.js:104:17)
    at HTMLUnknownElement.dispatchEvent (C:\Users\brand\Development\Project_Workspace\active-development\learn_comptia_network+\node_modules\jsdom\lib\jsdom\living\generated\EventTarget.js:241:34)
    at Object.invokeGuardedCallbackDev (C:\Users\brand\Development\Project_Workspace\active-development\learn_comptia_network+\node_modules\react-dom\cjs\react-dom.development.js:4213:16)
    at invokeGuardedCallback (C:\Users\brand\Development\Project_Workspace\active-development\learn_comptia_network+\node_modules\react-dom\cjs\react-dom.development.js:4277:31)
    at beginWork$1 (C:\Users\brand\Development\Project_Workspace\active-development\learn_comptia_network+\node_modules\react-dom\cjs\react-dom.development.js:27490:7)
    at performUnitOfWork (C:\Users\brand\Development\Project_Workspace\active-development\learn_comptia_network+\node_modules\react-dom\cjs\react-dom.development.js:26599:12) Error: Element type is invalid: expected a string (for built-in components) or a class/function (for composite components) but got: undefined. You likely forgot to export your component from the file it's defined in, or you might have mixed up default and named imports.
    at createFiberFromTypeAndProps [90m(C:\Users\brand\Development\Project_Workspace\active-development\learn_comptia_network+\[39mnode_modules\[4mreact-dom[24m\cjs\react-dom.development.js:28478:17[90m)[39m
    at createFiberFromElement [90m(C:\Users\brand\Development\Project_Workspace\active-development\learn_comptia_network+\[39mnode_modules\[4mreact-dom[24m\cjs\react-dom.development.js:28504:15[90m)[39m
    at reconcileSingleElement [90m(C:\Users\brand\Development\Project_Workspace\active-development\learn_comptia_network+\[39mnode_modules\[4mreact-dom[24m\cjs\react-dom.development.js:13986:23[90m)[39m
    at reconcileChildFibers [90m(C:\Users\brand\Development\Project_Workspace\active-development\learn_comptia_network+\[39mnode_modules\[4mreact-dom[24m\cjs\react-dom.development.js:14044:35[90m)[39m
    at reconcileChildren [90m(C:\Users\brand\Development\Project_Workspace\active-development\learn_comptia_network+\[39mnode_modules\[4mreact-dom[24m\cjs\react-dom.development.js:19186:28[90m)[39m
    at updateContextProvider [90m(C:\Users\brand\Development\Project_Workspace\active-development\learn_comptia_network+\[39mnode_modules\[4mreact-dom[24m\cjs\react-dom.development.js:21193:3[90m)[39m
    at beginWork [90m(C:\Users\brand\Development\Project_Workspace\active-development\learn_comptia_network+\[39mnode_modules\[4mreact-dom[24m\cjs\react-dom.development.js:21688:14[90m)[39m
    at HTMLUnknownElement.callCallback [90m(C:\Users\brand\Development\Project_Workspace\active-development\learn_comptia_network+\[39mnode_modules\[4mreact-dom[24m\cjs\react-dom.development.js:4164:14[90m)[39m
    at HTMLUnknownElement.callTheUserObjectsOperation [90m(C:\Users\brand\Development\Project_Workspace\active-development\learn_comptia_network+\[39mnode_modules\[4mjsdom[24m\lib\jsdom\living\generated\EventListener.js:26:30[90m)[39m
    at innerInvokeEventListeners [90m(C:\Users\brand\Development\Project_Workspace\active-development\learn_comptia_network+\[39mnode_modules\[4mjsdom[24m\lib\jsdom\living\events\EventTarget-impl.js:350:25[90m)[39m
Error: Uncaught [Error: Element type is invalid: expected a string (for built-in components) or a class/function (for composite components) but got: undefined. You likely forgot to export your component from the file it's defined in, or you might have mixed up default and named imports.]
    at reportException (C:\Users\brand\Development\Project_Workspace\active-development\learn_comptia_network+\node_modules\jsdom\lib\jsdom\living\helpers\runtime-script-errors.js:66:24)
    at innerInvokeEventListeners (C:\Users\brand\Development\Project_Workspace\active-development\learn_comptia_network+\node_modules\jsdom\lib\jsdom\living\events\EventTarget-impl.js:353:9)
    at invokeEventListeners (C:\Users\brand\Development\Project_Workspace\active-development\learn_comptia_network+\node_modules\jsdom\lib\jsdom\living\events\EventTarget-impl.js:286:3)
    at HTMLUnknownElementImpl._dispatch (C:\Users\brand\Development\Project_Workspace\active-development\learn_comptia_network+\node_modules\jsdom\lib\jsdom\living\events\EventTarget-impl.js:233:9)
    at HTMLUnknownElementImpl.dispatchEvent (C:\Users\brand\Development\Project_Workspace\active-development\learn_comptia_network+\node_modules\jsdom\lib\jsdom\living\events\EventTarget-impl.js:104:17)
    at HTMLUnknownElement.dispatchEvent (C:\Users\brand\Development\Project_Workspace\active-development\learn_comptia_network+\node_modules\jsdom\lib\jsdom\living\generated\EventTarget.js:241:34)
    at Object.invokeGuardedCallbackDev (C:\Users\brand\Development\Project_Workspace\active-development\learn_comptia_network+\node_modules\react-dom\cjs\react-dom.development.js:4213:16)
    at invokeGuardedCallback (C:\Users\brand\Development\Project_Workspace\active-development\learn_comptia_network+\node_modules\react-dom\cjs\react-dom.development.js:4277:31)
    at beginWork$1 (C:\Users\brand\Development\Project_Workspace\active-development\learn_comptia_network+\node_modules\react-dom\cjs\react-dom.development.js:27490:7)
    at performUnitOfWork (C:\Users\brand\Development\Project_Workspace\active-development\learn_comptia_network+\node_modules\react-dom\cjs\react-dom.development.js:26599:12) Error: Element type is invalid: expected a string (for built-in components) or a class/function (for composite components) but got: undefined. You likely forgot to export your component from the file it's defined in, or you might have mixed up default and named imports.
    at createFiberFromTypeAndProps [90m(C:\Users\brand\Development\Project_Workspace\active-development\learn_comptia_network+\[39mnode_modules\[4mreact-dom[24m\cjs\react-dom.development.js:28478:17[90m)[39m
    at createFiberFromElement [90m(C:\Users\brand\Development\Project_Workspace\active-development\learn_comptia_network+\[39mnode_modules\[4mreact-dom[24m\cjs\react-dom.development.js:28504:15[90m)[39m
    at reconcileSingleElement [90m(C:\Users\brand\Development\Project_Workspace\active-development\learn_comptia_network+\[39mnode_modules\[4mreact-dom[24m\cjs\react-dom.development.js:13986:23[90m)[39m
    at reconcileChildFibers [90m(C:\Users\brand\Development\Project_Workspace\active-development\learn_comptia_network+\[39mnode_modules\[4mreact-dom[24m\cjs\react-dom.development.js:14044:35[90m)[39m
    at reconcileChildren [90m(C:\Users\brand\Development\Project_Workspace\active-development\learn_comptia_network+\[39mnode_modules\[4mreact-dom[24m\cjs\react-dom.development.js:19186:28[90m)[39m
    at updateContextProvider [90m(C:\Users\brand\Development\Project_Workspace\active-development\learn_comptia_network+\[39mnode_modules\[4mreact-dom[24m\cjs\react-dom.development.js:21193:3[90m)[39m
    at beginWork [90m(C:\Users\brand\Development\Project_Workspace\active-development\learn_comptia_network+\[39mnode_modules\[4mreact-dom[24m\cjs\react-dom.development.js:21688:14[90m)[39m
    at HTMLUnknownElement.callCallback [90m(C:\Users\brand\Development\Project_Workspace\active-development\learn_comptia_network+\[39mnode_modules\[4mreact-dom[24m\cjs\react-dom.development.js:4164:14[90m)[39m
    at HTMLUnknownElement.callTheUserObjectsOperation [90m(C:\Users\brand\Development\Project_Workspace\active-development\learn_comptia_network+\[39mnode_modules\[4mjsdom[24m\lib\jsdom\living\generated\EventListener.js:26:30[90m)[39m
    at innerInvokeEventListeners [90m(C:\Users\brand\Development\Project_Workspace\active-development\learn_comptia_network+\[39mnode_modules\[4mjsdom[24m\lib\jsdom\living\events\EventTarget-impl.js:350:25[90m)[39m
The above error occurred in the <Route.Provider> component:

    at RenderedRoute (C:\Users\brand\Development\Project_Workspace\active-development\learn_comptia_network+\node_modules\react-router\dist\umd\react-router.development.js:539:7)
    at Routes (C:\Users\brand\Development\Project_Workspace\active-development\learn_comptia_network+\node_modules\react-router\dist\umd\react-router.development.js:1273:7)
    at Router (C:\Users\brand\Development\Project_Workspace\active-development\learn_comptia_network+\node_modules\react-router\dist\umd\react-router.development.js:1207:17)
    at BrowserRouter (C:\Users\brand\Development\Project_Workspace\active-development\learn_comptia_network+\node_modules\react-router-dom\dist\umd\react-router-dom.development.js:695:7)

Consider adding an error boundary to your tree to customize error handling behavior.
Visit https://reactjs.org/link/error-boundaries to learn more about error boundaries.

[90mstderr[2m | tests/integration/navigation.test.tsx[2m > [22m[2mNavigation Integration[2m > [22m[2mBrowser History[2m > [22m[2mshould preserve state across navigation
[22m[39mWarning: React.jsx: type is invalid -- expected a string (for built-in components) or a class/function (for composite components) but got: undefined. You likely forgot to export your component from the file it's defined in, or you might have mixed up default and named imports.

Check your code at navigation.test.tsx:27.
Error: Uncaught [Error: Element type is invalid: expected a string (for built-in components) or a class/function (for composite components) but got: undefined. You likely forgot to export your component from the file it's defined in, or you might have mixed up default and named imports.]
    at reportException (C:\Users\brand\Development\Project_Workspace\active-development\learn_comptia_network+\node_modules\jsdom\lib\jsdom\living\helpers\runtime-script-errors.js:66:24)
    at innerInvokeEventListeners (C:\Users\brand\Development\Project_Workspace\active-development\learn_comptia_network+\node_modules\jsdom\lib\jsdom\living\events\EventTarget-impl.js:353:9)
    at invokeEventListeners (C:\Users\brand\Development\Project_Workspace\active-development\learn_comptia_network+\node_modules\jsdom\lib\jsdom\living\events\EventTarget-impl.js:286:3)
    at HTMLUnknownElementImpl._dispatch (C:\Users\brand\Development\Project_Workspace\active-development\learn_comptia_network+\node_modules\jsdom\lib\jsdom\living\events\EventTarget-impl.js:233:9)
    at HTMLUnknownElementImpl.dispatchEvent (C:\Users\brand\Development\Project_Workspace\active-development\learn_comptia_network+\node_modules\jsdom\lib\jsdom\living\events\EventTarget-impl.js:104:17)
    at HTMLUnknownElement.dispatchEvent (C:\Users\brand\Development\Project_Workspace\active-development\learn_comptia_network+\node_modules\jsdom\lib\jsdom\living\generated\EventTarget.js:241:34)
    at Object.invokeGuardedCallbackDev (C:\Users\brand\Development\Project_Workspace\active-development\learn_comptia_network+\node_modules\react-dom\cjs\react-dom.development.js:4213:16)
    at invokeGuardedCallback (C:\Users\brand\Development\Project_Workspace\active-development\learn_comptia_network+\node_modules\react-dom\cjs\react-dom.development.js:4277:31)
    at beginWork$1 (C:\Users\brand\Development\Project_Workspace\active-development\learn_comptia_network+\node_modules\react-dom\cjs\react-dom.development.js:27490:7)
    at performUnitOfWork (C:\Users\brand\Development\Project_Workspace\active-development\learn_comptia_network+\node_modules\react-dom\cjs\react-dom.development.js:26599:12) Error: Element type is invalid: expected a string (for built-in components) or a class/function (for composite components) but got: undefined. You likely forgot to export your component from the file it's defined in, or you might have mixed up default and named imports.
    at createFiberFromTypeAndProps [90m(C:\Users\brand\Development\Project_Workspace\active-development\learn_comptia_network+\[39mnode_modules\[4mreact-dom[24m\cjs\react-dom.development.js:28478:17[90m)[39m
    at createFiberFromElement [90m(C:\Users\brand\Development\Project_Workspace\active-development\learn_comptia_network+\[39mnode_modules\[4mreact-dom[24m\cjs\react-dom.development.js:28504:15[90m)[39m
    at reconcileSingleElement [90m(C:\Users\brand\Development\Project_Workspace\active-development\learn_comptia_network+\[39mnode_modules\[4mreact-dom[24m\cjs\react-dom.development.js:13986:23[90m)[39m
    at reconcileChildFibers [90m(C:\Users\brand\Development\Project_Workspace\active-development\learn_comptia_network+\[39mnode_modules\[4mreact-dom[24m\cjs\react-dom.development.js:14044:35[90m)[39m
    at reconcileChildren [90m(C:\Users\brand\Development\Project_Workspace\active-development\learn_comptia_network+\[39mnode_modules\[4mreact-dom[24m\cjs\react-dom.development.js:19186:28[90m)[39m
    at updateContextProvider [90m(C:\Users\brand\Development\Project_Workspace\active-development\learn_comptia_network+\[39mnode_modules\[4mreact-dom[24m\cjs\react-dom.development.js:21193:3[90m)[39m
    at beginWork [90m(C:\Users\brand\Development\Project_Workspace\active-development\learn_comptia_network+\[39mnode_modules\[4mreact-dom[24m\cjs\react-dom.development.js:21688:14[90m)[39m
    at HTMLUnknownElement.callCallback [90m(C:\Users\brand\Development\Project_Workspace\active-development\learn_comptia_network+\[39mnode_modules\[4mreact-dom[24m\cjs\react-dom.development.js:4164:14[90m)[39m
    at HTMLUnknownElement.callTheUserObjectsOperation [90m(C:\Users\brand\Development\Project_Workspace\active-development\learn_comptia_network+\[39mnode_modules\[4mjsdom[24m\lib\jsdom\living\generated\EventListener.js:26:30[90m)[39m
    at innerInvokeEventListeners [90m(C:\Users\brand\Development\Project_Workspace\active-development\learn_comptia_network+\[39mnode_modules\[4mjsdom[24m\lib\jsdom\living\events\EventTarget-impl.js:350:25[90m)[39m
Error: Uncaught [Error: Element type is invalid: expected a string (for built-in components) or a class/function (for composite components) but got: undefined. You likely forgot to export your component from the file it's defined in, or you might have mixed up default and named imports.]
    at reportException (C:\Users\brand\Development\Project_Workspace\active-development\learn_comptia_network+\node_modules\jsdom\lib\jsdom\living\helpers\runtime-script-errors.js:66:24)
    at innerInvokeEventListeners (C:\Users\brand\Development\Project_Workspace\active-development\learn_comptia_network+\node_modules\jsdom\lib\jsdom\living\events\EventTarget-impl.js:353:9)
    at invokeEventListeners (C:\Users\brand\Development\Project_Workspace\active-development\learn_comptia_network+\node_modules\jsdom\lib\jsdom\living\events\EventTarget-impl.js:286:3)
    at HTMLUnknownElementImpl._dispatch (C:\Users\brand\Development\Project_Workspace\active-development\learn_comptia_network+\node_modules\jsdom\lib\jsdom\living\events\EventTarget-impl.js:233:9)
    at HTMLUnknownElementImpl.dispatchEvent (C:\Users\brand\Development\Project_Workspace\active-development\learn_comptia_network+\node_modules\jsdom\lib\jsdom\living\events\EventTarget-impl.js:104:17)
    at HTMLUnknownElement.dispatchEvent (C:\Users\brand\Development\Project_Workspace\active-development\learn_comptia_network+\node_modules\jsdom\lib\jsdom\living\generated\EventTarget.js:241:34)
    at Object.invokeGuardedCallbackDev (C:\Users\brand\Development\Project_Workspace\active-development\learn_comptia_network+\node_modules\react-dom\cjs\react-dom.development.js:4213:16)
    at invokeGuardedCallback (C:\Users\brand\Development\Project_Workspace\active-development\learn_comptia_network+\node_modules\react-dom\cjs\react-dom.development.js:4277:31)
    at beginWork$1 (C:\Users\brand\Development\Project_Workspace\active-development\learn_comptia_network+\node_modules\react-dom\cjs\react-dom.development.js:27490:7)
    at performUnitOfWork (C:\Users\brand\Development\Project_Workspace\active-development\learn_comptia_network+\node_modules\react-dom\cjs\react-dom.development.js:26599:12) Error: Element type is invalid: expected a string (for built-in components) or a class/function (for composite components) but got: undefined. You likely forgot to export your component from the file it's defined in, or you might have mixed up default and named imports.
    at createFiberFromTypeAndProps [90m(C:\Users\brand\Development\Project_Workspace\active-development\learn_comptia_network+\[39mnode_modules\[4mreact-dom[24m\cjs\react-dom.development.js:28478:17[90m)[39m
    at createFiberFromElement [90m(C:\Users\brand\Development\Project_Workspace\active-development\learn_comptia_network+\[39mnode_modules\[4mreact-dom[24m\cjs\react-dom.development.js:28504:15[90m)[39m
    at reconcileSingleElement [90m(C:\Users\brand\Development\Project_Workspace\active-development\learn_comptia_network+\[39mnode_modules\[4mreact-dom[24m\cjs\react-dom.development.js:13986:23[90m)[39m
    at reconcileChildFibers [90m(C:\Users\brand\Development\Project_Workspace\active-development\learn_comptia_network+\[39mnode_modules\[4mreact-dom[24m\cjs\react-dom.development.js:14044:35[90m)[39m
    at reconcileChildren [90m(C:\Users\brand\Development\Project_Workspace\active-development\learn_comptia_network+\[39mnode_modules\[4mreact-dom[24m\cjs\react-dom.development.js:19186:28[90m)[39m
    at updateContextProvider [90m(C:\Users\brand\Development\Project_Workspace\active-development\learn_comptia_network+\[39mnode_modules\[4mreact-dom[24m\cjs\react-dom.development.js:21193:3[90m)[39m
    at beginWork [90m(C:\Users\brand\Development\Project_Workspace\active-development\learn_comptia_network+\[39mnode_modules\[4mreact-dom[24m\cjs\react-dom.development.js:21688:14[90m)[39m
    at HTMLUnknownElement.callCallback [90m(C:\Users\brand\Development\Project_Workspace\active-development\learn_comptia_network+\[39mnode_modules\[4mreact-dom[24m\cjs\react-dom.development.js:4164:14[90m)[39m
    at HTMLUnknownElement.callTheUserObjectsOperation [90m(C:\Users\brand\Development\Project_Workspace\active-development\learn_comptia_network+\[39mnode_modules\[4mjsdom[24m\lib\jsdom\living\generated\EventListener.js:26:30[90m)[39m
    at innerInvokeEventListeners [90m(C:\Users\brand\Development\Project_Workspace\active-development\learn_comptia_network+\[39mnode_modules\[4mjsdom[24m\lib\jsdom\living\events\EventTarget-impl.js:350:25[90m)[39m
The above error occurred in the <Route.Provider> component:

    at RenderedRoute (C:\Users\brand\Development\Project_Workspace\active-development\learn_comptia_network+\node_modules\react-router\dist\umd\react-router.development.js:539:7)
    at Routes (C:\Users\brand\Development\Project_Workspace\active-development\learn_comptia_network+\node_modules\react-router\dist\umd\react-router.development.js:1273:7)
    at Router (C:\Users\brand\Development\Project_Workspace\active-development\learn_comptia_network+\node_modules\react-router\dist\umd\react-router.development.js:1207:17)
    at BrowserRouter (C:\Users\brand\Development\Project_Workspace\active-development\learn_comptia_network+\node_modules\react-router-dom\dist\umd\react-router-dom.development.js:695:7)

Consider adding an error boundary to your tree to customize error handling behavior.
Visit https://reactjs.org/link/error-boundaries to learn more about error boundaries.

[90mstderr[2m | tests/integration/navigation.test.tsx[2m > [22m[2mNavigation Integration[2m > [22m[2mDeep Linking[2m > [22m[2mshould load directly to cloud designer
[22m[39mWarning: React.jsx: type is invalid -- expected a string (for built-in components) or a class/function (for composite components) but got: undefined. You likely forgot to export your component from the file it's defined in, or you might have mixed up default and named imports.

Check your code at navigation.test.tsx:27.
Error: Uncaught [Error: Element type is invalid: expected a string (for built-in components) or a class/function (for composite components) but got: undefined. You likely forgot to export your component from the file it's defined in, or you might have mixed up default and named imports.]
    at reportException (C:\Users\brand\Development\Project_Workspace\active-development\learn_comptia_network+\node_modules\jsdom\lib\jsdom\living\helpers\runtime-script-errors.js:66:24)
    at innerInvokeEventListeners (C:\Users\brand\Development\Project_Workspace\active-development\learn_comptia_network+\node_modules\jsdom\lib\jsdom\living\events\EventTarget-impl.js:353:9)
    at invokeEventListeners (C:\Users\brand\Development\Project_Workspace\active-development\learn_comptia_network+\node_modules\jsdom\lib\jsdom\living\events\EventTarget-impl.js:286:3)
    at HTMLUnknownElementImpl._dispatch (C:\Users\brand\Development\Project_Workspace\active-development\learn_comptia_network+\node_modules\jsdom\lib\jsdom\living\events\EventTarget-impl.js:233:9)
    at HTMLUnknownElementImpl.dispatchEvent (C:\Users\brand\Development\Project_Workspace\active-development\learn_comptia_network+\node_modules\jsdom\lib\jsdom\living\events\EventTarget-impl.js:104:17)
    at HTMLUnknownElement.dispatchEvent (C:\Users\brand\Development\Project_Workspace\active-development\learn_comptia_network+\node_modules\jsdom\lib\jsdom\living\generated\EventTarget.js:241:34)
    at Object.invokeGuardedCallbackDev (C:\Users\brand\Development\Project_Workspace\active-development\learn_comptia_network+\node_modules\react-dom\cjs\react-dom.development.js:4213:16)
    at invokeGuardedCallback (C:\Users\brand\Development\Project_Workspace\active-development\learn_comptia_network+\node_modules\react-dom\cjs\react-dom.development.js:4277:31)
    at beginWork$1 (C:\Users\brand\Development\Project_Workspace\active-development\learn_comptia_network+\node_modules\react-dom\cjs\react-dom.development.js:27490:7)
    at performUnitOfWork (C:\Users\brand\Development\Project_Workspace\active-development\learn_comptia_network+\node_modules\react-dom\cjs\react-dom.development.js:26599:12) Error: Element type is invalid: expected a string (for built-in components) or a class/function (for composite components) but got: undefined. You likely forgot to export your component from the file it's defined in, or you might have mixed up default and named imports.
    at createFiberFromTypeAndProps [90m(C:\Users\brand\Development\Project_Workspace\active-development\learn_comptia_network+\[39mnode_modules\[4mreact-dom[24m\cjs\react-dom.development.js:28478:17[90m)[39m
    at createFiberFromElement [90m(C:\Users\brand\Development\Project_Workspace\active-development\learn_comptia_network+\[39mnode_modules\[4mreact-dom[24m\cjs\react-dom.development.js:28504:15[90m)[39m
    at reconcileSingleElement [90m(C:\Users\brand\Development\Project_Workspace\active-development\learn_comptia_network+\[39mnode_modules\[4mreact-dom[24m\cjs\react-dom.development.js:13986:23[90m)[39m
    at reconcileChildFibers [90m(C:\Users\brand\Development\Project_Workspace\active-development\learn_comptia_network+\[39mnode_modules\[4mreact-dom[24m\cjs\react-dom.development.js:14044:35[90m)[39m
    at reconcileChildren [90m(C:\Users\brand\Development\Project_Workspace\active-development\learn_comptia_network+\[39mnode_modules\[4mreact-dom[24m\cjs\react-dom.development.js:19186:28[90m)[39m
    at updateContextProvider [90m(C:\Users\brand\Development\Project_Workspace\active-development\learn_comptia_network+\[39mnode_modules\[4mreact-dom[24m\cjs\react-dom.development.js:21193:3[90m)[39m
    at beginWork [90m(C:\Users\brand\Development\Project_Workspace\active-development\learn_comptia_network+\[39mnode_modules\[4mreact-dom[24m\cjs\react-dom.development.js:21688:14[90m)[39m
    at HTMLUnknownElement.callCallback [90m(C:\Users\brand\Development\Project_Workspace\active-development\learn_comptia_network+\[39mnode_modules\[4mreact-dom[24m\cjs\react-dom.development.js:4164:14[90m)[39m
    at HTMLUnknownElement.callTheUserObjectsOperation [90m(C:\Users\brand\Development\Project_Workspace\active-development\learn_comptia_network+\[39mnode_modules\[4mjsdom[24m\lib\jsdom\living\generated\EventListener.js:26:30[90m)[39m
    at innerInvokeEventListeners [90m(C:\Users\brand\Development\Project_Workspace\active-development\learn_comptia_network+\[39mnode_modules\[4mjsdom[24m\lib\jsdom\living\events\EventTarget-impl.js:350:25[90m)[39m
Error: Uncaught [Error: Element type is invalid: expected a string (for built-in components) or a class/function (for composite components) but got: undefined. You likely forgot to export your component from the file it's defined in, or you might have mixed up default and named imports.]
    at reportException (C:\Users\brand\Development\Project_Workspace\active-development\learn_comptia_network+\node_modules\jsdom\lib\jsdom\living\helpers\runtime-script-errors.js:66:24)
    at innerInvokeEventListeners (C:\Users\brand\Development\Project_Workspace\active-development\learn_comptia_network+\node_modules\jsdom\lib\jsdom\living\events\EventTarget-impl.js:353:9)
    at invokeEventListeners (C:\Users\brand\Development\Project_Workspace\active-development\learn_comptia_network+\node_modules\jsdom\lib\jsdom\living\events\EventTarget-impl.js:286:3)
    at HTMLUnknownElementImpl._dispatch (C:\Users\brand\Development\Project_Workspace\active-development\learn_comptia_network+\node_modules\jsdom\lib\jsdom\living\events\EventTarget-impl.js:233:9)
    at HTMLUnknownElementImpl.dispatchEvent (C:\Users\brand\Development\Project_Workspace\active-development\learn_comptia_network+\node_modules\jsdom\lib\jsdom\living\events\EventTarget-impl.js:104:17)
    at HTMLUnknownElement.dispatchEvent (C:\Users\brand\Development\Project_Workspace\active-development\learn_comptia_network+\node_modules\jsdom\lib\jsdom\living\generated\EventTarget.js:241:34)
    at Object.invokeGuardedCallbackDev (C:\Users\brand\Development\Project_Workspace\active-development\learn_comptia_network+\node_modules\react-dom\cjs\react-dom.development.js:4213:16)
    at invokeGuardedCallback (C:\Users\brand\Development\Project_Workspace\active-development\learn_comptia_network+\node_modules\react-dom\cjs\react-dom.development.js:4277:31)
    at beginWork$1 (C:\Users\brand\Development\Project_Workspace\active-development\learn_comptia_network+\node_modules\react-dom\cjs\react-dom.development.js:27490:7)
    at performUnitOfWork (C:\Users\brand\Development\Project_Workspace\active-development\learn_comptia_network+\node_modules\react-dom\cjs\react-dom.development.js:26599:12) Error: Element type is invalid: expected a string (for built-in components) or a class/function (for composite components) but got: undefined. You likely forgot to export your component from the file it's defined in, or you might have mixed up default and named imports.
    at createFiberFromTypeAndProps [90m(C:\Users\brand\Development\Project_Workspace\active-development\learn_comptia_network+\[39mnode_modules\[4mreact-dom[24m\cjs\react-dom.development.js:28478:17[90m)[39m
    at createFiberFromElement [90m(C:\Users\brand\Development\Project_Workspace\active-development\learn_comptia_network+\[39mnode_modules\[4mreact-dom[24m\cjs\react-dom.development.js:28504:15[90m)[39m
    at reconcileSingleElement [90m(C:\Users\brand\Development\Project_Workspace\active-development\learn_comptia_network+\[39mnode_modules\[4mreact-dom[24m\cjs\react-dom.development.js:13986:23[90m)[39m
    at reconcileChildFibers [90m(C:\Users\brand\Development\Project_Workspace\active-development\learn_comptia_network+\[39mnode_modules\[4mreact-dom[24m\cjs\react-dom.development.js:14044:35[90m)[39m
    at reconcileChildren [90m(C:\Users\brand\Development\Project_Workspace\active-development\learn_comptia_network+\[39mnode_modules\[4mreact-dom[24m\cjs\react-dom.development.js:19186:28[90m)[39m
    at updateContextProvider [90m(C:\Users\brand\Development\Project_Workspace\active-development\learn_comptia_network+\[39mnode_modules\[4mreact-dom[24m\cjs\react-dom.development.js:21193:3[90m)[39m
    at beginWork [90m(C:\Users\brand\Development\Project_Workspace\active-development\learn_comptia_network+\[39mnode_modules\[4mreact-dom[24m\cjs\react-dom.development.js:21688:14[90m)[39m
    at HTMLUnknownElement.callCallback [90m(C:\Users\brand\Development\Project_Workspace\active-development\learn_comptia_network+\[39mnode_modules\[4mreact-dom[24m\cjs\react-dom.development.js:4164:14[90m)[39m
    at HTMLUnknownElement.callTheUserObjectsOperation [90m(C:\Users\brand\Development\Project_Workspace\active-development\learn_comptia_network+\[39mnode_modules\[4mjsdom[24m\lib\jsdom\living\generated\EventListener.js:26:30[90m)[39m
    at innerInvokeEventListeners [90m(C:\Users\brand\Development\Project_Workspace\active-development\learn_comptia_network+\[39mnode_modules\[4mjsdom[24m\lib\jsdom\living\events\EventTarget-impl.js:350:25[90m)[39m
The above error occurred in the <Route.Provider> component:

    at RenderedRoute (C:\Users\brand\Development\Project_Workspace\active-development\learn_comptia_network+\node_modules\react-router\dist\umd\react-router.development.js:539:7)
    at Routes (C:\Users\brand\Development\Project_Workspace\active-development\learn_comptia_network+\node_modules\react-router\dist\umd\react-router.development.js:1273:7)
    at Router (C:\Users\brand\Development\Project_Workspace\active-development\learn_comptia_network+\node_modules\react-router\dist\umd\react-router.development.js:1207:17)
    at BrowserRouter (C:\Users\brand\Development\Project_Workspace\active-development\learn_comptia_network+\node_modules\react-router-dom\dist\umd\react-router-dom.development.js:695:7)

Consider adding an error boundary to your tree to customize error handling behavior.
Visit https://reactjs.org/link/error-boundaries to learn more about error boundaries.

[90mstderr[2m | tests/integration/navigation.test.tsx[2m > [22m[2mNavigation Integration[2m > [22m[2mDeep Linking[2m > [22m[2mshould load directly to protocol trainer
[22m[39mWarning: React.jsx: type is invalid -- expected a string (for built-in components) or a class/function (for composite components) but got: undefined. You likely forgot to export your component from the file it's defined in, or you might have mixed up default and named imports.

Check your code at navigation.test.tsx:27.
Error: Uncaught [Error: Element type is invalid: expected a string (for built-in components) or a class/function (for composite components) but got: undefined. You likely forgot to export your component from the file it's defined in, or you might have mixed up default and named imports.]
    at reportException (C:\Users\brand\Development\Project_Workspace\active-development\learn_comptia_network+\node_modules\jsdom\lib\jsdom\living\helpers\runtime-script-errors.js:66:24)
    at innerInvokeEventListeners (C:\Users\brand\Development\Project_Workspace\active-development\learn_comptia_network+\node_modules\jsdom\lib\jsdom\living\events\EventTarget-impl.js:353:9)
    at invokeEventListeners (C:\Users\brand\Development\Project_Workspace\active-development\learn_comptia_network+\node_modules\jsdom\lib\jsdom\living\events\EventTarget-impl.js:286:3)
    at HTMLUnknownElementImpl._dispatch (C:\Users\brand\Development\Project_Workspace\active-development\learn_comptia_network+\node_modules\jsdom\lib\jsdom\living\events\EventTarget-impl.js:233:9)
    at HTMLUnknownElementImpl.dispatchEvent (C:\Users\brand\Development\Project_Workspace\active-development\learn_comptia_network+\node_modules\jsdom\lib\jsdom\living\events\EventTarget-impl.js:104:17)
    at HTMLUnknownElement.dispatchEvent (C:\Users\brand\Development\Project_Workspace\active-development\learn_comptia_network+\node_modules\jsdom\lib\jsdom\living\generated\EventTarget.js:241:34)
    at Object.invokeGuardedCallbackDev (C:\Users\brand\Development\Project_Workspace\active-development\learn_comptia_network+\node_modules\react-dom\cjs\react-dom.development.js:4213:16)
    at invokeGuardedCallback (C:\Users\brand\Development\Project_Workspace\active-development\learn_comptia_network+\node_modules\react-dom\cjs\react-dom.development.js:4277:31)
    at beginWork$1 (C:\Users\brand\Development\Project_Workspace\active-development\learn_comptia_network+\node_modules\react-dom\cjs\react-dom.development.js:27490:7)
    at performUnitOfWork (C:\Users\brand\Development\Project_Workspace\active-development\learn_comptia_network+\node_modules\react-dom\cjs\react-dom.development.js:26599:12) Error: Element type is invalid: expected a string (for built-in components) or a class/function (for composite components) but got: undefined. You likely forgot to export your component from the file it's defined in, or you might have mixed up default and named imports.
    at createFiberFromTypeAndProps [90m(C:\Users\brand\Development\Project_Workspace\active-development\learn_comptia_network+\[39mnode_modules\[4mreact-dom[24m\cjs\react-dom.development.js:28478:17[90m)[39m
    at createFiberFromElement [90m(C:\Users\brand\Development\Project_Workspace\active-development\learn_comptia_network+\[39mnode_modules\[4mreact-dom[24m\cjs\react-dom.development.js:28504:15[90m)[39m
    at reconcileSingleElement [90m(C:\Users\brand\Development\Project_Workspace\active-development\learn_comptia_network+\[39mnode_modules\[4mreact-dom[24m\cjs\react-dom.development.js:13986:23[90m)[39m
    at reconcileChildFibers [90m(C:\Users\brand\Development\Project_Workspace\active-development\learn_comptia_network+\[39mnode_modules\[4mreact-dom[24m\cjs\react-dom.development.js:14044:35[90m)[39m
    at reconcileChildren [90m(C:\Users\brand\Development\Project_Workspace\active-development\learn_comptia_network+\[39mnode_modules\[4mreact-dom[24m\cjs\react-dom.development.js:19186:28[90m)[39m
    at updateContextProvider [90m(C:\Users\brand\Development\Project_Workspace\active-development\learn_comptia_network+\[39mnode_modules\[4mreact-dom[24m\cjs\react-dom.development.js:21193:3[90m)[39m
    at beginWork [90m(C:\Users\brand\Development\Project_Workspace\active-development\learn_comptia_network+\[39mnode_modules\[4mreact-dom[24m\cjs\react-dom.development.js:21688:14[90m)[39m
    at HTMLUnknownElement.callCallback [90m(C:\Users\brand\Development\Project_Workspace\active-development\learn_comptia_network+\[39mnode_modules\[4mreact-dom[24m\cjs\react-dom.development.js:4164:14[90m)[39m
    at HTMLUnknownElement.callTheUserObjectsOperation [90m(C:\Users\brand\Development\Project_Workspace\active-development\learn_comptia_network+\[39mnode_modules\[4mjsdom[24m\lib\jsdom\living\generated\EventListener.js:26:30[90m)[39m
    at innerInvokeEventListeners [90m(C:\Users\brand\Development\Project_Workspace\active-development\learn_comptia_network+\[39mnode_modules\[4mjsdom[24m\lib\jsdom\living\events\EventTarget-impl.js:350:25[90m)[39m
Error: Uncaught [Error: Element type is invalid: expected a string (for built-in components) or a class/function (for composite components) but got: undefined. You likely forgot to export your component from the file it's defined in, or you might have mixed up default and named imports.]
    at reportException (C:\Users\brand\Development\Project_Workspace\active-development\learn_comptia_network+\node_modules\jsdom\lib\jsdom\living\helpers\runtime-script-errors.js:66:24)
    at innerInvokeEventListeners (C:\Users\brand\Development\Project_Workspace\active-development\learn_comptia_network+\node_modules\jsdom\lib\jsdom\living\events\EventTarget-impl.js:353:9)
    at invokeEventListeners (C:\Users\brand\Development\Project_Workspace\active-development\learn_comptia_network+\node_modules\jsdom\lib\jsdom\living\events\EventTarget-impl.js:286:3)
    at HTMLUnknownElementImpl._dispatch (C:\Users\brand\Development\Project_Workspace\active-development\learn_comptia_network+\node_modules\jsdom\lib\jsdom\living\events\EventTarget-impl.js:233:9)
    at HTMLUnknownElementImpl.dispatchEvent (C:\Users\brand\Development\Project_Workspace\active-development\learn_comptia_network+\node_modules\jsdom\lib\jsdom\living\events\EventTarget-impl.js:104:17)
    at HTMLUnknownElement.dispatchEvent (C:\Users\brand\Development\Project_Workspace\active-development\learn_comptia_network+\node_modules\jsdom\lib\jsdom\living\generated\EventTarget.js:241:34)
    at Object.invokeGuardedCallbackDev (C:\Users\brand\Development\Project_Workspace\active-development\learn_comptia_network+\node_modules\react-dom\cjs\react-dom.development.js:4213:16)
    at invokeGuardedCallback (C:\Users\brand\Development\Project_Workspace\active-development\learn_comptia_network+\node_modules\react-dom\cjs\react-dom.development.js:4277:31)
    at beginWork$1 (C:\Users\brand\Development\Project_Workspace\active-development\learn_comptia_network+\node_modules\react-dom\cjs\react-dom.development.js:27490:7)
    at performUnitOfWork (C:\Users\brand\Development\Project_Workspace\active-development\learn_comptia_network+\node_modules\react-dom\cjs\react-dom.development.js:26599:12) Error: Element type is invalid: expected a string (for built-in components) or a class/function (for composite components) but got: undefined. You likely forgot to export your component from the file it's defined in, or you might have mixed up default and named imports.
    at createFiberFromTypeAndProps [90m(C:\Users\brand\Development\Project_Workspace\active-development\learn_comptia_network+\[39mnode_modules\[4mreact-dom[24m\cjs\react-dom.development.js:28478:17[90m)[39m
    at createFiberFromElement [90m(C:\Users\brand\Development\Project_Workspace\active-development\learn_comptia_network+\[39mnode_modules\[4mreact-dom[24m\cjs\react-dom.development.js:28504:15[90m)[39m
    at reconcileSingleElement [90m(C:\Users\brand\Development\Project_Workspace\active-development\learn_comptia_network+\[39mnode_modules\[4mreact-dom[24m\cjs\react-dom.development.js:13986:23[90m)[39m
    at reconcileChildFibers [90m(C:\Users\brand\Development\Project_Workspace\active-development\learn_comptia_network+\[39mnode_modules\[4mreact-dom[24m\cjs\react-dom.development.js:14044:35[90m)[39m
    at reconcileChildren [90m(C:\Users\brand\Development\Project_Workspace\active-development\learn_comptia_network+\[39mnode_modules\[4mreact-dom[24m\cjs\react-dom.development.js:19186:28[90m)[39m
    at updateContextProvider [90m(C:\Users\brand\Development\Project_Workspace\active-development\learn_comptia_network+\[39mnode_modules\[4mreact-dom[24m\cjs\react-dom.development.js:21193:3[90m)[39m
    at beginWork [90m(C:\Users\brand\Development\Project_Workspace\active-development\learn_comptia_network+\[39mnode_modules\[4mreact-dom[24m\cjs\react-dom.development.js:21688:14[90m)[39m
    at HTMLUnknownElement.callCallback [90m(C:\Users\brand\Development\Project_Workspace\active-development\learn_comptia_network+\[39mnode_modules\[4mreact-dom[24m\cjs\react-dom.development.js:4164:14[90m)[39m
    at HTMLUnknownElement.callTheUserObjectsOperation [90m(C:\Users\brand\Development\Project_Workspace\active-development\learn_comptia_network+\[39mnode_modules\[4mjsdom[24m\lib\jsdom\living\generated\EventListener.js:26:30[90m)[39m
    at innerInvokeEventListeners [90m(C:\Users\brand\Development\Project_Workspace\active-development\learn_comptia_network+\[39mnode_modules\[4mjsdom[24m\lib\jsdom\living\events\EventTarget-impl.js:350:25[90m)[39m
The above error occurred in the <Route.Provider> component:

    at RenderedRoute (C:\Users\brand\Development\Project_Workspace\active-development\learn_comptia_network+\node_modules\react-router\dist\umd\react-router.development.js:539:7)
    at Routes (C:\Users\brand\Development\Project_Workspace\active-development\learn_comptia_network+\node_modules\react-router\dist\umd\react-router.development.js:1273:7)
    at Router (C:\Users\brand\Development\Project_Workspace\active-development\learn_comptia_network+\node_modules\react-router\dist\umd\react-router.development.js:1207:17)
    at BrowserRouter (C:\Users\brand\Development\Project_Workspace\active-development\learn_comptia_network+\node_modules\react-router-dom\dist\umd\react-router-dom.development.js:695:7)

Consider adding an error boundary to your tree to customize error handling behavior.
Visit https://reactjs.org/link/error-boundaries to learn more about error boundaries.

[90mstderr[2m | tests/integration/navigation.test.tsx[2m > [22m[2mNavigation Integration[2m > [22m[2mDeep Linking[2m > [22m[2mshould handle invalid routes
[22m[39mWarning: React.jsx: type is invalid -- expected a string (for built-in components) or a class/function (for composite components) but got: undefined. You likely forgot to export your component from the file it's defined in, or you might have mixed up default and named imports.

Check your code at navigation.test.tsx:27.
No routes matched location "/invalid-route" 
⚠️ React Router Future Flag Warning: React Router will begin wrapping state updates in `React.startTransition` in v7. You can use the `v7_startTransition` future flag to opt-in early. For more information, see https://reactrouter.com/v6/upgrading/future#v7_starttransition.
⚠️ React Router Future Flag Warning: Relative route resolution within Splat routes is changing in v7. You can use the `v7_relativeSplatPath` future flag to opt-in early. For more information, see https://reactrouter.com/v6/upgrading/future#v7_relativesplatpath.

[90mstderr[2m | tests/integration/navigation.test.tsx[2m > [22m[2mNavigation Integration[2m > [22m[2mStore Integration[2m > [22m[2mshould update currentPath in store on navigation
[22m[39mWarning: React.jsx: type is invalid -- expected a string (for built-in components) or a class/function (for composite components) but got: undefined. You likely forgot to export your component from the file it's defined in, or you might have mixed up default and named imports.

Check your code at navigation.test.tsx:27.
Error: Uncaught [Error: Element type is invalid: expected a string (for built-in components) or a class/function (for composite components) but got: undefined. You likely forgot to export your component from the file it's defined in, or you might have mixed up default and named imports.]
    at reportException (C:\Users\brand\Development\Project_Workspace\active-development\learn_comptia_network+\node_modules\jsdom\lib\jsdom\living\helpers\runtime-script-errors.js:66:24)
    at innerInvokeEventListeners (C:\Users\brand\Development\Project_Workspace\active-development\learn_comptia_network+\node_modules\jsdom\lib\jsdom\living\events\EventTarget-impl.js:353:9)
    at invokeEventListeners (C:\Users\brand\Development\Project_Workspace\active-development\learn_comptia_network+\node_modules\jsdom\lib\jsdom\living\events\EventTarget-impl.js:286:3)
    at HTMLUnknownElementImpl._dispatch (C:\Users\brand\Development\Project_Workspace\active-development\learn_comptia_network+\node_modules\jsdom\lib\jsdom\living\events\EventTarget-impl.js:233:9)
    at HTMLUnknownElementImpl.dispatchEvent (C:\Users\brand\Development\Project_Workspace\active-development\learn_comptia_network+\node_modules\jsdom\lib\jsdom\living\events\EventTarget-impl.js:104:17)
    at HTMLUnknownElement.dispatchEvent (C:\Users\brand\Development\Project_Workspace\active-development\learn_comptia_network+\node_modules\jsdom\lib\jsdom\living\generated\EventTarget.js:241:34)
    at Object.invokeGuardedCallbackDev (C:\Users\brand\Development\Project_Workspace\active-development\learn_comptia_network+\node_modules\react-dom\cjs\react-dom.development.js:4213:16)
    at invokeGuardedCallback (C:\Users\brand\Development\Project_Workspace\active-development\learn_comptia_network+\node_modules\react-dom\cjs\react-dom.development.js:4277:31)
    at beginWork$1 (C:\Users\brand\Development\Project_Workspace\active-development\learn_comptia_network+\node_modules\react-dom\cjs\react-dom.development.js:27490:7)
    at performUnitOfWork (C:\Users\brand\Development\Project_Workspace\active-development\learn_comptia_network+\node_modules\react-dom\cjs\react-dom.development.js:26599:12) Error: Element type is invalid: expected a string (for built-in components) or a class/function (for composite components) but got: undefined. You likely forgot to export your component from the file it's defined in, or you might have mixed up default and named imports.
    at createFiberFromTypeAndProps [90m(C:\Users\brand\Development\Project_Workspace\active-development\learn_comptia_network+\[39mnode_modules\[4mreact-dom[24m\cjs\react-dom.development.js:28478:17[90m)[39m
    at createFiberFromElement [90m(C:\Users\brand\Development\Project_Workspace\active-development\learn_comptia_network+\[39mnode_modules\[4mreact-dom[24m\cjs\react-dom.development.js:28504:15[90m)[39m
    at reconcileSingleElement [90m(C:\Users\brand\Development\Project_Workspace\active-development\learn_comptia_network+\[39mnode_modules\[4mreact-dom[24m\cjs\react-dom.development.js:13986:23[90m)[39m
    at reconcileChildFibers [90m(C:\Users\brand\Development\Project_Workspace\active-development\learn_comptia_network+\[39mnode_modules\[4mreact-dom[24m\cjs\react-dom.development.js:14044:35[90m)[39m
    at reconcileChildren [90m(C:\Users\brand\Development\Project_Workspace\active-development\learn_comptia_network+\[39mnode_modules\[4mreact-dom[24m\cjs\react-dom.development.js:19186:28[90m)[39m
    at updateContextProvider [90m(C:\Users\brand\Development\Project_Workspace\active-development\learn_comptia_network+\[39mnode_modules\[4mreact-dom[24m\cjs\react-dom.development.js:21193:3[90m)[39m
    at beginWork [90m(C:\Users\brand\Development\Project_Workspace\active-development\learn_comptia_network+\[39mnode_modules\[4mreact-dom[24m\cjs\react-dom.development.js:21688:14[90m)[39m
    at HTMLUnknownElement.callCallback [90m(C:\Users\brand\Development\Project_Workspace\active-development\learn_comptia_network+\[39mnode_modules\[4mreact-dom[24m\cjs\react-dom.development.js:4164:14[90m)[39m
    at HTMLUnknownElement.callTheUserObjectsOperation [90m(C:\Users\brand\Development\Project_Workspace\active-development\learn_comptia_network+\[39mnode_modules\[4mjsdom[24m\lib\jsdom\living\generated\EventListener.js:26:30[90m)[39m
    at innerInvokeEventListeners [90m(C:\Users\brand\Development\Project_Workspace\active-development\learn_comptia_network+\[39mnode_modules\[4mjsdom[24m\lib\jsdom\living\events\EventTarget-impl.js:350:25[90m)[39m
Error: Uncaught [Error: Element type is invalid: expected a string (for built-in components) or a class/function (for composite components) but got: undefined. You likely forgot to export your component from the file it's defined in, or you might have mixed up default and named imports.]
    at reportException (C:\Users\brand\Development\Project_Workspace\active-development\learn_comptia_network+\node_modules\jsdom\lib\jsdom\living\helpers\runtime-script-errors.js:66:24)
    at innerInvokeEventListeners (C:\Users\brand\Development\Project_Workspace\active-development\learn_comptia_network+\node_modules\jsdom\lib\jsdom\living\events\EventTarget-impl.js:353:9)
    at invokeEventListeners (C:\Users\brand\Development\Project_Workspace\active-development\learn_comptia_network+\node_modules\jsdom\lib\jsdom\living\events\EventTarget-impl.js:286:3)
    at HTMLUnknownElementImpl._dispatch (C:\Users\brand\Development\Project_Workspace\active-development\learn_comptia_network+\node_modules\jsdom\lib\jsdom\living\events\EventTarget-impl.js:233:9)
    at HTMLUnknownElementImpl.dispatchEvent (C:\Users\brand\Development\Project_Workspace\active-development\learn_comptia_network+\node_modules\jsdom\lib\jsdom\living\events\EventTarget-impl.js:104:17)
    at HTMLUnknownElement.dispatchEvent (C:\Users\brand\Development\Project_Workspace\active-development\learn_comptia_network+\node_modules\jsdom\lib\jsdom\living\generated\EventTarget.js:241:34)
    at Object.invokeGuardedCallbackDev (C:\Users\brand\Development\Project_Workspace\active-development\learn_comptia_network+\node_modules\react-dom\cjs\react-dom.development.js:4213:16)
    at invokeGuardedCallback (C:\Users\brand\Development\Project_Workspace\active-development\learn_comptia_network+\node_modules\react-dom\cjs\react-dom.development.js:4277:31)
    at beginWork$1 (C:\Users\brand\Development\Project_Workspace\active-development\learn_comptia_network+\node_modules\react-dom\cjs\react-dom.development.js:27490:7)
    at performUnitOfWork (C:\Users\brand\Development\Project_Workspace\active-development\learn_comptia_network+\node_modules\react-dom\cjs\react-dom.development.js:26599:12) Error: Element type is invalid: expected a string (for built-in components) or a class/function (for composite components) but got: undefined. You likely forgot to export your component from the file it's defined in, or you might have mixed up default and named imports.
    at createFiberFromTypeAndProps [90m(C:\Users\brand\Development\Project_Workspace\active-development\learn_comptia_network+\[39mnode_modules\[4mreact-dom[24m\cjs\react-dom.development.js:28478:17[90m)[39m
    at createFiberFromElement [90m(C:\Users\brand\Development\Project_Workspace\active-development\learn_comptia_network+\[39mnode_modules\[4mreact-dom[24m\cjs\react-dom.development.js:28504:15[90m)[39m
    at reconcileSingleElement [90m(C:\Users\brand\Development\Project_Workspace\active-development\learn_comptia_network+\[39mnode_modules\[4mreact-dom[24m\cjs\react-dom.development.js:13986:23[90m)[39m
    at reconcileChildFibers [90m(C:\Users\brand\Development\Project_Workspace\active-development\learn_comptia_network+\[39mnode_modules\[4mreact-dom[24m\cjs\react-dom.development.js:14044:35[90m)[39m
    at reconcileChildren [90m(C:\Users\brand\Development\Project_Workspace\active-development\learn_comptia_network+\[39mnode_modules\[4mreact-dom[24m\cjs\react-dom.development.js:19186:28[90m)[39m
    at updateContextProvider [90m(C:\Users\brand\Development\Project_Workspace\active-development\learn_comptia_network+\[39mnode_modules\[4mreact-dom[24m\cjs\react-dom.development.js:21193:3[90m)[39m
    at beginWork [90m(C:\Users\brand\Development\Project_Workspace\active-development\learn_comptia_network+\[39mnode_modules\[4mreact-dom[24m\cjs\react-dom.development.js:21688:14[90m)[39m
    at HTMLUnknownElement.callCallback [90m(C:\Users\brand\Development\Project_Workspace\active-development\learn_comptia_network+\[39mnode_modules\[4mreact-dom[24m\cjs\react-dom.development.js:4164:14[90m)[39m
    at HTMLUnknownElement.callTheUserObjectsOperation [90m(C:\Users\brand\Development\Project_Workspace\active-development\learn_comptia_network+\[39mnode_modules\[4mjsdom[24m\lib\jsdom\living\generated\EventListener.js:26:30[90m)[39m
    at innerInvokeEventListeners [90m(C:\Users\brand\Development\Project_Workspace\active-development\learn_comptia_network+\[39mnode_modules\[4mjsdom[24m\lib\jsdom\living\events\EventTarget-impl.js:350:25[90m)[39m
The above error occurred in the <Route.Provider> component:

    at RenderedRoute (C:\Users\brand\Development\Project_Workspace\active-development\learn_comptia_network+\node_modules\react-router\dist\umd\react-router.development.js:539:7)
    at Routes (C:\Users\brand\Development\Project_Workspace\active-development\learn_comptia_network+\node_modules\react-router\dist\umd\react-router.development.js:1273:7)
    at Router (C:\Users\brand\Development\Project_Workspace\active-development\learn_comptia_network+\node_modules\react-router\dist\umd\react-router.development.js:1207:17)
    at BrowserRouter (C:\Users\brand\Development\Project_Workspace\active-development\learn_comptia_network+\node_modules\react-router-dom\dist\umd\react-router-dom.development.js:695:7)

Consider adding an error boundary to your tree to customize error handling behavior.
Visit https://reactjs.org/link/error-boundaries to learn more about error boundaries.

[90mstderr[2m | tests/integration/navigation.test.tsx[2m > [22m[2mNavigation Integration[2m > [22m[2mStore Integration[2m > [22m[2mshould persist navigation state
[22m[39mWarning: React.jsx: type is invalid -- expected a string (for built-in components) or a class/function (for composite components) but got: undefined. You likely forgot to export your component from the file it's defined in, or you might have mixed up default and named imports.

Check your code at navigation.test.tsx:27.
Error: Uncaught [Error: Element type is invalid: expected a string (for built-in components) or a class/function (for composite components) but got: undefined. You likely forgot to export your component from the file it's defined in, or you might have mixed up default and named imports.]
    at reportException (C:\Users\brand\Development\Project_Workspace\active-development\learn_comptia_network+\node_modules\jsdom\lib\jsdom\living\helpers\runtime-script-errors.js:66:24)
    at innerInvokeEventListeners (C:\Users\brand\Development\Project_Workspace\active-development\learn_comptia_network+\node_modules\jsdom\lib\jsdom\living\events\EventTarget-impl.js:353:9)
    at invokeEventListeners (C:\Users\brand\Development\Project_Workspace\active-development\learn_comptia_network+\node_modules\jsdom\lib\jsdom\living\events\EventTarget-impl.js:286:3)
    at HTMLUnknownElementImpl._dispatch (C:\Users\brand\Development\Project_Workspace\active-development\learn_comptia_network+\node_modules\jsdom\lib\jsdom\living\events\EventTarget-impl.js:233:9)
    at HTMLUnknownElementImpl.dispatchEvent (C:\Users\brand\Development\Project_Workspace\active-development\learn_comptia_network+\node_modules\jsdom\lib\jsdom\living\events\EventTarget-impl.js:104:17)
    at HTMLUnknownElement.dispatchEvent (C:\Users\brand\Development\Project_Workspace\active-development\learn_comptia_network+\node_modules\jsdom\lib\jsdom\living\generated\EventTarget.js:241:34)
    at Object.invokeGuardedCallbackDev (C:\Users\brand\Development\Project_Workspace\active-development\learn_comptia_network+\node_modules\react-dom\cjs\react-dom.development.js:4213:16)
    at invokeGuardedCallback (C:\Users\brand\Development\Project_Workspace\active-development\learn_comptia_network+\node_modules\react-dom\cjs\react-dom.development.js:4277:31)
    at beginWork$1 (C:\Users\brand\Development\Project_Workspace\active-development\learn_comptia_network+\node_modules\react-dom\cjs\react-dom.development.js:27490:7)
    at performUnitOfWork (C:\Users\brand\Development\Project_Workspace\active-development\learn_comptia_network+\node_modules\react-dom\cjs\react-dom.development.js:26599:12) Error: Element type is invalid: expected a string (for built-in components) or a class/function (for composite components) but got: undefined. You likely forgot to export your component from the file it's defined in, or you might have mixed up default and named imports.
    at createFiberFromTypeAndProps [90m(C:\Users\brand\Development\Project_Workspace\active-development\learn_comptia_network+\[39mnode_modules\[4mreact-dom[24m\cjs\react-dom.development.js:28478:17[90m)[39m
    at createFiberFromElement [90m(C:\Users\brand\Development\Project_Workspace\active-development\learn_comptia_network+\[39mnode_modules\[4mreact-dom[24m\cjs\react-dom.development.js:28504:15[90m)[39m
    at reconcileSingleElement [90m(C:\Users\brand\Development\Project_Workspace\active-development\learn_comptia_network+\[39mnode_modules\[4mreact-dom[24m\cjs\react-dom.development.js:13986:23[90m)[39m
    at reconcileChildFibers [90m(C:\Users\brand\Development\Project_Workspace\active-development\learn_comptia_network+\[39mnode_modules\[4mreact-dom[24m\cjs\react-dom.development.js:14044:35[90m)[39m
    at reconcileChildren [90m(C:\Users\brand\Development\Project_Workspace\active-development\learn_comptia_network+\[39mnode_modules\[4mreact-dom[24m\cjs\react-dom.development.js:19186:28[90m)[39m
    at updateContextProvider [90m(C:\Users\brand\Development\Project_Workspace\active-development\learn_comptia_network+\[39mnode_modules\[4mreact-dom[24m\cjs\react-dom.development.js:21193:3[90m)[39m
    at beginWork [90m(C:\Users\brand\Development\Project_Workspace\active-development\learn_comptia_network+\[39mnode_modules\[4mreact-dom[24m\cjs\react-dom.development.js:21688:14[90m)[39m
    at HTMLUnknownElement.callCallback [90m(C:\Users\brand\Development\Project_Workspace\active-development\learn_comptia_network+\[39mnode_modules\[4mreact-dom[24m\cjs\react-dom.development.js:4164:14[90m)[39m
    at HTMLUnknownElement.callTheUserObjectsOperation [90m(C:\Users\brand\Development\Project_Workspace\active-development\learn_comptia_network+\[39mnode_modules\[4mjsdom[24m\lib\jsdom\living\generated\EventListener.js:26:30[90m)[39m
    at innerInvokeEventListeners [90m(C:\Users\brand\Development\Project_Workspace\active-development\learn_comptia_network+\[39mnode_modules\[4mjsdom[24m\lib\jsdom\living\events\EventTarget-impl.js:350:25[90m)[39m
Error: Uncaught [Error: Element type is invalid: expected a string (for built-in components) or a class/function (for composite components) but got: undefined. You likely forgot to export your component from the file it's defined in, or you might have mixed up default and named imports.]
    at reportException (C:\Users\brand\Development\Project_Workspace\active-development\learn_comptia_network+\node_modules\jsdom\lib\jsdom\living\helpers\runtime-script-errors.js:66:24)
    at innerInvokeEventListeners (C:\Users\brand\Development\Project_Workspace\active-development\learn_comptia_network+\node_modules\jsdom\lib\jsdom\living\events\EventTarget-impl.js:353:9)
    at invokeEventListeners (C:\Users\brand\Development\Project_Workspace\active-development\learn_comptia_network+\node_modules\jsdom\lib\jsdom\living\events\EventTarget-impl.js:286:3)
    at HTMLUnknownElementImpl._dispatch (C:\Users\brand\Development\Project_Workspace\active-development\learn_comptia_network+\node_modules\jsdom\lib\jsdom\living\events\EventTarget-impl.js:233:9)
    at HTMLUnknownElementImpl.dispatchEvent (C:\Users\brand\Development\Project_Workspace\active-development\learn_comptia_network+\node_modules\jsdom\lib\jsdom\living\events\EventTarget-impl.js:104:17)
    at HTMLUnknownElement.dispatchEvent (C:\Users\brand\Development\Project_Workspace\active-development\learn_comptia_network+\node_modules\jsdom\lib\jsdom\living\generated\EventTarget.js:241:34)
    at Object.invokeGuardedCallbackDev (C:\Users\brand\Development\Project_Workspace\active-development\learn_comptia_network+\node_modules\react-dom\cjs\react-dom.development.js:4213:16)
    at invokeGuardedCallback (C:\Users\brand\Development\Project_Workspace\active-development\learn_comptia_network+\node_modules\react-dom\cjs\react-dom.development.js:4277:31)
    at beginWork$1 (C:\Users\brand\Development\Project_Workspace\active-development\learn_comptia_network+\node_modules\react-dom\cjs\react-dom.development.js:27490:7)
    at performUnitOfWork (C:\Users\brand\Development\Project_Workspace\active-development\learn_comptia_network+\node_modules\react-dom\cjs\react-dom.development.js:26599:12) Error: Element type is invalid: expected a string (for built-in components) or a class/function (for composite components) but got: undefined. You likely forgot to export your component from the file it's defined in, or you might have mixed up default and named imports.
    at createFiberFromTypeAndProps [90m(C:\Users\brand\Development\Project_Workspace\active-development\learn_comptia_network+\[39mnode_modules\[4mreact-dom[24m\cjs\react-dom.development.js:28478:17[90m)[39m
    at createFiberFromElement [90m(C:\Users\brand\Development\Project_Workspace\active-development\learn_comptia_network+\[39mnode_modules\[4mreact-dom[24m\cjs\react-dom.development.js:28504:15[90m)[39m
    at reconcileSingleElement [90m(C:\Users\brand\Development\Project_Workspace\active-development\learn_comptia_network+\[39mnode_modules\[4mreact-dom[24m\cjs\react-dom.development.js:13986:23[90m)[39m
    at reconcileChildFibers [90m(C:\Users\brand\Development\Project_Workspace\active-development\learn_comptia_network+\[39mnode_modules\[4mreact-dom[24m\cjs\react-dom.development.js:14044:35[90m)[39m
    at reconcileChildren [90m(C:\Users\brand\Development\Project_Workspace\active-development\learn_comptia_network+\[39mnode_modules\[4mreact-dom[24m\cjs\react-dom.development.js:19186:28[90m)[39m
    at updateContextProvider [90m(C:\Users\brand\Development\Project_Workspace\active-development\learn_comptia_network+\[39mnode_modules\[4mreact-dom[24m\cjs\react-dom.development.js:21193:3[90m)[39m
    at beginWork [90m(C:\Users\brand\Development\Project_Workspace\active-development\learn_comptia_network+\[39mnode_modules\[4mreact-dom[24m\cjs\react-dom.development.js:21688:14[90m)[39m
    at HTMLUnknownElement.callCallback [90m(C:\Users\brand\Development\Project_Workspace\active-development\learn_comptia_network+\[39mnode_modules\[4mreact-dom[24m\cjs\react-dom.development.js:4164:14[90m)[39m
    at HTMLUnknownElement.callTheUserObjectsOperation [90m(C:\Users\brand\Development\Project_Workspace\active-development\learn_comptia_network+\[39mnode_modules\[4mjsdom[24m\lib\jsdom\living\generated\EventListener.js:26:30[90m)[39m
    at innerInvokeEventListeners [90m(C:\Users\brand\Development\Project_Workspace\active-development\learn_comptia_network+\[39mnode_modules\[4mjsdom[24m\lib\jsdom\living\events\EventTarget-impl.js:350:25[90m)[39m
The above error occurred in the <Route.Provider> component:

    at RenderedRoute (C:\Users\brand\Development\Project_Workspace\active-development\learn_comptia_network+\node_modules\react-router\dist\umd\react-router.development.js:539:7)
    at Routes (C:\Users\brand\Development\Project_Workspace\active-development\learn_comptia_network+\node_modules\react-router\dist\umd\react-router.development.js:1273:7)
    at Router (C:\Users\brand\Development\Project_Workspace\active-development\learn_comptia_network+\node_modules\react-router\dist\umd\react-router.development.js:1207:17)
    at BrowserRouter (C:\Users\brand\Development\Project_Workspace\active-development\learn_comptia_network+\node_modules\react-router-dom\dist\umd\react-router-dom.development.js:695:7)

Consider adding an error boundary to your tree to customize error handling behavior.
Visit https://reactjs.org/link/error-boundaries to learn more about error boundaries.

[90mstderr[2m | tests/integration/navigation.test.tsx[2m > [22m[2mNavigation Integration[2m > [22m[2mBreadcrumbs[2m > [22m[2mshould display breadcrumbs for nested routes
[22m[39mWarning: React.jsx: type is invalid -- expected a string (for built-in components) or a class/function (for composite components) but got: undefined. You likely forgot to export your component from the file it's defined in, or you might have mixed up default and named imports.

Check your code at navigation.test.tsx:27.
Error: Uncaught [Error: Element type is invalid: expected a string (for built-in components) or a class/function (for composite components) but got: undefined. You likely forgot to export your component from the file it's defined in, or you might have mixed up default and named imports.]
    at reportException (C:\Users\brand\Development\Project_Workspace\active-development\learn_comptia_network+\node_modules\jsdom\lib\jsdom\living\helpers\runtime-script-errors.js:66:24)
    at innerInvokeEventListeners (C:\Users\brand\Development\Project_Workspace\active-development\learn_comptia_network+\node_modules\jsdom\lib\jsdom\living\events\EventTarget-impl.js:353:9)
    at invokeEventListeners (C:\Users\brand\Development\Project_Workspace\active-development\learn_comptia_network+\node_modules\jsdom\lib\jsdom\living\events\EventTarget-impl.js:286:3)
    at HTMLUnknownElementImpl._dispatch (C:\Users\brand\Development\Project_Workspace\active-development\learn_comptia_network+\node_modules\jsdom\lib\jsdom\living\events\EventTarget-impl.js:233:9)
    at HTMLUnknownElementImpl.dispatchEvent (C:\Users\brand\Development\Project_Workspace\active-development\learn_comptia_network+\node_modules\jsdom\lib\jsdom\living\events\EventTarget-impl.js:104:17)
    at HTMLUnknownElement.dispatchEvent (C:\Users\brand\Development\Project_Workspace\active-development\learn_comptia_network+\node_modules\jsdom\lib\jsdom\living\generated\EventTarget.js:241:34)
    at Object.invokeGuardedCallbackDev (C:\Users\brand\Development\Project_Workspace\active-development\learn_comptia_network+\node_modules\react-dom\cjs\react-dom.development.js:4213:16)
    at invokeGuardedCallback (C:\Users\brand\Development\Project_Workspace\active-development\learn_comptia_network+\node_modules\react-dom\cjs\react-dom.development.js:4277:31)
    at beginWork$1 (C:\Users\brand\Development\Project_Workspace\active-development\learn_comptia_network+\node_modules\react-dom\cjs\react-dom.development.js:27490:7)
    at performUnitOfWork (C:\Users\brand\Development\Project_Workspace\active-development\learn_comptia_network+\node_modules\react-dom\cjs\react-dom.development.js:26599:12) Error: Element type is invalid: expected a string (for built-in components) or a class/function (for composite components) but got: undefined. You likely forgot to export your component from the file it's defined in, or you might have mixed up default and named imports.
    at createFiberFromTypeAndProps [90m(C:\Users\brand\Development\Project_Workspace\active-development\learn_comptia_network+\[39mnode_modules\[4mreact-dom[24m\cjs\react-dom.development.js:28478:17[90m)[39m
    at createFiberFromElement [90m(C:\Users\brand\Development\Project_Workspace\active-development\learn_comptia_network+\[39mnode_modules\[4mreact-dom[24m\cjs\react-dom.development.js:28504:15[90m)[39m
    at reconcileSingleElement [90m(C:\Users\brand\Development\Project_Workspace\active-development\learn_comptia_network+\[39mnode_modules\[4mreact-dom[24m\cjs\react-dom.development.js:13986:23[90m)[39m
    at reconcileChildFibers [90m(C:\Users\brand\Development\Project_Workspace\active-development\learn_comptia_network+\[39mnode_modules\[4mreact-dom[24m\cjs\react-dom.development.js:14044:35[90m)[39m
    at reconcileChildren [90m(C:\Users\brand\Development\Project_Workspace\active-development\learn_comptia_network+\[39mnode_modules\[4mreact-dom[24m\cjs\react-dom.development.js:19186:28[90m)[39m
    at updateContextProvider [90m(C:\Users\brand\Development\Project_Workspace\active-development\learn_comptia_network+\[39mnode_modules\[4mreact-dom[24m\cjs\react-dom.development.js:21193:3[90m)[39m
    at beginWork [90m(C:\Users\brand\Development\Project_Workspace\active-development\learn_comptia_network+\[39mnode_modules\[4mreact-dom[24m\cjs\react-dom.development.js:21688:14[90m)[39m
    at HTMLUnknownElement.callCallback [90m(C:\Users\brand\Development\Project_Workspace\active-development\learn_comptia_network+\[39mnode_modules\[4mreact-dom[24m\cjs\react-dom.development.js:4164:14[90m)[39m
    at HTMLUnknownElement.callTheUserObjectsOperation [90m(C:\Users\brand\Development\Project_Workspace\active-development\learn_comptia_network+\[39mnode_modules\[4mjsdom[24m\lib\jsdom\living\generated\EventListener.js:26:30[90m)[39m
    at innerInvokeEventListeners [90m(C:\Users\brand\Development\Project_Workspace\active-development\learn_comptia_network+\[39mnode_modules\[4mjsdom[24m\lib\jsdom\living\events\EventTarget-impl.js:350:25[90m)[39m
Error: Uncaught [Error: Element type is invalid: expected a string (for built-in components) or a class/function (for composite components) but got: undefined. You likely forgot to export your component from the file it's defined in, or you might have mixed up default and named imports.]
    at reportException (C:\Users\brand\Development\Project_Workspace\active-development\learn_comptia_network+\node_modules\jsdom\lib\jsdom\living\helpers\runtime-script-errors.js:66:24)
    at innerInvokeEventListeners (C:\Users\brand\Development\Project_Workspace\active-development\learn_comptia_network+\node_modules\jsdom\lib\jsdom\living\events\EventTarget-impl.js:353:9)
    at invokeEventListeners (C:\Users\brand\Development\Project_Workspace\active-development\learn_comptia_network+\node_modules\jsdom\lib\jsdom\living\events\EventTarget-impl.js:286:3)
    at HTMLUnknownElementImpl._dispatch (C:\Users\brand\Development\Project_Workspace\active-development\learn_comptia_network+\node_modules\jsdom\lib\jsdom\living\events\EventTarget-impl.js:233:9)
    at HTMLUnknownElementImpl.dispatchEvent (C:\Users\brand\Development\Project_Workspace\active-development\learn_comptia_network+\node_modules\jsdom\lib\jsdom\living\events\EventTarget-impl.js:104:17)
    at HTMLUnknownElement.dispatchEvent (C:\Users\brand\Development\Project_Workspace\active-development\learn_comptia_network+\node_modules\jsdom\lib\jsdom\living\generated\EventTarget.js:241:34)
    at Object.invokeGuardedCallbackDev (C:\Users\brand\Development\Project_Workspace\active-development\learn_comptia_network+\node_modules\react-dom\cjs\react-dom.development.js:4213:16)
    at invokeGuardedCallback (C:\Users\brand\Development\Project_Workspace\active-development\learn_comptia_network+\node_modules\react-dom\cjs\react-dom.development.js:4277:31)
    at beginWork$1 (C:\Users\brand\Development\Project_Workspace\active-development\learn_comptia_network+\node_modules\react-dom\cjs\react-dom.development.js:27490:7)
    at performUnitOfWork (C:\Users\brand\Development\Project_Workspace\active-development\learn_comptia_network+\node_modules\react-dom\cjs\react-dom.development.js:26599:12) Error: Element type is invalid: expected a string (for built-in components) or a class/function (for composite components) but got: undefined. You likely forgot to export your component from the file it's defined in, or you might have mixed up default and named imports.
    at createFiberFromTypeAndProps [90m(C:\Users\brand\Development\Project_Workspace\active-development\learn_comptia_network+\[39mnode_modules\[4mreact-dom[24m\cjs\react-dom.development.js:28478:17[90m)[39m
    at createFiberFromElement [90m(C:\Users\brand\Development\Project_Workspace\active-development\learn_comptia_network+\[39mnode_modules\[4mreact-dom[24m\cjs\react-dom.development.js:28504:15[90m)[39m
    at reconcileSingleElement [90m(C:\Users\brand\Development\Project_Workspace\active-development\learn_comptia_network+\[39mnode_modules\[4mreact-dom[24m\cjs\react-dom.development.js:13986:23[90m)[39m
    at reconcileChildFibers [90m(C:\Users\brand\Development\Project_Workspace\active-development\learn_comptia_network+\[39mnode_modules\[4mreact-dom[24m\cjs\react-dom.development.js:14044:35[90m)[39m
    at reconcileChildren [90m(C:\Users\brand\Development\Project_Workspace\active-development\learn_comptia_network+\[39mnode_modules\[4mreact-dom[24m\cjs\react-dom.development.js:19186:28[90m)[39m
    at updateContextProvider [90m(C:\Users\brand\Development\Project_Workspace\active-development\learn_comptia_network+\[39mnode_modules\[4mreact-dom[24m\cjs\react-dom.development.js:21193:3[90m)[39m
    at beginWork [90m(C:\Users\brand\Development\Project_Workspace\active-development\learn_comptia_network+\[39mnode_modules\[4mreact-dom[24m\cjs\react-dom.development.js:21688:14[90m)[39m
    at HTMLUnknownElement.callCallback [90m(C:\Users\brand\Development\Project_Workspace\active-development\learn_comptia_network+\[39mnode_modules\[4mreact-dom[24m\cjs\react-dom.development.js:4164:14[90m)[39m
    at HTMLUnknownElement.callTheUserObjectsOperation [90m(C:\Users\brand\Development\Project_Workspace\active-development\learn_comptia_network+\[39mnode_modules\[4mjsdom[24m\lib\jsdom\living\generated\EventListener.js:26:30[90m)[39m
    at innerInvokeEventListeners [90m(C:\Users\brand\Development\Project_Workspace\active-development\learn_comptia_network+\[39mnode_modules\[4mjsdom[24m\lib\jsdom\living\events\EventTarget-impl.js:350:25[90m)[39m
The above error occurred in the <Route.Provider> component:

    at RenderedRoute (C:\Users\brand\Development\Project_Workspace\active-development\learn_comptia_network+\node_modules\react-router\dist\umd\react-router.development.js:539:7)
    at Routes (C:\Users\brand\Development\Project_Workspace\active-development\learn_comptia_network+\node_modules\react-router\dist\umd\react-router.development.js:1273:7)
    at Router (C:\Users\brand\Development\Project_Workspace\active-development\learn_comptia_network+\node_modules\react-router\dist\umd\react-router.development.js:1207:17)
    at BrowserRouter (C:\Users\brand\Development\Project_Workspace\active-development\learn_comptia_network+\node_modules\react-router-dom\dist\umd\react-router-dom.development.js:695:7)

Consider adding an error boundary to your tree to customize error handling behavior.
Visit https://reactjs.org/link/error-boundaries to learn more about error boundaries.

[90mstderr[2m | tests/integration/navigation.test.tsx[2m > [22m[2mNavigation Integration[2m > [22m[2mBreadcrumbs[2m > [22m[2mshould navigate via breadcrumbs
[22m[39mWarning: React.jsx: type is invalid -- expected a string (for built-in components) or a class/function (for composite components) but got: undefined. You likely forgot to export your component from the file it's defined in, or you might have mixed up default and named imports.

Check your code at navigation.test.tsx:27.
Error: Uncaught [Error: Element type is invalid: expected a string (for built-in components) or a class/function (for composite components) but got: undefined. You likely forgot to export your component from the file it's defined in, or you might have mixed up default and named imports.]
    at reportException (C:\Users\brand\Development\Project_Workspace\active-development\learn_comptia_network+\node_modules\jsdom\lib\jsdom\living\helpers\runtime-script-errors.js:66:24)
    at innerInvokeEventListeners (C:\Users\brand\Development\Project_Workspace\active-development\learn_comptia_network+\node_modules\jsdom\lib\jsdom\living\events\EventTarget-impl.js:353:9)
    at invokeEventListeners (C:\Users\brand\Development\Project_Workspace\active-development\learn_comptia_network+\node_modules\jsdom\lib\jsdom\living\events\EventTarget-impl.js:286:3)
    at HTMLUnknownElementImpl._dispatch (C:\Users\brand\Development\Project_Workspace\active-development\learn_comptia_network+\node_modules\jsdom\lib\jsdom\living\events\EventTarget-impl.js:233:9)
    at HTMLUnknownElementImpl.dispatchEvent (C:\Users\brand\Development\Project_Workspace\active-development\learn_comptia_network+\node_modules\jsdom\lib\jsdom\living\events\EventTarget-impl.js:104:17)
    at HTMLUnknownElement.dispatchEvent (C:\Users\brand\Development\Project_Workspace\active-development\learn_comptia_network+\node_modules\jsdom\lib\jsdom\living\generated\EventTarget.js:241:34)
    at Object.invokeGuardedCallbackDev (C:\Users\brand\Development\Project_Workspace\active-development\learn_comptia_network+\node_modules\react-dom\cjs\react-dom.development.js:4213:16)
    at invokeGuardedCallback (C:\Users\brand\Development\Project_Workspace\active-development\learn_comptia_network+\node_modules\react-dom\cjs\react-dom.development.js:4277:31)
    at beginWork$1 (C:\Users\brand\Development\Project_Workspace\active-development\learn_comptia_network+\node_modules\react-dom\cjs\react-dom.development.js:27490:7)
    at performUnitOfWork (C:\Users\brand\Development\Project_Workspace\active-development\learn_comptia_network+\node_modules\react-dom\cjs\react-dom.development.js:26599:12) Error: Element type is invalid: expected a string (for built-in components) or a class/function (for composite components) but got: undefined. You likely forgot to export your component from the file it's defined in, or you might have mixed up default and named imports.
    at createFiberFromTypeAndProps [90m(C:\Users\brand\Development\Project_Workspace\active-development\learn_comptia_network+\[39mnode_modules\[4mreact-dom[24m\cjs\react-dom.development.js:28478:17[90m)[39m
    at createFiberFromElement [90m(C:\Users\brand\Development\Project_Workspace\active-development\learn_comptia_network+\[39mnode_modules\[4mreact-dom[24m\cjs\react-dom.development.js:28504:15[90m)[39m
    at reconcileSingleElement [90m(C:\Users\brand\Development\Project_Workspace\active-development\learn_comptia_network+\[39mnode_modules\[4mreact-dom[24m\cjs\react-dom.development.js:13986:23[90m)[39m
    at reconcileChildFibers [90m(C:\Users\brand\Development\Project_Workspace\active-development\learn_comptia_network+\[39mnode_modules\[4mreact-dom[24m\cjs\react-dom.development.js:14044:35[90m)[39m
    at reconcileChildren [90m(C:\Users\brand\Development\Project_Workspace\active-development\learn_comptia_network+\[39mnode_modules\[4mreact-dom[24m\cjs\react-dom.development.js:19186:28[90m)[39m
    at updateContextProvider [90m(C:\Users\brand\Development\Project_Workspace\active-development\learn_comptia_network+\[39mnode_modules\[4mreact-dom[24m\cjs\react-dom.development.js:21193:3[90m)[39m
    at beginWork [90m(C:\Users\brand\Development\Project_Workspace\active-development\learn_comptia_network+\[39mnode_modules\[4mreact-dom[24m\cjs\react-dom.development.js:21688:14[90m)[39m
    at HTMLUnknownElement.callCallback [90m(C:\Users\brand\Development\Project_Workspace\active-development\learn_comptia_network+\[39mnode_modules\[4mreact-dom[24m\cjs\react-dom.development.js:4164:14[90m)[39m
    at HTMLUnknownElement.callTheUserObjectsOperation [90m(C:\Users\brand\Development\Project_Workspace\active-development\learn_comptia_network+\[39mnode_modules\[4mjsdom[24m\lib\jsdom\living\generated\EventListener.js:26:30[90m)[39m
    at innerInvokeEventListeners [90m(C:\Users\brand\Development\Project_Workspace\active-development\learn_comptia_network+\[39mnode_modules\[4mjsdom[24m\lib\jsdom\living\events\EventTarget-impl.js:350:25[90m)[39m
Error: Uncaught [Error: Element type is invalid: expected a string (for built-in components) or a class/function (for composite components) but got: undefined. You likely forgot to export your component from the file it's defined in, or you might have mixed up default and named imports.]
    at reportException (C:\Users\brand\Development\Project_Workspace\active-development\learn_comptia_network+\node_modules\jsdom\lib\jsdom\living\helpers\runtime-script-errors.js:66:24)
    at innerInvokeEventListeners (C:\Users\brand\Development\Project_Workspace\active-development\learn_comptia_network+\node_modules\jsdom\lib\jsdom\living\events\EventTarget-impl.js:353:9)
    at invokeEventListeners (C:\Users\brand\Development\Project_Workspace\active-development\learn_comptia_network+\node_modules\jsdom\lib\jsdom\living\events\EventTarget-impl.js:286:3)
    at HTMLUnknownElementImpl._dispatch (C:\Users\brand\Development\Project_Workspace\active-development\learn_comptia_network+\node_modules\jsdom\lib\jsdom\living\events\EventTarget-impl.js:233:9)
    at HTMLUnknownElementImpl.dispatchEvent (C:\Users\brand\Development\Project_Workspace\active-development\learn_comptia_network+\node_modules\jsdom\lib\jsdom\living\events\EventTarget-impl.js:104:17)
    at HTMLUnknownElement.dispatchEvent (C:\Users\brand\Development\Project_Workspace\active-development\learn_comptia_network+\node_modules\jsdom\lib\jsdom\living\generated\EventTarget.js:241:34)
    at Object.invokeGuardedCallbackDev (C:\Users\brand\Development\Project_Workspace\active-development\learn_comptia_network+\node_modules\react-dom\cjs\react-dom.development.js:4213:16)
    at invokeGuardedCallback (C:\Users\brand\Development\Project_Workspace\active-development\learn_comptia_network+\node_modules\react-dom\cjs\react-dom.development.js:4277:31)
    at beginWork$1 (C:\Users\brand\Development\Project_Workspace\active-development\learn_comptia_network+\node_modules\react-dom\cjs\react-dom.development.js:27490:7)
    at performUnitOfWork (C:\Users\brand\Development\Project_Workspace\active-development\learn_comptia_network+\node_modules\react-dom\cjs\react-dom.development.js:26599:12) Error: Element type is invalid: expected a string (for built-in components) or a class/function (for composite components) but got: undefined. You likely forgot to export your component from the file it's defined in, or you might have mixed up default and named imports.
    at createFiberFromTypeAndProps [90m(C:\Users\brand\Development\Project_Workspace\active-development\learn_comptia_network+\[39mnode_modules\[4mreact-dom[24m\cjs\react-dom.development.js:28478:17[90m)[39m
    at createFiberFromElement [90m(C:\Users\brand\Development\Project_Workspace\active-development\learn_comptia_network+\[39mnode_modules\[4mreact-dom[24m\cjs\react-dom.development.js:28504:15[90m)[39m
    at reconcileSingleElement [90m(C:\Users\brand\Development\Project_Workspace\active-development\learn_comptia_network+\[39mnode_modules\[4mreact-dom[24m\cjs\react-dom.development.js:13986:23[90m)[39m
    at reconcileChildFibers [90m(C:\Users\brand\Development\Project_Workspace\active-development\learn_comptia_network+\[39mnode_modules\[4mreact-dom[24m\cjs\react-dom.development.js:14044:35[90m)[39m
    at reconcileChildren [90m(C:\Users\brand\Development\Project_Workspace\active-development\learn_comptia_network+\[39mnode_modules\[4mreact-dom[24m\cjs\react-dom.development.js:19186:28[90m)[39m
    at updateContextProvider [90m(C:\Users\brand\Development\Project_Workspace\active-development\learn_comptia_network+\[39mnode_modules\[4mreact-dom[24m\cjs\react-dom.development.js:21193:3[90m)[39m
    at beginWork [90m(C:\Users\brand\Development\Project_Workspace\active-development\learn_comptia_network+\[39mnode_modules\[4mreact-dom[24m\cjs\react-dom.development.js:21688:14[90m)[39m
    at HTMLUnknownElement.callCallback [90m(C:\Users\brand\Development\Project_Workspace\active-development\learn_comptia_network+\[39mnode_modules\[4mreact-dom[24m\cjs\react-dom.development.js:4164:14[90m)[39m
    at HTMLUnknownElement.callTheUserObjectsOperation [90m(C:\Users\brand\Development\Project_Workspace\active-development\learn_comptia_network+\[39mnode_modules\[4mjsdom[24m\lib\jsdom\living\generated\EventListener.js:26:30[90m)[39m
    at innerInvokeEventListeners [90m(C:\Users\brand\Development\Project_Workspace\active-development\learn_comptia_network+\[39mnode_modules\[4mjsdom[24m\lib\jsdom\living\events\EventTarget-impl.js:350:25[90m)[39m
The above error occurred in the <Route.Provider> component:

    at RenderedRoute (C:\Users\brand\Development\Project_Workspace\active-development\learn_comptia_network+\node_modules\react-router\dist\umd\react-router.development.js:539:7)
    at Routes (C:\Users\brand\Development\Project_Workspace\active-development\learn_comptia_network+\node_modules\react-router\dist\umd\react-router.development.js:1273:7)
    at Router (C:\Users\brand\Development\Project_Workspace\active-development\learn_comptia_network+\node_modules\react-router\dist\umd\react-router.development.js:1207:17)
    at BrowserRouter (C:\Users\brand\Development\Project_Workspace\active-development\learn_comptia_network+\node_modules\react-router-dom\dist\umd\react-router-dom.development.js:695:7)

Consider adding an error boundary to your tree to customize error handling behavior.
Visit https://reactjs.org/link/error-boundaries to learn more about error boundaries.

[90mstderr[2m | tests/integration/navigation.test.tsx[2m > [22m[2mNavigation Integration[2m > [22m[2mMobile Navigation[2m > [22m[2mshould show mobile menu button
[22m[39mWarning: React.jsx: type is invalid -- expected a string (for built-in components) or a class/function (for composite components) but got: undefined. You likely forgot to export your component from the file it's defined in, or you might have mixed up default and named imports.

Check your code at navigation.test.tsx:27.
Error: Uncaught [Error: Element type is invalid: expected a string (for built-in components) or a class/function (for composite components) but got: undefined. You likely forgot to export your component from the file it's defined in, or you might have mixed up default and named imports.]
    at reportException (C:\Users\brand\Development\Project_Workspace\active-development\learn_comptia_network+\node_modules\jsdom\lib\jsdom\living\helpers\runtime-script-errors.js:66:24)
    at innerInvokeEventListeners (C:\Users\brand\Development\Project_Workspace\active-development\learn_comptia_network+\node_modules\jsdom\lib\jsdom\living\events\EventTarget-impl.js:353:9)
    at invokeEventListeners (C:\Users\brand\Development\Project_Workspace\active-development\learn_comptia_network+\node_modules\jsdom\lib\jsdom\living\events\EventTarget-impl.js:286:3)
    at HTMLUnknownElementImpl._dispatch (C:\Users\brand\Development\Project_Workspace\active-development\learn_comptia_network+\node_modules\jsdom\lib\jsdom\living\events\EventTarget-impl.js:233:9)
    at HTMLUnknownElementImpl.dispatchEvent (C:\Users\brand\Development\Project_Workspace\active-development\learn_comptia_network+\node_modules\jsdom\lib\jsdom\living\events\EventTarget-impl.js:104:17)
    at HTMLUnknownElement.dispatchEvent (C:\Users\brand\Development\Project_Workspace\active-development\learn_comptia_network+\node_modules\jsdom\lib\jsdom\living\generated\EventTarget.js:241:34)
    at Object.invokeGuardedCallbackDev (C:\Users\brand\Development\Project_Workspace\active-development\learn_comptia_network+\node_modules\react-dom\cjs\react-dom.development.js:4213:16)
    at invokeGuardedCallback (C:\Users\brand\Development\Project_Workspace\active-development\learn_comptia_network+\node_modules\react-dom\cjs\react-dom.development.js:4277:31)
    at beginWork$1 (C:\Users\brand\Development\Project_Workspace\active-development\learn_comptia_network+\node_modules\react-dom\cjs\react-dom.development.js:27490:7)
    at performUnitOfWork (C:\Users\brand\Development\Project_Workspace\active-development\learn_comptia_network+\node_modules\react-dom\cjs\react-dom.development.js:26599:12) Error: Element type is invalid: expected a string (for built-in components) or a class/function (for composite components) but got: undefined. You likely forgot to export your component from the file it's defined in, or you might have mixed up default and named imports.
    at createFiberFromTypeAndProps [90m(C:\Users\brand\Development\Project_Workspace\active-development\learn_comptia_network+\[39mnode_modules\[4mreact-dom[24m\cjs\react-dom.development.js:28478:17[90m)[39m
    at createFiberFromElement [90m(C:\Users\brand\Development\Project_Workspace\active-development\learn_comptia_network+\[39mnode_modules\[4mreact-dom[24m\cjs\react-dom.development.js:28504:15[90m)[39m
    at reconcileSingleElement [90m(C:\Users\brand\Development\Project_Workspace\active-development\learn_comptia_network+\[39mnode_modules\[4mreact-dom[24m\cjs\react-dom.development.js:13986:23[90m)[39m
    at reconcileChildFibers [90m(C:\Users\brand\Development\Project_Workspace\active-development\learn_comptia_network+\[39mnode_modules\[4mreact-dom[24m\cjs\react-dom.development.js:14044:35[90m)[39m
    at reconcileChildren [90m(C:\Users\brand\Development\Project_Workspace\active-development\learn_comptia_network+\[39mnode_modules\[4mreact-dom[24m\cjs\react-dom.development.js:19186:28[90m)[39m
    at updateContextProvider [90m(C:\Users\brand\Development\Project_Workspace\active-development\learn_comptia_network+\[39mnode_modules\[4mreact-dom[24m\cjs\react-dom.development.js:21193:3[90m)[39m
    at beginWork [90m(C:\Users\brand\Development\Project_Workspace\active-development\learn_comptia_network+\[39mnode_modules\[4mreact-dom[24m\cjs\react-dom.development.js:21688:14[90m)[39m
    at HTMLUnknownElement.callCallback [90m(C:\Users\brand\Development\Project_Workspace\active-development\learn_comptia_network+\[39mnode_modules\[4mreact-dom[24m\cjs\react-dom.development.js:4164:14[90m)[39m
    at HTMLUnknownElement.callTheUserObjectsOperation [90m(C:\Users\brand\Development\Project_Workspace\active-development\learn_comptia_network+\[39mnode_modules\[4mjsdom[24m\lib\jsdom\living\generated\EventListener.js:26:30[90m)[39m
    at innerInvokeEventListeners [90m(C:\Users\brand\Development\Project_Workspace\active-development\learn_comptia_network+\[39mnode_modules\[4mjsdom[24m\lib\jsdom\living\events\EventTarget-impl.js:350:25[90m)[39m
Error: Uncaught [Error: Element type is invalid: expected a string (for built-in components) or a class/function (for composite components) but got: undefined. You likely forgot to export your component from the file it's defined in, or you might have mixed up default and named imports.]
    at reportException (C:\Users\brand\Development\Project_Workspace\active-development\learn_comptia_network+\node_modules\jsdom\lib\jsdom\living\helpers\runtime-script-errors.js:66:24)
    at innerInvokeEventListeners (C:\Users\brand\Development\Project_Workspace\active-development\learn_comptia_network+\node_modules\jsdom\lib\jsdom\living\events\EventTarget-impl.js:353:9)
    at invokeEventListeners (C:\Users\brand\Development\Project_Workspace\active-development\learn_comptia_network+\node_modules\jsdom\lib\jsdom\living\events\EventTarget-impl.js:286:3)
    at HTMLUnknownElementImpl._dispatch (C:\Users\brand\Development\Project_Workspace\active-development\learn_comptia_network+\node_modules\jsdom\lib\jsdom\living\events\EventTarget-impl.js:233:9)
    at HTMLUnknownElementImpl.dispatchEvent (C:\Users\brand\Development\Project_Workspace\active-development\learn_comptia_network+\node_modules\jsdom\lib\jsdom\living\events\EventTarget-impl.js:104:17)
    at HTMLUnknownElement.dispatchEvent (C:\Users\brand\Development\Project_Workspace\active-development\learn_comptia_network+\node_modules\jsdom\lib\jsdom\living\generated\EventTarget.js:241:34)
    at Object.invokeGuardedCallbackDev (C:\Users\brand\Development\Project_Workspace\active-development\learn_comptia_network+\node_modules\react-dom\cjs\react-dom.development.js:4213:16)
    at invokeGuardedCallback (C:\Users\brand\Development\Project_Workspace\active-development\learn_comptia_network+\node_modules\react-dom\cjs\react-dom.development.js:4277:31)
    at beginWork$1 (C:\Users\brand\Development\Project_Workspace\active-development\learn_comptia_network+\node_modules\react-dom\cjs\react-dom.development.js:27490:7)
    at performUnitOfWork (C:\Users\brand\Development\Project_Workspace\active-development\learn_comptia_network+\node_modules\react-dom\cjs\react-dom.development.js:26599:12) Error: Element type is invalid: expected a string (for built-in components) or a class/function (for composite components) but got: undefined. You likely forgot to export your component from the file it's defined in, or you might have mixed up default and named imports.
    at createFiberFromTypeAndProps [90m(C:\Users\brand\Development\Project_Workspace\active-development\learn_comptia_network+\[39mnode_modules\[4mreact-dom[24m\cjs\react-dom.development.js:28478:17[90m)[39m
    at createFiberFromElement [90m(C:\Users\brand\Development\Project_Workspace\active-development\learn_comptia_network+\[39mnode_modules\[4mreact-dom[24m\cjs\react-dom.development.js:28504:15[90m)[39m
    at reconcileSingleElement [90m(C:\Users\brand\Development\Project_Workspace\active-development\learn_comptia_network+\[39mnode_modules\[4mreact-dom[24m\cjs\react-dom.development.js:13986:23[90m)[39m
    at reconcileChildFibers [90m(C:\Users\brand\Development\Project_Workspace\active-development\learn_comptia_network+\[39mnode_modules\[4mreact-dom[24m\cjs\react-dom.development.js:14044:35[90m)[39m
    at reconcileChildren [90m(C:\Users\brand\Development\Project_Workspace\active-development\learn_comptia_network+\[39mnode_modules\[4mreact-dom[24m\cjs\react-dom.development.js:19186:28[90m)[39m
    at updateContextProvider [90m(C:\Users\brand\Development\Project_Workspace\active-development\learn_comptia_network+\[39mnode_modules\[4mreact-dom[24m\cjs\react-dom.development.js:21193:3[90m)[39m
    at beginWork [90m(C:\Users\brand\Development\Project_Workspace\active-development\learn_comptia_network+\[39mnode_modules\[4mreact-dom[24m\cjs\react-dom.development.js:21688:14[90m)[39m
    at HTMLUnknownElement.callCallback [90m(C:\Users\brand\Development\Project_Workspace\active-development\learn_comptia_network+\[39mnode_modules\[4mreact-dom[24m\cjs\react-dom.development.js:4164:14[90m)[39m
    at HTMLUnknownElement.callTheUserObjectsOperation [90m(C:\Users\brand\Development\Project_Workspace\active-development\learn_comptia_network+\[39mnode_modules\[4mjsdom[24m\lib\jsdom\living\generated\EventListener.js:26:30[90m)[39m
    at innerInvokeEventListeners [90m(C:\Users\brand\Development\Project_Workspace\active-development\learn_comptia_network+\[39mnode_modules\[4mjsdom[24m\lib\jsdom\living\events\EventTarget-impl.js:350:25[90m)[39m
The above error occurred in the <Route.Provider> component:

    at RenderedRoute (C:\Users\brand\Development\Project_Workspace\active-development\learn_comptia_network+\node_modules\react-router\dist\umd\react-router.development.js:539:7)
    at Routes (C:\Users\brand\Development\Project_Workspace\active-development\learn_comptia_network+\node_modules\react-router\dist\umd\react-router.development.js:1273:7)
    at Router (C:\Users\brand\Development\Project_Workspace\active-development\learn_comptia_network+\node_modules\react-router\dist\umd\react-router.development.js:1207:17)
    at BrowserRouter (C:\Users\brand\Development\Project_Workspace\active-development\learn_comptia_network+\node_modules\react-router-dom\dist\umd\react-router-dom.development.js:695:7)

Consider adding an error boundary to your tree to customize error handling behavior.
Visit https://reactjs.org/link/error-boundaries to learn more about error boundaries.

[90mstderr[2m | tests/integration/navigation.test.tsx[2m > [22m[2mNavigation Integration[2m > [22m[2mMobile Navigation[2m > [22m[2mshould toggle mobile menu
[22m[39mWarning: React.jsx: type is invalid -- expected a string (for built-in components) or a class/function (for composite components) but got: undefined. You likely forgot to export your component from the file it's defined in, or you might have mixed up default and named imports.

Check your code at navigation.test.tsx:27.
Error: Uncaught [Error: Element type is invalid: expected a string (for built-in components) or a class/function (for composite components) but got: undefined. You likely forgot to export your component from the file it's defined in, or you might have mixed up default and named imports.]
    at reportException (C:\Users\brand\Development\Project_Workspace\active-development\learn_comptia_network+\node_modules\jsdom\lib\jsdom\living\helpers\runtime-script-errors.js:66:24)
    at innerInvokeEventListeners (C:\Users\brand\Development\Project_Workspace\active-development\learn_comptia_network+\node_modules\jsdom\lib\jsdom\living\events\EventTarget-impl.js:353:9)
    at invokeEventListeners (C:\Users\brand\Development\Project_Workspace\active-development\learn_comptia_network+\node_modules\jsdom\lib\jsdom\living\events\EventTarget-impl.js:286:3)
    at HTMLUnknownElementImpl._dispatch (C:\Users\brand\Development\Project_Workspace\active-development\learn_comptia_network+\node_modules\jsdom\lib\jsdom\living\events\EventTarget-impl.js:233:9)
    at HTMLUnknownElementImpl.dispatchEvent (C:\Users\brand\Development\Project_Workspace\active-development\learn_comptia_network+\node_modules\jsdom\lib\jsdom\living\events\EventTarget-impl.js:104:17)
    at HTMLUnknownElement.dispatchEvent (C:\Users\brand\Development\Project_Workspace\active-development\learn_comptia_network+\node_modules\jsdom\lib\jsdom\living\generated\EventTarget.js:241:34)
    at Object.invokeGuardedCallbackDev (C:\Users\brand\Development\Project_Workspace\active-development\learn_comptia_network+\node_modules\react-dom\cjs\react-dom.development.js:4213:16)
    at invokeGuardedCallback (C:\Users\brand\Development\Project_Workspace\active-development\learn_comptia_network+\node_modules\react-dom\cjs\react-dom.development.js:4277:31)
    at beginWork$1 (C:\Users\brand\Development\Project_Workspace\active-development\learn_comptia_network+\node_modules\react-dom\cjs\react-dom.development.js:27490:7)
    at performUnitOfWork (C:\Users\brand\Development\Project_Workspace\active-development\learn_comptia_network+\node_modules\react-dom\cjs\react-dom.development.js:26599:12) Error: Element type is invalid: expected a string (for built-in components) or a class/function (for composite components) but got: undefined. You likely forgot to export your component from the file it's defined in, or you might have mixed up default and named imports.
    at createFiberFromTypeAndProps [90m(C:\Users\brand\Development\Project_Workspace\active-development\learn_comptia_network+\[39mnode_modules\[4mreact-dom[24m\cjs\react-dom.development.js:28478:17[90m)[39m
    at createFiberFromElement [90m(C:\Users\brand\Development\Project_Workspace\active-development\learn_comptia_network+\[39mnode_modules\[4mreact-dom[24m\cjs\react-dom.development.js:28504:15[90m)[39m
    at reconcileSingleElement [90m(C:\Users\brand\Development\Project_Workspace\active-development\learn_comptia_network+\[39mnode_modules\[4mreact-dom[24m\cjs\react-dom.development.js:13986:23[90m)[39m
    at reconcileChildFibers [90m(C:\Users\brand\Development\Project_Workspace\active-development\learn_comptia_network+\[39mnode_modules\[4mreact-dom[24m\cjs\react-dom.development.js:14044:35[90m)[39m
    at reconcileChildren [90m(C:\Users\brand\Development\Project_Workspace\active-development\learn_comptia_network+\[39mnode_modules\[4mreact-dom[24m\cjs\react-dom.development.js:19186:28[90m)[39m
    at updateContextProvider [90m(C:\Users\brand\Development\Project_Workspace\active-development\learn_comptia_network+\[39mnode_modules\[4mreact-dom[24m\cjs\react-dom.development.js:21193:3[90m)[39m
    at beginWork [90m(C:\Users\brand\Development\Project_Workspace\active-development\learn_comptia_network+\[39mnode_modules\[4mreact-dom[24m\cjs\react-dom.development.js:21688:14[90m)[39m
    at HTMLUnknownElement.callCallback [90m(C:\Users\brand\Development\Project_Workspace\active-development\learn_comptia_network+\[39mnode_modules\[4mreact-dom[24m\cjs\react-dom.development.js:4164:14[90m)[39m
    at HTMLUnknownElement.callTheUserObjectsOperation [90m(C:\Users\brand\Development\Project_Workspace\active-development\learn_comptia_network+\[39mnode_modules\[4mjsdom[24m\lib\jsdom\living\generated\EventListener.js:26:30[90m)[39m
    at innerInvokeEventListeners [90m(C:\Users\brand\Development\Project_Workspace\active-development\learn_comptia_network+\[39mnode_modules\[4mjsdom[24m\lib\jsdom\living\events\EventTarget-impl.js:350:25[90m)[39m
Error: Uncaught [Error: Element type is invalid: expected a string (for built-in components) or a class/function (for composite components) but got: undefined. You likely forgot to export your component from the file it's defined in, or you might have mixed up default and named imports.]
    at reportException (C:\Users\brand\Development\Project_Workspace\active-development\learn_comptia_network+\node_modules\jsdom\lib\jsdom\living\helpers\runtime-script-errors.js:66:24)
    at innerInvokeEventListeners (C:\Users\brand\Development\Project_Workspace\active-development\learn_comptia_network+\node_modules\jsdom\lib\jsdom\living\events\EventTarget-impl.js:353:9)
    at invokeEventListeners (C:\Users\brand\Development\Project_Workspace\active-development\learn_comptia_network+\node_modules\jsdom\lib\jsdom\living\events\EventTarget-impl.js:286:3)
    at HTMLUnknownElementImpl._dispatch (C:\Users\brand\Development\Project_Workspace\active-development\learn_comptia_network+\node_modules\jsdom\lib\jsdom\living\events\EventTarget-impl.js:233:9)
    at HTMLUnknownElementImpl.dispatchEvent (C:\Users\brand\Development\Project_Workspace\active-development\learn_comptia_network+\node_modules\jsdom\lib\jsdom\living\events\EventTarget-impl.js:104:17)
    at HTMLUnknownElement.dispatchEvent (C:\Users\brand\Development\Project_Workspace\active-development\learn_comptia_network+\node_modules\jsdom\lib\jsdom\living\generated\EventTarget.js:241:34)
    at Object.invokeGuardedCallbackDev (C:\Users\brand\Development\Project_Workspace\active-development\learn_comptia_network+\node_modules\react-dom\cjs\react-dom.development.js:4213:16)
    at invokeGuardedCallback (C:\Users\brand\Development\Project_Workspace\active-development\learn_comptia_network+\node_modules\react-dom\cjs\react-dom.development.js:4277:31)
    at beginWork$1 (C:\Users\brand\Development\Project_Workspace\active-development\learn_comptia_network+\node_modules\react-dom\cjs\react-dom.development.js:27490:7)
    at performUnitOfWork (C:\Users\brand\Development\Project_Workspace\active-development\learn_comptia_network+\node_modules\react-dom\cjs\react-dom.development.js:26599:12) Error: Element type is invalid: expected a string (for built-in components) or a class/function (for composite components) but got: undefined. You likely forgot to export your component from the file it's defined in, or you might have mixed up default and named imports.
    at createFiberFromTypeAndProps [90m(C:\Users\brand\Development\Project_Workspace\active-development\learn_comptia_network+\[39mnode_modules\[4mreact-dom[24m\cjs\react-dom.development.js:28478:17[90m)[39m
    at createFiberFromElement [90m(C:\Users\brand\Development\Project_Workspace\active-development\learn_comptia_network+\[39mnode_modules\[4mreact-dom[24m\cjs\react-dom.development.js:28504:15[90m)[39m
    at reconcileSingleElement [90m(C:\Users\brand\Development\Project_Workspace\active-development\learn_comptia_network+\[39mnode_modules\[4mreact-dom[24m\cjs\react-dom.development.js:13986:23[90m)[39m
    at reconcileChildFibers [90m(C:\Users\brand\Development\Project_Workspace\active-development\learn_comptia_network+\[39mnode_modules\[4mreact-dom[24m\cjs\react-dom.development.js:14044:35[90m)[39m
    at reconcileChildren [90m(C:\Users\brand\Development\Project_Workspace\active-development\learn_comptia_network+\[39mnode_modules\[4mreact-dom[24m\cjs\react-dom.development.js:19186:28[90m)[39m
    at updateContextProvider [90m(C:\Users\brand\Development\Project_Workspace\active-development\learn_comptia_network+\[39mnode_modules\[4mreact-dom[24m\cjs\react-dom.development.js:21193:3[90m)[39m
    at beginWork [90m(C:\Users\brand\Development\Project_Workspace\active-development\learn_comptia_network+\[39mnode_modules\[4mreact-dom[24m\cjs\react-dom.development.js:21688:14[90m)[39m
    at HTMLUnknownElement.callCallback [90m(C:\Users\brand\Development\Project_Workspace\active-development\learn_comptia_network+\[39mnode_modules\[4mreact-dom[24m\cjs\react-dom.development.js:4164:14[90m)[39m
    at HTMLUnknownElement.callTheUserObjectsOperation [90m(C:\Users\brand\Development\Project_Workspace\active-development\learn_comptia_network+\[39mnode_modules\[4mjsdom[24m\lib\jsdom\living\generated\EventListener.js:26:30[90m)[39m
    at innerInvokeEventListeners [90m(C:\Users\brand\Development\Project_Workspace\active-development\learn_comptia_network+\[39mnode_modules\[4mjsdom[24m\lib\jsdom\living\events\EventTarget-impl.js:350:25[90m)[39m
The above error occurred in the <Route.Provider> component:

    at RenderedRoute (C:\Users\brand\Development\Project_Workspace\active-development\learn_comptia_network+\node_modules\react-router\dist\umd\react-router.development.js:539:7)
    at Routes (C:\Users\brand\Development\Project_Workspace\active-development\learn_comptia_network+\node_modules\react-router\dist\umd\react-router.development.js:1273:7)
    at Router (C:\Users\brand\Development\Project_Workspace\active-development\learn_comptia_network+\node_modules\react-router\dist\umd\react-router.development.js:1207:17)
    at BrowserRouter (C:\Users\brand\Development\Project_Workspace\active-development\learn_comptia_network+\node_modules\react-router-dom\dist\umd\react-router-dom.development.js:695:7)

Consider adding an error boundary to your tree to customize error handling behavior.
Visit https://reactjs.org/link/error-boundaries to learn more about error boundaries.

[90mstderr[2m | tests/integration/navigation.test.tsx[2m > [22m[2mNavigation Integration[2m > [22m[2mMobile Navigation[2m > [22m[2mshould close mobile menu after navigation
[22m[39mWarning: React.jsx: type is invalid -- expected a string (for built-in components) or a class/function (for composite components) but got: undefined. You likely forgot to export your component from the file it's defined in, or you might have mixed up default and named imports.

Check your code at navigation.test.tsx:27.
Error: Uncaught [Error: Element type is invalid: expected a string (for built-in components) or a class/function (for composite components) but got: undefined. You likely forgot to export your component from the file it's defined in, or you might have mixed up default and named imports.]
    at reportException (C:\Users\brand\Development\Project_Workspace\active-development\learn_comptia_network+\node_modules\jsdom\lib\jsdom\living\helpers\runtime-script-errors.js:66:24)
    at innerInvokeEventListeners (C:\Users\brand\Development\Project_Workspace\active-development\learn_comptia_network+\node_modules\jsdom\lib\jsdom\living\events\EventTarget-impl.js:353:9)
    at invokeEventListeners (C:\Users\brand\Development\Project_Workspace\active-development\learn_comptia_network+\node_modules\jsdom\lib\jsdom\living\events\EventTarget-impl.js:286:3)
    at HTMLUnknownElementImpl._dispatch (C:\Users\brand\Development\Project_Workspace\active-development\learn_comptia_network+\node_modules\jsdom\lib\jsdom\living\events\EventTarget-impl.js:233:9)
    at HTMLUnknownElementImpl.dispatchEvent (C:\Users\brand\Development\Project_Workspace\active-development\learn_comptia_network+\node_modules\jsdom\lib\jsdom\living\events\EventTarget-impl.js:104:17)
    at HTMLUnknownElement.dispatchEvent (C:\Users\brand\Development\Project_Workspace\active-development\learn_comptia_network+\node_modules\jsdom\lib\jsdom\living\generated\EventTarget.js:241:34)
    at Object.invokeGuardedCallbackDev (C:\Users\brand\Development\Project_Workspace\active-development\learn_comptia_network+\node_modules\react-dom\cjs\react-dom.development.js:4213:16)
    at invokeGuardedCallback (C:\Users\brand\Development\Project_Workspace\active-development\learn_comptia_network+\node_modules\react-dom\cjs\react-dom.development.js:4277:31)
    at beginWork$1 (C:\Users\brand\Development\Project_Workspace\active-development\learn_comptia_network+\node_modules\react-dom\cjs\react-dom.development.js:27490:7)
    at performUnitOfWork (C:\Users\brand\Development\Project_Workspace\active-development\learn_comptia_network+\node_modules\react-dom\cjs\react-dom.development.js:26599:12) Error: Element type is invalid: expected a string (for built-in components) or a class/function (for composite components) but got: undefined. You likely forgot to export your component from the file it's defined in, or you might have mixed up default and named imports.
    at createFiberFromTypeAndProps [90m(C:\Users\brand\Development\Project_Workspace\active-development\learn_comptia_network+\[39mnode_modules\[4mreact-dom[24m\cjs\react-dom.development.js:28478:17[90m)[39m
    at createFiberFromElement [90m(C:\Users\brand\Development\Project_Workspace\active-development\learn_comptia_network+\[39mnode_modules\[4mreact-dom[24m\cjs\react-dom.development.js:28504:15[90m)[39m
    at reconcileSingleElement [90m(C:\Users\brand\Development\Project_Workspace\active-development\learn_comptia_network+\[39mnode_modules\[4mreact-dom[24m\cjs\react-dom.development.js:13986:23[90m)[39m
    at reconcileChildFibers [90m(C:\Users\brand\Development\Project_Workspace\active-development\learn_comptia_network+\[39mnode_modules\[4mreact-dom[24m\cjs\react-dom.development.js:14044:35[90m)[39m
    at reconcileChildren [90m(C:\Users\brand\Development\Project_Workspace\active-development\learn_comptia_network+\[39mnode_modules\[4mreact-dom[24m\cjs\react-dom.development.js:19186:28[90m)[39m
    at updateContextProvider [90m(C:\Users\brand\Development\Project_Workspace\active-development\learn_comptia_network+\[39mnode_modules\[4mreact-dom[24m\cjs\react-dom.development.js:21193:3[90m)[39m
    at beginWork [90m(C:\Users\brand\Development\Project_Workspace\active-development\learn_comptia_network+\[39mnode_modules\[4mreact-dom[24m\cjs\react-dom.development.js:21688:14[90m)[39m
    at HTMLUnknownElement.callCallback [90m(C:\Users\brand\Development\Project_Workspace\active-development\learn_comptia_network+\[39mnode_modules\[4mreact-dom[24m\cjs\react-dom.development.js:4164:14[90m)[39m
    at HTMLUnknownElement.callTheUserObjectsOperation [90m(C:\Users\brand\Development\Project_Workspace\active-development\learn_comptia_network+\[39mnode_modules\[4mjsdom[24m\lib\jsdom\living\generated\EventListener.js:26:30[90m)[39m
    at innerInvokeEventListeners [90m(C:\Users\brand\Development\Project_Workspace\active-development\learn_comptia_network+\[39mnode_modules\[4mjsdom[24m\lib\jsdom\living\events\EventTarget-impl.js:350:25[90m)[39m
Error: Uncaught [Error: Element type is invalid: expected a string (for built-in components) or a class/function (for composite components) but got: undefined. You likely forgot to export your component from the file it's defined in, or you might have mixed up default and named imports.]
    at reportException (C:\Users\brand\Development\Project_Workspace\active-development\learn_comptia_network+\node_modules\jsdom\lib\jsdom\living\helpers\runtime-script-errors.js:66:24)
    at innerInvokeEventListeners (C:\Users\brand\Development\Project_Workspace\active-development\learn_comptia_network+\node_modules\jsdom\lib\jsdom\living\events\EventTarget-impl.js:353:9)
    at invokeEventListeners (C:\Users\brand\Development\Project_Workspace\active-development\learn_comptia_network+\node_modules\jsdom\lib\jsdom\living\events\EventTarget-impl.js:286:3)
    at HTMLUnknownElementImpl._dispatch (C:\Users\brand\Development\Project_Workspace\active-development\learn_comptia_network+\node_modules\jsdom\lib\jsdom\living\events\EventTarget-impl.js:233:9)
    at HTMLUnknownElementImpl.dispatchEvent (C:\Users\brand\Development\Project_Workspace\active-development\learn_comptia_network+\node_modules\jsdom\lib\jsdom\living\events\EventTarget-impl.js:104:17)
    at HTMLUnknownElement.dispatchEvent (C:\Users\brand\Development\Project_Workspace\active-development\learn_comptia_network+\node_modules\jsdom\lib\jsdom\living\generated\EventTarget.js:241:34)
    at Object.invokeGuardedCallbackDev (C:\Users\brand\Development\Project_Workspace\active-development\learn_comptia_network+\node_modules\react-dom\cjs\react-dom.development.js:4213:16)
    at invokeGuardedCallback (C:\Users\brand\Development\Project_Workspace\active-development\learn_comptia_network+\node_modules\react-dom\cjs\react-dom.development.js:4277:31)
    at beginWork$1 (C:\Users\brand\Development\Project_Workspace\active-development\learn_comptia_network+\node_modules\react-dom\cjs\react-dom.development.js:27490:7)
    at performUnitOfWork (C:\Users\brand\Development\Project_Workspace\active-development\learn_comptia_network+\node_modules\react-dom\cjs\react-dom.development.js:26599:12) Error: Element type is invalid: expected a string (for built-in components) or a class/function (for composite components) but got: undefined. You likely forgot to export your component from the file it's defined in, or you might have mixed up default and named imports.
    at createFiberFromTypeAndProps [90m(C:\Users\brand\Development\Project_Workspace\active-development\learn_comptia_network+\[39mnode_modules\[4mreact-dom[24m\cjs\react-dom.development.js:28478:17[90m)[39m
    at createFiberFromElement [90m(C:\Users\brand\Development\Project_Workspace\active-development\learn_comptia_network+\[39mnode_modules\[4mreact-dom[24m\cjs\react-dom.development.js:28504:15[90m)[39m
    at reconcileSingleElement [90m(C:\Users\brand\Development\Project_Workspace\active-development\learn_comptia_network+\[39mnode_modules\[4mreact-dom[24m\cjs\react-dom.development.js:13986:23[90m)[39m
    at reconcileChildFibers [90m(C:\Users\brand\Development\Project_Workspace\active-development\learn_comptia_network+\[39mnode_modules\[4mreact-dom[24m\cjs\react-dom.development.js:14044:35[90m)[39m
    at reconcileChildren [90m(C:\Users\brand\Development\Project_Workspace\active-development\learn_comptia_network+\[39mnode_modules\[4mreact-dom[24m\cjs\react-dom.development.js:19186:28[90m)[39m
    at updateContextProvider [90m(C:\Users\brand\Development\Project_Workspace\active-development\learn_comptia_network+\[39mnode_modules\[4mreact-dom[24m\cjs\react-dom.development.js:21193:3[90m)[39m
    at beginWork [90m(C:\Users\brand\Development\Project_Workspace\active-development\learn_comptia_network+\[39mnode_modules\[4mreact-dom[24m\cjs\react-dom.development.js:21688:14[90m)[39m
    at HTMLUnknownElement.callCallback [90m(C:\Users\brand\Development\Project_Workspace\active-development\learn_comptia_network+\[39mnode_modules\[4mreact-dom[24m\cjs\react-dom.development.js:4164:14[90m)[39m
    at HTMLUnknownElement.callTheUserObjectsOperation [90m(C:\Users\brand\Development\Project_Workspace\active-development\learn_comptia_network+\[39mnode_modules\[4mjsdom[24m\lib\jsdom\living\generated\EventListener.js:26:30[90m)[39m
    at innerInvokeEventListeners [90m(C:\Users\brand\Development\Project_Workspace\active-development\learn_comptia_network+\[39mnode_modules\[4mjsdom[24m\lib\jsdom\living\events\EventTarget-impl.js:350:25[90m)[39m
The above error occurred in the <Route.Provider> component:

    at RenderedRoute (C:\Users\brand\Development\Project_Workspace\active-development\learn_comptia_network+\node_modules\react-router\dist\umd\react-router.development.js:539:7)
    at Routes (C:\Users\brand\Development\Project_Workspace\active-development\learn_comptia_network+\node_modules\react-router\dist\umd\react-router.development.js:1273:7)
    at Router (C:\Users\brand\Development\Project_Workspace\active-development\learn_comptia_network+\node_modules\react-router\dist\umd\react-router.development.js:1207:17)
    at BrowserRouter (C:\Users\brand\Development\Project_Workspace\active-development\learn_comptia_network+\node_modules\react-router-dom\dist\umd\react-router-dom.development.js:695:7)

Consider adding an error boundary to your tree to customize error handling behavior.
Visit https://reactjs.org/link/error-boundaries to learn more about error boundaries.

[90mstderr[2m | tests/integration/navigation.test.tsx[2m > [22m[2mNavigation Integration[2m > [22m[2mNavigation Accessibility[2m > [22m[2mshould support keyboard navigation
[22m[39mWarning: React.jsx: type is invalid -- expected a string (for built-in components) or a class/function (for composite components) but got: undefined. You likely forgot to export your component from the file it's defined in, or you might have mixed up default and named imports.

Check your code at navigation.test.tsx:27.
Error: Uncaught [Error: Element type is invalid: expected a string (for built-in components) or a class/function (for composite components) but got: undefined. You likely forgot to export your component from the file it's defined in, or you might have mixed up default and named imports.]
    at reportException (C:\Users\brand\Development\Project_Workspace\active-development\learn_comptia_network+\node_modules\jsdom\lib\jsdom\living\helpers\runtime-script-errors.js:66:24)
    at innerInvokeEventListeners (C:\Users\brand\Development\Project_Workspace\active-development\learn_comptia_network+\node_modules\jsdom\lib\jsdom\living\events\EventTarget-impl.js:353:9)
    at invokeEventListeners (C:\Users\brand\Development\Project_Workspace\active-development\learn_comptia_network+\node_modules\jsdom\lib\jsdom\living\events\EventTarget-impl.js:286:3)
    at HTMLUnknownElementImpl._dispatch (C:\Users\brand\Development\Project_Workspace\active-development\learn_comptia_network+\node_modules\jsdom\lib\jsdom\living\events\EventTarget-impl.js:233:9)
    at HTMLUnknownElementImpl.dispatchEvent (C:\Users\brand\Development\Project_Workspace\active-development\learn_comptia_network+\node_modules\jsdom\lib\jsdom\living\events\EventTarget-impl.js:104:17)
    at HTMLUnknownElement.dispatchEvent (C:\Users\brand\Development\Project_Workspace\active-development\learn_comptia_network+\node_modules\jsdom\lib\jsdom\living\generated\EventTarget.js:241:34)
    at Object.invokeGuardedCallbackDev (C:\Users\brand\Development\Project_Workspace\active-development\learn_comptia_network+\node_modules\react-dom\cjs\react-dom.development.js:4213:16)
    at invokeGuardedCallback (C:\Users\brand\Development\Project_Workspace\active-development\learn_comptia_network+\node_modules\react-dom\cjs\react-dom.development.js:4277:31)
    at beginWork$1 (C:\Users\brand\Development\Project_Workspace\active-development\learn_comptia_network+\node_modules\react-dom\cjs\react-dom.development.js:27490:7)
    at performUnitOfWork (C:\Users\brand\Development\Project_Workspace\active-development\learn_comptia_network+\node_modules\react-dom\cjs\react-dom.development.js:26599:12) Error: Element type is invalid: expected a string (for built-in components) or a class/function (for composite components) but got: undefined. You likely forgot to export your component from the file it's defined in, or you might have mixed up default and named imports.
    at createFiberFromTypeAndProps [90m(C:\Users\brand\Development\Project_Workspace\active-development\learn_comptia_network+\[39mnode_modules\[4mreact-dom[24m\cjs\react-dom.development.js:28478:17[90m)[39m
    at createFiberFromElement [90m(C:\Users\brand\Development\Project_Workspace\active-development\learn_comptia_network+\[39mnode_modules\[4mreact-dom[24m\cjs\react-dom.development.js:28504:15[90m)[39m
    at reconcileSingleElement [90m(C:\Users\brand\Development\Project_Workspace\active-development\learn_comptia_network+\[39mnode_modules\[4mreact-dom[24m\cjs\react-dom.development.js:13986:23[90m)[39m
    at reconcileChildFibers [90m(C:\Users\brand\Development\Project_Workspace\active-development\learn_comptia_network+\[39mnode_modules\[4mreact-dom[24m\cjs\react-dom.development.js:14044:35[90m)[39m
    at reconcileChildren [90m(C:\Users\brand\Development\Project_Workspace\active-development\learn_comptia_network+\[39mnode_modules\[4mreact-dom[24m\cjs\react-dom.development.js:19186:28[90m)[39m
    at updateContextProvider [90m(C:\Users\brand\Development\Project_Workspace\active-development\learn_comptia_network+\[39mnode_modules\[4mreact-dom[24m\cjs\react-dom.development.js:21193:3[90m)[39m
    at beginWork [90m(C:\Users\brand\Development\Project_Workspace\active-development\learn_comptia_network+\[39mnode_modules\[4mreact-dom[24m\cjs\react-dom.development.js:21688:14[90m)[39m
    at HTMLUnknownElement.callCallback [90m(C:\Users\brand\Development\Project_Workspace\active-development\learn_comptia_network+\[39mnode_modules\[4mreact-dom[24m\cjs\react-dom.development.js:4164:14[90m)[39m
    at HTMLUnknownElement.callTheUserObjectsOperation [90m(C:\Users\brand\Development\Project_Workspace\active-development\learn_comptia_network+\[39mnode_modules\[4mjsdom[24m\lib\jsdom\living\generated\EventListener.js:26:30[90m)[39m
    at innerInvokeEventListeners [90m(C:\Users\brand\Development\Project_Workspace\active-development\learn_comptia_network+\[39mnode_modules\[4mjsdom[24m\lib\jsdom\living\events\EventTarget-impl.js:350:25[90m)[39m
Error: Uncaught [Error: Element type is invalid: expected a string (for built-in components) or a class/function (for composite components) but got: undefined. You likely forgot to export your component from the file it's defined in, or you might have mixed up default and named imports.]
    at reportException (C:\Users\brand\Development\Project_Workspace\active-development\learn_comptia_network+\node_modules\jsdom\lib\jsdom\living\helpers\runtime-script-errors.js:66:24)
    at innerInvokeEventListeners (C:\Users\brand\Development\Project_Workspace\active-development\learn_comptia_network+\node_modules\jsdom\lib\jsdom\living\events\EventTarget-impl.js:353:9)
    at invokeEventListeners (C:\Users\brand\Development\Project_Workspace\active-development\learn_comptia_network+\node_modules\jsdom\lib\jsdom\living\events\EventTarget-impl.js:286:3)
    at HTMLUnknownElementImpl._dispatch (C:\Users\brand\Development\Project_Workspace\active-development\learn_comptia_network+\node_modules\jsdom\lib\jsdom\living\events\EventTarget-impl.js:233:9)
    at HTMLUnknownElementImpl.dispatchEvent (C:\Users\brand\Development\Project_Workspace\active-development\learn_comptia_network+\node_modules\jsdom\lib\jsdom\living\events\EventTarget-impl.js:104:17)
    at HTMLUnknownElement.dispatchEvent (C:\Users\brand\Development\Project_Workspace\active-development\learn_comptia_network+\node_modules\jsdom\lib\jsdom\living\generated\EventTarget.js:241:34)
    at Object.invokeGuardedCallbackDev (C:\Users\brand\Development\Project_Workspace\active-development\learn_comptia_network+\node_modules\react-dom\cjs\react-dom.development.js:4213:16)
    at invokeGuardedCallback (C:\Users\brand\Development\Project_Workspace\active-development\learn_comptia_network+\node_modules\react-dom\cjs\react-dom.development.js:4277:31)
    at beginWork$1 (C:\Users\brand\Development\Project_Workspace\active-development\learn_comptia_network+\node_modules\react-dom\cjs\react-dom.development.js:27490:7)
    at performUnitOfWork (C:\Users\brand\Development\Project_Workspace\active-development\learn_comptia_network+\node_modules\react-dom\cjs\react-dom.development.js:26599:12) Error: Element type is invalid: expected a string (for built-in components) or a class/function (for composite components) but got: undefined. You likely forgot to export your component from the file it's defined in, or you might have mixed up default and named imports.
    at createFiberFromTypeAndProps [90m(C:\Users\brand\Development\Project_Workspace\active-development\learn_comptia_network+\[39mnode_modules\[4mreact-dom[24m\cjs\react-dom.development.js:28478:17[90m)[39m
    at createFiberFromElement [90m(C:\Users\brand\Development\Project_Workspace\active-development\learn_comptia_network+\[39mnode_modules\[4mreact-dom[24m\cjs\react-dom.development.js:28504:15[90m)[39m
    at reconcileSingleElement [90m(C:\Users\brand\Development\Project_Workspace\active-development\learn_comptia_network+\[39mnode_modules\[4mreact-dom[24m\cjs\react-dom.development.js:13986:23[90m)[39m
    at reconcileChildFibers [90m(C:\Users\brand\Development\Project_Workspace\active-development\learn_comptia_network+\[39mnode_modules\[4mreact-dom[24m\cjs\react-dom.development.js:14044:35[90m)[39m
    at reconcileChildren [90m(C:\Users\brand\Development\Project_Workspace\active-development\learn_comptia_network+\[39mnode_modules\[4mreact-dom[24m\cjs\react-dom.development.js:19186:28[90m)[39m
    at updateContextProvider [90m(C:\Users\brand\Development\Project_Workspace\active-development\learn_comptia_network+\[39mnode_modules\[4mreact-dom[24m\cjs\react-dom.development.js:21193:3[90m)[39m
    at beginWork [90m(C:\Users\brand\Development\Project_Workspace\active-development\learn_comptia_network+\[39mnode_modules\[4mreact-dom[24m\cjs\react-dom.development.js:21688:14[90m)[39m
    at HTMLUnknownElement.callCallback [90m(C:\Users\brand\Development\Project_Workspace\active-development\learn_comptia_network+\[39mnode_modules\[4mreact-dom[24m\cjs\react-dom.development.js:4164:14[90m)[39m
    at HTMLUnknownElement.callTheUserObjectsOperation [90m(C:\Users\brand\Development\Project_Workspace\active-development\learn_comptia_network+\[39mnode_modules\[4mjsdom[24m\lib\jsdom\living\generated\EventListener.js:26:30[90m)[39m
    at innerInvokeEventListeners [90m(C:\Users\brand\Development\Project_Workspace\active-development\learn_comptia_network+\[39mnode_modules\[4mjsdom[24m\lib\jsdom\living\events\EventTarget-impl.js:350:25[90m)[39m
The above error occurred in the <Route.Provider> component:

    at RenderedRoute (C:\Users\brand\Development\Project_Workspace\active-development\learn_comptia_network+\node_modules\react-router\dist\umd\react-router.development.js:539:7)
    at Routes (C:\Users\brand\Development\Project_Workspace\active-development\learn_comptia_network+\node_modules\react-router\dist\umd\react-router.development.js:1273:7)
    at Router (C:\Users\brand\Development\Project_Workspace\active-development\learn_comptia_network+\node_modules\react-router\dist\umd\react-router.development.js:1207:17)
    at BrowserRouter (C:\Users\brand\Development\Project_Workspace\active-development\learn_comptia_network+\node_modules\react-router-dom\dist\umd\react-router-dom.development.js:695:7)

Consider adding an error boundary to your tree to customize error handling behavior.
Visit https://reactjs.org/link/error-boundaries to learn more about error boundaries.

[90mstderr[2m | tests/integration/navigation.test.tsx[2m > [22m[2mNavigation Integration[2m > [22m[2mNavigation Accessibility[2m > [22m[2mshould have proper aria-labels
[22m[39mWarning: React.jsx: type is invalid -- expected a string (for built-in components) or a class/function (for composite components) but got: undefined. You likely forgot to export your component from the file it's defined in, or you might have mixed up default and named imports.

Check your code at navigation.test.tsx:27.
Error: Uncaught [Error: Element type is invalid: expected a string (for built-in components) or a class/function (for composite components) but got: undefined. You likely forgot to export your component from the file it's defined in, or you might have mixed up default and named imports.]
    at reportException (C:\Users\brand\Development\Project_Workspace\active-development\learn_comptia_network+\node_modules\jsdom\lib\jsdom\living\helpers\runtime-script-errors.js:66:24)
    at innerInvokeEventListeners (C:\Users\brand\Development\Project_Workspace\active-development\learn_comptia_network+\node_modules\jsdom\lib\jsdom\living\events\EventTarget-impl.js:353:9)
    at invokeEventListeners (C:\Users\brand\Development\Project_Workspace\active-development\learn_comptia_network+\node_modules\jsdom\lib\jsdom\living\events\EventTarget-impl.js:286:3)
    at HTMLUnknownElementImpl._dispatch (C:\Users\brand\Development\Project_Workspace\active-development\learn_comptia_network+\node_modules\jsdom\lib\jsdom\living\events\EventTarget-impl.js:233:9)
    at HTMLUnknownElementImpl.dispatchEvent (C:\Users\brand\Development\Project_Workspace\active-development\learn_comptia_network+\node_modules\jsdom\lib\jsdom\living\events\EventTarget-impl.js:104:17)
    at HTMLUnknownElement.dispatchEvent (C:\Users\brand\Development\Project_Workspace\active-development\learn_comptia_network+\node_modules\jsdom\lib\jsdom\living\generated\EventTarget.js:241:34)
    at Object.invokeGuardedCallbackDev (C:\Users\brand\Development\Project_Workspace\active-development\learn_comptia_network+\node_modules\react-dom\cjs\react-dom.development.js:4213:16)
    at invokeGuardedCallback (C:\Users\brand\Development\Project_Workspace\active-development\learn_comptia_network+\node_modules\react-dom\cjs\react-dom.development.js:4277:31)
    at beginWork$1 (C:\Users\brand\Development\Project_Workspace\active-development\learn_comptia_network+\node_modules\react-dom\cjs\react-dom.development.js:27490:7)
    at performUnitOfWork (C:\Users\brand\Development\Project_Workspace\active-development\learn_comptia_network+\node_modules\react-dom\cjs\react-dom.development.js:26599:12) Error: Element type is invalid: expected a string (for built-in components) or a class/function (for composite components) but got: undefined. You likely forgot to export your component from the file it's defined in, or you might have mixed up default and named imports.
    at createFiberFromTypeAndProps [90m(C:\Users\brand\Development\Project_Workspace\active-development\learn_comptia_network+\[39mnode_modules\[4mreact-dom[24m\cjs\react-dom.development.js:28478:17[90m)[39m
    at createFiberFromElement [90m(C:\Users\brand\Development\Project_Workspace\active-development\learn_comptia_network+\[39mnode_modules\[4mreact-dom[24m\cjs\react-dom.development.js:28504:15[90m)[39m
    at reconcileSingleElement [90m(C:\Users\brand\Development\Project_Workspace\active-development\learn_comptia_network+\[39mnode_modules\[4mreact-dom[24m\cjs\react-dom.development.js:13986:23[90m)[39m
    at reconcileChildFibers [90m(C:\Users\brand\Development\Project_Workspace\active-development\learn_comptia_network+\[39mnode_modules\[4mreact-dom[24m\cjs\react-dom.development.js:14044:35[90m)[39m
    at reconcileChildren [90m(C:\Users\brand\Development\Project_Workspace\active-development\learn_comptia_network+\[39mnode_modules\[4mreact-dom[24m\cjs\react-dom.development.js:19186:28[90m)[39m
    at updateContextProvider [90m(C:\Users\brand\Development\Project_Workspace\active-development\learn_comptia_network+\[39mnode_modules\[4mreact-dom[24m\cjs\react-dom.development.js:21193:3[90m)[39m
    at beginWork [90m(C:\Users\brand\Development\Project_Workspace\active-development\learn_comptia_network+\[39mnode_modules\[4mreact-dom[24m\cjs\react-dom.development.js:21688:14[90m)[39m
    at HTMLUnknownElement.callCallback [90m(C:\Users\brand\Development\Project_Workspace\active-development\learn_comptia_network+\[39mnode_modules\[4mreact-dom[24m\cjs\react-dom.development.js:4164:14[90m)[39m
    at HTMLUnknownElement.callTheUserObjectsOperation [90m(C:\Users\brand\Development\Project_Workspace\active-development\learn_comptia_network+\[39mnode_modules\[4mjsdom[24m\lib\jsdom\living\generated\EventListener.js:26:30[90m)[39m
    at innerInvokeEventListeners [90m(C:\Users\brand\Development\Project_Workspace\active-development\learn_comptia_network+\[39mnode_modules\[4mjsdom[24m\lib\jsdom\living\events\EventTarget-impl.js:350:25[90m)[39m
Error: Uncaught [Error: Element type is invalid: expected a string (for built-in components) or a class/function (for composite components) but got: undefined. You likely forgot to export your component from the file it's defined in, or you might have mixed up default and named imports.]
    at reportException (C:\Users\brand\Development\Project_Workspace\active-development\learn_comptia_network+\node_modules\jsdom\lib\jsdom\living\helpers\runtime-script-errors.js:66:24)
    at innerInvokeEventListeners (C:\Users\brand\Development\Project_Workspace\active-development\learn_comptia_network+\node_modules\jsdom\lib\jsdom\living\events\EventTarget-impl.js:353:9)
    at invokeEventListeners (C:\Users\brand\Development\Project_Workspace\active-development\learn_comptia_network+\node_modules\jsdom\lib\jsdom\living\events\EventTarget-impl.js:286:3)
    at HTMLUnknownElementImpl._dispatch (C:\Users\brand\Development\Project_Workspace\active-development\learn_comptia_network+\node_modules\jsdom\lib\jsdom\living\events\EventTarget-impl.js:233:9)
    at HTMLUnknownElementImpl.dispatchEvent (C:\Users\brand\Development\Project_Workspace\active-development\learn_comptia_network+\node_modules\jsdom\lib\jsdom\living\events\EventTarget-impl.js:104:17)
    at HTMLUnknownElement.dispatchEvent (C:\Users\brand\Development\Project_Workspace\active-development\learn_comptia_network+\node_modules\jsdom\lib\jsdom\living\generated\EventTarget.js:241:34)
    at Object.invokeGuardedCallbackDev (C:\Users\brand\Development\Project_Workspace\active-development\learn_comptia_network+\node_modules\react-dom\cjs\react-dom.development.js:4213:16)
    at invokeGuardedCallback (C:\Users\brand\Development\Project_Workspace\active-development\learn_comptia_network+\node_modules\react-dom\cjs\react-dom.development.js:4277:31)
    at beginWork$1 (C:\Users\brand\Development\Project_Workspace\active-development\learn_comptia_network+\node_modules\react-dom\cjs\react-dom.development.js:27490:7)
    at performUnitOfWork (C:\Users\brand\Development\Project_Workspace\active-development\learn_comptia_network+\node_modules\react-dom\cjs\react-dom.development.js:26599:12) Error: Element type is invalid: expected a string (for built-in components) or a class/function (for composite components) but got: undefined. You likely forgot to export your component from the file it's defined in, or you might have mixed up default and named imports.
    at createFiberFromTypeAndProps [90m(C:\Users\brand\Development\Project_Workspace\active-development\learn_comptia_network+\[39mnode_modules\[4mreact-dom[24m\cjs\react-dom.development.js:28478:17[90m)[39m
    at createFiberFromElement [90m(C:\Users\brand\Development\Project_Workspace\active-development\learn_comptia_network+\[39mnode_modules\[4mreact-dom[24m\cjs\react-dom.development.js:28504:15[90m)[39m
    at reconcileSingleElement [90m(C:\Users\brand\Development\Project_Workspace\active-development\learn_comptia_network+\[39mnode_modules\[4mreact-dom[24m\cjs\react-dom.development.js:13986:23[90m)[39m
    at reconcileChildFibers [90m(C:\Users\brand\Development\Project_Workspace\active-development\learn_comptia_network+\[39mnode_modules\[4mreact-dom[24m\cjs\react-dom.development.js:14044:35[90m)[39m
    at reconcileChildren [90m(C:\Users\brand\Development\Project_Workspace\active-development\learn_comptia_network+\[39mnode_modules\[4mreact-dom[24m\cjs\react-dom.development.js:19186:28[90m)[39m
    at updateContextProvider [90m(C:\Users\brand\Development\Project_Workspace\active-development\learn_comptia_network+\[39mnode_modules\[4mreact-dom[24m\cjs\react-dom.development.js:21193:3[90m)[39m
    at beginWork [90m(C:\Users\brand\Development\Project_Workspace\active-development\learn_comptia_network+\[39mnode_modules\[4mreact-dom[24m\cjs\react-dom.development.js:21688:14[90m)[39m
    at HTMLUnknownElement.callCallback [90m(C:\Users\brand\Development\Project_Workspace\active-development\learn_comptia_network+\[39mnode_modules\[4mreact-dom[24m\cjs\react-dom.development.js:4164:14[90m)[39m
    at HTMLUnknownElement.callTheUserObjectsOperation [90m(C:\Users\brand\Development\Project_Workspace\active-development\learn_comptia_network+\[39mnode_modules\[4mjsdom[24m\lib\jsdom\living\generated\EventListener.js:26:30[90m)[39m
    at innerInvokeEventListeners [90m(C:\Users\brand\Development\Project_Workspace\active-development\learn_comptia_network+\[39mnode_modules\[4mjsdom[24m\lib\jsdom\living\events\EventTarget-impl.js:350:25[90m)[39m
The above error occurred in the <Route.Provider> component:

    at RenderedRoute (C:\Users\brand\Development\Project_Workspace\active-development\learn_comptia_network+\node_modules\react-router\dist\umd\react-router.development.js:539:7)
    at Routes (C:\Users\brand\Development\Project_Workspace\active-development\learn_comptia_network+\node_modules\react-router\dist\umd\react-router.development.js:1273:7)
    at Router (C:\Users\brand\Development\Project_Workspace\active-development\learn_comptia_network+\node_modules\react-router\dist\umd\react-router.development.js:1207:17)
    at BrowserRouter (C:\Users\brand\Development\Project_Workspace\active-development\learn_comptia_network+\node_modules\react-router-dom\dist\umd\react-router-dom.development.js:695:7)

Consider adding an error boundary to your tree to customize error handling behavior.
Visit https://reactjs.org/link/error-boundaries to learn more about error boundaries.

[90mstderr[2m | tests/integration/navigation.test.tsx[2m > [22m[2mNavigation Integration[2m > [22m[2mNavigation Accessibility[2m > [22m[2mshould announce route changes to screen readers
[22m[39mWarning: React.jsx: type is invalid -- expected a string (for built-in components) or a class/function (for composite components) but got: undefined. You likely forgot to export your component from the file it's defined in, or you might have mixed up default and named imports.

Check your code at navigation.test.tsx:27.
Error: Uncaught [Error: Element type is invalid: expected a string (for built-in components) or a class/function (for composite components) but got: undefined. You likely forgot to export your component from the file it's defined in, or you might have mixed up default and named imports.]
    at reportException (C:\Users\brand\Development\Project_Workspace\active-development\learn_comptia_network+\node_modules\jsdom\lib\jsdom\living\helpers\runtime-script-errors.js:66:24)
    at innerInvokeEventListeners (C:\Users\brand\Development\Project_Workspace\active-development\learn_comptia_network+\node_modules\jsdom\lib\jsdom\living\events\EventTarget-impl.js:353:9)
    at invokeEventListeners (C:\Users\brand\Development\Project_Workspace\active-development\learn_comptia_network+\node_modules\jsdom\lib\jsdom\living\events\EventTarget-impl.js:286:3)
    at HTMLUnknownElementImpl._dispatch (C:\Users\brand\Development\Project_Workspace\active-development\learn_comptia_network+\node_modules\jsdom\lib\jsdom\living\events\EventTarget-impl.js:233:9)
    at HTMLUnknownElementImpl.dispatchEvent (C:\Users\brand\Development\Project_Workspace\active-development\learn_comptia_network+\node_modules\jsdom\lib\jsdom\living\events\EventTarget-impl.js:104:17)
    at HTMLUnknownElement.dispatchEvent (C:\Users\brand\Development\Project_Workspace\active-development\learn_comptia_network+\node_modules\jsdom\lib\jsdom\living\generated\EventTarget.js:241:34)
    at Object.invokeGuardedCallbackDev (C:\Users\brand\Development\Project_Workspace\active-development\learn_comptia_network+\node_modules\react-dom\cjs\react-dom.development.js:4213:16)
    at invokeGuardedCallback (C:\Users\brand\Development\Project_Workspace\active-development\learn_comptia_network+\node_modules\react-dom\cjs\react-dom.development.js:4277:31)
    at beginWork$1 (C:\Users\brand\Development\Project_Workspace\active-development\learn_comptia_network+\node_modules\react-dom\cjs\react-dom.development.js:27490:7)
    at performUnitOfWork (C:\Users\brand\Development\Project_Workspace\active-development\learn_comptia_network+\node_modules\react-dom\cjs\react-dom.development.js:26599:12) Error: Element type is invalid: expected a string (for built-in components) or a class/function (for composite components) but got: undefined. You likely forgot to export your component from the file it's defined in, or you might have mixed up default and named imports.
    at createFiberFromTypeAndProps [90m(C:\Users\brand\Development\Project_Workspace\active-development\learn_comptia_network+\[39mnode_modules\[4mreact-dom[24m\cjs\react-dom.development.js:28478:17[90m)[39m
    at createFiberFromElement [90m(C:\Users\brand\Development\Project_Workspace\active-development\learn_comptia_network+\[39mnode_modules\[4mreact-dom[24m\cjs\react-dom.development.js:28504:15[90m)[39m
    at reconcileSingleElement [90m(C:\Users\brand\Development\Project_Workspace\active-development\learn_comptia_network+\[39mnode_modules\[4mreact-dom[24m\cjs\react-dom.development.js:13986:23[90m)[39m
    at reconcileChildFibers [90m(C:\Users\brand\Development\Project_Workspace\active-development\learn_comptia_network+\[39mnode_modules\[4mreact-dom[24m\cjs\react-dom.development.js:14044:35[90m)[39m
    at reconcileChildren [90m(C:\Users\brand\Development\Project_Workspace\active-development\learn_comptia_network+\[39mnode_modules\[4mreact-dom[24m\cjs\react-dom.development.js:19186:28[90m)[39m
    at updateContextProvider [90m(C:\Users\brand\Development\Project_Workspace\active-development\learn_comptia_network+\[39mnode_modules\[4mreact-dom[24m\cjs\react-dom.development.js:21193:3[90m)[39m
    at beginWork [90m(C:\Users\brand\Development\Project_Workspace\active-development\learn_comptia_network+\[39mnode_modules\[4mreact-dom[24m\cjs\react-dom.development.js:21688:14[90m)[39m
    at HTMLUnknownElement.callCallback [90m(C:\Users\brand\Development\Project_Workspace\active-development\learn_comptia_network+\[39mnode_modules\[4mreact-dom[24m\cjs\react-dom.development.js:4164:14[90m)[39m
    at HTMLUnknownElement.callTheUserObjectsOperation [90m(C:\Users\brand\Development\Project_Workspace\active-development\learn_comptia_network+\[39mnode_modules\[4mjsdom[24m\lib\jsdom\living\generated\EventListener.js:26:30[90m)[39m
    at innerInvokeEventListeners [90m(C:\Users\brand\Development\Project_Workspace\active-development\learn_comptia_network+\[39mnode_modules\[4mjsdom[24m\lib\jsdom\living\events\EventTarget-impl.js:350:25[90m)[39m
Error: Uncaught [Error: Element type is invalid: expected a string (for built-in components) or a class/function (for composite components) but got: undefined. You likely forgot to export your component from the file it's defined in, or you might have mixed up default and named imports.]
    at reportException (C:\Users\brand\Development\Project_Workspace\active-development\learn_comptia_network+\node_modules\jsdom\lib\jsdom\living\helpers\runtime-script-errors.js:66:24)
    at innerInvokeEventListeners (C:\Users\brand\Development\Project_Workspace\active-development\learn_comptia_network+\node_modules\jsdom\lib\jsdom\living\events\EventTarget-impl.js:353:9)
    at invokeEventListeners (C:\Users\brand\Development\Project_Workspace\active-development\learn_comptia_network+\node_modules\jsdom\lib\jsdom\living\events\EventTarget-impl.js:286:3)
    at HTMLUnknownElementImpl._dispatch (C:\Users\brand\Development\Project_Workspace\active-development\learn_comptia_network+\node_modules\jsdom\lib\jsdom\living\events\EventTarget-impl.js:233:9)
    at HTMLUnknownElementImpl.dispatchEvent (C:\Users\brand\Development\Project_Workspace\active-development\learn_comptia_network+\node_modules\jsdom\lib\jsdom\living\events\EventTarget-impl.js:104:17)
    at HTMLUnknownElement.dispatchEvent (C:\Users\brand\Development\Project_Workspace\active-development\learn_comptia_network+\node_modules\jsdom\lib\jsdom\living\generated\EventTarget.js:241:34)
    at Object.invokeGuardedCallbackDev (C:\Users\brand\Development\Project_Workspace\active-development\learn_comptia_network+\node_modules\react-dom\cjs\react-dom.development.js:4213:16)
    at invokeGuardedCallback (C:\Users\brand\Development\Project_Workspace\active-development\learn_comptia_network+\node_modules\react-dom\cjs\react-dom.development.js:4277:31)
    at beginWork$1 (C:\Users\brand\Development\Project_Workspace\active-development\learn_comptia_network+\node_modules\react-dom\cjs\react-dom.development.js:27490:7)
    at performUnitOfWork (C:\Users\brand\Development\Project_Workspace\active-development\learn_comptia_network+\node_modules\react-dom\cjs\react-dom.development.js:26599:12) Error: Element type is invalid: expected a string (for built-in components) or a class/function (for composite components) but got: undefined. You likely forgot to export your component from the file it's defined in, or you might have mixed up default and named imports.
    at createFiberFromTypeAndProps [90m(C:\Users\brand\Development\Project_Workspace\active-development\learn_comptia_network+\[39mnode_modules\[4mreact-dom[24m\cjs\react-dom.development.js:28478:17[90m)[39m
    at createFiberFromElement [90m(C:\Users\brand\Development\Project_Workspace\active-development\learn_comptia_network+\[39mnode_modules\[4mreact-dom[24m\cjs\react-dom.development.js:28504:15[90m)[39m
    at reconcileSingleElement [90m(C:\Users\brand\Development\Project_Workspace\active-development\learn_comptia_network+\[39mnode_modules\[4mreact-dom[24m\cjs\react-dom.development.js:13986:23[90m)[39m
    at reconcileChildFibers [90m(C:\Users\brand\Development\Project_Workspace\active-development\learn_comptia_network+\[39mnode_modules\[4mreact-dom[24m\cjs\react-dom.development.js:14044:35[90m)[39m
    at reconcileChildren [90m(C:\Users\brand\Development\Project_Workspace\active-development\learn_comptia_network+\[39mnode_modules\[4mreact-dom[24m\cjs\react-dom.development.js:19186:28[90m)[39m
    at updateContextProvider [90m(C:\Users\brand\Development\Project_Workspace\active-development\learn_comptia_network+\[39mnode_modules\[4mreact-dom[24m\cjs\react-dom.development.js:21193:3[90m)[39m
    at beginWork [90m(C:\Users\brand\Development\Project_Workspace\active-development\learn_comptia_network+\[39mnode_modules\[4mreact-dom[24m\cjs\react-dom.development.js:21688:14[90m)[39m
    at HTMLUnknownElement.callCallback [90m(C:\Users\brand\Development\Project_Workspace\active-development\learn_comptia_network+\[39mnode_modules\[4mreact-dom[24m\cjs\react-dom.development.js:4164:14[90m)[39m
    at HTMLUnknownElement.callTheUserObjectsOperation [90m(C:\Users\brand\Development\Project_Workspace\active-development\learn_comptia_network+\[39mnode_modules\[4mjsdom[24m\lib\jsdom\living\generated\EventListener.js:26:30[90m)[39m
    at innerInvokeEventListeners [90m(C:\Users\brand\Development\Project_Workspace\active-development\learn_comptia_network+\[39mnode_modules\[4mjsdom[24m\lib\jsdom\living\events\EventTarget-impl.js:350:25[90m)[39m
The above error occurred in the <Route.Provider> component:

    at RenderedRoute (C:\Users\brand\Development\Project_Workspace\active-development\learn_comptia_network+\node_modules\react-router\dist\umd\react-router.development.js:539:7)
    at Routes (C:\Users\brand\Development\Project_Workspace\active-development\learn_comptia_network+\node_modules\react-router\dist\umd\react-router.development.js:1273:7)
    at Router (C:\Users\brand\Development\Project_Workspace\active-development\learn_comptia_network+\node_modules\react-router\dist\umd\react-router.development.js:1207:17)
    at BrowserRouter (C:\Users\brand\Development\Project_Workspace\active-development\learn_comptia_network+\node_modules\react-router-dom\dist\umd\react-router-dom.development.js:695:7)

Consider adding an error boundary to your tree to customize error handling behavior.
Visit https://reactjs.org/link/error-boundaries to learn more about error boundaries.

[90mstderr[2m | tests/integration/navigation.test.tsx[2m > [22m[2mNavigation Integration[2m > [22m[2mNavigation Performance[2m > [22m[2mshould navigate quickly
[22m[39mWarning: React.jsx: type is invalid -- expected a string (for built-in components) or a class/function (for composite components) but got: undefined. You likely forgot to export your component from the file it's defined in, or you might have mixed up default and named imports.

Check your code at navigation.test.tsx:27.
Error: Uncaught [Error: Element type is invalid: expected a string (for built-in components) or a class/function (for composite components) but got: undefined. You likely forgot to export your component from the file it's defined in, or you might have mixed up default and named imports.]
    at reportException (C:\Users\brand\Development\Project_Workspace\active-development\learn_comptia_network+\node_modules\jsdom\lib\jsdom\living\helpers\runtime-script-errors.js:66:24)
    at innerInvokeEventListeners (C:\Users\brand\Development\Project_Workspace\active-development\learn_comptia_network+\node_modules\jsdom\lib\jsdom\living\events\EventTarget-impl.js:353:9)
    at invokeEventListeners (C:\Users\brand\Development\Project_Workspace\active-development\learn_comptia_network+\node_modules\jsdom\lib\jsdom\living\events\EventTarget-impl.js:286:3)
    at HTMLUnknownElementImpl._dispatch (C:\Users\brand\Development\Project_Workspace\active-development\learn_comptia_network+\node_modules\jsdom\lib\jsdom\living\events\EventTarget-impl.js:233:9)
    at HTMLUnknownElementImpl.dispatchEvent (C:\Users\brand\Development\Project_Workspace\active-development\learn_comptia_network+\node_modules\jsdom\lib\jsdom\living\events\EventTarget-impl.js:104:17)
    at HTMLUnknownElement.dispatchEvent (C:\Users\brand\Development\Project_Workspace\active-development\learn_comptia_network+\node_modules\jsdom\lib\jsdom\living\generated\EventTarget.js:241:34)
    at Object.invokeGuardedCallbackDev (C:\Users\brand\Development\Project_Workspace\active-development\learn_comptia_network+\node_modules\react-dom\cjs\react-dom.development.js:4213:16)
    at invokeGuardedCallback (C:\Users\brand\Development\Project_Workspace\active-development\learn_comptia_network+\node_modules\react-dom\cjs\react-dom.development.js:4277:31)
    at beginWork$1 (C:\Users\brand\Development\Project_Workspace\active-development\learn_comptia_network+\node_modules\react-dom\cjs\react-dom.development.js:27490:7)
    at performUnitOfWork (C:\Users\brand\Development\Project_Workspace\active-development\learn_comptia_network+\node_modules\react-dom\cjs\react-dom.development.js:26599:12) Error: Element type is invalid: expected a string (for built-in components) or a class/function (for composite components) but got: undefined. You likely forgot to export your component from the file it's defined in, or you might have mixed up default and named imports.
    at createFiberFromTypeAndProps [90m(C:\Users\brand\Development\Project_Workspace\active-development\learn_comptia_network+\[39mnode_modules\[4mreact-dom[24m\cjs\react-dom.development.js:28478:17[90m)[39m
    at createFiberFromElement [90m(C:\Users\brand\Development\Project_Workspace\active-development\learn_comptia_network+\[39mnode_modules\[4mreact-dom[24m\cjs\react-dom.development.js:28504:15[90m)[39m
    at reconcileSingleElement [90m(C:\Users\brand\Development\Project_Workspace\active-development\learn_comptia_network+\[39mnode_modules\[4mreact-dom[24m\cjs\react-dom.development.js:13986:23[90m)[39m
    at reconcileChildFibers [90m(C:\Users\brand\Development\Project_Workspace\active-development\learn_comptia_network+\[39mnode_modules\[4mreact-dom[24m\cjs\react-dom.development.js:14044:35[90m)[39m
    at reconcileChildren [90m(C:\Users\brand\Development\Project_Workspace\active-development\learn_comptia_network+\[39mnode_modules\[4mreact-dom[24m\cjs\react-dom.development.js:19186:28[90m)[39m
    at updateContextProvider [90m(C:\Users\brand\Development\Project_Workspace\active-development\learn_comptia_network+\[39mnode_modules\[4mreact-dom[24m\cjs\react-dom.development.js:21193:3[90m)[39m
    at beginWork [90m(C:\Users\brand\Development\Project_Workspace\active-development\learn_comptia_network+\[39mnode_modules\[4mreact-dom[24m\cjs\react-dom.development.js:21688:14[90m)[39m
    at HTMLUnknownElement.callCallback [90m(C:\Users\brand\Development\Project_Workspace\active-development\learn_comptia_network+\[39mnode_modules\[4mreact-dom[24m\cjs\react-dom.development.js:4164:14[90m)[39m
    at HTMLUnknownElement.callTheUserObjectsOperation [90m(C:\Users\brand\Development\Project_Workspace\active-development\learn_comptia_network+\[39mnode_modules\[4mjsdom[24m\lib\jsdom\living\generated\EventListener.js:26:30[90m)[39m
    at innerInvokeEventListeners [90m(C:\Users\brand\Development\Project_Workspace\active-development\learn_comptia_network+\[39mnode_modules\[4mjsdom[24m\lib\jsdom\living\events\EventTarget-impl.js:350:25[90m)[39m
Error: Uncaught [Error: Element type is invalid: expected a string (for built-in components) or a class/function (for composite components) but got: undefined. You likely forgot to export your component from the file it's defined in, or you might have mixed up default and named imports.]
    at reportException (C:\Users\brand\Development\Project_Workspace\active-development\learn_comptia_network+\node_modules\jsdom\lib\jsdom\living\helpers\runtime-script-errors.js:66:24)
    at innerInvokeEventListeners (C:\Users\brand\Development\Project_Workspace\active-development\learn_comptia_network+\node_modules\jsdom\lib\jsdom\living\events\EventTarget-impl.js:353:9)
    at invokeEventListeners (C:\Users\brand\Development\Project_Workspace\active-development\learn_comptia_network+\node_modules\jsdom\lib\jsdom\living\events\EventTarget-impl.js:286:3)
    at HTMLUnknownElementImpl._dispatch (C:\Users\brand\Development\Project_Workspace\active-development\learn_comptia_network+\node_modules\jsdom\lib\jsdom\living\events\EventTarget-impl.js:233:9)
    at HTMLUnknownElementImpl.dispatchEvent (C:\Users\brand\Development\Project_Workspace\active-development\learn_comptia_network+\node_modules\jsdom\lib\jsdom\living\events\EventTarget-impl.js:104:17)
    at HTMLUnknownElement.dispatchEvent (C:\Users\brand\Development\Project_Workspace\active-development\learn_comptia_network+\node_modules\jsdom\lib\jsdom\living\generated\EventTarget.js:241:34)
    at Object.invokeGuardedCallbackDev (C:\Users\brand\Development\Project_Workspace\active-development\learn_comptia_network+\node_modules\react-dom\cjs\react-dom.development.js:4213:16)
    at invokeGuardedCallback (C:\Users\brand\Development\Project_Workspace\active-development\learn_comptia_network+\node_modules\react-dom\cjs\react-dom.development.js:4277:31)
    at beginWork$1 (C:\Users\brand\Development\Project_Workspace\active-development\learn_comptia_network+\node_modules\react-dom\cjs\react-dom.development.js:27490:7)
    at performUnitOfWork (C:\Users\brand\Development\Project_Workspace\active-development\learn_comptia_network+\node_modules\react-dom\cjs\react-dom.development.js:26599:12) Error: Element type is invalid: expected a string (for built-in components) or a class/function (for composite components) but got: undefined. You likely forgot to export your component from the file it's defined in, or you might have mixed up default and named imports.
    at createFiberFromTypeAndProps [90m(C:\Users\brand\Development\Project_Workspace\active-development\learn_comptia_network+\[39mnode_modules\[4mreact-dom[24m\cjs\react-dom.development.js:28478:17[90m)[39m
    at createFiberFromElement [90m(C:\Users\brand\Development\Project_Workspace\active-development\learn_comptia_network+\[39mnode_modules\[4mreact-dom[24m\cjs\react-dom.development.js:28504:15[90m)[39m
    at reconcileSingleElement [90m(C:\Users\brand\Development\Project_Workspace\active-development\learn_comptia_network+\[39mnode_modules\[4mreact-dom[24m\cjs\react-dom.development.js:13986:23[90m)[39m
    at reconcileChildFibers [90m(C:\Users\brand\Development\Project_Workspace\active-development\learn_comptia_network+\[39mnode_modules\[4mreact-dom[24m\cjs\react-dom.development.js:14044:35[90m)[39m
    at reconcileChildren [90m(C:\Users\brand\Development\Project_Workspace\active-development\learn_comptia_network+\[39mnode_modules\[4mreact-dom[24m\cjs\react-dom.development.js:19186:28[90m)[39m
    at updateContextProvider [90m(C:\Users\brand\Development\Project_Workspace\active-development\learn_comptia_network+\[39mnode_modules\[4mreact-dom[24m\cjs\react-dom.development.js:21193:3[90m)[39m
    at beginWork [90m(C:\Users\brand\Development\Project_Workspace\active-development\learn_comptia_network+\[39mnode_modules\[4mreact-dom[24m\cjs\react-dom.development.js:21688:14[90m)[39m
    at HTMLUnknownElement.callCallback [90m(C:\Users\brand\Development\Project_Workspace\active-development\learn_comptia_network+\[39mnode_modules\[4mreact-dom[24m\cjs\react-dom.development.js:4164:14[90m)[39m
    at HTMLUnknownElement.callTheUserObjectsOperation [90m(C:\Users\brand\Development\Project_Workspace\active-development\learn_comptia_network+\[39mnode_modules\[4mjsdom[24m\lib\jsdom\living\generated\EventListener.js:26:30[90m)[39m
    at innerInvokeEventListeners [90m(C:\Users\brand\Development\Project_Workspace\active-development\learn_comptia_network+\[39mnode_modules\[4mjsdom[24m\lib\jsdom\living\events\EventTarget-impl.js:350:25[90m)[39m
The above error occurred in the <Route.Provider> component:

    at RenderedRoute (C:\Users\brand\Development\Project_Workspace\active-development\learn_comptia_network+\node_modules\react-router\dist\umd\react-router.development.js:539:7)
    at Routes (C:\Users\brand\Development\Project_Workspace\active-development\learn_comptia_network+\node_modules\react-router\dist\umd\react-router.development.js:1273:7)
    at Router (C:\Users\brand\Development\Project_Workspace\active-development\learn_comptia_network+\node_modules\react-router\dist\umd\react-router.development.js:1207:17)
    at BrowserRouter (C:\Users\brand\Development\Project_Workspace\active-development\learn_comptia_network+\node_modules\react-router-dom\dist\umd\react-router-dom.development.js:695:7)

Consider adding an error boundary to your tree to customize error handling behavior.
Visit https://reactjs.org/link/error-boundaries to learn more about error boundaries.

[90mstderr[2m | tests/integration/navigation.test.tsx[2m > [22m[2mNavigation Integration[2m > [22m[2mNavigation Performance[2m > [22m[2mshould not cause memory leaks on repeated navigation
[22m[39mWarning: React.jsx: type is invalid -- expected a string (for built-in components) or a class/function (for composite components) but got: undefined. You likely forgot to export your component from the file it's defined in, or you might have mixed up default and named imports.

Check your code at navigation.test.tsx:27.
Error: Uncaught [Error: Element type is invalid: expected a string (for built-in components) or a class/function (for composite components) but got: undefined. You likely forgot to export your component from the file it's defined in, or you might have mixed up default and named imports.]
    at reportException (C:\Users\brand\Development\Project_Workspace\active-development\learn_comptia_network+\node_modules\jsdom\lib\jsdom\living\helpers\runtime-script-errors.js:66:24)
    at innerInvokeEventListeners (C:\Users\brand\Development\Project_Workspace\active-development\learn_comptia_network+\node_modules\jsdom\lib\jsdom\living\events\EventTarget-impl.js:353:9)
    at invokeEventListeners (C:\Users\brand\Development\Project_Workspace\active-development\learn_comptia_network+\node_modules\jsdom\lib\jsdom\living\events\EventTarget-impl.js:286:3)
    at HTMLUnknownElementImpl._dispatch (C:\Users\brand\Development\Project_Workspace\active-development\learn_comptia_network+\node_modules\jsdom\lib\jsdom\living\events\EventTarget-impl.js:233:9)
    at HTMLUnknownElementImpl.dispatchEvent (C:\Users\brand\Development\Project_Workspace\active-development\learn_comptia_network+\node_modules\jsdom\lib\jsdom\living\events\EventTarget-impl.js:104:17)
    at HTMLUnknownElement.dispatchEvent (C:\Users\brand\Development\Project_Workspace\active-development\learn_comptia_network+\node_modules\jsdom\lib\jsdom\living\generated\EventTarget.js:241:34)
    at Object.invokeGuardedCallbackDev (C:\Users\brand\Development\Project_Workspace\active-development\learn_comptia_network+\node_modules\react-dom\cjs\react-dom.development.js:4213:16)
    at invokeGuardedCallback (C:\Users\brand\Development\Project_Workspace\active-development\learn_comptia_network+\node_modules\react-dom\cjs\react-dom.development.js:4277:31)
    at beginWork$1 (C:\Users\brand\Development\Project_Workspace\active-development\learn_comptia_network+\node_modules\react-dom\cjs\react-dom.development.js:27490:7)
    at performUnitOfWork (C:\Users\brand\Development\Project_Workspace\active-development\learn_comptia_network+\node_modules\react-dom\cjs\react-dom.development.js:26599:12) Error: Element type is invalid: expected a string (for built-in components) or a class/function (for composite components) but got: undefined. You likely forgot to export your component from the file it's defined in, or you might have mixed up default and named imports.
    at createFiberFromTypeAndProps [90m(C:\Users\brand\Development\Project_Workspace\active-development\learn_comptia_network+\[39mnode_modules\[4mreact-dom[24m\cjs\react-dom.development.js:28478:17[90m)[39m
    at createFiberFromElement [90m(C:\Users\brand\Development\Project_Workspace\active-development\learn_comptia_network+\[39mnode_modules\[4mreact-dom[24m\cjs\react-dom.development.js:28504:15[90m)[39m
    at reconcileSingleElement [90m(C:\Users\brand\Development\Project_Workspace\active-development\learn_comptia_network+\[39mnode_modules\[4mreact-dom[24m\cjs\react-dom.development.js:13986:23[90m)[39m
    at reconcileChildFibers [90m(C:\Users\brand\Development\Project_Workspace\active-development\learn_comptia_network+\[39mnode_modules\[4mreact-dom[24m\cjs\react-dom.development.js:14044:35[90m)[39m
    at reconcileChildren [90m(C:\Users\brand\Development\Project_Workspace\active-development\learn_comptia_network+\[39mnode_modules\[4mreact-dom[24m\cjs\react-dom.development.js:19186:28[90m)[39m
    at updateContextProvider [90m(C:\Users\brand\Development\Project_Workspace\active-development\learn_comptia_network+\[39mnode_modules\[4mreact-dom[24m\cjs\react-dom.development.js:21193:3[90m)[39m
    at beginWork [90m(C:\Users\brand\Development\Project_Workspace\active-development\learn_comptia_network+\[39mnode_modules\[4mreact-dom[24m\cjs\react-dom.development.js:21688:14[90m)[39m
    at HTMLUnknownElement.callCallback [90m(C:\Users\brand\Development\Project_Workspace\active-development\learn_comptia_network+\[39mnode_modules\[4mreact-dom[24m\cjs\react-dom.development.js:4164:14[90m)[39m
    at HTMLUnknownElement.callTheUserObjectsOperation [90m(C:\Users\brand\Development\Project_Workspace\active-development\learn_comptia_network+\[39mnode_modules\[4mjsdom[24m\lib\jsdom\living\generated\EventListener.js:26:30[90m)[39m
    at innerInvokeEventListeners [90m(C:\Users\brand\Development\Project_Workspace\active-development\learn_comptia_network+\[39mnode_modules\[4mjsdom[24m\lib\jsdom\living\events\EventTarget-impl.js:350:25[90m)[39m
Error: Uncaught [Error: Element type is invalid: expected a string (for built-in components) or a class/function (for composite components) but got: undefined. You likely forgot to export your component from the file it's defined in, or you might have mixed up default and named imports.]
    at reportException (C:\Users\brand\Development\Project_Workspace\active-development\learn_comptia_network+\node_modules\jsdom\lib\jsdom\living\helpers\runtime-script-errors.js:66:24)
    at innerInvokeEventListeners (C:\Users\brand\Development\Project_Workspace\active-development\learn_comptia_network+\node_modules\jsdom\lib\jsdom\living\events\EventTarget-impl.js:353:9)
    at invokeEventListeners (C:\Users\brand\Development\Project_Workspace\active-development\learn_comptia_network+\node_modules\jsdom\lib\jsdom\living\events\EventTarget-impl.js:286:3)
    at HTMLUnknownElementImpl._dispatch (C:\Users\brand\Development\Project_Workspace\active-development\learn_comptia_network+\node_modules\jsdom\lib\jsdom\living\events\EventTarget-impl.js:233:9)
    at HTMLUnknownElementImpl.dispatchEvent (C:\Users\brand\Development\Project_Workspace\active-development\learn_comptia_network+\node_modules\jsdom\lib\jsdom\living\events\EventTarget-impl.js:104:17)
    at HTMLUnknownElement.dispatchEvent (C:\Users\brand\Development\Project_Workspace\active-development\learn_comptia_network+\node_modules\jsdom\lib\jsdom\living\generated\EventTarget.js:241:34)
    at Object.invokeGuardedCallbackDev (C:\Users\brand\Development\Project_Workspace\active-development\learn_comptia_network+\node_modules\react-dom\cjs\react-dom.development.js:4213:16)
    at invokeGuardedCallback (C:\Users\brand\Development\Project_Workspace\active-development\learn_comptia_network+\node_modules\react-dom\cjs\react-dom.development.js:4277:31)
    at beginWork$1 (C:\Users\brand\Development\Project_Workspace\active-development\learn_comptia_network+\node_modules\react-dom\cjs\react-dom.development.js:27490:7)
    at performUnitOfWork (C:\Users\brand\Development\Project_Workspace\active-development\learn_comptia_network+\node_modules\react-dom\cjs\react-dom.development.js:26599:12) Error: Element type is invalid: expected a string (for built-in components) or a class/function (for composite components) but got: undefined. You likely forgot to export your component from the file it's defined in, or you might have mixed up default and named imports.
    at createFiberFromTypeAndProps [90m(C:\Users\brand\Development\Project_Workspace\active-development\learn_comptia_network+\[39mnode_modules\[4mreact-dom[24m\cjs\react-dom.development.js:28478:17[90m)[39m
    at createFiberFromElement [90m(C:\Users\brand\Development\Project_Workspace\active-development\learn_comptia_network+\[39mnode_modules\[4mreact-dom[24m\cjs\react-dom.development.js:28504:15[90m)[39m
    at reconcileSingleElement [90m(C:\Users\brand\Development\Project_Workspace\active-development\learn_comptia_network+\[39mnode_modules\[4mreact-dom[24m\cjs\react-dom.development.js:13986:23[90m)[39m
    at reconcileChildFibers [90m(C:\Users\brand\Development\Project_Workspace\active-development\learn_comptia_network+\[39mnode_modules\[4mreact-dom[24m\cjs\react-dom.development.js:14044:35[90m)[39m
    at reconcileChildren [90m(C:\Users\brand\Development\Project_Workspace\active-development\learn_comptia_network+\[39mnode_modules\[4mreact-dom[24m\cjs\react-dom.development.js:19186:28[90m)[39m
    at updateContextProvider [90m(C:\Users\brand\Development\Project_Workspace\active-development\learn_comptia_network+\[39mnode_modules\[4mreact-dom[24m\cjs\react-dom.development.js:21193:3[90m)[39m
    at beginWork [90m(C:\Users\brand\Development\Project_Workspace\active-development\learn_comptia_network+\[39mnode_modules\[4mreact-dom[24m\cjs\react-dom.development.js:21688:14[90m)[39m
    at HTMLUnknownElement.callCallback [90m(C:\Users\brand\Development\Project_Workspace\active-development\learn_comptia_network+\[39mnode_modules\[4mreact-dom[24m\cjs\react-dom.development.js:4164:14[90m)[39m
    at HTMLUnknownElement.callTheUserObjectsOperation [90m(C:\Users\brand\Development\Project_Workspace\active-development\learn_comptia_network+\[39mnode_modules\[4mjsdom[24m\lib\jsdom\living\generated\EventListener.js:26:30[90m)[39m
    at innerInvokeEventListeners [90m(C:\Users\brand\Development\Project_Workspace\active-development\learn_comptia_network+\[39mnode_modules\[4mjsdom[24m\lib\jsdom\living\events\EventTarget-impl.js:350:25[90m)[39m
The above error occurred in the <Route.Provider> component:

    at RenderedRoute (C:\Users\brand\Development\Project_Workspace\active-development\learn_comptia_network+\node_modules\react-router\dist\umd\react-router.development.js:539:7)
    at Routes (C:\Users\brand\Development\Project_Workspace\active-development\learn_comptia_network+\node_modules\react-router\dist\umd\react-router.development.js:1273:7)
    at Router (C:\Users\brand\Development\Project_Workspace\active-development\learn_comptia_network+\node_modules\react-router\dist\umd\react-router.development.js:1207:17)
    at BrowserRouter (C:\Users\brand\Development\Project_Workspace\active-development\learn_comptia_network+\node_modules\react-router-dom\dist\umd\react-router-dom.development.js:695:7)

Consider adding an error boundary to your tree to customize error handling behavior.
Visit https://reactjs.org/link/error-boundaries to learn more about error boundaries.

 [31m×[39m tests/integration/navigation.test.tsx[2m > [22mNavigation Integration[2m > [22mRoute Navigation[2m > [22mshould navigate to cloud designer
[31m   → Element type is invalid: expected a string (for built-in components) or a class/function (for composite components) but got: undefined. You likely forgot to export your component from the file it's defined in, or you might have mixed up default and named imports.[39m
 [31m×[39m tests/integration/navigation.test.tsx[2m > [22mNavigation Integration[2m > [22mRoute Navigation[2m > [22mshould navigate to protocol trainer
[31m   → Element type is invalid: expected a string (for built-in components) or a class/function (for composite components) but got: undefined. You likely forgot to export your component from the file it's defined in, or you might have mixed up default and named imports.[39m
 [31m×[39m tests/integration/navigation.test.tsx[2m > [22mNavigation Integration[2m > [22mRoute Navigation[2m > [22mshould navigate to media matrix
[31m   → Element type is invalid: expected a string (for built-in components) or a class/function (for composite components) but got: undefined. You likely forgot to export your component from the file it's defined in, or you might have mixed up default and named imports.[39m
 [31m×[39m tests/integration/navigation.test.tsx[2m > [22mNavigation Integration[2m > [22mRoute Navigation[2m > [22mshould navigate back to home
[31m   → Element type is invalid: expected a string (for built-in components) or a class/function (for composite components) but got: undefined. You likely forgot to export your component from the file it's defined in, or you might have mixed up default and named imports.[39m
 [31m×[39m tests/integration/navigation.test.tsx[2m > [22mNavigation Integration[2m > [22mSidebar Navigation[2m > [22mshould highlight active route
[31m   → Element type is invalid: expected a string (for built-in components) or a class/function (for composite components) but got: undefined. You likely forgot to export your component from the file it's defined in, or you might have mixed up default and named imports.[39m
 [31m×[39m tests/integration/navigation.test.tsx[2m > [22mNavigation Integration[2m > [22mSidebar Navigation[2m > [22mshould expand/collapse sidebar sections
[31m   → Element type is invalid: expected a string (for built-in components) or a class/function (for composite components) but got: undefined. You likely forgot to export your component from the file it's defined in, or you might have mixed up default and named imports.[39m
 [31m×[39m tests/integration/navigation.test.tsx[2m > [22mNavigation Integration[2m > [22mSidebar Navigation[2m > [22mshould show progress indicators
[31m   → Element type is invalid: expected a string (for built-in components) or a class/function (for composite components) but got: undefined. You likely forgot to export your component from the file it's defined in, or you might have mixed up default and named imports.[39m
 [31m×[39m tests/integration/navigation.test.tsx[2m > [22mNavigation Integration[2m > [22mBrowser History[2m > [22mshould support back button
[31m   → Element type is invalid: expected a string (for built-in components) or a class/function (for composite components) but got: undefined. You likely forgot to export your component from the file it's defined in, or you might have mixed up default and named imports.[39m
 [31m×[39m tests/integration/navigation.test.tsx[2m > [22mNavigation Integration[2m > [22mBrowser History[2m > [22mshould support forward button
[31m   → Element type is invalid: expected a string (for built-in components) or a class/function (for composite components) but got: undefined. You likely forgot to export your component from the file it's defined in, or you might have mixed up default and named imports.[39m
 [31m×[39m tests/integration/navigation.test.tsx[2m > [22mNavigation Integration[2m > [22mBrowser History[2m > [22mshould preserve state across navigation
[31m   → Element type is invalid: expected a string (for built-in components) or a class/function (for composite components) but got: undefined. You likely forgot to export your component from the file it's defined in, or you might have mixed up default and named imports.[39m
 [31m×[39m tests/integration/navigation.test.tsx[2m > [22mNavigation Integration[2m > [22mDeep Linking[2m > [22mshould load directly to cloud designer
[31m   → Element type is invalid: expected a string (for built-in components) or a class/function (for composite components) but got: undefined. You likely forgot to export your component from the file it's defined in, or you might have mixed up default and named imports.[39m
 [31m×[39m tests/integration/navigation.test.tsx[2m > [22mNavigation Integration[2m > [22mDeep Linking[2m > [22mshould load directly to protocol trainer
[31m   → Element type is invalid: expected a string (for built-in components) or a class/function (for composite components) but got: undefined. You likely forgot to export your component from the file it's defined in, or you might have mixed up default and named imports.[39m
 [31m×[39m tests/integration/navigation.test.tsx[2m > [22mNavigation Integration[2m > [22mDeep Linking[2m > [22mshould handle invalid routes
[31m   → Unable to find an element with the text: /Welcome|Not Found/i. This could be because the text is broken up by multiple elements. In this case, you can provide a function for your text matcher to make your matcher more flexible.

Ignored nodes: comments, script, style
[36m<body>[31m
  [36m<div />[31m
[36m</body>[31m[39m
 [31m×[39m tests/integration/navigation.test.tsx[2m > [22mNavigation Integration[2m > [22mStore Integration[2m > [22mshould update currentPath in store on navigation
[31m   → Element type is invalid: expected a string (for built-in components) or a class/function (for composite components) but got: undefined. You likely forgot to export your component from the file it's defined in, or you might have mixed up default and named imports.[39m
 [31m×[39m tests/integration/navigation.test.tsx[2m > [22mNavigation Integration[2m > [22mStore Integration[2m > [22mshould persist navigation state
[31m   → Element type is invalid: expected a string (for built-in components) or a class/function (for composite components) but got: undefined. You likely forgot to export your component from the file it's defined in, or you might have mixed up default and named imports.[39m
 [31m×[39m tests/integration/navigation.test.tsx[2m > [22mNavigation Integration[2m > [22mBreadcrumbs[2m > [22mshould display breadcrumbs for nested routes
[31m   → Element type is invalid: expected a string (for built-in components) or a class/function (for composite components) but got: undefined. You likely forgot to export your component from the file it's defined in, or you might have mixed up default and named imports.[39m
 [31m×[39m tests/integration/navigation.test.tsx[2m > [22mNavigation Integration[2m > [22mBreadcrumbs[2m > [22mshould navigate via breadcrumbs
[31m   → Element type is invalid: expected a string (for built-in components) or a class/function (for composite components) but got: undefined. You likely forgot to export your component from the file it's defined in, or you might have mixed up default and named imports.[39m
 [31m×[39m tests/integration/navigation.test.tsx[2m > [22mNavigation Integration[2m > [22mMobile Navigation[2m > [22mshould show mobile menu button
[31m   → Element type is invalid: expected a string (for built-in components) or a class/function (for composite components) but got: undefined. You likely forgot to export your component from the file it's defined in, or you might have mixed up default and named imports.[39m
 [31m×[39m tests/integration/navigation.test.tsx[2m > [22mNavigation Integration[2m > [22mMobile Navigation[2m > [22mshould toggle mobile menu
[31m   → Element type is invalid: expected a string (for built-in components) or a class/function (for composite components) but got: undefined. You likely forgot to export your component from the file it's defined in, or you might have mixed up default and named imports.[39m
 [31m×[39m tests/integration/navigation.test.tsx[2m > [22mNavigation Integration[2m > [22mMobile Navigation[2m > [22mshould close mobile menu after navigation
[31m   → Element type is invalid: expected a string (for built-in components) or a class/function (for composite components) but got: undefined. You likely forgot to export your component from the file it's defined in, or you might have mixed up default and named imports.[39m
 [31m×[39m tests/integration/navigation.test.tsx[2m > [22mNavigation Integration[2m > [22mNavigation Accessibility[2m > [22mshould support keyboard navigation
[31m   → Element type is invalid: expected a string (for built-in components) or a class/function (for composite components) but got: undefined. You likely forgot to export your component from the file it's defined in, or you might have mixed up default and named imports.[39m
 [31m×[39m tests/integration/navigation.test.tsx[2m > [22mNavigation Integration[2m > [22mNavigation Accessibility[2m > [22mshould have proper aria-labels
[31m   → Element type is invalid: expected a string (for built-in components) or a class/function (for composite components) but got: undefined. You likely forgot to export your component from the file it's defined in, or you might have mixed up default and named imports.[39m
 [31m×[39m tests/integration/navigation.test.tsx[2m > [22mNavigation Integration[2m > [22mNavigation Accessibility[2m > [22mshould announce route changes to screen readers
[31m   → Element type is invalid: expected a string (for built-in components) or a class/function (for composite components) but got: undefined. You likely forgot to export your component from the file it's defined in, or you might have mixed up default and named imports.[39m
 [31m×[39m tests/integration/navigation.test.tsx[2m > [22mNavigation Integration[2m > [22mNavigation Performance[2m > [22mshould navigate quickly
[31m   → Element type is invalid: expected a string (for built-in components) or a class/function (for composite components) but got: undefined. You likely forgot to export your component from the file it's defined in, or you might have mixed up default and named imports.[39m
 [31m×[39m tests/integration/navigation.test.tsx[2m > [22mNavigation Integration[2m > [22mNavigation Performance[2m > [22mshould not cause memory leaks on repeated navigation
[31m   → Element type is invalid: expected a string (for built-in components) or a class/function (for composite components) but got: undefined. You likely forgot to export your component from the file it's defined in, or you might have mixed up default and named imports.[39m
[90mstderr[2m | tests/integration/auth-flow.test.tsx[2m > [22m[2mLogin Flow[2m > [22m[2mshould render login form
[22m[39mError: Uncaught [Error: useAuth must be used within an AuthProvider]
    at reportException (C:\Users\brand\Development\Project_Workspace\active-development\learn_comptia_network+\node_modules\jsdom\lib\jsdom\living\helpers\runtime-script-errors.js:66:24)
    at innerInvokeEventListeners (C:\Users\brand\Development\Project_Workspace\active-development\learn_comptia_network+\node_modules\jsdom\lib\jsdom\living\events\EventTarget-impl.js:353:9)
    at invokeEventListeners (C:\Users\brand\Development\Project_Workspace\active-development\learn_comptia_network+\node_modules\jsdom\lib\jsdom\living\events\EventTarget-impl.js:286:3)
    at HTMLUnknownElementImpl._dispatch (C:\Users\brand\Development\Project_Workspace\active-development\learn_comptia_network+\node_modules\jsdom\lib\jsdom\living\events\EventTarget-impl.js:233:9)
    at HTMLUnknownElementImpl.dispatchEvent (C:\Users\brand\Development\Project_Workspace\active-development\learn_comptia_network+\node_modules\jsdom\lib\jsdom\living\events\EventTarget-impl.js:104:17)
    at HTMLUnknownElement.dispatchEvent (C:\Users\brand\Development\Project_Workspace\active-development\learn_comptia_network+\node_modules\jsdom\lib\jsdom\living\generated\EventTarget.js:241:34)
    at Object.invokeGuardedCallbackDev (C:\Users\brand\Development\Project_Workspace\active-development\learn_comptia_network+\node_modules\react-dom\cjs\react-dom.development.js:4213:16)
    at invokeGuardedCallback (C:\Users\brand\Development\Project_Workspace\active-development\learn_comptia_network+\node_modules\react-dom\cjs\react-dom.development.js:4277:31)
    at beginWork$1 (C:\Users\brand\Development\Project_Workspace\active-development\learn_comptia_network+\node_modules\react-dom\cjs\react-dom.development.js:27490:7)
    at performUnitOfWork (C:\Users\brand\Development\Project_Workspace\active-development\learn_comptia_network+\node_modules\react-dom\cjs\react-dom.development.js:26599:12) Error: useAuth must be used within an AuthProvider
    at Module.useAuth [90m(C:\Users\brand\Development\Project_Workspace\active-development\learn_comptia_network+\[39msrc\contexts\AuthContext.tsx:376:11[90m)[39m
    at LoginForm [90m(C:\Users\brand\Development\Project_Workspace\active-development\learn_comptia_network+\[39msrc\components\auth\LoginForm.tsx:19:39[90m)[39m
    at renderWithHooks [90m(C:\Users\brand\Development\Project_Workspace\active-development\learn_comptia_network+\[39mnode_modules\[4mreact-dom[24m\cjs\react-dom.development.js:15486:18[90m)[39m
    at mountIndeterminateComponent [90m(C:\Users\brand\Development\Project_Workspace\active-development\learn_comptia_network+\[39mnode_modules\[4mreact-dom[24m\cjs\react-dom.development.js:20103:13[90m)[39m
    at beginWork [90m(C:\Users\brand\Development\Project_Workspace\active-development\learn_comptia_network+\[39mnode_modules\[4mreact-dom[24m\cjs\react-dom.development.js:21626:16[90m)[39m
    at HTMLUnknownElement.callCallback [90m(C:\Users\brand\Development\Project_Workspace\active-development\learn_comptia_network+\[39mnode_modules\[4mreact-dom[24m\cjs\react-dom.development.js:4164:14[90m)[39m
    at HTMLUnknownElement.callTheUserObjectsOperation [90m(C:\Users\brand\Development\Project_Workspace\active-development\learn_comptia_network+\[39mnode_modules\[4mjsdom[24m\lib\jsdom\living\generated\EventListener.js:26:30[90m)[39m
    at innerInvokeEventListeners [90m(C:\Users\brand\Development\Project_Workspace\active-development\learn_comptia_network+\[39mnode_modules\[4mjsdom[24m\lib\jsdom\living\events\EventTarget-impl.js:350:25[90m)[39m
    at invokeEventListeners [90m(C:\Users\brand\Development\Project_Workspace\active-development\learn_comptia_network+\[39mnode_modules\[4mjsdom[24m\lib\jsdom\living\events\EventTarget-impl.js:286:3[90m)[39m
    at HTMLUnknownElementImpl._dispatch [90m(C:\Users\brand\Development\Project_Workspace\active-development\learn_comptia_network+\[39mnode_modules\[4mjsdom[24m\lib\jsdom\living\events\EventTarget-impl.js:233:9[90m)[39m
Error: Uncaught [Error: useAuth must be used within an AuthProvider]
    at reportException (C:\Users\brand\Development\Project_Workspace\active-development\learn_comptia_network+\node_modules\jsdom\lib\jsdom\living\helpers\runtime-script-errors.js:66:24)
    at innerInvokeEventListeners (C:\Users\brand\Development\Project_Workspace\active-development\learn_comptia_network+\node_modules\jsdom\lib\jsdom\living\events\EventTarget-impl.js:353:9)
    at invokeEventListeners (C:\Users\brand\Development\Project_Workspace\active-development\learn_comptia_network+\node_modules\jsdom\lib\jsdom\living\events\EventTarget-impl.js:286:3)
    at HTMLUnknownElementImpl._dispatch (C:\Users\brand\Development\Project_Workspace\active-development\learn_comptia_network+\node_modules\jsdom\lib\jsdom\living\events\EventTarget-impl.js:233:9)
    at HTMLUnknownElementImpl.dispatchEvent (C:\Users\brand\Development\Project_Workspace\active-development\learn_comptia_network+\node_modules\jsdom\lib\jsdom\living\events\EventTarget-impl.js:104:17)
    at HTMLUnknownElement.dispatchEvent (C:\Users\brand\Development\Project_Workspace\active-development\learn_comptia_network+\node_modules\jsdom\lib\jsdom\living\generated\EventTarget.js:241:34)
    at Object.invokeGuardedCallbackDev (C:\Users\brand\Development\Project_Workspace\active-development\learn_comptia_network+\node_modules\react-dom\cjs\react-dom.development.js:4213:16)
    at invokeGuardedCallback (C:\Users\brand\Development\Project_Workspace\active-development\learn_comptia_network+\node_modules\react-dom\cjs\react-dom.development.js:4277:31)
    at beginWork$1 (C:\Users\brand\Development\Project_Workspace\active-development\learn_comptia_network+\node_modules\react-dom\cjs\react-dom.development.js:27490:7)
    at performUnitOfWork (C:\Users\brand\Development\Project_Workspace\active-development\learn_comptia_network+\node_modules\react-dom\cjs\react-dom.development.js:26599:12) Error: useAuth must be used within an AuthProvider
    at Module.useAuth [90m(C:\Users\brand\Development\Project_Workspace\active-development\learn_comptia_network+\[39msrc\contexts\AuthContext.tsx:376:11[90m)[39m
    at LoginForm [90m(C:\Users\brand\Development\Project_Workspace\active-development\learn_comptia_network+\[39msrc\components\auth\LoginForm.tsx:19:39[90m)[39m
    at renderWithHooks [90m(C:\Users\brand\Development\Project_Workspace\active-development\learn_comptia_network+\[39mnode_modules\[4mreact-dom[24m\cjs\react-dom.development.js:15486:18[90m)[39m
    at mountIndeterminateComponent [90m(C:\Users\brand\Development\Project_Workspace\active-development\learn_comptia_network+\[39mnode_modules\[4mreact-dom[24m\cjs\react-dom.development.js:20103:13[90m)[39m
    at beginWork [90m(C:\Users\brand\Development\Project_Workspace\active-development\learn_comptia_network+\[39mnode_modules\[4mreact-dom[24m\cjs\react-dom.development.js:21626:16[90m)[39m
    at HTMLUnknownElement.callCallback [90m(C:\Users\brand\Development\Project_Workspace\active-development\learn_comptia_network+\[39mnode_modules\[4mreact-dom[24m\cjs\react-dom.development.js:4164:14[90m)[39m
    at HTMLUnknownElement.callTheUserObjectsOperation [90m(C:\Users\brand\Development\Project_Workspace\active-development\learn_comptia_network+\[39mnode_modules\[4mjsdom[24m\lib\jsdom\living\generated\EventListener.js:26:30[90m)[39m
    at innerInvokeEventListeners [90m(C:\Users\brand\Development\Project_Workspace\active-development\learn_comptia_network+\[39mnode_modules\[4mjsdom[24m\lib\jsdom\living\events\EventTarget-impl.js:350:25[90m)[39m
    at invokeEventListeners [90m(C:\Users\brand\Development\Project_Workspace\active-development\learn_comptia_network+\[39mnode_modules\[4mjsdom[24m\lib\jsdom\living\events\EventTarget-impl.js:286:3[90m)[39m
    at HTMLUnknownElementImpl._dispatch [90m(C:\Users\brand\Development\Project_Workspace\active-development\learn_comptia_network+\[39mnode_modules\[4mjsdom[24m\lib\jsdom\living\events\EventTarget-impl.js:233:9[90m)[39m
The above error occurred in the <LoginForm> component:

    at LoginForm (C:\Users\brand\Development\Project_Workspace\active-development\learn_comptia_network+\src\components\auth\LoginForm.tsx:16:61)
    at Router (C:\Users\brand\Development\Project_Workspace\active-development\learn_comptia_network+\node_modules\react-router\dist\umd\react-router.development.js:1207:17)
    at BrowserRouter (C:\Users\brand\Development\Project_Workspace\active-development\learn_comptia_network+\node_modules\react-router-dom\dist\umd\react-router-dom.development.js:695:7)

Consider adding an error boundary to your tree to customize error handling behavior.
Visit https://reactjs.org/link/error-boundaries to learn more about error boundaries.

[90mstderr[2m | tests/integration/auth-flow.test.tsx[2m > [22m[2mLogin Flow[2m > [22m[2mshould validate email format
[22m[39mError: Uncaught [Error: useAuth must be used within an AuthProvider]
    at reportException (C:\Users\brand\Development\Project_Workspace\active-development\learn_comptia_network+\node_modules\jsdom\lib\jsdom\living\helpers\runtime-script-errors.js:66:24)
    at innerInvokeEventListeners (C:\Users\brand\Development\Project_Workspace\active-development\learn_comptia_network+\node_modules\jsdom\lib\jsdom\living\events\EventTarget-impl.js:353:9)
    at invokeEventListeners (C:\Users\brand\Development\Project_Workspace\active-development\learn_comptia_network+\node_modules\jsdom\lib\jsdom\living\events\EventTarget-impl.js:286:3)
    at HTMLUnknownElementImpl._dispatch (C:\Users\brand\Development\Project_Workspace\active-development\learn_comptia_network+\node_modules\jsdom\lib\jsdom\living\events\EventTarget-impl.js:233:9)
    at HTMLUnknownElementImpl.dispatchEvent (C:\Users\brand\Development\Project_Workspace\active-development\learn_comptia_network+\node_modules\jsdom\lib\jsdom\living\events\EventTarget-impl.js:104:17)
    at HTMLUnknownElement.dispatchEvent (C:\Users\brand\Development\Project_Workspace\active-development\learn_comptia_network+\node_modules\jsdom\lib\jsdom\living\generated\EventTarget.js:241:34)
    at Object.invokeGuardedCallbackDev (C:\Users\brand\Development\Project_Workspace\active-development\learn_comptia_network+\node_modules\react-dom\cjs\react-dom.development.js:4213:16)
    at invokeGuardedCallback (C:\Users\brand\Development\Project_Workspace\active-development\learn_comptia_network+\node_modules\react-dom\cjs\react-dom.development.js:4277:31)
    at beginWork$1 (C:\Users\brand\Development\Project_Workspace\active-development\learn_comptia_network+\node_modules\react-dom\cjs\react-dom.development.js:27490:7)
    at performUnitOfWork (C:\Users\brand\Development\Project_Workspace\active-development\learn_comptia_network+\node_modules\react-dom\cjs\react-dom.development.js:26599:12) Error: useAuth must be used within an AuthProvider
    at Module.useAuth [90m(C:\Users\brand\Development\Project_Workspace\active-development\learn_comptia_network+\[39msrc\contexts\AuthContext.tsx:376:11[90m)[39m
    at LoginForm [90m(C:\Users\brand\Development\Project_Workspace\active-development\learn_comptia_network+\[39msrc\components\auth\LoginForm.tsx:19:39[90m)[39m
    at renderWithHooks [90m(C:\Users\brand\Development\Project_Workspace\active-development\learn_comptia_network+\[39mnode_modules\[4mreact-dom[24m\cjs\react-dom.development.js:15486:18[90m)[39m
    at mountIndeterminateComponent [90m(C:\Users\brand\Development\Project_Workspace\active-development\learn_comptia_network+\[39mnode_modules\[4mreact-dom[24m\cjs\react-dom.development.js:20103:13[90m)[39m
    at beginWork [90m(C:\Users\brand\Development\Project_Workspace\active-development\learn_comptia_network+\[39mnode_modules\[4mreact-dom[24m\cjs\react-dom.development.js:21626:16[90m)[39m
    at HTMLUnknownElement.callCallback [90m(C:\Users\brand\Development\Project_Workspace\active-development\learn_comptia_network+\[39mnode_modules\[4mreact-dom[24m\cjs\react-dom.development.js:4164:14[90m)[39m
    at HTMLUnknownElement.callTheUserObjectsOperation [90m(C:\Users\brand\Development\Project_Workspace\active-development\learn_comptia_network+\[39mnode_modules\[4mjsdom[24m\lib\jsdom\living\generated\EventListener.js:26:30[90m)[39m
    at innerInvokeEventListeners [90m(C:\Users\brand\Development\Project_Workspace\active-development\learn_comptia_network+\[39mnode_modules\[4mjsdom[24m\lib\jsdom\living\events\EventTarget-impl.js:350:25[90m)[39m
    at invokeEventListeners [90m(C:\Users\brand\Development\Project_Workspace\active-development\learn_comptia_network+\[39mnode_modules\[4mjsdom[24m\lib\jsdom\living\events\EventTarget-impl.js:286:3[90m)[39m
    at HTMLUnknownElementImpl._dispatch [90m(C:\Users\brand\Development\Project_Workspace\active-development\learn_comptia_network+\[39mnode_modules\[4mjsdom[24m\lib\jsdom\living\events\EventTarget-impl.js:233:9[90m)[39m
Error: Uncaught [Error: useAuth must be used within an AuthProvider]
    at reportException (C:\Users\brand\Development\Project_Workspace\active-development\learn_comptia_network+\node_modules\jsdom\lib\jsdom\living\helpers\runtime-script-errors.js:66:24)
    at innerInvokeEventListeners (C:\Users\brand\Development\Project_Workspace\active-development\learn_comptia_network+\node_modules\jsdom\lib\jsdom\living\events\EventTarget-impl.js:353:9)
    at invokeEventListeners (C:\Users\brand\Development\Project_Workspace\active-development\learn_comptia_network+\node_modules\jsdom\lib\jsdom\living\events\EventTarget-impl.js:286:3)
    at HTMLUnknownElementImpl._dispatch (C:\Users\brand\Development\Project_Workspace\active-development\learn_comptia_network+\node_modules\jsdom\lib\jsdom\living\events\EventTarget-impl.js:233:9)
    at HTMLUnknownElementImpl.dispatchEvent (C:\Users\brand\Development\Project_Workspace\active-development\learn_comptia_network+\node_modules\jsdom\lib\jsdom\living\events\EventTarget-impl.js:104:17)
    at HTMLUnknownElement.dispatchEvent (C:\Users\brand\Development\Project_Workspace\active-development\learn_comptia_network+\node_modules\jsdom\lib\jsdom\living\generated\EventTarget.js:241:34)
    at Object.invokeGuardedCallbackDev (C:\Users\brand\Development\Project_Workspace\active-development\learn_comptia_network+\node_modules\react-dom\cjs\react-dom.development.js:4213:16)
    at invokeGuardedCallback (C:\Users\brand\Development\Project_Workspace\active-development\learn_comptia_network+\node_modules\react-dom\cjs\react-dom.development.js:4277:31)
    at beginWork$1 (C:\Users\brand\Development\Project_Workspace\active-development\learn_comptia_network+\node_modules\react-dom\cjs\react-dom.development.js:27490:7)
    at performUnitOfWork (C:\Users\brand\Development\Project_Workspace\active-development\learn_comptia_network+\node_modules\react-dom\cjs\react-dom.development.js:26599:12) Error: useAuth must be used within an AuthProvider
    at Module.useAuth [90m(C:\Users\brand\Development\Project_Workspace\active-development\learn_comptia_network+\[39msrc\contexts\AuthContext.tsx:376:11[90m)[39m
    at LoginForm [90m(C:\Users\brand\Development\Project_Workspace\active-development\learn_comptia_network+\[39msrc\components\auth\LoginForm.tsx:19:39[90m)[39m
    at renderWithHooks [90m(C:\Users\brand\Development\Project_Workspace\active-development\learn_comptia_network+\[39mnode_modules\[4mreact-dom[24m\cjs\react-dom.development.js:15486:18[90m)[39m
    at mountIndeterminateComponent [90m(C:\Users\brand\Development\Project_Workspace\active-development\learn_comptia_network+\[39mnode_modules\[4mreact-dom[24m\cjs\react-dom.development.js:20103:13[90m)[39m
    at beginWork [90m(C:\Users\brand\Development\Project_Workspace\active-development\learn_comptia_network+\[39mnode_modules\[4mreact-dom[24m\cjs\react-dom.development.js:21626:16[90m)[39m
    at HTMLUnknownElement.callCallback [90m(C:\Users\brand\Development\Project_Workspace\active-development\learn_comptia_network+\[39mnode_modules\[4mreact-dom[24m\cjs\react-dom.development.js:4164:14[90m)[39m
    at HTMLUnknownElement.callTheUserObjectsOperation [90m(C:\Users\brand\Development\Project_Workspace\active-development\learn_comptia_network+\[39mnode_modules\[4mjsdom[24m\lib\jsdom\living\generated\EventListener.js:26:30[90m)[39m
    at innerInvokeEventListeners [90m(C:\Users\brand\Development\Project_Workspace\active-development\learn_comptia_network+\[39mnode_modules\[4mjsdom[24m\lib\jsdom\living\events\EventTarget-impl.js:350:25[90m)[39m
    at invokeEventListeners [90m(C:\Users\brand\Development\Project_Workspace\active-development\learn_comptia_network+\[39mnode_modules\[4mjsdom[24m\lib\jsdom\living\events\EventTarget-impl.js:286:3[90m)[39m
    at HTMLUnknownElementImpl._dispatch [90m(C:\Users\brand\Development\Project_Workspace\active-development\learn_comptia_network+\[39mnode_modules\[4mjsdom[24m\lib\jsdom\living\events\EventTarget-impl.js:233:9[90m)[39m
The above error occurred in the <LoginForm> component:

    at LoginForm (C:\Users\brand\Development\Project_Workspace\active-development\learn_comptia_network+\src\components\auth\LoginForm.tsx:16:61)
    at Router (C:\Users\brand\Development\Project_Workspace\active-development\learn_comptia_network+\node_modules\react-router\dist\umd\react-router.development.js:1207:17)
    at BrowserRouter (C:\Users\brand\Development\Project_Workspace\active-development\learn_comptia_network+\node_modules\react-router-dom\dist\umd\react-router-dom.development.js:695:7)

Consider adding an error boundary to your tree to customize error handling behavior.
Visit https://reactjs.org/link/error-boundaries to learn more about error boundaries.

[90mstderr[2m | tests/integration/auth-flow.test.tsx[2m > [22m[2mLogin Flow[2m > [22m[2mshould require password
[22m[39mError: Uncaught [Error: useAuth must be used within an AuthProvider]
    at reportException (C:\Users\brand\Development\Project_Workspace\active-development\learn_comptia_network+\node_modules\jsdom\lib\jsdom\living\helpers\runtime-script-errors.js:66:24)
    at innerInvokeEventListeners (C:\Users\brand\Development\Project_Workspace\active-development\learn_comptia_network+\node_modules\jsdom\lib\jsdom\living\events\EventTarget-impl.js:353:9)
    at invokeEventListeners (C:\Users\brand\Development\Project_Workspace\active-development\learn_comptia_network+\node_modules\jsdom\lib\jsdom\living\events\EventTarget-impl.js:286:3)
    at HTMLUnknownElementImpl._dispatch (C:\Users\brand\Development\Project_Workspace\active-development\learn_comptia_network+\node_modules\jsdom\lib\jsdom\living\events\EventTarget-impl.js:233:9)
    at HTMLUnknownElementImpl.dispatchEvent (C:\Users\brand\Development\Project_Workspace\active-development\learn_comptia_network+\node_modules\jsdom\lib\jsdom\living\events\EventTarget-impl.js:104:17)
    at HTMLUnknownElement.dispatchEvent (C:\Users\brand\Development\Project_Workspace\active-development\learn_comptia_network+\node_modules\jsdom\lib\jsdom\living\generated\EventTarget.js:241:34)
    at Object.invokeGuardedCallbackDev (C:\Users\brand\Development\Project_Workspace\active-development\learn_comptia_network+\node_modules\react-dom\cjs\react-dom.development.js:4213:16)
    at invokeGuardedCallback (C:\Users\brand\Development\Project_Workspace\active-development\learn_comptia_network+\node_modules\react-dom\cjs\react-dom.development.js:4277:31)
    at beginWork$1 (C:\Users\brand\Development\Project_Workspace\active-development\learn_comptia_network+\node_modules\react-dom\cjs\react-dom.development.js:27490:7)
    at performUnitOfWork (C:\Users\brand\Development\Project_Workspace\active-development\learn_comptia_network+\node_modules\react-dom\cjs\react-dom.development.js:26599:12) Error: useAuth must be used within an AuthProvider
    at Module.useAuth [90m(C:\Users\brand\Development\Project_Workspace\active-development\learn_comptia_network+\[39msrc\contexts\AuthContext.tsx:376:11[90m)[39m
    at LoginForm [90m(C:\Users\brand\Development\Project_Workspace\active-development\learn_comptia_network+\[39msrc\components\auth\LoginForm.tsx:19:39[90m)[39m
    at renderWithHooks [90m(C:\Users\brand\Development\Project_Workspace\active-development\learn_comptia_network+\[39mnode_modules\[4mreact-dom[24m\cjs\react-dom.development.js:15486:18[90m)[39m
    at mountIndeterminateComponent [90m(C:\Users\brand\Development\Project_Workspace\active-development\learn_comptia_network+\[39mnode_modules\[4mreact-dom[24m\cjs\react-dom.development.js:20103:13[90m)[39m
    at beginWork [90m(C:\Users\brand\Development\Project_Workspace\active-development\learn_comptia_network+\[39mnode_modules\[4mreact-dom[24m\cjs\react-dom.development.js:21626:16[90m)[39m
    at HTMLUnknownElement.callCallback [90m(C:\Users\brand\Development\Project_Workspace\active-development\learn_comptia_network+\[39mnode_modules\[4mreact-dom[24m\cjs\react-dom.development.js:4164:14[90m)[39m
    at HTMLUnknownElement.callTheUserObjectsOperation [90m(C:\Users\brand\Development\Project_Workspace\active-development\learn_comptia_network+\[39mnode_modules\[4mjsdom[24m\lib\jsdom\living\generated\EventListener.js:26:30[90m)[39m
    at innerInvokeEventListeners [90m(C:\Users\brand\Development\Project_Workspace\active-development\learn_comptia_network+\[39mnode_modules\[4mjsdom[24m\lib\jsdom\living\events\EventTarget-impl.js:350:25[90m)[39m
    at invokeEventListeners [90m(C:\Users\brand\Development\Project_Workspace\active-development\learn_comptia_network+\[39mnode_modules\[4mjsdom[24m\lib\jsdom\living\events\EventTarget-impl.js:286:3[90m)[39m
    at HTMLUnknownElementImpl._dispatch [90m(C:\Users\brand\Development\Project_Workspace\active-development\learn_comptia_network+\[39mnode_modules\[4mjsdom[24m\lib\jsdom\living\events\EventTarget-impl.js:233:9[90m)[39m
Error: Uncaught [Error: useAuth must be used within an AuthProvider]
    at reportException (C:\Users\brand\Development\Project_Workspace\active-development\learn_comptia_network+\node_modules\jsdom\lib\jsdom\living\helpers\runtime-script-errors.js:66:24)
    at innerInvokeEventListeners (C:\Users\brand\Development\Project_Workspace\active-development\learn_comptia_network+\node_modules\jsdom\lib\jsdom\living\events\EventTarget-impl.js:353:9)
    at invokeEventListeners (C:\Users\brand\Development\Project_Workspace\active-development\learn_comptia_network+\node_modules\jsdom\lib\jsdom\living\events\EventTarget-impl.js:286:3)
    at HTMLUnknownElementImpl._dispatch (C:\Users\brand\Development\Project_Workspace\active-development\learn_comptia_network+\node_modules\jsdom\lib\jsdom\living\events\EventTarget-impl.js:233:9)
    at HTMLUnknownElementImpl.dispatchEvent (C:\Users\brand\Development\Project_Workspace\active-development\learn_comptia_network+\node_modules\jsdom\lib\jsdom\living\events\EventTarget-impl.js:104:17)
    at HTMLUnknownElement.dispatchEvent (C:\Users\brand\Development\Project_Workspace\active-development\learn_comptia_network+\node_modules\jsdom\lib\jsdom\living\generated\EventTarget.js:241:34)
    at Object.invokeGuardedCallbackDev (C:\Users\brand\Development\Project_Workspace\active-development\learn_comptia_network+\node_modules\react-dom\cjs\react-dom.development.js:4213:16)
    at invokeGuardedCallback (C:\Users\brand\Development\Project_Workspace\active-development\learn_comptia_network+\node_modules\react-dom\cjs\react-dom.development.js:4277:31)
    at beginWork$1 (C:\Users\brand\Development\Project_Workspace\active-development\learn_comptia_network+\node_modules\react-dom\cjs\react-dom.development.js:27490:7)
    at performUnitOfWork (C:\Users\brand\Development\Project_Workspace\active-development\learn_comptia_network+\node_modules\react-dom\cjs\react-dom.development.js:26599:12) Error: useAuth must be used within an AuthProvider
    at Module.useAuth [90m(C:\Users\brand\Development\Project_Workspace\active-development\learn_comptia_network+\[39msrc\contexts\AuthContext.tsx:376:11[90m)[39m
    at LoginForm [90m(C:\Users\brand\Development\Project_Workspace\active-development\learn_comptia_network+\[39msrc\components\auth\LoginForm.tsx:19:39[90m)[39m
    at renderWithHooks [90m(C:\Users\brand\Development\Project_Workspace\active-development\learn_comptia_network+\[39mnode_modules\[4mreact-dom[24m\cjs\react-dom.development.js:15486:18[90m)[39m
    at mountIndeterminateComponent [90m(C:\Users\brand\Development\Project_Workspace\active-development\learn_comptia_network+\[39mnode_modules\[4mreact-dom[24m\cjs\react-dom.development.js:20103:13[90m)[39m
    at beginWork [90m(C:\Users\brand\Development\Project_Workspace\active-development\learn_comptia_network+\[39mnode_modules\[4mreact-dom[24m\cjs\react-dom.development.js:21626:16[90m)[39m
    at HTMLUnknownElement.callCallback [90m(C:\Users\brand\Development\Project_Workspace\active-development\learn_comptia_network+\[39mnode_modules\[4mreact-dom[24m\cjs\react-dom.development.js:4164:14[90m)[39m
    at HTMLUnknownElement.callTheUserObjectsOperation [90m(C:\Users\brand\Development\Project_Workspace\active-development\learn_comptia_network+\[39mnode_modules\[4mjsdom[24m\lib\jsdom\living\generated\EventListener.js:26:30[90m)[39m
    at innerInvokeEventListeners [90m(C:\Users\brand\Development\Project_Workspace\active-development\learn_comptia_network+\[39mnode_modules\[4mjsdom[24m\lib\jsdom\living\events\EventTarget-impl.js:350:25[90m)[39m
    at invokeEventListeners [90m(C:\Users\brand\Development\Project_Workspace\active-development\learn_comptia_network+\[39mnode_modules\[4mjsdom[24m\lib\jsdom\living\events\EventTarget-impl.js:286:3[90m)[39m
    at HTMLUnknownElementImpl._dispatch [90m(C:\Users\brand\Development\Project_Workspace\active-development\learn_comptia_network+\[39mnode_modules\[4mjsdom[24m\lib\jsdom\living\events\EventTarget-impl.js:233:9[90m)[39m
The above error occurred in the <LoginForm> component:

    at LoginForm (C:\Users\brand\Development\Project_Workspace\active-development\learn_comptia_network+\src\components\auth\LoginForm.tsx:16:61)
    at Router (C:\Users\brand\Development\Project_Workspace\active-development\learn_comptia_network+\node_modules\react-router\dist\umd\react-router.development.js:1207:17)
    at BrowserRouter (C:\Users\brand\Development\Project_Workspace\active-development\learn_comptia_network+\node_modules\react-router-dom\dist\umd\react-router-dom.development.js:695:7)

Consider adding an error boundary to your tree to customize error handling behavior.
Visit https://reactjs.org/link/error-boundaries to learn more about error boundaries.

[90mstderr[2m | tests/integration/auth-flow.test.tsx[2m > [22m[2mLogin Flow[2m > [22m[2mshould login successfully with valid credentials
[22m[39mError: Uncaught [Error: useAuth must be used within an AuthProvider]
    at reportException (C:\Users\brand\Development\Project_Workspace\active-development\learn_comptia_network+\node_modules\jsdom\lib\jsdom\living\helpers\runtime-script-errors.js:66:24)
    at innerInvokeEventListeners (C:\Users\brand\Development\Project_Workspace\active-development\learn_comptia_network+\node_modules\jsdom\lib\jsdom\living\events\EventTarget-impl.js:353:9)
    at invokeEventListeners (C:\Users\brand\Development\Project_Workspace\active-development\learn_comptia_network+\node_modules\jsdom\lib\jsdom\living\events\EventTarget-impl.js:286:3)
    at HTMLUnknownElementImpl._dispatch (C:\Users\brand\Development\Project_Workspace\active-development\learn_comptia_network+\node_modules\jsdom\lib\jsdom\living\events\EventTarget-impl.js:233:9)
    at HTMLUnknownElementImpl.dispatchEvent (C:\Users\brand\Development\Project_Workspace\active-development\learn_comptia_network+\node_modules\jsdom\lib\jsdom\living\events\EventTarget-impl.js:104:17)
    at HTMLUnknownElement.dispatchEvent (C:\Users\brand\Development\Project_Workspace\active-development\learn_comptia_network+\node_modules\jsdom\lib\jsdom\living\generated\EventTarget.js:241:34)
    at Object.invokeGuardedCallbackDev (C:\Users\brand\Development\Project_Workspace\active-development\learn_comptia_network+\node_modules\react-dom\cjs\react-dom.development.js:4213:16)
    at invokeGuardedCallback (C:\Users\brand\Development\Project_Workspace\active-development\learn_comptia_network+\node_modules\react-dom\cjs\react-dom.development.js:4277:31)
    at beginWork$1 (C:\Users\brand\Development\Project_Workspace\active-development\learn_comptia_network+\node_modules\react-dom\cjs\react-dom.development.js:27490:7)
    at performUnitOfWork (C:\Users\brand\Development\Project_Workspace\active-development\learn_comptia_network+\node_modules\react-dom\cjs\react-dom.development.js:26599:12) Error: useAuth must be used within an AuthProvider
    at Module.useAuth [90m(C:\Users\brand\Development\Project_Workspace\active-development\learn_comptia_network+\[39msrc\contexts\AuthContext.tsx:376:11[90m)[39m
    at LoginForm [90m(C:\Users\brand\Development\Project_Workspace\active-development\learn_comptia_network+\[39msrc\components\auth\LoginForm.tsx:19:39[90m)[39m
    at renderWithHooks [90m(C:\Users\brand\Development\Project_Workspace\active-development\learn_comptia_network+\[39mnode_modules\[4mreact-dom[24m\cjs\react-dom.development.js:15486:18[90m)[39m
    at mountIndeterminateComponent [90m(C:\Users\brand\Development\Project_Workspace\active-development\learn_comptia_network+\[39mnode_modules\[4mreact-dom[24m\cjs\react-dom.development.js:20103:13[90m)[39m
    at beginWork [90m(C:\Users\brand\Development\Project_Workspace\active-development\learn_comptia_network+\[39mnode_modules\[4mreact-dom[24m\cjs\react-dom.development.js:21626:16[90m)[39m
    at HTMLUnknownElement.callCallback [90m(C:\Users\brand\Development\Project_Workspace\active-development\learn_comptia_network+\[39mnode_modules\[4mreact-dom[24m\cjs\react-dom.development.js:4164:14[90m)[39m
    at HTMLUnknownElement.callTheUserObjectsOperation [90m(C:\Users\brand\Development\Project_Workspace\active-development\learn_comptia_network+\[39mnode_modules\[4mjsdom[24m\lib\jsdom\living\generated\EventListener.js:26:30[90m)[39m
    at innerInvokeEventListeners [90m(C:\Users\brand\Development\Project_Workspace\active-development\learn_comptia_network+\[39mnode_modules\[4mjsdom[24m\lib\jsdom\living\events\EventTarget-impl.js:350:25[90m)[39m
    at invokeEventListeners [90m(C:\Users\brand\Development\Project_Workspace\active-development\learn_comptia_network+\[39mnode_modules\[4mjsdom[24m\lib\jsdom\living\events\EventTarget-impl.js:286:3[90m)[39m
    at HTMLUnknownElementImpl._dispatch [90m(C:\Users\brand\Development\Project_Workspace\active-development\learn_comptia_network+\[39mnode_modules\[4mjsdom[24m\lib\jsdom\living\events\EventTarget-impl.js:233:9[90m)[39m
Error: Uncaught [Error: useAuth must be used within an AuthProvider]
    at reportException (C:\Users\brand\Development\Project_Workspace\active-development\learn_comptia_network+\node_modules\jsdom\lib\jsdom\living\helpers\runtime-script-errors.js:66:24)
    at innerInvokeEventListeners (C:\Users\brand\Development\Project_Workspace\active-development\learn_comptia_network+\node_modules\jsdom\lib\jsdom\living\events\EventTarget-impl.js:353:9)
    at invokeEventListeners (C:\Users\brand\Development\Project_Workspace\active-development\learn_comptia_network+\node_modules\jsdom\lib\jsdom\living\events\EventTarget-impl.js:286:3)
    at HTMLUnknownElementImpl._dispatch (C:\Users\brand\Development\Project_Workspace\active-development\learn_comptia_network+\node_modules\jsdom\lib\jsdom\living\events\EventTarget-impl.js:233:9)
    at HTMLUnknownElementImpl.dispatchEvent (C:\Users\brand\Development\Project_Workspace\active-development\learn_comptia_network+\node_modules\jsdom\lib\jsdom\living\events\EventTarget-impl.js:104:17)
    at HTMLUnknownElement.dispatchEvent (C:\Users\brand\Development\Project_Workspace\active-development\learn_comptia_network+\node_modules\jsdom\lib\jsdom\living\generated\EventTarget.js:241:34)
    at Object.invokeGuardedCallbackDev (C:\Users\brand\Development\Project_Workspace\active-development\learn_comptia_network+\node_modules\react-dom\cjs\react-dom.development.js:4213:16)
    at invokeGuardedCallback (C:\Users\brand\Development\Project_Workspace\active-development\learn_comptia_network+\node_modules\react-dom\cjs\react-dom.development.js:4277:31)
    at beginWork$1 (C:\Users\brand\Development\Project_Workspace\active-development\learn_comptia_network+\node_modules\react-dom\cjs\react-dom.development.js:27490:7)
    at performUnitOfWork (C:\Users\brand\Development\Project_Workspace\active-development\learn_comptia_network+\node_modules\react-dom\cjs\react-dom.development.js:26599:12) Error: useAuth must be used within an AuthProvider
    at Module.useAuth [90m(C:\Users\brand\Development\Project_Workspace\active-development\learn_comptia_network+\[39msrc\contexts\AuthContext.tsx:376:11[90m)[39m
    at LoginForm [90m(C:\Users\brand\Development\Project_Workspace\active-development\learn_comptia_network+\[39msrc\components\auth\LoginForm.tsx:19:39[90m)[39m
    at renderWithHooks [90m(C:\Users\brand\Development\Project_Workspace\active-development\learn_comptia_network+\[39mnode_modules\[4mreact-dom[24m\cjs\react-dom.development.js:15486:18[90m)[39m
    at mountIndeterminateComponent [90m(C:\Users\brand\Development\Project_Workspace\active-development\learn_comptia_network+\[39mnode_modules\[4mreact-dom[24m\cjs\react-dom.development.js:20103:13[90m)[39m
    at beginWork [90m(C:\Users\brand\Development\Project_Workspace\active-development\learn_comptia_network+\[39mnode_modules\[4mreact-dom[24m\cjs\react-dom.development.js:21626:16[90m)[39m
    at HTMLUnknownElement.callCallback [90m(C:\Users\brand\Development\Project_Workspace\active-development\learn_comptia_network+\[39mnode_modules\[4mreact-dom[24m\cjs\react-dom.development.js:4164:14[90m)[39m
    at HTMLUnknownElement.callTheUserObjectsOperation [90m(C:\Users\brand\Development\Project_Workspace\active-development\learn_comptia_network+\[39mnode_modules\[4mjsdom[24m\lib\jsdom\living\generated\EventListener.js:26:30[90m)[39m
    at innerInvokeEventListeners [90m(C:\Users\brand\Development\Project_Workspace\active-development\learn_comptia_network+\[39mnode_modules\[4mjsdom[24m\lib\jsdom\living\events\EventTarget-impl.js:350:25[90m)[39m
    at invokeEventListeners [90m(C:\Users\brand\Development\Project_Workspace\active-development\learn_comptia_network+\[39mnode_modules\[4mjsdom[24m\lib\jsdom\living\events\EventTarget-impl.js:286:3[90m)[39m
    at HTMLUnknownElementImpl._dispatch [90m(C:\Users\brand\Development\Project_Workspace\active-development\learn_comptia_network+\[39mnode_modules\[4mjsdom[24m\lib\jsdom\living\events\EventTarget-impl.js:233:9[90m)[39m
The above error occurred in the <LoginForm> component:

    at LoginForm (C:\Users\brand\Development\Project_Workspace\active-development\learn_comptia_network+\src\components\auth\LoginForm.tsx:16:61)
    at Router (C:\Users\brand\Development\Project_Workspace\active-development\learn_comptia_network+\node_modules\react-router\dist\umd\react-router.development.js:1207:17)
    at BrowserRouter (C:\Users\brand\Development\Project_Workspace\active-development\learn_comptia_network+\node_modules\react-router-dom\dist\umd\react-router-dom.development.js:695:7)

Consider adding an error boundary to your tree to customize error handling behavior.
Visit https://reactjs.org/link/error-boundaries to learn more about error boundaries.

[90mstderr[2m | tests/integration/auth-flow.test.tsx[2m > [22m[2mLogin Flow[2m > [22m[2mshould show error for invalid credentials
[22m[39mError: Uncaught [Error: useAuth must be used within an AuthProvider]
    at reportException (C:\Users\brand\Development\Project_Workspace\active-development\learn_comptia_network+\node_modules\jsdom\lib\jsdom\living\helpers\runtime-script-errors.js:66:24)
    at innerInvokeEventListeners (C:\Users\brand\Development\Project_Workspace\active-development\learn_comptia_network+\node_modules\jsdom\lib\jsdom\living\events\EventTarget-impl.js:353:9)
    at invokeEventListeners (C:\Users\brand\Development\Project_Workspace\active-development\learn_comptia_network+\node_modules\jsdom\lib\jsdom\living\events\EventTarget-impl.js:286:3)
    at HTMLUnknownElementImpl._dispatch (C:\Users\brand\Development\Project_Workspace\active-development\learn_comptia_network+\node_modules\jsdom\lib\jsdom\living\events\EventTarget-impl.js:233:9)
    at HTMLUnknownElementImpl.dispatchEvent (C:\Users\brand\Development\Project_Workspace\active-development\learn_comptia_network+\node_modules\jsdom\lib\jsdom\living\events\EventTarget-impl.js:104:17)
    at HTMLUnknownElement.dispatchEvent (C:\Users\brand\Development\Project_Workspace\active-development\learn_comptia_network+\node_modules\jsdom\lib\jsdom\living\generated\EventTarget.js:241:34)
    at Object.invokeGuardedCallbackDev (C:\Users\brand\Development\Project_Workspace\active-development\learn_comptia_network+\node_modules\react-dom\cjs\react-dom.development.js:4213:16)
    at invokeGuardedCallback (C:\Users\brand\Development\Project_Workspace\active-development\learn_comptia_network+\node_modules\react-dom\cjs\react-dom.development.js:4277:31)
    at beginWork$1 (C:\Users\brand\Development\Project_Workspace\active-development\learn_comptia_network+\node_modules\react-dom\cjs\react-dom.development.js:27490:7)
    at performUnitOfWork (C:\Users\brand\Development\Project_Workspace\active-development\learn_comptia_network+\node_modules\react-dom\cjs\react-dom.development.js:26599:12) Error: useAuth must be used within an AuthProvider
    at Module.useAuth [90m(C:\Users\brand\Development\Project_Workspace\active-development\learn_comptia_network+\[39msrc\contexts\AuthContext.tsx:376:11[90m)[39m
    at LoginForm [90m(C:\Users\brand\Development\Project_Workspace\active-development\learn_comptia_network+\[39msrc\components\auth\LoginForm.tsx:19:39[90m)[39m
    at renderWithHooks [90m(C:\Users\brand\Development\Project_Workspace\active-development\learn_comptia_network+\[39mnode_modules\[4mreact-dom[24m\cjs\react-dom.development.js:15486:18[90m)[39m
    at mountIndeterminateComponent [90m(C:\Users\brand\Development\Project_Workspace\active-development\learn_comptia_network+\[39mnode_modules\[4mreact-dom[24m\cjs\react-dom.development.js:20103:13[90m)[39m
    at beginWork [90m(C:\Users\brand\Development\Project_Workspace\active-development\learn_comptia_network+\[39mnode_modules\[4mreact-dom[24m\cjs\react-dom.development.js:21626:16[90m)[39m
    at HTMLUnknownElement.callCallback [90m(C:\Users\brand\Development\Project_Workspace\active-development\learn_comptia_network+\[39mnode_modules\[4mreact-dom[24m\cjs\react-dom.development.js:4164:14[90m)[39m
    at HTMLUnknownElement.callTheUserObjectsOperation [90m(C:\Users\brand\Development\Project_Workspace\active-development\learn_comptia_network+\[39mnode_modules\[4mjsdom[24m\lib\jsdom\living\generated\EventListener.js:26:30[90m)[39m
    at innerInvokeEventListeners [90m(C:\Users\brand\Development\Project_Workspace\active-development\learn_comptia_network+\[39mnode_modules\[4mjsdom[24m\lib\jsdom\living\events\EventTarget-impl.js:350:25[90m)[39m
    at invokeEventListeners [90m(C:\Users\brand\Development\Project_Workspace\active-development\learn_comptia_network+\[39mnode_modules\[4mjsdom[24m\lib\jsdom\living\events\EventTarget-impl.js:286:3[90m)[39m
    at HTMLUnknownElementImpl._dispatch [90m(C:\Users\brand\Development\Project_Workspace\active-development\learn_comptia_network+\[39mnode_modules\[4mjsdom[24m\lib\jsdom\living\events\EventTarget-impl.js:233:9[90m)[39m
Error: Uncaught [Error: useAuth must be used within an AuthProvider]
    at reportException (C:\Users\brand\Development\Project_Workspace\active-development\learn_comptia_network+\node_modules\jsdom\lib\jsdom\living\helpers\runtime-script-errors.js:66:24)
    at innerInvokeEventListeners (C:\Users\brand\Development\Project_Workspace\active-development\learn_comptia_network+\node_modules\jsdom\lib\jsdom\living\events\EventTarget-impl.js:353:9)
    at invokeEventListeners (C:\Users\brand\Development\Project_Workspace\active-development\learn_comptia_network+\node_modules\jsdom\lib\jsdom\living\events\EventTarget-impl.js:286:3)
    at HTMLUnknownElementImpl._dispatch (C:\Users\brand\Development\Project_Workspace\active-development\learn_comptia_network+\node_modules\jsdom\lib\jsdom\living\events\EventTarget-impl.js:233:9)
    at HTMLUnknownElementImpl.dispatchEvent (C:\Users\brand\Development\Project_Workspace\active-development\learn_comptia_network+\node_modules\jsdom\lib\jsdom\living\events\EventTarget-impl.js:104:17)
    at HTMLUnknownElement.dispatchEvent (C:\Users\brand\Development\Project_Workspace\active-development\learn_comptia_network+\node_modules\jsdom\lib\jsdom\living\generated\EventTarget.js:241:34)
    at Object.invokeGuardedCallbackDev (C:\Users\brand\Development\Project_Workspace\active-development\learn_comptia_network+\node_modules\react-dom\cjs\react-dom.development.js:4213:16)
    at invokeGuardedCallback (C:\Users\brand\Development\Project_Workspace\active-development\learn_comptia_network+\node_modules\react-dom\cjs\react-dom.development.js:4277:31)
    at beginWork$1 (C:\Users\brand\Development\Project_Workspace\active-development\learn_comptia_network+\node_modules\react-dom\cjs\react-dom.development.js:27490:7)
    at performUnitOfWork (C:\Users\brand\Development\Project_Workspace\active-development\learn_comptia_network+\node_modules\react-dom\cjs\react-dom.development.js:26599:12) Error: useAuth must be used within an AuthProvider
    at Module.useAuth [90m(C:\Users\brand\Development\Project_Workspace\active-development\learn_comptia_network+\[39msrc\contexts\AuthContext.tsx:376:11[90m)[39m
    at LoginForm [90m(C:\Users\brand\Development\Project_Workspace\active-development\learn_comptia_network+\[39msrc\components\auth\LoginForm.tsx:19:39[90m)[39m
    at renderWithHooks [90m(C:\Users\brand\Development\Project_Workspace\active-development\learn_comptia_network+\[39mnode_modules\[4mreact-dom[24m\cjs\react-dom.development.js:15486:18[90m)[39m
    at mountIndeterminateComponent [90m(C:\Users\brand\Development\Project_Workspace\active-development\learn_comptia_network+\[39mnode_modules\[4mreact-dom[24m\cjs\react-dom.development.js:20103:13[90m)[39m
    at beginWork [90m(C:\Users\brand\Development\Project_Workspace\active-development\learn_comptia_network+\[39mnode_modules\[4mreact-dom[24m\cjs\react-dom.development.js:21626:16[90m)[39m
    at HTMLUnknownElement.callCallback [90m(C:\Users\brand\Development\Project_Workspace\active-development\learn_comptia_network+\[39mnode_modules\[4mreact-dom[24m\cjs\react-dom.development.js:4164:14[90m)[39m
    at HTMLUnknownElement.callTheUserObjectsOperation [90m(C:\Users\brand\Development\Project_Workspace\active-development\learn_comptia_network+\[39mnode_modules\[4mjsdom[24m\lib\jsdom\living\generated\EventListener.js:26:30[90m)[39m
    at innerInvokeEventListeners [90m(C:\Users\brand\Development\Project_Workspace\active-development\learn_comptia_network+\[39mnode_modules\[4mjsdom[24m\lib\jsdom\living\events\EventTarget-impl.js:350:25[90m)[39m
    at invokeEventListeners [90m(C:\Users\brand\Development\Project_Workspace\active-development\learn_comptia_network+\[39mnode_modules\[4mjsdom[24m\lib\jsdom\living\events\EventTarget-impl.js:286:3[90m)[39m
    at HTMLUnknownElementImpl._dispatch [90m(C:\Users\brand\Development\Project_Workspace\active-development\learn_comptia_network+\[39mnode_modules\[4mjsdom[24m\lib\jsdom\living\events\EventTarget-impl.js:233:9[90m)[39m
The above error occurred in the <LoginForm> component:

    at LoginForm (C:\Users\brand\Development\Project_Workspace\active-development\learn_comptia_network+\src\components\auth\LoginForm.tsx:16:61)
    at Router (C:\Users\brand\Development\Project_Workspace\active-development\learn_comptia_network+\node_modules\react-router\dist\umd\react-router.development.js:1207:17)
    at BrowserRouter (C:\Users\brand\Development\Project_Workspace\active-development\learn_comptia_network+\node_modules\react-router-dom\dist\umd\react-router-dom.development.js:695:7)

Consider adding an error boundary to your tree to customize error handling behavior.
Visit https://reactjs.org/link/error-boundaries to learn more about error boundaries.

[90mstderr[2m | tests/integration/auth-flow.test.tsx[2m > [22m[2mLogin Flow[2m > [22m[2mshould remember user when remember me is checked
[22m[39mError: Uncaught [Error: useAuth must be used within an AuthProvider]
    at reportException (C:\Users\brand\Development\Project_Workspace\active-development\learn_comptia_network+\node_modules\jsdom\lib\jsdom\living\helpers\runtime-script-errors.js:66:24)
    at innerInvokeEventListeners (C:\Users\brand\Development\Project_Workspace\active-development\learn_comptia_network+\node_modules\jsdom\lib\jsdom\living\events\EventTarget-impl.js:353:9)
    at invokeEventListeners (C:\Users\brand\Development\Project_Workspace\active-development\learn_comptia_network+\node_modules\jsdom\lib\jsdom\living\events\EventTarget-impl.js:286:3)
    at HTMLUnknownElementImpl._dispatch (C:\Users\brand\Development\Project_Workspace\active-development\learn_comptia_network+\node_modules\jsdom\lib\jsdom\living\events\EventTarget-impl.js:233:9)
    at HTMLUnknownElementImpl.dispatchEvent (C:\Users\brand\Development\Project_Workspace\active-development\learn_comptia_network+\node_modules\jsdom\lib\jsdom\living\events\EventTarget-impl.js:104:17)
    at HTMLUnknownElement.dispatchEvent (C:\Users\brand\Development\Project_Workspace\active-development\learn_comptia_network+\node_modules\jsdom\lib\jsdom\living\generated\EventTarget.js:241:34)
    at Object.invokeGuardedCallbackDev (C:\Users\brand\Development\Project_Workspace\active-development\learn_comptia_network+\node_modules\react-dom\cjs\react-dom.development.js:4213:16)
    at invokeGuardedCallback (C:\Users\brand\Development\Project_Workspace\active-development\learn_comptia_network+\node_modules\react-dom\cjs\react-dom.development.js:4277:31)
    at beginWork$1 (C:\Users\brand\Development\Project_Workspace\active-development\learn_comptia_network+\node_modules\react-dom\cjs\react-dom.development.js:27490:7)
    at performUnitOfWork (C:\Users\brand\Development\Project_Workspace\active-development\learn_comptia_network+\node_modules\react-dom\cjs\react-dom.development.js:26599:12) Error: useAuth must be used within an AuthProvider
    at Module.useAuth [90m(C:\Users\brand\Development\Project_Workspace\active-development\learn_comptia_network+\[39msrc\contexts\AuthContext.tsx:376:11[90m)[39m
    at LoginForm [90m(C:\Users\brand\Development\Project_Workspace\active-development\learn_comptia_network+\[39msrc\components\auth\LoginForm.tsx:19:39[90m)[39m
    at renderWithHooks [90m(C:\Users\brand\Development\Project_Workspace\active-development\learn_comptia_network+\[39mnode_modules\[4mreact-dom[24m\cjs\react-dom.development.js:15486:18[90m)[39m
    at mountIndeterminateComponent [90m(C:\Users\brand\Development\Project_Workspace\active-development\learn_comptia_network+\[39mnode_modules\[4mreact-dom[24m\cjs\react-dom.development.js:20103:13[90m)[39m
    at beginWork [90m(C:\Users\brand\Development\Project_Workspace\active-development\learn_comptia_network+\[39mnode_modules\[4mreact-dom[24m\cjs\react-dom.development.js:21626:16[90m)[39m
    at HTMLUnknownElement.callCallback [90m(C:\Users\brand\Development\Project_Workspace\active-development\learn_comptia_network+\[39mnode_modules\[4mreact-dom[24m\cjs\react-dom.development.js:4164:14[90m)[39m
    at HTMLUnknownElement.callTheUserObjectsOperation [90m(C:\Users\brand\Development\Project_Workspace\active-development\learn_comptia_network+\[39mnode_modules\[4mjsdom[24m\lib\jsdom\living\generated\EventListener.js:26:30[90m)[39m
    at innerInvokeEventListeners [90m(C:\Users\brand\Development\Project_Workspace\active-development\learn_comptia_network+\[39mnode_modules\[4mjsdom[24m\lib\jsdom\living\events\EventTarget-impl.js:350:25[90m)[39m
    at invokeEventListeners [90m(C:\Users\brand\Development\Project_Workspace\active-development\learn_comptia_network+\[39mnode_modules\[4mjsdom[24m\lib\jsdom\living\events\EventTarget-impl.js:286:3[90m)[39m
    at HTMLUnknownElementImpl._dispatch [90m(C:\Users\brand\Development\Project_Workspace\active-development\learn_comptia_network+\[39mnode_modules\[4mjsdom[24m\lib\jsdom\living\events\EventTarget-impl.js:233:9[90m)[39m
Error: Uncaught [Error: useAuth must be used within an AuthProvider]
    at reportException (C:\Users\brand\Development\Project_Workspace\active-development\learn_comptia_network+\node_modules\jsdom\lib\jsdom\living\helpers\runtime-script-errors.js:66:24)
    at innerInvokeEventListeners (C:\Users\brand\Development\Project_Workspace\active-development\learn_comptia_network+\node_modules\jsdom\lib\jsdom\living\events\EventTarget-impl.js:353:9)
    at invokeEventListeners (C:\Users\brand\Development\Project_Workspace\active-development\learn_comptia_network+\node_modules\jsdom\lib\jsdom\living\events\EventTarget-impl.js:286:3)
    at HTMLUnknownElementImpl._dispatch (C:\Users\brand\Development\Project_Workspace\active-development\learn_comptia_network+\node_modules\jsdom\lib\jsdom\living\events\EventTarget-impl.js:233:9)
    at HTMLUnknownElementImpl.dispatchEvent (C:\Users\brand\Development\Project_Workspace\active-development\learn_comptia_network+\node_modules\jsdom\lib\jsdom\living\events\EventTarget-impl.js:104:17)
    at HTMLUnknownElement.dispatchEvent (C:\Users\brand\Development\Project_Workspace\active-development\learn_comptia_network+\node_modules\jsdom\lib\jsdom\living\generated\EventTarget.js:241:34)
    at Object.invokeGuardedCallbackDev (C:\Users\brand\Development\Project_Workspace\active-development\learn_comptia_network+\node_modules\react-dom\cjs\react-dom.development.js:4213:16)
    at invokeGuardedCallback (C:\Users\brand\Development\Project_Workspace\active-development\learn_comptia_network+\node_modules\react-dom\cjs\react-dom.development.js:4277:31)
    at beginWork$1 (C:\Users\brand\Development\Project_Workspace\active-development\learn_comptia_network+\node_modules\react-dom\cjs\react-dom.development.js:27490:7)
    at performUnitOfWork (C:\Users\brand\Development\Project_Workspace\active-development\learn_comptia_network+\node_modules\react-dom\cjs\react-dom.development.js:26599:12) Error: useAuth must be used within an AuthProvider
    at Module.useAuth [90m(C:\Users\brand\Development\Project_Workspace\active-development\learn_comptia_network+\[39msrc\contexts\AuthContext.tsx:376:11[90m)[39m
    at LoginForm [90m(C:\Users\brand\Development\Project_Workspace\active-development\learn_comptia_network+\[39msrc\components\auth\LoginForm.tsx:19:39[90m)[39m
    at renderWithHooks [90m(C:\Users\brand\Development\Project_Workspace\active-development\learn_comptia_network+\[39mnode_modules\[4mreact-dom[24m\cjs\react-dom.development.js:15486:18[90m)[39m
    at mountIndeterminateComponent [90m(C:\Users\brand\Development\Project_Workspace\active-development\learn_comptia_network+\[39mnode_modules\[4mreact-dom[24m\cjs\react-dom.development.js:20103:13[90m)[39m
    at beginWork [90m(C:\Users\brand\Development\Project_Workspace\active-development\learn_comptia_network+\[39mnode_modules\[4mreact-dom[24m\cjs\react-dom.development.js:21626:16[90m)[39m
    at HTMLUnknownElement.callCallback [90m(C:\Users\brand\Development\Project_Workspace\active-development\learn_comptia_network+\[39mnode_modules\[4mreact-dom[24m\cjs\react-dom.development.js:4164:14[90m)[39m
    at HTMLUnknownElement.callTheUserObjectsOperation [90m(C:\Users\brand\Development\Project_Workspace\active-development\learn_comptia_network+\[39mnode_modules\[4mjsdom[24m\lib\jsdom\living\generated\EventListener.js:26:30[90m)[39m
    at innerInvokeEventListeners [90m(C:\Users\brand\Development\Project_Workspace\active-development\learn_comptia_network+\[39mnode_modules\[4mjsdom[24m\lib\jsdom\living\events\EventTarget-impl.js:350:25[90m)[39m
    at invokeEventListeners [90m(C:\Users\brand\Development\Project_Workspace\active-development\learn_comptia_network+\[39mnode_modules\[4mjsdom[24m\lib\jsdom\living\events\EventTarget-impl.js:286:3[90m)[39m
    at HTMLUnknownElementImpl._dispatch [90m(C:\Users\brand\Development\Project_Workspace\active-development\learn_comptia_network+\[39mnode_modules\[4mjsdom[24m\lib\jsdom\living\events\EventTarget-impl.js:233:9[90m)[39m
The above error occurred in the <LoginForm> component:

    at LoginForm (C:\Users\brand\Development\Project_Workspace\active-development\learn_comptia_network+\src\components\auth\LoginForm.tsx:16:61)
    at Router (C:\Users\brand\Development\Project_Workspace\active-development\learn_comptia_network+\node_modules\react-router\dist\umd\react-router.development.js:1207:17)
    at BrowserRouter (C:\Users\brand\Development\Project_Workspace\active-development\learn_comptia_network+\node_modules\react-router-dom\dist\umd\react-router-dom.development.js:695:7)

Consider adding an error boundary to your tree to customize error handling behavior.
Visit https://reactjs.org/link/error-boundaries to learn more about error boundaries.

[90mstderr[2m | tests/integration/auth-flow.test.tsx[2m > [22m[2mRegistration Flow[2m > [22m[2mshould render registration form
[22m[39mError: Uncaught [Error: useAuth must be used within an AuthProvider]
    at reportException (C:\Users\brand\Development\Project_Workspace\active-development\learn_comptia_network+\node_modules\jsdom\lib\jsdom\living\helpers\runtime-script-errors.js:66:24)
    at innerInvokeEventListeners (C:\Users\brand\Development\Project_Workspace\active-development\learn_comptia_network+\node_modules\jsdom\lib\jsdom\living\events\EventTarget-impl.js:353:9)
    at invokeEventListeners (C:\Users\brand\Development\Project_Workspace\active-development\learn_comptia_network+\node_modules\jsdom\lib\jsdom\living\events\EventTarget-impl.js:286:3)
    at HTMLUnknownElementImpl._dispatch (C:\Users\brand\Development\Project_Workspace\active-development\learn_comptia_network+\node_modules\jsdom\lib\jsdom\living\events\EventTarget-impl.js:233:9)
    at HTMLUnknownElementImpl.dispatchEvent (C:\Users\brand\Development\Project_Workspace\active-development\learn_comptia_network+\node_modules\jsdom\lib\jsdom\living\events\EventTarget-impl.js:104:17)
    at HTMLUnknownElement.dispatchEvent (C:\Users\brand\Development\Project_Workspace\active-development\learn_comptia_network+\node_modules\jsdom\lib\jsdom\living\generated\EventTarget.js:241:34)
    at Object.invokeGuardedCallbackDev (C:\Users\brand\Development\Project_Workspace\active-development\learn_comptia_network+\node_modules\react-dom\cjs\react-dom.development.js:4213:16)
    at invokeGuardedCallback (C:\Users\brand\Development\Project_Workspace\active-development\learn_comptia_network+\node_modules\react-dom\cjs\react-dom.development.js:4277:31)
    at beginWork$1 (C:\Users\brand\Development\Project_Workspace\active-development\learn_comptia_network+\node_modules\react-dom\cjs\react-dom.development.js:27490:7)
    at performUnitOfWork (C:\Users\brand\Development\Project_Workspace\active-development\learn_comptia_network+\node_modules\react-dom\cjs\react-dom.development.js:26599:12) Error: useAuth must be used within an AuthProvider
    at Module.useAuth [90m(C:\Users\brand\Development\Project_Workspace\active-development\learn_comptia_network+\[39msrc\contexts\AuthContext.tsx:376:11[90m)[39m
    at RegisterForm [90m(C:\Users\brand\Development\Project_Workspace\active-development\learn_comptia_network+\[39msrc\components\auth\RegisterForm.tsx:15:42[90m)[39m
    at renderWithHooks [90m(C:\Users\brand\Development\Project_Workspace\active-development\learn_comptia_network+\[39mnode_modules\[4mreact-dom[24m\cjs\react-dom.development.js:15486:18[90m)[39m
    at mountIndeterminateComponent [90m(C:\Users\brand\Development\Project_Workspace\active-development\learn_comptia_network+\[39mnode_modules\[4mreact-dom[24m\cjs\react-dom.development.js:20103:13[90m)[39m
    at beginWork [90m(C:\Users\brand\Development\Project_Workspace\active-development\learn_comptia_network+\[39mnode_modules\[4mreact-dom[24m\cjs\react-dom.development.js:21626:16[90m)[39m
    at HTMLUnknownElement.callCallback [90m(C:\Users\brand\Development\Project_Workspace\active-development\learn_comptia_network+\[39mnode_modules\[4mreact-dom[24m\cjs\react-dom.development.js:4164:14[90m)[39m
    at HTMLUnknownElement.callTheUserObjectsOperation [90m(C:\Users\brand\Development\Project_Workspace\active-development\learn_comptia_network+\[39mnode_modules\[4mjsdom[24m\lib\jsdom\living\generated\EventListener.js:26:30[90m)[39m
    at innerInvokeEventListeners [90m(C:\Users\brand\Development\Project_Workspace\active-development\learn_comptia_network+\[39mnode_modules\[4mjsdom[24m\lib\jsdom\living\events\EventTarget-impl.js:350:25[90m)[39m
    at invokeEventListeners [90m(C:\Users\brand\Development\Project_Workspace\active-development\learn_comptia_network+\[39mnode_modules\[4mjsdom[24m\lib\jsdom\living\events\EventTarget-impl.js:286:3[90m)[39m
    at HTMLUnknownElementImpl._dispatch [90m(C:\Users\brand\Development\Project_Workspace\active-development\learn_comptia_network+\[39mnode_modules\[4mjsdom[24m\lib\jsdom\living\events\EventTarget-impl.js:233:9[90m)[39m
Error: Uncaught [Error: useAuth must be used within an AuthProvider]
    at reportException (C:\Users\brand\Development\Project_Workspace\active-development\learn_comptia_network+\node_modules\jsdom\lib\jsdom\living\helpers\runtime-script-errors.js:66:24)
    at innerInvokeEventListeners (C:\Users\brand\Development\Project_Workspace\active-development\learn_comptia_network+\node_modules\jsdom\lib\jsdom\living\events\EventTarget-impl.js:353:9)
    at invokeEventListeners (C:\Users\brand\Development\Project_Workspace\active-development\learn_comptia_network+\node_modules\jsdom\lib\jsdom\living\events\EventTarget-impl.js:286:3)
    at HTMLUnknownElementImpl._dispatch (C:\Users\brand\Development\Project_Workspace\active-development\learn_comptia_network+\node_modules\jsdom\lib\jsdom\living\events\EventTarget-impl.js:233:9)
    at HTMLUnknownElementImpl.dispatchEvent (C:\Users\brand\Development\Project_Workspace\active-development\learn_comptia_network+\node_modules\jsdom\lib\jsdom\living\events\EventTarget-impl.js:104:17)
    at HTMLUnknownElement.dispatchEvent (C:\Users\brand\Development\Project_Workspace\active-development\learn_comptia_network+\node_modules\jsdom\lib\jsdom\living\generated\EventTarget.js:241:34)
    at Object.invokeGuardedCallbackDev (C:\Users\brand\Development\Project_Workspace\active-development\learn_comptia_network+\node_modules\react-dom\cjs\react-dom.development.js:4213:16)
    at invokeGuardedCallback (C:\Users\brand\Development\Project_Workspace\active-development\learn_comptia_network+\node_modules\react-dom\cjs\react-dom.development.js:4277:31)
    at beginWork$1 (C:\Users\brand\Development\Project_Workspace\active-development\learn_comptia_network+\node_modules\react-dom\cjs\react-dom.development.js:27490:7)
    at performUnitOfWork (C:\Users\brand\Development\Project_Workspace\active-development\learn_comptia_network+\node_modules\react-dom\cjs\react-dom.development.js:26599:12) Error: useAuth must be used within an AuthProvider
    at Module.useAuth [90m(C:\Users\brand\Development\Project_Workspace\active-development\learn_comptia_network+\[39msrc\contexts\AuthContext.tsx:376:11[90m)[39m
    at RegisterForm [90m(C:\Users\brand\Development\Project_Workspace\active-development\learn_comptia_network+\[39msrc\components\auth\RegisterForm.tsx:15:42[90m)[39m
    at renderWithHooks [90m(C:\Users\brand\Development\Project_Workspace\active-development\learn_comptia_network+\[39mnode_modules\[4mreact-dom[24m\cjs\react-dom.development.js:15486:18[90m)[39m
    at mountIndeterminateComponent [90m(C:\Users\brand\Development\Project_Workspace\active-development\learn_comptia_network+\[39mnode_modules\[4mreact-dom[24m\cjs\react-dom.development.js:20103:13[90m)[39m
    at beginWork [90m(C:\Users\brand\Development\Project_Workspace\active-development\learn_comptia_network+\[39mnode_modules\[4mreact-dom[24m\cjs\react-dom.development.js:21626:16[90m)[39m
    at HTMLUnknownElement.callCallback [90m(C:\Users\brand\Development\Project_Workspace\active-development\learn_comptia_network+\[39mnode_modules\[4mreact-dom[24m\cjs\react-dom.development.js:4164:14[90m)[39m
    at HTMLUnknownElement.callTheUserObjectsOperation [90m(C:\Users\brand\Development\Project_Workspace\active-development\learn_comptia_network+\[39mnode_modules\[4mjsdom[24m\lib\jsdom\living\generated\EventListener.js:26:30[90m)[39m
    at innerInvokeEventListeners [90m(C:\Users\brand\Development\Project_Workspace\active-development\learn_comptia_network+\[39mnode_modules\[4mjsdom[24m\lib\jsdom\living\events\EventTarget-impl.js:350:25[90m)[39m
    at invokeEventListeners [90m(C:\Users\brand\Development\Project_Workspace\active-development\learn_comptia_network+\[39mnode_modules\[4mjsdom[24m\lib\jsdom\living\events\EventTarget-impl.js:286:3[90m)[39m
    at HTMLUnknownElementImpl._dispatch [90m(C:\Users\brand\Development\Project_Workspace\active-development\learn_comptia_network+\[39mnode_modules\[4mjsdom[24m\lib\jsdom\living\events\EventTarget-impl.js:233:9[90m)[39m
The above error occurred in the <RegisterForm> component:

    at RegisterForm (C:\Users\brand\Development\Project_Workspace\active-development\learn_comptia_network+\src\components\auth\RegisterForm.tsx:15:64)
    at Router (C:\Users\brand\Development\Project_Workspace\active-development\learn_comptia_network+\node_modules\react-router\dist\umd\react-router.development.js:1207:17)
    at BrowserRouter (C:\Users\brand\Development\Project_Workspace\active-development\learn_comptia_network+\node_modules\react-router-dom\dist\umd\react-router-dom.development.js:695:7)

Consider adding an error boundary to your tree to customize error handling behavior.
Visit https://reactjs.org/link/error-boundaries to learn more about error boundaries.

[90mstderr[2m | tests/integration/auth-flow.test.tsx[2m > [22m[2mRegistration Flow[2m > [22m[2mshould validate password strength
[22m[39mError: Uncaught [Error: useAuth must be used within an AuthProvider]
    at reportException (C:\Users\brand\Development\Project_Workspace\active-development\learn_comptia_network+\node_modules\jsdom\lib\jsdom\living\helpers\runtime-script-errors.js:66:24)
    at innerInvokeEventListeners (C:\Users\brand\Development\Project_Workspace\active-development\learn_comptia_network+\node_modules\jsdom\lib\jsdom\living\events\EventTarget-impl.js:353:9)
    at invokeEventListeners (C:\Users\brand\Development\Project_Workspace\active-development\learn_comptia_network+\node_modules\jsdom\lib\jsdom\living\events\EventTarget-impl.js:286:3)
    at HTMLUnknownElementImpl._dispatch (C:\Users\brand\Development\Project_Workspace\active-development\learn_comptia_network+\node_modules\jsdom\lib\jsdom\living\events\EventTarget-impl.js:233:9)
    at HTMLUnknownElementImpl.dispatchEvent (C:\Users\brand\Development\Project_Workspace\active-development\learn_comptia_network+\node_modules\jsdom\lib\jsdom\living\events\EventTarget-impl.js:104:17)
    at HTMLUnknownElement.dispatchEvent (C:\Users\brand\Development\Project_Workspace\active-development\learn_comptia_network+\node_modules\jsdom\lib\jsdom\living\generated\EventTarget.js:241:34)
    at Object.invokeGuardedCallbackDev (C:\Users\brand\Development\Project_Workspace\active-development\learn_comptia_network+\node_modules\react-dom\cjs\react-dom.development.js:4213:16)
    at invokeGuardedCallback (C:\Users\brand\Development\Project_Workspace\active-development\learn_comptia_network+\node_modules\react-dom\cjs\react-dom.development.js:4277:31)
    at beginWork$1 (C:\Users\brand\Development\Project_Workspace\active-development\learn_comptia_network+\node_modules\react-dom\cjs\react-dom.development.js:27490:7)
    at performUnitOfWork (C:\Users\brand\Development\Project_Workspace\active-development\learn_comptia_network+\node_modules\react-dom\cjs\react-dom.development.js:26599:12) Error: useAuth must be used within an AuthProvider
    at Module.useAuth [90m(C:\Users\brand\Development\Project_Workspace\active-development\learn_comptia_network+\[39msrc\contexts\AuthContext.tsx:376:11[90m)[39m
    at RegisterForm [90m(C:\Users\brand\Development\Project_Workspace\active-development\learn_comptia_network+\[39msrc\components\auth\RegisterForm.tsx:15:42[90m)[39m
    at renderWithHooks [90m(C:\Users\brand\Development\Project_Workspace\active-development\learn_comptia_network+\[39mnode_modules\[4mreact-dom[24m\cjs\react-dom.development.js:15486:18[90m)[39m
    at mountIndeterminateComponent [90m(C:\Users\brand\Development\Project_Workspace\active-development\learn_comptia_network+\[39mnode_modules\[4mreact-dom[24m\cjs\react-dom.development.js:20103:13[90m)[39m
    at beginWork [90m(C:\Users\brand\Development\Project_Workspace\active-development\learn_comptia_network+\[39mnode_modules\[4mreact-dom[24m\cjs\react-dom.development.js:21626:16[90m)[39m
    at HTMLUnknownElement.callCallback [90m(C:\Users\brand\Development\Project_Workspace\active-development\learn_comptia_network+\[39mnode_modules\[4mreact-dom[24m\cjs\react-dom.development.js:4164:14[90m)[39m
    at HTMLUnknownElement.callTheUserObjectsOperation [90m(C:\Users\brand\Development\Project_Workspace\active-development\learn_comptia_network+\[39mnode_modules\[4mjsdom[24m\lib\jsdom\living\generated\EventListener.js:26:30[90m)[39m
    at innerInvokeEventListeners [90m(C:\Users\brand\Development\Project_Workspace\active-development\learn_comptia_network+\[39mnode_modules\[4mjsdom[24m\lib\jsdom\living\events\EventTarget-impl.js:350:25[90m)[39m
    at invokeEventListeners [90m(C:\Users\brand\Development\Project_Workspace\active-development\learn_comptia_network+\[39mnode_modules\[4mjsdom[24m\lib\jsdom\living\events\EventTarget-impl.js:286:3[90m)[39m
    at HTMLUnknownElementImpl._dispatch [90m(C:\Users\brand\Development\Project_Workspace\active-development\learn_comptia_network+\[39mnode_modules\[4mjsdom[24m\lib\jsdom\living\events\EventTarget-impl.js:233:9[90m)[39m
Error: Uncaught [Error: useAuth must be used within an AuthProvider]
    at reportException (C:\Users\brand\Development\Project_Workspace\active-development\learn_comptia_network+\node_modules\jsdom\lib\jsdom\living\helpers\runtime-script-errors.js:66:24)
    at innerInvokeEventListeners (C:\Users\brand\Development\Project_Workspace\active-development\learn_comptia_network+\node_modules\jsdom\lib\jsdom\living\events\EventTarget-impl.js:353:9)
    at invokeEventListeners (C:\Users\brand\Development\Project_Workspace\active-development\learn_comptia_network+\node_modules\jsdom\lib\jsdom\living\events\EventTarget-impl.js:286:3)
    at HTMLUnknownElementImpl._dispatch (C:\Users\brand\Development\Project_Workspace\active-development\learn_comptia_network+\node_modules\jsdom\lib\jsdom\living\events\EventTarget-impl.js:233:9)
    at HTMLUnknownElementImpl.dispatchEvent (C:\Users\brand\Development\Project_Workspace\active-development\learn_comptia_network+\node_modules\jsdom\lib\jsdom\living\events\EventTarget-impl.js:104:17)
    at HTMLUnknownElement.dispatchEvent (C:\Users\brand\Development\Project_Workspace\active-development\learn_comptia_network+\node_modules\jsdom\lib\jsdom\living\generated\EventTarget.js:241:34)
    at Object.invokeGuardedCallbackDev (C:\Users\brand\Development\Project_Workspace\active-development\learn_comptia_network+\node_modules\react-dom\cjs\react-dom.development.js:4213:16)
    at invokeGuardedCallback (C:\Users\brand\Development\Project_Workspace\active-development\learn_comptia_network+\node_modules\react-dom\cjs\react-dom.development.js:4277:31)
    at beginWork$1 (C:\Users\brand\Development\Project_Workspace\active-development\learn_comptia_network+\node_modules\react-dom\cjs\react-dom.development.js:27490:7)
    at performUnitOfWork (C:\Users\brand\Development\Project_Workspace\active-development\learn_comptia_network+\node_modules\react-dom\cjs\react-dom.development.js:26599:12) Error: useAuth must be used within an AuthProvider
    at Module.useAuth [90m(C:\Users\brand\Development\Project_Workspace\active-development\learn_comptia_network+\[39msrc\contexts\AuthContext.tsx:376:11[90m)[39m
    at RegisterForm [90m(C:\Users\brand\Development\Project_Workspace\active-development\learn_comptia_network+\[39msrc\components\auth\RegisterForm.tsx:15:42[90m)[39m
    at renderWithHooks [90m(C:\Users\brand\Development\Project_Workspace\active-development\learn_comptia_network+\[39mnode_modules\[4mreact-dom[24m\cjs\react-dom.development.js:15486:18[90m)[39m
    at mountIndeterminateComponent [90m(C:\Users\brand\Development\Project_Workspace\active-development\learn_comptia_network+\[39mnode_modules\[4mreact-dom[24m\cjs\react-dom.development.js:20103:13[90m)[39m
    at beginWork [90m(C:\Users\brand\Development\Project_Workspace\active-development\learn_comptia_network+\[39mnode_modules\[4mreact-dom[24m\cjs\react-dom.development.js:21626:16[90m)[39m
    at HTMLUnknownElement.callCallback [90m(C:\Users\brand\Development\Project_Workspace\active-development\learn_comptia_network+\[39mnode_modules\[4mreact-dom[24m\cjs\react-dom.development.js:4164:14[90m)[39m
    at HTMLUnknownElement.callTheUserObjectsOperation [90m(C:\Users\brand\Development\Project_Workspace\active-development\learn_comptia_network+\[39mnode_modules\[4mjsdom[24m\lib\jsdom\living\generated\EventListener.js:26:30[90m)[39m
    at innerInvokeEventListeners [90m(C:\Users\brand\Development\Project_Workspace\active-development\learn_comptia_network+\[39mnode_modules\[4mjsdom[24m\lib\jsdom\living\events\EventTarget-impl.js:350:25[90m)[39m
    at invokeEventListeners [90m(C:\Users\brand\Development\Project_Workspace\active-development\learn_comptia_network+\[39mnode_modules\[4mjsdom[24m\lib\jsdom\living\events\EventTarget-impl.js:286:3[90m)[39m
    at HTMLUnknownElementImpl._dispatch [90m(C:\Users\brand\Development\Project_Workspace\active-development\learn_comptia_network+\[39mnode_modules\[4mjsdom[24m\lib\jsdom\living\events\EventTarget-impl.js:233:9[90m)[39m
The above error occurred in the <RegisterForm> component:

    at RegisterForm (C:\Users\brand\Development\Project_Workspace\active-development\learn_comptia_network+\src\components\auth\RegisterForm.tsx:15:64)
    at Router (C:\Users\brand\Development\Project_Workspace\active-development\learn_comptia_network+\node_modules\react-router\dist\umd\react-router.development.js:1207:17)
    at BrowserRouter (C:\Users\brand\Development\Project_Workspace\active-development\learn_comptia_network+\node_modules\react-router-dom\dist\umd\react-router-dom.development.js:695:7)

Consider adding an error boundary to your tree to customize error handling behavior.
Visit https://reactjs.org/link/error-boundaries to learn more about error boundaries.

[90mstderr[2m | tests/integration/auth-flow.test.tsx[2m > [22m[2mRegistration Flow[2m > [22m[2mshould validate password match
[22m[39mError: Uncaught [Error: useAuth must be used within an AuthProvider]
    at reportException (C:\Users\brand\Development\Project_Workspace\active-development\learn_comptia_network+\node_modules\jsdom\lib\jsdom\living\helpers\runtime-script-errors.js:66:24)
    at innerInvokeEventListeners (C:\Users\brand\Development\Project_Workspace\active-development\learn_comptia_network+\node_modules\jsdom\lib\jsdom\living\events\EventTarget-impl.js:353:9)
    at invokeEventListeners (C:\Users\brand\Development\Project_Workspace\active-development\learn_comptia_network+\node_modules\jsdom\lib\jsdom\living\events\EventTarget-impl.js:286:3)
    at HTMLUnknownElementImpl._dispatch (C:\Users\brand\Development\Project_Workspace\active-development\learn_comptia_network+\node_modules\jsdom\lib\jsdom\living\events\EventTarget-impl.js:233:9)
    at HTMLUnknownElementImpl.dispatchEvent (C:\Users\brand\Development\Project_Workspace\active-development\learn_comptia_network+\node_modules\jsdom\lib\jsdom\living\events\EventTarget-impl.js:104:17)
    at HTMLUnknownElement.dispatchEvent (C:\Users\brand\Development\Project_Workspace\active-development\learn_comptia_network+\node_modules\jsdom\lib\jsdom\living\generated\EventTarget.js:241:34)
    at Object.invokeGuardedCallbackDev (C:\Users\brand\Development\Project_Workspace\active-development\learn_comptia_network+\node_modules\react-dom\cjs\react-dom.development.js:4213:16)
    at invokeGuardedCallback (C:\Users\brand\Development\Project_Workspace\active-development\learn_comptia_network+\node_modules\react-dom\cjs\react-dom.development.js:4277:31)
    at beginWork$1 (C:\Users\brand\Development\Project_Workspace\active-development\learn_comptia_network+\node_modules\react-dom\cjs\react-dom.development.js:27490:7)
    at performUnitOfWork (C:\Users\brand\Development\Project_Workspace\active-development\learn_comptia_network+\node_modules\react-dom\cjs\react-dom.development.js:26599:12) Error: useAuth must be used within an AuthProvider
    at Module.useAuth [90m(C:\Users\brand\Development\Project_Workspace\active-development\learn_comptia_network+\[39msrc\contexts\AuthContext.tsx:376:11[90m)[39m
    at RegisterForm [90m(C:\Users\brand\Development\Project_Workspace\active-development\learn_comptia_network+\[39msrc\components\auth\RegisterForm.tsx:15:42[90m)[39m
    at renderWithHooks [90m(C:\Users\brand\Development\Project_Workspace\active-development\learn_comptia_network+\[39mnode_modules\[4mreact-dom[24m\cjs\react-dom.development.js:15486:18[90m)[39m
    at mountIndeterminateComponent [90m(C:\Users\brand\Development\Project_Workspace\active-development\learn_comptia_network+\[39mnode_modules\[4mreact-dom[24m\cjs\react-dom.development.js:20103:13[90m)[39m
    at beginWork [90m(C:\Users\brand\Development\Project_Workspace\active-development\learn_comptia_network+\[39mnode_modules\[4mreact-dom[24m\cjs\react-dom.development.js:21626:16[90m)[39m
    at HTMLUnknownElement.callCallback [90m(C:\Users\brand\Development\Project_Workspace\active-development\learn_comptia_network+\[39mnode_modules\[4mreact-dom[24m\cjs\react-dom.development.js:4164:14[90m)[39m
    at HTMLUnknownElement.callTheUserObjectsOperation [90m(C:\Users\brand\Development\Project_Workspace\active-development\learn_comptia_network+\[39mnode_modules\[4mjsdom[24m\lib\jsdom\living\generated\EventListener.js:26:30[90m)[39m
    at innerInvokeEventListeners [90m(C:\Users\brand\Development\Project_Workspace\active-development\learn_comptia_network+\[39mnode_modules\[4mjsdom[24m\lib\jsdom\living\events\EventTarget-impl.js:350:25[90m)[39m
    at invokeEventListeners [90m(C:\Users\brand\Development\Project_Workspace\active-development\learn_comptia_network+\[39mnode_modules\[4mjsdom[24m\lib\jsdom\living\events\EventTarget-impl.js:286:3[90m)[39m
    at HTMLUnknownElementImpl._dispatch [90m(C:\Users\brand\Development\Project_Workspace\active-development\learn_comptia_network+\[39mnode_modules\[4mjsdom[24m\lib\jsdom\living\events\EventTarget-impl.js:233:9[90m)[39m
Error: Uncaught [Error: useAuth must be used within an AuthProvider]
    at reportException (C:\Users\brand\Development\Project_Workspace\active-development\learn_comptia_network+\node_modules\jsdom\lib\jsdom\living\helpers\runtime-script-errors.js:66:24)
    at innerInvokeEventListeners (C:\Users\brand\Development\Project_Workspace\active-development\learn_comptia_network+\node_modules\jsdom\lib\jsdom\living\events\EventTarget-impl.js:353:9)
    at invokeEventListeners (C:\Users\brand\Development\Project_Workspace\active-development\learn_comptia_network+\node_modules\jsdom\lib\jsdom\living\events\EventTarget-impl.js:286:3)
    at HTMLUnknownElementImpl._dispatch (C:\Users\brand\Development\Project_Workspace\active-development\learn_comptia_network+\node_modules\jsdom\lib\jsdom\living\events\EventTarget-impl.js:233:9)
    at HTMLUnknownElementImpl.dispatchEvent (C:\Users\brand\Development\Project_Workspace\active-development\learn_comptia_network+\node_modules\jsdom\lib\jsdom\living\events\EventTarget-impl.js:104:17)
    at HTMLUnknownElement.dispatchEvent (C:\Users\brand\Development\Project_Workspace\active-development\learn_comptia_network+\node_modules\jsdom\lib\jsdom\living\generated\EventTarget.js:241:34)
    at Object.invokeGuardedCallbackDev (C:\Users\brand\Development\Project_Workspace\active-development\learn_comptia_network+\node_modules\react-dom\cjs\react-dom.development.js:4213:16)
    at invokeGuardedCallback (C:\Users\brand\Development\Project_Workspace\active-development\learn_comptia_network+\node_modules\react-dom\cjs\react-dom.development.js:4277:31)
    at beginWork$1 (C:\Users\brand\Development\Project_Workspace\active-development\learn_comptia_network+\node_modules\react-dom\cjs\react-dom.development.js:27490:7)
    at performUnitOfWork (C:\Users\brand\Development\Project_Workspace\active-development\learn_comptia_network+\node_modules\react-dom\cjs\react-dom.development.js:26599:12) Error: useAuth must be used within an AuthProvider
    at Module.useAuth [90m(C:\Users\brand\Development\Project_Workspace\active-development\learn_comptia_network+\[39msrc\contexts\AuthContext.tsx:376:11[90m)[39m
    at RegisterForm [90m(C:\Users\brand\Development\Project_Workspace\active-development\learn_comptia_network+\[39msrc\components\auth\RegisterForm.tsx:15:42[90m)[39m
    at renderWithHooks [90m(C:\Users\brand\Development\Project_Workspace\active-development\learn_comptia_network+\[39mnode_modules\[4mreact-dom[24m\cjs\react-dom.development.js:15486:18[90m)[39m
    at mountIndeterminateComponent [90m(C:\Users\brand\Development\Project_Workspace\active-development\learn_comptia_network+\[39mnode_modules\[4mreact-dom[24m\cjs\react-dom.development.js:20103:13[90m)[39m
    at beginWork [90m(C:\Users\brand\Development\Project_Workspace\active-development\learn_comptia_network+\[39mnode_modules\[4mreact-dom[24m\cjs\react-dom.development.js:21626:16[90m)[39m
    at HTMLUnknownElement.callCallback [90m(C:\Users\brand\Development\Project_Workspace\active-development\learn_comptia_network+\[39mnode_modules\[4mreact-dom[24m\cjs\react-dom.development.js:4164:14[90m)[39m
    at HTMLUnknownElement.callTheUserObjectsOperation [90m(C:\Users\brand\Development\Project_Workspace\active-development\learn_comptia_network+\[39mnode_modules\[4mjsdom[24m\lib\jsdom\living\generated\EventListener.js:26:30[90m)[39m
    at innerInvokeEventListeners [90m(C:\Users\brand\Development\Project_Workspace\active-development\learn_comptia_network+\[39mnode_modules\[4mjsdom[24m\lib\jsdom\living\events\EventTarget-impl.js:350:25[90m)[39m
    at invokeEventListeners [90m(C:\Users\brand\Development\Project_Workspace\active-development\learn_comptia_network+\[39mnode_modules\[4mjsdom[24m\lib\jsdom\living\events\EventTarget-impl.js:286:3[90m)[39m
    at HTMLUnknownElementImpl._dispatch [90m(C:\Users\brand\Development\Project_Workspace\active-development\learn_comptia_network+\[39mnode_modules\[4mjsdom[24m\lib\jsdom\living\events\EventTarget-impl.js:233:9[90m)[39m
The above error occurred in the <RegisterForm> component:

    at RegisterForm (C:\Users\brand\Development\Project_Workspace\active-development\learn_comptia_network+\src\components\auth\RegisterForm.tsx:15:64)
    at Router (C:\Users\brand\Development\Project_Workspace\active-development\learn_comptia_network+\node_modules\react-router\dist\umd\react-router.development.js:1207:17)
    at BrowserRouter (C:\Users\brand\Development\Project_Workspace\active-development\learn_comptia_network+\node_modules\react-router-dom\dist\umd\react-router-dom.development.js:695:7)

Consider adding an error boundary to your tree to customize error handling behavior.
Visit https://reactjs.org/link/error-boundaries to learn more about error boundaries.

[90mstderr[2m | tests/integration/auth-flow.test.tsx[2m > [22m[2mRegistration Flow[2m > [22m[2mshould register successfully with valid data
[22m[39mError: Uncaught [Error: useAuth must be used within an AuthProvider]
    at reportException (C:\Users\brand\Development\Project_Workspace\active-development\learn_comptia_network+\node_modules\jsdom\lib\jsdom\living\helpers\runtime-script-errors.js:66:24)
    at innerInvokeEventListeners (C:\Users\brand\Development\Project_Workspace\active-development\learn_comptia_network+\node_modules\jsdom\lib\jsdom\living\events\EventTarget-impl.js:353:9)
    at invokeEventListeners (C:\Users\brand\Development\Project_Workspace\active-development\learn_comptia_network+\node_modules\jsdom\lib\jsdom\living\events\EventTarget-impl.js:286:3)
    at HTMLUnknownElementImpl._dispatch (C:\Users\brand\Development\Project_Workspace\active-development\learn_comptia_network+\node_modules\jsdom\lib\jsdom\living\events\EventTarget-impl.js:233:9)
    at HTMLUnknownElementImpl.dispatchEvent (C:\Users\brand\Development\Project_Workspace\active-development\learn_comptia_network+\node_modules\jsdom\lib\jsdom\living\events\EventTarget-impl.js:104:17)
    at HTMLUnknownElement.dispatchEvent (C:\Users\brand\Development\Project_Workspace\active-development\learn_comptia_network+\node_modules\jsdom\lib\jsdom\living\generated\EventTarget.js:241:34)
    at Object.invokeGuardedCallbackDev (C:\Users\brand\Development\Project_Workspace\active-development\learn_comptia_network+\node_modules\react-dom\cjs\react-dom.development.js:4213:16)
    at invokeGuardedCallback (C:\Users\brand\Development\Project_Workspace\active-development\learn_comptia_network+\node_modules\react-dom\cjs\react-dom.development.js:4277:31)
    at beginWork$1 (C:\Users\brand\Development\Project_Workspace\active-development\learn_comptia_network+\node_modules\react-dom\cjs\react-dom.development.js:27490:7)
    at performUnitOfWork (C:\Users\brand\Development\Project_Workspace\active-development\learn_comptia_network+\node_modules\react-dom\cjs\react-dom.development.js:26599:12) Error: useAuth must be used within an AuthProvider
    at Module.useAuth [90m(C:\Users\brand\Development\Project_Workspace\active-development\learn_comptia_network+\[39msrc\contexts\AuthContext.tsx:376:11[90m)[39m
    at RegisterForm [90m(C:\Users\brand\Development\Project_Workspace\active-development\learn_comptia_network+\[39msrc\components\auth\RegisterForm.tsx:15:42[90m)[39m
    at renderWithHooks [90m(C:\Users\brand\Development\Project_Workspace\active-development\learn_comptia_network+\[39mnode_modules\[4mreact-dom[24m\cjs\react-dom.development.js:15486:18[90m)[39m
    at mountIndeterminateComponent [90m(C:\Users\brand\Development\Project_Workspace\active-development\learn_comptia_network+\[39mnode_modules\[4mreact-dom[24m\cjs\react-dom.development.js:20103:13[90m)[39m
    at beginWork [90m(C:\Users\brand\Development\Project_Workspace\active-development\learn_comptia_network+\[39mnode_modules\[4mreact-dom[24m\cjs\react-dom.development.js:21626:16[90m)[39m
    at HTMLUnknownElement.callCallback [90m(C:\Users\brand\Development\Project_Workspace\active-development\learn_comptia_network+\[39mnode_modules\[4mreact-dom[24m\cjs\react-dom.development.js:4164:14[90m)[39m
    at HTMLUnknownElement.callTheUserObjectsOperation [90m(C:\Users\brand\Development\Project_Workspace\active-development\learn_comptia_network+\[39mnode_modules\[4mjsdom[24m\lib\jsdom\living\generated\EventListener.js:26:30[90m)[39m
    at innerInvokeEventListeners [90m(C:\Users\brand\Development\Project_Workspace\active-development\learn_comptia_network+\[39mnode_modules\[4mjsdom[24m\lib\jsdom\living\events\EventTarget-impl.js:350:25[90m)[39m
    at invokeEventListeners [90m(C:\Users\brand\Development\Project_Workspace\active-development\learn_comptia_network+\[39mnode_modules\[4mjsdom[24m\lib\jsdom\living\events\EventTarget-impl.js:286:3[90m)[39m
    at HTMLUnknownElementImpl._dispatch [90m(C:\Users\brand\Development\Project_Workspace\active-development\learn_comptia_network+\[39mnode_modules\[4mjsdom[24m\lib\jsdom\living\events\EventTarget-impl.js:233:9[90m)[39m
Error: Uncaught [Error: useAuth must be used within an AuthProvider]
    at reportException (C:\Users\brand\Development\Project_Workspace\active-development\learn_comptia_network+\node_modules\jsdom\lib\jsdom\living\helpers\runtime-script-errors.js:66:24)
    at innerInvokeEventListeners (C:\Users\brand\Development\Project_Workspace\active-development\learn_comptia_network+\node_modules\jsdom\lib\jsdom\living\events\EventTarget-impl.js:353:9)
    at invokeEventListeners (C:\Users\brand\Development\Project_Workspace\active-development\learn_comptia_network+\node_modules\jsdom\lib\jsdom\living\events\EventTarget-impl.js:286:3)
    at HTMLUnknownElementImpl._dispatch (C:\Users\brand\Development\Project_Workspace\active-development\learn_comptia_network+\node_modules\jsdom\lib\jsdom\living\events\EventTarget-impl.js:233:9)
    at HTMLUnknownElementImpl.dispatchEvent (C:\Users\brand\Development\Project_Workspace\active-development\learn_comptia_network+\node_modules\jsdom\lib\jsdom\living\events\EventTarget-impl.js:104:17)
    at HTMLUnknownElement.dispatchEvent (C:\Users\brand\Development\Project_Workspace\active-development\learn_comptia_network+\node_modules\jsdom\lib\jsdom\living\generated\EventTarget.js:241:34)
    at Object.invokeGuardedCallbackDev (C:\Users\brand\Development\Project_Workspace\active-development\learn_comptia_network+\node_modules\react-dom\cjs\react-dom.development.js:4213:16)
    at invokeGuardedCallback (C:\Users\brand\Development\Project_Workspace\active-development\learn_comptia_network+\node_modules\react-dom\cjs\react-dom.development.js:4277:31)
    at beginWork$1 (C:\Users\brand\Development\Project_Workspace\active-development\learn_comptia_network+\node_modules\react-dom\cjs\react-dom.development.js:27490:7)
    at performUnitOfWork (C:\Users\brand\Development\Project_Workspace\active-development\learn_comptia_network+\node_modules\react-dom\cjs\react-dom.development.js:26599:12) Error: useAuth must be used within an AuthProvider
    at Module.useAuth [90m(C:\Users\brand\Development\Project_Workspace\active-development\learn_comptia_network+\[39msrc\contexts\AuthContext.tsx:376:11[90m)[39m
    at RegisterForm [90m(C:\Users\brand\Development\Project_Workspace\active-development\learn_comptia_network+\[39msrc\components\auth\RegisterForm.tsx:15:42[90m)[39m
    at renderWithHooks [90m(C:\Users\brand\Development\Project_Workspace\active-development\learn_comptia_network+\[39mnode_modules\[4mreact-dom[24m\cjs\react-dom.development.js:15486:18[90m)[39m
    at mountIndeterminateComponent [90m(C:\Users\brand\Development\Project_Workspace\active-development\learn_comptia_network+\[39mnode_modules\[4mreact-dom[24m\cjs\react-dom.development.js:20103:13[90m)[39m
    at beginWork [90m(C:\Users\brand\Development\Project_Workspace\active-development\learn_comptia_network+\[39mnode_modules\[4mreact-dom[24m\cjs\react-dom.development.js:21626:16[90m)[39m
    at HTMLUnknownElement.callCallback [90m(C:\Users\brand\Development\Project_Workspace\active-development\learn_comptia_network+\[39mnode_modules\[4mreact-dom[24m\cjs\react-dom.development.js:4164:14[90m)[39m
    at HTMLUnknownElement.callTheUserObjectsOperation [90m(C:\Users\brand\Development\Project_Workspace\active-development\learn_comptia_network+\[39mnode_modules\[4mjsdom[24m\lib\jsdom\living\generated\EventListener.js:26:30[90m)[39m
    at innerInvokeEventListeners [90m(C:\Users\brand\Development\Project_Workspace\active-development\learn_comptia_network+\[39mnode_modules\[4mjsdom[24m\lib\jsdom\living\events\EventTarget-impl.js:350:25[90m)[39m
    at invokeEventListeners [90m(C:\Users\brand\Development\Project_Workspace\active-development\learn_comptia_network+\[39mnode_modules\[4mjsdom[24m\lib\jsdom\living\events\EventTarget-impl.js:286:3[90m)[39m
    at HTMLUnknownElementImpl._dispatch [90m(C:\Users\brand\Development\Project_Workspace\active-development\learn_comptia_network+\[39mnode_modules\[4mjsdom[24m\lib\jsdom\living\events\EventTarget-impl.js:233:9[90m)[39m
The above error occurred in the <RegisterForm> component:

    at RegisterForm (C:\Users\brand\Development\Project_Workspace\active-development\learn_comptia_network+\src\components\auth\RegisterForm.tsx:15:64)
    at Router (C:\Users\brand\Development\Project_Workspace\active-development\learn_comptia_network+\node_modules\react-router\dist\umd\react-router.development.js:1207:17)
    at BrowserRouter (C:\Users\brand\Development\Project_Workspace\active-development\learn_comptia_network+\node_modules\react-router-dom\dist\umd\react-router-dom.development.js:695:7)

Consider adding an error boundary to your tree to customize error handling behavior.
Visit https://reactjs.org/link/error-boundaries to learn more about error boundaries.

 [31m×[39m tests/integration/auth-flow.test.tsx[2m > [22mLogin Flow[2m > [22mshould render login form
[31m   → useAuth must be used within an AuthProvider[39m
 [31m×[39m tests/integration/auth-flow.test.tsx[2m > [22mLogin Flow[2m > [22mshould validate email format
[31m   → useAuth must be used within an AuthProvider[39m
 [31m×[39m tests/integration/auth-flow.test.tsx[2m > [22mLogin Flow[2m > [22mshould require password
[31m   → useAuth must be used within an AuthProvider[39m
 [31m×[39m tests/integration/auth-flow.test.tsx[2m > [22mLogin Flow[2m > [22mshould login successfully with valid credentials
[31m   → useAuth must be used within an AuthProvider[39m
 [31m×[39m tests/integration/auth-flow.test.tsx[2m > [22mLogin Flow[2m > [22mshould show error for invalid credentials
[31m   → useAuth must be used within an AuthProvider[39m
 [31m×[39m tests/integration/auth-flow.test.tsx[2m > [22mLogin Flow[2m > [22mshould remember user when remember me is checked
[31m   → useAuth must be used within an AuthProvider[39m
 [31m×[39m tests/integration/auth-flow.test.tsx[2m > [22mRegistration Flow[2m > [22mshould render registration form
[31m   → useAuth must be used within an AuthProvider[39m
 [31m×[39m tests/integration/auth-flow.test.tsx[2m > [22mRegistration Flow[2m > [22mshould validate password strength
[31m   → useAuth must be used within an AuthProvider[39m
 [31m×[39m tests/integration/auth-flow.test.tsx[2m > [22mRegistration Flow[2m > [22mshould validate password match
[31m   → useAuth must be used within an AuthProvider[39m
 [31m×[39m tests/integration/auth-flow.test.tsx[2m > [22mRegistration Flow[2m > [22mshould register successfully with valid data
[31m   → useAuth must be used within an AuthProvider[39m
 [32m✓[39m tests/integration/auth-flow.test.tsx[2m > [22mSession Management[2m > [22mshould restore session from storage
 [32m✓[39m tests/integration/components.test.ts[2m > [22mQuiz Component Integration[2m > [22mQuiz Flow[2m > [22mshould render quiz with questions
 [32m✓[39m tests/integration/components.test.ts[2m > [22mQuiz Component Integration[2m > [22mQuiz Flow[2m > [22mshould handle answer selection
 [32m✓[39m tests/integration/components.test.ts[2m > [22mQuiz Component Integration[2m > [22mQuiz Flow[2m > [22mshould calculate and display score
 [32m✓[39m tests/integration/components.test.ts[2m > [22mQuiz Component Integration[2m > [22mQuiz Flow[2m > [22mshould track quiz progress
 [32m✓[39m tests/integration/components.test.ts[2m > [22mQuiz Component Integration[2m > [22mQuiz Flow[2m > [22mshould handle quiz completion
 [32m✓[39m tests/integration/components.test.ts[2m > [22mQuiz Component Integration[2m > [22mInteractive Diagram Integration[2m > [22mshould handle node selection in network diagram
 [32m✓[39m tests/integration/components.test.ts[2m > [22mQuiz Component Integration[2m > [22mInteractive Diagram Integration[2m > [22mshould validate cable connections
 [32m✓[39m tests/integration/components.test.ts[2m > [22mQuiz Component Integration[2m > [22mInteractive Diagram Integration[2m > [22mshould detect topology errors
 [32m✓[39m tests/integration/components.test.ts[2m > [22mQuiz Component Integration[2m > [22mProgress Tracking Integration[2m > [22mshould track module completion
 [32m✓[39m tests/integration/components.test.ts[2m > [22mQuiz Component Integration[2m > [22mProgress Tracking Integration[2m > [22mshould calculate overall progress
 [32m✓[39m tests/integration/components.test.ts[2m > [22mQuiz Component Integration[2m > [22mProgress Tracking Integration[2m > [22mshould update progress on activity completion
 [32m✓[39m tests/integration/components.test.ts[2m > [22mQuiz Component Integration[2m > [22mUser Authentication Integration[2m > [22mshould handle user login
 [32m✓[39m tests/integration/components.test.ts[2m > [22mQuiz Component Integration[2m > [22mUser Authentication Integration[2m > [22mshould persist user session
 [32m✓[39m tests/integration/components.test.ts[2m > [22mQuiz Component Integration[2m > [22mData Persistence Integration[2m > [22mshould save quiz progress to localStorage
 [32m✓[39m tests/integration/components.test.ts[2m > [22mQuiz Component Integration[2m > [22mData Persistence Integration[2m > [22mshould restore quiz state from localStorage
 [32m✓[39m tests/unit/contexts/ThemeContext.test.tsx[2m > [22mThemeContext[2m > [22mThemeProvider[2m > [22mshould provide theme context to children
 [32m✓[39m tests/unit/contexts/ThemeContext.test.tsx[2m > [22mThemeContext[2m > [22mThemeProvider[2m > [22mshould apply theme class to document root
 [32m✓[39m tests/unit/contexts/ThemeContext.test.tsx[2m > [22mThemeContext[2m > [22mThemeProvider[2m > [22mshould update theme class when theme changes
 [32m✓[39m tests/unit/contexts/ThemeContext.test.tsx[2m > [22mThemeContext[2m > [22mThemeProvider[2m > [22mshould update meta theme-color tag
 [32m✓[39m tests/unit/contexts/ThemeContext.test.tsx[2m > [22mThemeContext[2m > [22mThemeProvider[2m > [22mshould handle missing meta theme-color tag gracefully
 [32m✓[39m tests/unit/contexts/ThemeContext.test.tsx[2m > [22mThemeContext[2m > [22mThemeProvider[2m > [22mshould provide all theme context methods
 [32m✓[39m tests/unit/contexts/ThemeContext.test.tsx[2m > [22mThemeContext[2m > [22museTheme Hook[2m > [22mshould return theme context
 [32m✓[39m tests/unit/contexts/ThemeContext.test.tsx[2m > [22mThemeContext[2m > [22museTheme Hook[2m > [22mshould throw error when used outside ThemeProvider
 [32m✓[39m tests/unit/contexts/ThemeContext.test.tsx[2m > [22mThemeContext[2m > [22museTheme Hook[2m > [22mshould set theme to dark
 [32m✓[39m tests/unit/contexts/ThemeContext.test.tsx[2m > [22mThemeContext[2m > [22museTheme Hook[2m > [22mshould toggle theme from light to dark
 [32m✓[39m tests/unit/contexts/ThemeContext.test.tsx[2m > [22mThemeContext[2m > [22museTheme Hook[2m > [22mshould toggle theme from dark to light
 [32m✓[39m tests/unit/contexts/ThemeContext.test.tsx[2m > [22mThemeContext[2m > [22mTheme Synchronization[2m > [22mshould sync theme with app store
 [32m✓[39m tests/unit/contexts/ThemeContext.test.tsx[2m > [22mThemeContext[2m > [22mTheme Synchronization[2m > [22mshould reflect store changes in theme context
 [32m✓[39m tests/unit/contexts/ThemeContext.test.tsx[2m > [22mThemeContext[2m > [22mEdge Cases[2m > [22mshould handle rapid theme changes
 [32m✓[39m tests/unit/contexts/ThemeContext.test.tsx[2m > [22mThemeContext[2m > [22mEdge Cases[2m > [22mshould maintain theme across multiple provider instances
 [32m✓[39m tests/unit/contexts/ThemeContext.test.tsx[2m > [22mThemeContext[2m > [22mEdge Cases[2m > [22mshould handle theme updates during unmount
 [32m✓[39m tests/unit/utils.test.ts[2m > [22mScoring Utilities[2m > [22mcalculateScore[2m > [22mshould calculate perfect score for all correct answers
 [32m✓[39m tests/unit/utils.test.ts[2m > [22mScoring Utilities[2m > [22mcalculateScore[2m > [22mshould calculate zero score for all incorrect answers
 [32m✓[39m tests/unit/utils.test.ts[2m > [22mScoring Utilities[2m > [22mcalculateScore[2m > [22mshould calculate partial score correctly
 [32m✓[39m tests/unit/utils.test.ts[2m > [22mScoring Utilities[2m > [22mcalculateScore[2m > [22mshould handle empty answers array
 [32m✓[39m tests/unit/utils.test.ts[2m > [22mScoring Utilities[2m > [22mcalculateTimeBonus[2m > [22mshould give maximum bonus for very fast completion
 [32m✓[39m tests/unit/utils.test.ts[2m > [22mScoring Utilities[2m > [22mcalculateTimeBonus[2m > [22mshould give no bonus for exceeding time limit
 [32m✓[39m tests/unit/utils.test.ts[2m > [22mScoring Utilities[2m > [22mcalculateTimeBonus[2m > [22mshould scale bonus proportionally
 [32m✓[39m tests/unit/utils.test.ts[2m > [22mValidation Utilities[2m > [22mvalidateIPv4[2m > [22mshould validate correct IPv4 addresses
 [32m✓[39m tests/unit/utils.test.ts[2m > [22mValidation Utilities[2m > [22mvalidateIPv4[2m > [22mshould reject invalid IPv4 addresses
 [32m✓[39m tests/unit/utils.test.ts[2m > [22mValidation Utilities[2m > [22mvalidateIPv4[2m > [22mshould handle edge cases
 [32m✓[39m tests/unit/utils.test.ts[2m > [22mValidation Utilities[2m > [22mvalidateSubnetMask[2m > [22mshould validate correct subnet masks
 [32m✓[39m tests/unit/utils.test.ts[2m > [22mValidation Utilities[2m > [22mvalidateSubnetMask[2m > [22mshould reject invalid subnet masks
 [32m✓[39m tests/unit/utils.test.ts[2m > [22mValidation Utilities[2m > [22mvalidateMACAddress[2m > [22mshould validate correct MAC addresses
 [32m✓[39m tests/unit/utils.test.ts[2m > [22mValidation Utilities[2m > [22mvalidateMACAddress[2m > [22mshould reject invalid MAC addresses
 [32m✓[39m tests/unit/utils.test.ts[2m > [22mValidation Utilities[2m > [22mvalidateCIDR[2m > [22mshould validate correct CIDR notation
 [32m✓[39m tests/unit/utils.test.ts[2m > [22mValidation Utilities[2m > [22mvalidateCIDR[2m > [22mshould reject invalid CIDR notation
 [32m✓[39m tests/unit/utils.test.ts[2m > [22mNetworking Utilities[2m > [22mcalculateSubnet[2m > [22mshould calculate subnet correctly
 [32m✓[39m tests/unit/utils.test.ts[2m > [22mNetworking Utilities[2m > [22mcalculateSubnet[2m > [22mshould handle /30 subnet
 [32m✓[39m tests/unit/utils.test.ts[2m > [22mNetworking Utilities[2m > [22mconvertCIDRToMask[2m > [22mshould convert CIDR to subnet mask
 [32m✓[39m tests/unit/utils.test.ts[2m > [22mNetworking Utilities[2m > [22mconvertMaskToCIDR[2m > [22mshould convert subnet mask to CIDR
 [32m✓[39m tests/unit/utils.test.ts[2m > [22mNetworking Utilities[2m > [22misPrivateIP[2m > [22mshould identify private IP addresses
 [32m✓[39m tests/unit/utils.test.ts[2m > [22mNetworking Utilities[2m > [22misPrivateIP[2m > [22mshould identify public IP addresses
 [32m✓[39m tests/unit/protocols.test.ts[2m > [22mProtocols and Port Numbers Component[2m > [22mProtocol Validation[2m > [22mshould validate TCP protocol properties
 [32m✓[39m tests/unit/protocols.test.ts[2m > [22mProtocols and Port Numbers Component[2m > [22mProtocol Validation[2m > [22mshould validate UDP protocol properties
 [32m✓[39m tests/unit/protocols.test.ts[2m > [22mProtocols and Port Numbers Component[2m > [22mProtocol Validation[2m > [22mshould identify correct OSI layer for protocols
 [32m✓[39m tests/unit/protocols.test.ts[2m > [22mProtocols and Port Numbers Component[2m > [22mPort Number Classification[2m > [22mshould classify well-known ports correctly
 [32m✓[39m tests/unit/protocols.test.ts[2m > [22mProtocols and Port Numbers Component[2m > [22mPort Number Classification[2m > [22mshould classify registered ports correctly
 [32m✓[39m tests/unit/protocols.test.ts[2m > [22mProtocols and Port Numbers Component[2m > [22mPort Number Classification[2m > [22mshould classify dynamic/private ports correctly
 [32m✓[39m tests/unit/protocols.test.ts[2m > [22mProtocols and Port Numbers Component[2m > [22mPort Number Classification[2m > [22mshould reject invalid port numbers
 [32m✓[39m tests/unit/protocols.test.ts[2m > [22mProtocols and Port Numbers Component[2m > [22mService-Port Mapping[2m > [22mshould map HTTP to port 80
 [32m✓[39m tests/unit/protocols.test.ts[2m > [22mProtocols and Port Numbers Component[2m > [22mService-Port Mapping[2m > [22mshould map HTTPS to port 443
 [32m✓[39m tests/unit/protocols.test.ts[2m > [22mProtocols and Port Numbers Component[2m > [22mService-Port Mapping[2m > [22mshould map DNS to port 53
 [32m✓[39m tests/unit/protocols.test.ts[2m > [22mProtocols and Port Numbers Component[2m > [22mService-Port Mapping[2m > [22mshould map FTP to ports 20 and 21
 [32m✓[39m tests/unit/protocols.test.ts[2m > [22mProtocols and Port Numbers Component[2m > [22mService-Port Mapping[2m > [22mshould handle SMTP correctly
 [32m✓[39m tests/unit/protocols.test.ts[2m > [22mProtocols and Port Numbers Component[2m > [22mService-Port Mapping[2m > [22mshould handle SSH correctly
 [32m✓[39m tests/unit/protocols.test.ts[2m > [22mProtocols and Port Numbers Component[2m > [22mPort Scanner Simulation[2m > [22mshould detect open ports correctly
 [32m✓[39m tests/unit/protocols.test.ts[2m > [22mProtocols and Port Numbers Component[2m > [22mPort Scanner Simulation[2m > [22mshould identify services on open ports
 [32m✓[39m tests/unit/protocols.test.ts[2m > [22mProtocols and Port Numbers Component[2m > [22mPort Scanner Simulation[2m > [22mshould detect potentially vulnerable services
 [32m✓[39m tests/unit/protocols.test.ts[2m > [22mProtocols and Port Numbers Component[2m > [22mPort Scanner Simulation[2m > [22mshould calculate scan completion time
 [32m✓[39m tests/unit/protocols.test.ts[2m > [22mProtocols and Port Numbers Component[2m > [22mTraffic Type Analysis[2m > [22mshould classify HTTP traffic correctly
 [32m✓[39m tests/unit/protocols.test.ts[2m > [22mProtocols and Port Numbers Component[2m > [22mTraffic Type Analysis[2m > [22mshould classify HTTPS traffic correctly
 [32m✓[39m tests/unit/protocols.test.ts[2m > [22mProtocols and Port Numbers Component[2m > [22mTraffic Type Analysis[2m > [22mshould classify DNS traffic correctly
 [32m✓[39m tests/unit/protocols.test.ts[2m > [22mProtocols and Port Numbers Component[2m > [22mTraffic Type Analysis[2m > [22mshould classify email traffic correctly
 [32m✓[39m tests/unit/protocols.test.ts[2m > [22mProtocols and Port Numbers Component[2m > [22mProtocol Security Assessment[2m > [22mshould flag insecure protocols
 [32m✓[39m tests/unit/protocols.test.ts[2m > [22mProtocols and Port Numbers Component[2m > [22mProtocol Security Assessment[2m > [22mshould approve secure protocols
 [32m✓[39m tests/unit/protocols.test.ts[2m > [22mProtocols and Port Numbers Component[2m > [22mProtocol Security Assessment[2m > [22mshould recommend encryption for plaintext protocols
 [32m✓[39m tests/unit/modern.test.ts[2m > [22mModern Technologies Component[2m > [22mIPv6 Addressing[2m > [22mshould validate IPv6 address format
 [32m✓[39m tests/unit/modern.test.ts[2m > [22mModern Technologies Component[2m > [22mIPv6 Addressing[2m > [22mshould detect invalid IPv6 addresses
 [31m×[39m tests/unit/modern.test.ts[2m > [22mModern Technologies Component[2m > [22mIPv6 Addressing[2m > [22mshould compress IPv6 addresses correctly
[31m   → expected '2001:db8:::1' to be '2001:db8::1' // Object.is equality[39m
 [32m✓[39m tests/unit/modern.test.ts[2m > [22mModern Technologies Component[2m > [22mIPv6 Addressing[2m > [22mshould expand compressed IPv6 addresses
 [32m✓[39m tests/unit/modern.test.ts[2m > [22mModern Technologies Component[2m > [22mIPv6 Addressing[2m > [22mshould identify IPv6 address types
 [32m✓[39m tests/unit/modern.test.ts[2m > [22mModern Technologies Component[2m > [22mIPv6 Addressing[2m > [22mshould calculate IPv6 subnet
 [32m✓[39m tests/unit/modern.test.ts[2m > [22mModern Technologies Component[2m > [22mIPv4 to IPv6 Migration[2m > [22mshould validate dual-stack configuration
 [32m✓[39m tests/unit/modern.test.ts[2m > [22mModern Technologies Component[2m > [22mIPv4 to IPv6 Migration[2m > [22mshould generate 6to4 tunnel address
 [32m✓[39m tests/unit/modern.test.ts[2m > [22mModern Technologies Component[2m > [22mIPv4 to IPv6 Migration[2m > [22mshould recommend migration strategy
 [32m✓[39m tests/unit/modern.test.ts[2m > [22mModern Technologies Component[2m > [22mIPv4 to IPv6 Migration[2m > [22mshould calculate migration progress
 [32m✓[39m tests/unit/modern.test.ts[2m > [22mModern Technologies Component[2m > [22mSoftware-Defined Networking (SDN)[2m > [22mshould validate SDN controller configuration
 [32m✓[39m tests/unit/modern.test.ts[2m > [22mModern Technologies Component[2m > [22mSoftware-Defined Networking (SDN)[2m > [22mshould simulate flow table entry
 [32m✓[39m tests/unit/modern.test.ts[2m > [22mModern Technologies Component[2m > [22mSoftware-Defined Networking (SDN)[2m > [22mshould calculate SDN benefits
 [32m✓[39m tests/unit/modern.test.ts[2m > [22mModern Technologies Component[2m > [22mSoftware-Defined Networking (SDN)[2m > [22mshould validate network programmability
 [32m✓[39m tests/unit/modern.test.ts[2m > [22mModern Technologies Component[2m > [22mNetwork Function Virtualization (NFV)[2m > [22mshould validate virtual network function
 [32m✓[39m tests/unit/modern.test.ts[2m > [22mModern Technologies Component[2m > [22mNetwork Function Virtualization (NFV)[2m > [22mshould calculate NFV cost savings
 [32m✓[39m tests/unit/modern.test.ts[2m > [22mModern Technologies Component[2m > [22mNetwork Function Virtualization (NFV)[2m > [22mshould recommend VNF deployment
 [32m✓[39m tests/unit/modern.test.ts[2m > [22mModern Technologies Component[2m > [22mNetwork Function Virtualization (NFV)[2m > [22mshould simulate service chaining
 [32m✓[39m tests/unit/modern.test.ts[2m > [22mModern Technologies Component[2m > [22mInfrastructure as Code (IaC)[2m > [22mshould validate Terraform template
 [32m✓[39m tests/unit/modern.test.ts[2m > [22mModern Technologies Component[2m > [22mInfrastructure as Code (IaC)[2m > [22mshould generate network infrastructure template
 [32m✓[39m tests/unit/modern.test.ts[2m > [22mModern Technologies Component[2m > [22mInfrastructure as Code (IaC)[2m > [22mshould validate Ansible playbook structure
 [31m×[39m tests/unit/modern.test.ts[2m > [22mModern Technologies Component[2m > [22mInfrastructure as Code (IaC)[2m > [22mshould calculate IaC adoption benefits
[31m   → expected 90 to be greater than 90[39m
 [32m✓[39m tests/unit/modern.test.ts[2m > [22mModern Technologies Component[2m > [22mTechnology Summarization and Scoring[2m > [22mshould summarize cloud technologies
 [32m✓[39m tests/unit/modern.test.ts[2m > [22mModern Technologies Component[2m > [22mTechnology Summarization and Scoring[2m > [22mshould score technology adoption readiness
 [32m✓[39m tests/unit/modern.test.ts[2m > [22mModern Technologies Component[2m > [22mTechnology Summarization and Scoring[2m > [22mshould prioritize technology upgrades
 [32m✓[39m tests/unit/modern.test.ts[2m > [22mModern Technologies Component[2m > [22mTechnology Summarization and Scoring[2m > [22mshould generate technology roadmap
 [32m✓[39m tests/unit/modern.test.ts[2m > [22mModern Technologies Component[2m > [22mAutomation and Orchestration[2m > [22mshould validate network automation script
 [32m✓[39m tests/unit/modern.test.ts[2m > [22mModern Technologies Component[2m > [22mAutomation and Orchestration[2m > [22mshould calculate automation ROI
[90mstdout[2m | tests/integration/api-integration.test.ts[2m > [22m[2mAPI Client[2m > [22m[2mRequest Handling[2m > [22m[2mshould handle network errors
[22m[39m🔴 API Error (GET /test)

[90mstderr[2m | tests/integration/api-integration.test.ts[2m > [22m[2mAPI Client[2m > [22m[2mRequest Handling[2m > [22m[2mshould handle network errors
[22m[39m  Code: UNKNOWN
  Message: Unknown error occurred
  User Message: An unexpected error occurred. Please try again.
  Details: {
    code: [32m'NETWORK_ERROR'[39m,
    message: [32m'Network request failed'[39m,
    userMessage: [32m'Unable to connect to the server. Please check your internet connection.'[39m,
    timestamp: [32m'2025-10-29T14:53:46.262Z'[39m,
    retryable: [33mtrue[39m
  }
  Timestamp: 2025-10-29T14:53:46.263Z
  Retryable: [33mfalse[39m

 [32m✓[39m tests/integration/api-integration.test.ts[2m > [22mAPI Client[2m > [22mRequest Handling[2m > [22mshould make GET request successfully
 [32m✓[39m tests/integration/api-integration.test.ts[2m > [22mAPI Client[2m > [22mRequest Handling[2m > [22mshould make POST request with body
 [32m✓[39m tests/integration/api-integration.test.ts[2m > [22mAPI Client[2m > [22mRequest Handling[2m > [22mshould include auth token in headers
 [31m×[39m tests/integration/api-integration.test.ts[2m > [22mAPI Client[2m > [22mRequest Handling[2m > [22mshould handle network errors
[31m   → expected { code: 'UNKNOWN', …(5) } to match object { code: 'NETWORK_ERROR', …(1) }
(9 matching properties omitted from actual)[39m
 [32m✓[39m tests/unit/stores/appStore.test.ts[2m > [22mappStore[2m > [22mTheme Management[2m > [22mshould initialize with light theme
 [32m✓[39m tests/unit/stores/appStore.test.ts[2m > [22mappStore[2m > [22mTheme Management[2m > [22mshould set theme to dark
 [32m✓[39m tests/unit/stores/appStore.test.ts[2m > [22mappStore[2m > [22mTheme Management[2m > [22mshould toggle theme from light to dark
 [32m✓[39m tests/unit/stores/appStore.test.ts[2m > [22mappStore[2m > [22mTheme Management[2m > [22mshould toggle theme from dark to light
 [32m✓[39m tests/unit/stores/appStore.test.ts[2m > [22mappStore[2m > [22mSidebar Management[2m > [22mshould initialize with sidebar open
 [32m✓[39m tests/unit/stores/appStore.test.ts[2m > [22mappStore[2m > [22mSidebar Management[2m > [22mshould set sidebar open state
 [32m✓[39m tests/unit/stores/appStore.test.ts[2m > [22mappStore[2m > [22mSidebar Management[2m > [22mshould toggle sidebar from open to closed
 [32m✓[39m tests/unit/stores/appStore.test.ts[2m > [22mappStore[2m > [22mSidebar Management[2m > [22mshould toggle sidebar from closed to open
 [32m✓[39m tests/unit/stores/appStore.test.ts[2m > [22mappStore[2m > [22mSearch Query[2m > [22mshould initialize with empty search query
 [32m✓[39m tests/unit/stores/appStore.test.ts[2m > [22mappStore[2m > [22mSearch Query[2m > [22mshould update search query
 [32m✓[39m tests/unit/stores/appStore.test.ts[2m > [22mappStore[2m > [22mSearch Query[2m > [22mshould clear search query
 [32m✓[39m tests/unit/stores/appStore.test.ts[2m > [22mappStore[2m > [22mSearch Query[2m > [22mshould handle special characters in search query
 [32m✓[39m tests/unit/stores/appStore.test.ts[2m > [22mappStore[2m > [22mCurrent Route[2m > [22mshould initialize with root route
 [32m✓[39m tests/unit/stores/appStore.test.ts[2m > [22mappStore[2m > [22mCurrent Route[2m > [22mshould update current route
 [32m✓[39m tests/unit/stores/appStore.test.ts[2m > [22mappStore[2m > [22mCurrent Route[2m > [22mshould handle route changes
 [32m✓[39m tests/unit/stores/appStore.test.ts[2m > [22mappStore[2m > [22mUser Preferences[2m > [22mshould initialize with default preferences
 [32m✓[39m tests/unit/stores/appStore.test.ts[2m > [22mappStore[2m > [22mUser Preferences[2m > [22mshould update single preference
 [32m✓[39m tests/unit/stores/appStore.test.ts[2m > [22mappStore[2m > [22mUser Preferences[2m > [22mshould update multiple preferences
 [32m✓[39m tests/unit/stores/appStore.test.ts[2m > [22mappStore[2m > [22mUser Preferences[2m > [22mshould handle all font size options
 [32m✓[39m tests/unit/stores/appStore.test.ts[2m > [22mappStore[2m > [22mUser Preferences[2m > [22mshould toggle sound effects preference
 [32m✓[39m tests/unit/stores/appStore.test.ts[2m > [22mappStore[2m > [22mUser Preferences[2m > [22mshould toggle auto-save preference
 [32m✓[39m tests/unit/stores/appStore.test.ts[2m > [22mappStore[2m > [22mPersistence[2m > [22mshould persist theme across store instances
 [32m✓[39m tests/unit/stores/appStore.test.ts[2m > [22mappStore[2m > [22mPersistence[2m > [22mshould persist preferences across store instances
 [31m×[39m tests/unit/stores/appStore.test.ts[2m > [22mappStore[2m > [22mPersistence[2m > [22mshould not persist sidebar state
[31m   → expected false to be true // Object.is equality[39m
 [31m×[39m tests/unit/stores/appStore.test.ts[2m > [22mappStore[2m > [22mPersistence[2m > [22mshould not persist search query
[31m   → expected 'test query' to be '' // Object.is equality[39m
 [32m✓[39m tests/unit/stores/appStore.test.ts[2m > [22mappStore[2m > [22mEdge Cases[2m > [22mshould handle rapid theme toggles
 [32m✓[39m tests/unit/stores/appStore.test.ts[2m > [22mappStore[2m > [22mEdge Cases[2m > [22mshould handle empty string route
 [32m✓[39m tests/unit/stores/appStore.test.ts[2m > [22mappStore[2m > [22mEdge Cases[2m > [22mshould handle very long search queries
 [32m✓[39m tests/unit/stores/appStore.test.ts[2m > [22mappStore[2m > [22mEdge Cases[2m > [22mshould handle multiple preference updates in sequence
[90mstderr[2m | tests/unit/components/App.test.tsx[2m > [22m[2mApp Component[2m > [22m[2mRendering[2m > [22m[2mshould render without crashing
[22m[39m⚠️ React Router Future Flag Warning: React Router will begin wrapping state updates in `React.startTransition` in v7. You can use the `v7_startTransition` future flag to opt-in early. For more information, see https://reactrouter.com/v6/upgrading/future#v7_starttransition.

 [32m✓[39m tests/unit/components/App.test.tsx[2m > [22mApp Component[2m > [22mRendering[2m > [22mshould render without crashing[33m 369[2mms[22m[39m
 [32m✓[39m tests/unit/components/App.test.tsx[2m > [22mApp Component[2m > [22mRendering[2m > [22mshould wrap content in React.StrictMode
 [32m✓[39m tests/unit/components/App.test.tsx[2m > [22mApp Component[2m > [22mRendering[2m > [22mshould render ThemeProvider
 [32m✓[39m tests/unit/components/App.test.tsx[2m > [22mApp Component[2m > [22mRendering[2m > [22mshould render ProgressProvider
 [32m✓[39m tests/unit/stores/progressStore.test.ts[2m > [22mprogressStore[2m > [22mComponent Progress[2m > [22mshould initialize with empty component progress
 [32m✓[39m tests/unit/stores/progressStore.test.ts[2m > [22mprogressStore[2m > [22mComponent Progress[2m > [22mshould update component progress
 [32m✓[39m tests/unit/stores/progressStore.test.ts[2m > [22mprogressStore[2m > [22mComponent Progress[2m > [22mshould mark component as complete
 [32m✓[39m tests/unit/stores/progressStore.test.ts[2m > [22mprogressStore[2m > [22mComponent Progress[2m > [22mshould increment attempts when marking complete multiple times
 [32m✓[39m tests/unit/stores/progressStore.test.ts[2m > [22mprogressStore[2m > [22mComponent Progress[2m > [22mshould return undefined for non-existent component
 [32m✓[39m tests/unit/stores/progressStore.test.ts[2m > [22mprogressStore[2m > [22mComponent Progress[2m > [22mshould track time spent across multiple sessions
 [32m✓[39m tests/unit/stores/progressStore.test.ts[2m > [22mprogressStore[2m > [22mComponent Progress[2m > [22mshould update lastVisited timestamp
 [31m×[39m tests/unit/stores/progressStore.test.ts[2m > [22mprogressStore[2m > [22mCategory Progress[2m > [22mshould calculate category progress with no components
[31m   → expected 1 to be +0 // Object.is equality[39m
 [31m×[39m tests/unit/stores/progressStore.test.ts[2m > [22mprogressStore[2m > [22mCategory Progress[2m > [22mshould calculate category progress with completed components
[31m   → expected +0 to be 2 // Object.is equality[39m
 [32m✓[39m tests/unit/stores/progressStore.test.ts[2m > [22mprogressStore[2m > [22mCategory Progress[2m > [22mshould calculate average score correctly
 [32m✓[39m tests/unit/stores/progressStore.test.ts[2m > [22mprogressStore[2m > [22mCategory Progress[2m > [22mshould handle mixed completed and incomplete components
 [31m×[39m tests/unit/stores/progressStore.test.ts[2m > [22mprogressStore[2m > [22mOverall Progress[2m > [22mshould calculate overall progress with no completion
[31m   → expected 4 to be +0 // Object.is equality[39m
 [31m×[39m tests/unit/stores/progressStore.test.ts[2m > [22mprogressStore[2m > [22mOverall Progress[2m > [22mshould calculate overall progress with some completions
[31m   → expected 7 to be 3 // Object.is equality[39m
 [31m×[39m tests/unit/stores/progressStore.test.ts[2m > [22mprogressStore[2m > [22mOverall Progress[2m > [22mshould calculate 100% completion correctly
[31m   → expected 27 to be 23 // Object.is equality[39m
 [31m×[39m tests/unit/stores/progressStore.test.ts[2m > [22mprogressStore[2m > [22mOverall Progress[2m > [22mshould ignore incomplete components in score calculation
[31m   → expected 89.33333333333333 to be 100 // Object.is equality[39m
 [31m×[39m tests/unit/stores/progressStore.test.ts[2m > [22mprogressStore[2m > [22mReset Functions[2m > [22mshould reset all progress
[31m   → expected { Object (osi-layer-builder, cloud-architecture, ...) } to deeply equal {}[39m
 [32m✓[39m tests/unit/stores/progressStore.test.ts[2m > [22mprogressStore[2m > [22mReset Functions[2m > [22mshould reset specific component progress
 [31m×[39m tests/unit/stores/progressStore.test.ts[2m > [22mprogressStore[2m > [22mReset Functions[2m > [22mshould handle resetting non-existent component
[31m   → expected { Object (osi-layer-builder, cloud-architecture, ...) } to deeply equal {}[39m
 [32m✓[39m tests/unit/stores/progressStore.test.ts[2m > [22mprogressStore[2m > [22mPersistence[2m > [22mshould persist component progress across store instances
 [32m✓[39m tests/unit/stores/progressStore.test.ts[2m > [22mprogressStore[2m > [22mEdge Cases[2m > [22mshould handle score of 0
 [32m✓[39m tests/unit/stores/progressStore.test.ts[2m > [22mprogressStore[2m > [22mEdge Cases[2m > [22mshould handle perfect score of 100
 [32m✓[39m tests/unit/stores/progressStore.test.ts[2m > [22mprogressStore[2m > [22mEdge Cases[2m > [22mshould handle zero time spent
 [32m✓[39m tests/unit/stores/progressStore.test.ts[2m > [22mprogressStore[2m > [22mEdge Cases[2m > [22mshould handle very large time spent values
 [32m✓[39m tests/unit/stores/progressStore.test.ts[2m > [22mprogressStore[2m > [22mEdge Cases[2m > [22mshould handle component IDs with special characters
 [32m✓[39m tests/unit/stores/progressStore.test.ts[2m > [22mprogressStore[2m > [22mEdge Cases[2m > [22mshould handle rapid sequential updates
 [32m✓[39m tests/unit/contexts/ProgressContext.test.tsx[2m > [22mProgressContext[2m > [22mProgressProvider[2m > [22mshould provide progress context to children
 [32m✓[39m tests/unit/contexts/ProgressContext.test.tsx[2m > [22mProgressContext[2m > [22mProgressProvider[2m > [22mshould calculate overall progress correctly
 [32m✓[39m tests/unit/contexts/ProgressContext.test.tsx[2m > [22mProgressContext[2m > [22mProgressProvider[2m > [22mshould provide trackTimeSpent function
 [32m✓[39m tests/unit/contexts/ProgressContext.test.tsx[2m > [22mProgressContext[2m > [22museProgress Hook[2m > [22mshould return progress context
 [32m✓[39m tests/unit/contexts/ProgressContext.test.tsx[2m > [22mProgressContext[2m > [22museProgress Hook[2m > [22mshould throw error when used outside ProgressProvider
 [32m✓[39m tests/unit/contexts/ProgressContext.test.tsx[2m > [22mProgressContext[2m > [22museProgress Hook[2m > [22mshould track time spent for a component
 [32m✓[39m tests/unit/contexts/ProgressContext.test.tsx[2m > [22mProgressContext[2m > [22museProgress Hook[2m > [22mshould update lastVisited timestamp when tracking time
 [31m×[39m tests/unit/contexts/ProgressContext.test.tsx[2m > [22mProgressContext[2m > [22mOverall Progress Calculation[2m > [22mshould update overall progress when components are completed
[31m   → expected 2 to be 3 // Object.is equality[39m
 [31m×[39m tests/unit/contexts/ProgressContext.test.tsx[2m > [22mProgressContext[2m > [22mOverall Progress Calculation[2m > [22mshould calculate 50% completion correctly
[31m   → expected 13 to be 12 // Object.is equality[39m
 [31m×[39m tests/unit/contexts/ProgressContext.test.tsx[2m > [22mProgressContext[2m > [22mOverall Progress Calculation[2m > [22mshould calculate 100% completion correctly
[31m   → expected 24 to be 23 // Object.is equality[39m
 [32m✓[39m tests/unit/contexts/ProgressContext.test.tsx[2m > [22mProgressContext[2m > [22mTime Tracking[2m > [22mshould track zero seconds
 [32m✓[39m tests/unit/contexts/ProgressContext.test.tsx[2m > [22mProgressContext[2m > [22mTime Tracking[2m > [22mshould track large time values
 [32m✓[39m tests/unit/contexts/ProgressContext.test.tsx[2m > [22mProgressContext[2m > [22mTime Tracking[2m > [22mshould accumulate time across multiple tracking calls
 [31m×[39m tests/unit/contexts/ProgressContext.test.tsx[2m > [22mProgressContext[2m > [22mSynchronization with Store[2m > [22mshould sync with progress store changes
[31m   → expected 24 to be 1 // Object.is equality[39m
 [31m×[39m tests/unit/contexts/ProgressContext.test.tsx[2m > [22mProgressContext[2m > [22mSynchronization with Store[2m > [22mshould reflect store resets
[31m   → expected 24 to be 1 // Object.is equality[39m
 [32m✓[39m tests/unit/contexts/ProgressContext.test.tsx[2m > [22mProgressContext[2m > [22mEdge Cases[2m > [22mshould handle rapid time tracking calls
 [32m✓[39m tests/unit/contexts/ProgressContext.test.tsx[2m > [22mProgressContext[2m > [22mEdge Cases[2m > [22mshould handle tracking for non-existent components
 [32m✓[39m tests/unit/contexts/ProgressContext.test.tsx[2m > [22mProgressContext[2m > [22mEdge Cases[2m > [22mshould handle special characters in component IDs
 [32m✓[39m tests/unit/contexts/ProgressContext.test.tsx[2m > [22mProgressContext[2m > [22mEdge Cases[2m > [22mshould handle unmounting during tracking
 [32m✓[39m tests/unit/components/App.test.tsx[2m > [22mApp Component[2m > [22mRendering[2m > [22mshould render RouterProvider
 [32m✓[39m tests/unit/components/App.test.tsx[2m > [22mApp Component[2m > [22mProvider Hierarchy[2m > [22mshould nest providers correctly (Theme > Progress > Router)
 [32m✓[39m tests/unit/cloud/CloudArchitectureDesigner.test.tsx[2m > [22mCloudArchitectureDesigner[2m > [22mRendering[2m > [22mshould render the component without errors
 [32m✓[39m tests/unit/cloud/CloudArchitectureDesigner.test.tsx[2m > [22mCloudArchitectureDesigner[2m > [22mRendering[2m > [22mshould render with component library visible by default
 [32m✓[39m tests/unit/cloud/CloudArchitectureDesigner.test.tsx[2m > [22mCloudArchitectureDesigner[2m > [22mRendering[2m > [22mshould render all category tabs
 [32m✓[39m tests/unit/cloud/CloudArchitectureDesigner.test.tsx[2m > [22mCloudArchitectureDesigner[2m > [22mRendering[2m > [22mshould render toolbar controls
 [32m✓[39m tests/unit/protocols/PortProtocolTrainer.test.tsx[2m > [22mPortProtocolTrainer[2m > [22mRendering[2m > [22mshould render the trainer component
 [32m✓[39m tests/unit/protocols/PortProtocolTrainer.test.tsx[2m > [22mPortProtocolTrainer[2m > [22mRendering[2m > [22mshould display progress bar
 [32m✓[39m tests/unit/protocols/PortProtocolTrainer.test.tsx[2m > [22mPortProtocolTrainer[2m > [22mRendering[2m > [22mshould show card counter
 [31m×[39m tests/unit/protocols/PortProtocolTrainer.test.tsx[2m > [22mPortProtocolTrainer[2m > [22mRendering[2m > [22mshould render protocol filter
[31m   → Found a label with the text of: /Filter by protocol/i, however no form control was found associated to that label. Make sure you're using the "for" attribute or "aria-labelledby" attribute correctly.

Ignored nodes: comments, script, style
[36m<body>[31m
  [36m<div>[31m
    [36m<div[31m
      [33mclass[31m=[32m"port-protocol-trainer"[31m
    [36m>[31m
      [36m<div[31m
        [33mclass[31m=[32m"trainer-header"[31m
      [36m>[31m
        [36m<h2>[31m
          [0mPort & Protocol Explanation Trainer[0m
        [36m</h2>[31m
        [36m<p[31m
          [33mclass[31m=[32m"subtitle"[31m
        [36m>[31m
          [0mDeep understanding through explanation, not just memorization[0m
        [36m</p>[31m
        [36m<div[31m
          [33mclass[31m=[32m"progress-bar"[31m
        [36m>[31m
          [36m<div[31m
            [33mclass[31m=[32m"progress-fill"[31m
            [33mstyle[31m=[32m"width: 0%;"[31m
          [36m/>[31m
          [36m<span[31m
            [33mclass[31m=[32m"progress-text"[31m
          [36m>[31m
            [0m0[0m
            [0m / [0m
            [0m15[0m
            [0m cards mastered[0m
          [36m</span>[31m
        [36m</div>[31m
        [36m<div[31m
          [33mclass[31m=[32m"filter-controls"[31m
        [36m>[31m
          [36m<label>[31m
            [0mFilter by protocol:[0m
          [36m</label>[31m
          [36m<select>[31m
            [36m<option[31m
              [33mvalue[31m=[32m"all"[31m
            [36m>[31m
              [0mAll Protocols[0m
            [36m</option>[31m
            [36m<option[31m
              [33mvalue[31m=[32m"ftp"[31m
            [36m>[31m
              [0mFTP[0m
            [36m</option>[31m
            [36m<option[31m
              [33mvalue[31m=[32m"sftp"[31m
            [36m>[31m
              [0mSFTP/SSH[0m
            [36m</option>[31m
            [36m<option[31m
              [33mvalue[31m=[32m"telnet"[31m
            [36m>[31m
              [0mTelnet[0m
            [36m</option>[31m
            [36m<option[31m
              [33mvalue[31m=[32m"smtp"[31m
            [36m>[31m
              [0mSMTP[0m
            [36m</option>[31m
            [36m<option[31m
              [33mvalue[31m=[32m"smtps"[31m
            [36m>[31m
              [0mSMTPS[0m
            [36m</option>[31m
            [36m<option[31m
              [33mvalue[31m=[32m"dns"[31m
            [36m>[31m
              [0mDNS[0m
            [36m</option>[31m
            [36m<option[31m
              [33mvalue[31m=[32m"dhcp"[31m
            [36m>[31m
              [0mDHCP[0m
            [36m</option>[31m
            [36m<option[31m
              [33mvalue[31m=[32m"tftp"[31m
            [36m>[31m
              [0mTFTP[0m
            [36m</option>[31m
            [36m<option[31m
              [33mvalue[31m=[32m"http"[31m
            [36m>[31m
              [0mHTTP[0m
            [36m</option>[31m
            [36m<option[31m
              [33mvalue[31m=[32m"https"[31m
            [36m>[31m
              [0mHTTPS[0m
            [36m</option>[31m
            [36m<option[31m
              [33mvalue[31m=[32m"ntp"[31m
            [36m>[31m
              [0mNTP[0m
            [36m</option>[31m
            [36m<option[31m
              [33mvalue[31m=[32m"snmp"[31m
            [36m>[31m
              [0mSNMP[0m
            [36m</option>[31m
            [36m<option[31m
              [33mvalue[31m=[32m"ldap"[31m
            [36m>[31m
              [0mLDAP[0m
            [36m</option>[31m
            [36m<option[31m
              [33mvalue[31m=[32m"ldaps"[31m
            [36m>[31m
              [0mLDAPS[0m
            [36m</option>[31m
            [36m<option[31m
              [33mvalue[31m=[32m"smb"[31m
            [36m>[31m
              [0mSMB[0m
            [36m</option>[31m
            [36m<option[31m
              [33mvalue[31m=[32m"syslog"[31m
            [36m>[31m
              [0mSyslog[0m
            [36m</option>[31m
            [36m<option[31m
              [33mvalue[31m=[32m"sqlserver"[31m
            [36m>[31m
              [0mSQL Server[0m
            [36m</option>[31m
            [36m<option[31m
              [33mvalue[31m=[32m"rdp"[31m
            [36m>[31m
              [0mRDP[0m
            [36m</option>[31m
            [36m<option[31m
              [33mvalue[31m=[32m"sip"[31m
            [36m>[31m
              [0mSIP[0m
            [36m</option>[31m
          [36m</select>[31m
        [36m</div>[31m
      [36m</div>[31m
      [36m<div[31m
        [33mclass[31m=[32m"flashcard-container"[31m
      [36m>[31m
        [36m<div[31m
          [33mclass[31m=[32m"card-counter"[31m
        [36m>[31m
          [0mCard [0m
          [0m1[0m
          [0m of [0m
          [0m15[0m
        [36m</div>[31m
        [36m<div[31m
          [33mclass[31m=[32m"protocol-badge insecure"[31m
        [36m>[31m
          [36m<span[31m
            [33mclass[31m=[32m"protocol-name"[31m
          [36m>[31m
            [0mFTP[0m
          [36m</span>[31m
          [36m<span[31m
            [33mclass[31m=[32m"protocol-ports"[31m
          [36m>[31m
            [0m20, 21[0m
          [36m</span>[31m
          [36m<span[31m
            [33mclass[31m=[32m"security-indicator insecure"[31m
          [36m>[31m
            [0minsecure[0m
          [36m</span>[31m
        [36m</div>[31m
        [36m<div[31m
          [33mclass[31m=[32m"flashcard"[31m
        [36m>[31m
          [36m<div[31m
            [33mclass[31m=[32m"card-question"[31m
          [36m>[31m
            [36m<h3>[31m
              [0mQuestion:[0m
            [36m</h3>[31m
            [36m<p>[31m
              [0mWhy does FTP use TWO different ports (20 and 21)?[0m
            [36m</p>[31m
          [36m</div>[31m
          [36m<div[31m
            [33mclass[31m=[32m"explanation-section"[31m
          [36m>[31m
            [36m<h4>[31m
              [0mExplain in your own words why FTP needs separate ports for commands and data[0m
            [36m</h4>[31m
            [36m<textarea[31m
              [33mplaceholder[31m=[32m"Type your explanation here... (minimum 20 words)"[31m
              [33mrows[31m=[32m"6"[31m
            [36m/>[31m
            [36m<div[31m
              [33mclass[31m=[32m"explanation-meta"[31m
            [36m>[31m
              [36m<span[31m
                [33mclass[31m=[32m"word-count insufficient"[31m
              [36m>[31m
                [0mWord count: [0m
                [0m0[0m
                [0m / [0m
                [0m20[0m
                [0m minimum[0m
              [36m</span>[31m
              [36m<button[31m
                [33mclass[31m=[32m"submit-btn"[31m
                [33mdisabled[31m=[32m""[31m
              [36m>[31m
                [0mSubmit Explanation[0m
              [36m</button>[39...[39m
 [32m✓[39m tests/unit/components/App.test.tsx[2m > [22mApp Component[2m > [22mProvider Hierarchy[2m > [22mshould provide theme context to children
 [32m✓[39m tests/unit/components/App.test.tsx[2m > [22mApp Component[2m > [22mProvider Hierarchy[2m > [22mshould provide progress context to children
 [32m✓[39m tests/unit/cloud/CloudArchitectureDesigner.test.tsx[2m > [22mCloudArchitectureDesigner[2m > [22mUser Interactions[2m > [22mshould toggle library visibility[33m 311[2mms[22m[39m
 [32m✓[39m tests/unit/protocols/PortProtocolTrainer.test.tsx[2m > [22mPortProtocolTrainer[2m > [22mNavigation[2m > [22mshould navigate to next card[33m 390[2mms[22m[39m
 [32m✓[39m tests/unit/cloud/CloudArchitectureDesigner.test.tsx[2m > [22mCloudArchitectureDesigner[2m > [22mUser Interactions[2m > [22mshould switch between component categories
 [32m✓[39m tests/unit/protocols/PortProtocolTrainer.test.tsx[2m > [22mPortProtocolTrainer[2m > [22mNavigation[2m > [22mshould navigate to previous card
 [32m✓[39m tests/unit/cloud/CloudArchitectureDesigner.test.tsx[2m > [22mCloudArchitectureDesigner[2m > [22mUser Interactions[2m > [22mshould update design name[33m 522[2mms[22m[39m
 [32m✓[39m tests/unit/cloud/CloudArchitectureDesigner.test.tsx[2m > [22mCloudArchitectureDesigner[2m > [22mUser Interactions[2m > [22mshould toggle snap to grid
 [32m✓[39m tests/unit/cloud/CloudArchitectureDesigner.test.tsx[2m > [22mCloudArchitectureDesigner[2m > [22mDrag and Drop[2m > [22mshould handle drag start event
 [32m✓[39m tests/unit/cloud/CloudArchitectureDesigner.test.tsx[2m > [22mCloudArchitectureDesigner[2m > [22mDrag and Drop[2m > [22mshould add component on drop
 [32m✓[39m tests/unit/cloud/CloudArchitectureDesigner.test.tsx[2m > [22mCloudArchitectureDesigner[2m > [22mDrag and Drop[2m > [22mshould snap component to grid when enabled
 [32m✓[39m tests/unit/cloud/CloudArchitectureDesigner.test.tsx[2m > [22mCloudArchitectureDesigner[2m > [22mComponent Management[2m > [22mshould select component on click
 [32m✓[39m tests/unit/cloud/CloudArchitectureDesigner.test.tsx[2m > [22mCloudArchitectureDesigner[2m > [22mComponent Management[2m > [22mshould delete component
 [32m✓[39m tests/unit/cloud/CloudArchitectureDesigner.test.tsx[2m > [22mCloudArchitectureDesigner[2m > [22mComponent Management[2m > [22mshould update component properties
 [32m✓[39m tests/unit/cloud/CloudArchitectureDesigner.test.tsx[2m > [22mCloudArchitectureDesigner[2m > [22mConnections[2m > [22mshould create connection between components
 [32m✓[39m tests/unit/cloud/CloudArchitectureDesigner.test.tsx[2m > [22mCloudArchitectureDesigner[2m > [22mConnections[2m > [22mshould validate allowed connections
 [32m✓[39m tests/unit/cloud/CloudArchitectureDesigner.test.tsx[2m > [22mCloudArchitectureDesigner[2m > [22mConnections[2m > [22mshould render connections on canvas
 [32m✓[39m tests/unit/cloud/CloudArchitectureDesigner.test.tsx[2m > [22mCloudArchitectureDesigner[2m > [22mArchitecture Validation[2m > [22mshould validate architecture on button click
 [32m✓[39m tests/unit/cloud/CloudArchitectureDesigner.test.tsx[2m > [22mCloudArchitectureDesigner[2m > [22mArchitecture Validation[2m > [22mshould show validation errors
 [32m✓[39m tests/unit/cloud/CloudArchitectureDesigner.test.tsx[2m > [22mCloudArchitectureDesigner[2m > [22mArchitecture Validation[2m > [22mshould detect isolated components
 [32m✓[39m tests/unit/components/App.test.tsx[2m > [22mApp Component[2m > [22mTheme Integration[2m > [22mshould initialize with light theme
 [32m✓[39m tests/unit/components/App.test.tsx[2m > [22mApp Component[2m > [22mTheme Integration[2m > [22mshould respect stored theme preference
 [32m✓[39m tests/unit/components/App.test.tsx[2m > [22mApp Component[2m > [22mTheme Integration[2m > [22mshould update document class when theme changes
 [32m✓[39m tests/unit/components/App.test.tsx[2m > [22mApp Component[2m > [22mProgress Integration[2m > [22mshould track component progress
 [31m×[39m tests/unit/components/App.test.tsx[2m > [22mApp Component[2m > [22mProgress Integration[2m > [22mshould calculate overall progress
[31m   → expected 3 to be 2 // Object.is equality[39m
 [32m✓[39m tests/unit/components/App.test.tsx[2m > [22mApp Component[2m > [22mProgress Integration[2m > [22mshould persist progress across app remounts
 [32m✓[39m tests/unit/components/App.test.tsx[2m > [22mApp Component[2m > [22mRouter Integration[2m > [22mshould initialize router
 [32m✓[39m tests/unit/components/App.test.tsx[2m > [22mApp Component[2m > [22mRouter Integration[2m > [22mshould handle route changes
 [32m✓[39m tests/unit/components/App.test.tsx[2m > [22mApp Component[2m > [22mCSS Import[2m > [22mshould import index.css styles
 [32m✓[39m tests/unit/components/App.test.tsx[2m > [22mApp Component[2m > [22mError Handling[2m > [22mshould handle provider initialization errors gracefully
 [31m×[39m tests/unit/components/App.test.tsx[2m > [22mApp Component[2m > [22mError Handling[2m > [22mshould render with missing localStorage
[31m   → expected [Function] to not throw an error but 'TypeError: Cannot read properties of …' was thrown[39m
 [31m×[39m tests/unit/components/App.test.tsx[2m > [22mApp Component[2m > [22mStrictMode[2m > [22mshould run effects twice in development (StrictMode behavior)
[31m   → React is not defined[39m
 [31m×[39m tests/unit/components/App.test.tsx[2m > [22mApp Component[2m > [22mPerformance[2m > [22mshould render within acceptable time
[31m   → Cannot read properties of undefined (reading 'getItem')[39m
 [31m×[39m tests/unit/components/App.test.tsx[2m > [22mApp Component[2m > [22mPerformance[2m > [22mshould not cause memory leaks on unmount
[31m   → Cannot read properties of undefined (reading 'getItem')[39m
 [31m×[39m tests/unit/components/App.test.tsx[2m > [22mApp Component[2m > [22mMultiple Instances[2m > [22mshould handle multiple app instances gracefully
[31m   → Cannot read properties of undefined (reading 'getItem')[39m
 [31m×[39m tests/unit/components/App.test.tsx[2m > [22mApp Component[2m > [22mMultiple Instances[2m > [22mshould share state across app instances via stores
[31m   → Cannot read properties of undefined (reading 'getItem')[39m
[90mstderr[2m | tests/unit/components/App.test.tsx[2m > [22m[2mApp Component[2m > [22m[2mError Handling[2m > [22m[2mshould render with missing localStorage
[22m[39mError: Uncaught [TypeError: Cannot read properties of undefined (reading 'getItem')]
    at reportException (C:\Users\brand\Development\Project_Workspace\active-development\learn_comptia_network+\node_modules\jsdom\lib\jsdom\living\helpers\runtime-script-errors.js:66:24)
    at innerInvokeEventListeners (C:\Users\brand\Development\Project_Workspace\active-development\learn_comptia_network+\node_modules\jsdom\lib\jsdom\living\events\EventTarget-impl.js:353:9)
    at invokeEventListeners (C:\Users\brand\Development\Project_Workspace\active-development\learn_comptia_network+\node_modules\jsdom\lib\jsdom\living\events\EventTarget-impl.js:286:3)
    at HTMLUnknownElementImpl._dispatch (C:\Users\brand\Development\Project_Workspace\active-development\learn_comptia_network+\node_modules\jsdom\lib\jsdom\living\events\EventTarget-impl.js:233:9)
    at HTMLUnknownElementImpl.dispatchEvent (C:\Users\brand\Development\Project_Workspace\active-development\learn_comptia_network+\node_modules\jsdom\lib\jsdom\living\events\EventTarget-impl.js:104:17)
    at HTMLUnknownElement.dispatchEvent (C:\Users\brand\Development\Project_Workspace\active-development\learn_comptia_network+\node_modules\jsdom\lib\jsdom\living\generated\EventTarget.js:241:34)
    at Object.invokeGuardedCallbackDev (C:\Users\brand\Development\Project_Workspace\active-development\learn_comptia_network+\node_modules\react-dom\cjs\react-dom.development.js:4213:16)
    at invokeGuardedCallback (C:\Users\brand\Development\Project_Workspace\active-development\learn_comptia_network+\node_modules\react-dom\cjs\react-dom.development.js:4277:31)
    at reportUncaughtErrorInDEV (C:\Users\brand\Development\Project_Workspace\active-development\learn_comptia_network+\node_modules\react-dom\cjs\react-dom.development.js:22877:5)
    at captureCommitPhaseError (C:\Users\brand\Development\Project_Workspace\active-development\learn_comptia_network+\node_modules\react-dom\cjs\react-dom.development.js:27165:5) TypeError: Cannot read properties of undefined (reading 'getItem')
    at Module.getAuthData [90m(C:\Users\brand\Development\Project_Workspace\active-development\learn_comptia_network+\[39msrc\utils\auth.ts:150:30[90m)[39m
    at [90mC:\Users\brand\Development\Project_Workspace\active-development\learn_comptia_network+\[39msrc\contexts\AuthContext.tsx:259:22
    at [90mC:\Users\brand\Development\Project_Workspace\active-development\learn_comptia_network+\[39msrc\contexts\AuthContext.tsx:308:5
    at commitHookEffectListMount [90m(C:\Users\brand\Development\Project_Workspace\active-development\learn_comptia_network+\[39mnode_modules\[4mreact-dom[24m\cjs\react-dom.development.js:23189:26[90m)[39m
    at commitPassiveMountOnFiber [90m(C:\Users\brand\Development\Project_Workspace\active-development\learn_comptia_network+\[39mnode_modules\[4mreact-dom[24m\cjs\react-dom.development.js:24970:11[90m)[39m
    at commitPassiveMountEffects_complete [90m(C:\Users\brand\Development\Project_Workspace\active-development\learn_comptia_network+\[39mnode_modules\[4mreact-dom[24m\cjs\react-dom.development.js:24930:9[90m)[39m
    at commitPassiveMountEffects_begin [90m(C:\Users\brand\Development\Project_Workspace\active-development\learn_comptia_network+\[39mnode_modules\[4mreact-dom[24m\cjs\react-dom.development.js:24917:7[90m)[39m
    at commitPassiveMountEffects [90m(C:\Users\brand\Development\Project_Workspace\active-development\learn_comptia_network+\[39mnode_modules\[4mreact-dom[24m\cjs\react-dom.development.js:24905:3[90m)[39m
    at flushPassiveEffectsImpl [90m(C:\Users\brand\Development\Project_Workspace\active-development\learn_comptia_network+\[39mnode_modules\[4mreact-dom[24m\cjs\react-dom.development.js:27078:3[90m)[39m
    at flushPassiveEffects [90m(C:\Users\brand\Development\Project_Workspace\active-development\learn_comptia_network+\[39mnode_modules\[4mreact-dom[24m\cjs\react-dom.development.js:27023:14[90m)[39m
Error: Uncaught [TypeError: Cannot read properties of undefined (reading 'getItem')]
    at reportException (C:\Users\brand\Development\Project_Workspace\active-development\learn_comptia_network+\node_modules\jsdom\lib\jsdom\living\helpers\runtime-script-errors.js:66:24)
    at innerInvokeEventListeners (C:\Users\brand\Development\Project_Workspace\active-development\learn_comptia_network+\node_modules\jsdom\lib\jsdom\living\events\EventTarget-impl.js:353:9)
    at invokeEventListeners (C:\Users\brand\Development\Project_Workspace\active-development\learn_comptia_network+\node_modules\jsdom\lib\jsdom\living\events\EventTarget-impl.js:286:3)
    at HTMLUnknownElementImpl._dispatch (C:\Users\brand\Development\Project_Workspace\active-development\learn_comptia_network+\node_modules\jsdom\lib\jsdom\living\events\EventTarget-impl.js:233:9)
    at HTMLUnknownElementImpl.dispatchEvent (C:\Users\brand\Development\Project_Workspace\active-development\learn_comptia_network+\node_modules\jsdom\lib\jsdom\living\events\EventTarget-impl.js:104:17)
    at HTMLUnknownElement.dispatchEvent (C:\Users\brand\Development\Project_Workspace\active-development\learn_comptia_network+\node_modules\jsdom\lib\jsdom\living\generated\EventTarget.js:241:34)
    at Object.invokeGuardedCallbackDev (C:\Users\brand\Development\Project_Workspace\active-development\learn_comptia_network+\node_modules\react-dom\cjs\react-dom.development.js:4213:16)
    at invokeGuardedCallback (C:\Users\brand\Development\Project_Workspace\active-development\learn_comptia_network+\node_modules\react-dom\cjs\react-dom.development.js:4277:31)
    at reportUncaughtErrorInDEV (C:\Users\brand\Development\Project_Workspace\active-development\learn_comptia_network+\node_modules\react-dom\cjs\react-dom.development.js:22877:5)
    at captureCommitPhaseError (C:\Users\brand\Development\Project_Workspace\active-development\learn_comptia_network+\node_modules\react-dom\cjs\react-dom.development.js:27165:5) TypeError: Cannot read properties of undefined (reading 'getItem')
    at Module.getAuthData [90m(C:\Users\brand\Development\Project_Workspace\active-development\learn_comptia_network+\[39msrc\utils\auth.ts:150:30[90m)[39m
    at [90mC:\Users\brand\Development\Project_Workspace\active-development\learn_comptia_network+\[39msrc\contexts\AuthContext.tsx:259:22
    at [90mC:\Users\brand\Development\Project_Workspace\active-development\learn_comptia_network+\[39msrc\contexts\AuthContext.tsx:308:5
    at commitHookEffectListMount [90m(C:\Users\brand\Development\Project_Workspace\active-development\learn_comptia_network+\[39mnode_modules\[4mreact-dom[24m\cjs\react-dom.development.js:23189:26[90m)[39m
    at invokePassiveEffectMountInDEV [90m(C:\Users\brand\Development\Project_Workspace\active-development\learn_comptia_network+\[39mnode_modules\[4mreact-dom[24m\cjs\react-dom.development.js:25193:13[90m)[39m
    at invokeEffectsInDev [90m(C:\Users\brand\Development\Project_Workspace\active-development\learn_comptia_network+\[39mnode_modules\[4mreact-dom[24m\cjs\react-dom.development.js:27390:11[90m)[39m
    at commitDoubleInvokeEffectsInDEV [90m(C:\Users\brand\Development\Project_Workspace\active-development\learn_comptia_network+\[39mnode_modules\[4mreact-dom[24m\cjs\react-dom.development.js:27369:7[90m)[39m
    at flushPassiveEffectsImpl [90m(C:\Users\brand\Development\Project_Workspace\active-development\learn_comptia_network+\[39mnode_modules\[4mreact-dom[24m\cjs\react-dom.development.js:27095:5[90m)[39m
    at flushPassiveEffects [90m(C:\Users\brand\Development\Project_Workspace\active-development\learn_comptia_network+\[39mnode_modules\[4mreact-dom[24m\cjs\react-dom.development.js:27023:14[90m)[39m
    at [90mC:\Users\brand\Development\Project_Workspace\active-development\learn_comptia_network+\[39mnode_modules\[4mreact-dom[24m\cjs\react-dom.development.js:26808:9
The above error occurred in the <AuthProvider> component:

    at AuthProvider (C:\Users\brand\Development\Project_Workspace\active-development\learn_comptia_network+\src\contexts\AuthContext.tsx:36:25)
    at ThemeProvider (C:\Users\brand\Development\Project_Workspace\active-development\learn_comptia_network+\src\contexts\ThemeContext.tsx:8:26)
    at App

Consider adding an error boundary to your tree to customize error handling behavior.
Visit https://reactjs.org/link/error-boundaries to learn more about error boundaries.
The above error occurred in the <AuthProvider> component:

    at AuthProvider (C:\Users\brand\Development\Project_Workspace\active-development\learn_comptia_network+\src\contexts\AuthContext.tsx:36:25)
    at ThemeProvider (C:\Users\brand\Development\Project_Workspace\active-development\learn_comptia_network+\src\contexts\ThemeContext.tsx:8:26)
    at App

Consider adding an error boundary to your tree to customize error handling behavior.
Visit https://reactjs.org/link/error-boundaries to learn more about error boundaries.

[90mstdout[2m | tests/unit/components/App.test.tsx[2m > [22m[2mApp Component[2m > [22m[2mStrictMode[2m > [22m[2mshould run effects twice in development (StrictMode behavior)
[22m[39m🔴 API Error (Reset Progress)

[90mstderr[2m | tests/unit/components/App.test.tsx[2m > [22m[2mApp Component[2m > [22m[2mStrictMode[2m > [22m[2mshould run effects twice in development (StrictMode behavior)
[22m[39m  Code: UNKNOWN
  Message: Cannot read properties of undefined (reading 'getItem')
  User Message: An unexpected error occurred. Please try again.
  Timestamp: 2025-10-29T14:53:48.480Z
  Retryable: [33mfalse[39m
Warning: An update to TestComponent inside a test was not wrapped in act(...).

When testing, code that causes React state updates should be wrapped into act(...):

act(() => {
  /* fire events that update state */
});
/* assert on the output */

This ensures that you're testing the behavior the user would see in the browser. Learn more at https://reactjs.org/link/wrap-tests-with-act
    at TestComponent (C:\Users\brand\Development\Project_Workspace\active-development\learn_comptia_network+\node_modules\@testing-library\react\dist\pure.js:329:5)

[90mstdout[2m | tests/unit/components/App.test.tsx[2m > [22m[2mApp Component[2m > [22m[2mPerformance[2m > [22m[2mshould render within acceptable time
[22m[39m🔴 API Error (Reset Progress)

[90mstderr[2m | tests/unit/components/App.test.tsx[2m > [22m[2mApp Component[2m > [22m[2mPerformance[2m > [22m[2mshould render within acceptable time
[22m[39m  Code: UNKNOWN
  Message: Cannot read properties of undefined (reading 'getItem')
  User Message: An unexpected error occurred. Please try again.
  Timestamp: 2025-10-29T14:53:48.486Z
  Retryable: [33mfalse[39m
Warning: An update to TestComponent inside a test was not wrapped in act(...).

When testing, code that causes React state updates should be wrapped into act(...):

act(() => {
  /* fire events that update state */
});
/* assert on the output */

This ensures that you're testing the behavior the user would see in the browser. Learn more at https://reactjs.org/link/wrap-tests-with-act
    at TestComponent (C:\Users\brand\Development\Project_Workspace\active-development\learn_comptia_network+\node_modules\@testing-library\react\dist\pure.js:329:5)
Error: Uncaught [TypeError: Cannot read properties of undefined (reading 'getItem')]
    at reportException (C:\Users\brand\Development\Project_Workspace\active-development\learn_comptia_network+\node_modules\jsdom\lib\jsdom\living\helpers\runtime-script-errors.js:66:24)
    at innerInvokeEventListeners (C:\Users\brand\Development\Project_Workspace\active-development\learn_comptia_network+\node_modules\jsdom\lib\jsdom\living\events\EventTarget-impl.js:353:9)
    at invokeEventListeners (C:\Users\brand\Development\Project_Workspace\active-development\learn_comptia_network+\node_modules\jsdom\lib\jsdom\living\events\EventTarget-impl.js:286:3)
    at HTMLUnknownElementImpl._dispatch (C:\Users\brand\Development\Project_Workspace\active-development\learn_comptia_network+\node_modules\jsdom\lib\jsdom\living\events\EventTarget-impl.js:233:9)
    at HTMLUnknownElementImpl.dispatchEvent (C:\Users\brand\Development\Project_Workspace\active-development\learn_comptia_network+\node_modules\jsdom\lib\jsdom\living\events\EventTarget-impl.js:104:17)
    at HTMLUnknownElement.dispatchEvent (C:\Users\brand\Development\Project_Workspace\active-development\learn_comptia_network+\node_modules\jsdom\lib\jsdom\living\generated\EventTarget.js:241:34)
    at Object.invokeGuardedCallbackDev (C:\Users\brand\Development\Project_Workspace\active-development\learn_comptia_network+\node_modules\react-dom\cjs\react-dom.development.js:4213:16)
    at invokeGuardedCallback (C:\Users\brand\Development\Project_Workspace\active-development\learn_comptia_network+\node_modules\react-dom\cjs\react-dom.development.js:4277:31)
    at reportUncaughtErrorInDEV (C:\Users\brand\Development\Project_Workspace\active-development\learn_comptia_network+\node_modules\react-dom\cjs\react-dom.development.js:22877:5)
    at captureCommitPhaseError (C:\Users\brand\Development\Project_Workspace\active-development\learn_comptia_network+\node_modules\react-dom\cjs\react-dom.development.js:27165:5) TypeError: Cannot read properties of undefined (reading 'getItem')
    at Module.getAuthData [90m(C:\Users\brand\Development\Project_Workspace\active-development\learn_comptia_network+\[39msrc\utils\auth.ts:150:30[90m)[39m
    at [90mC:\Users\brand\Development\Project_Workspace\active-development\learn_comptia_network+\[39msrc\contexts\AuthContext.tsx:259:22
    at [90mC:\Users\brand\Development\Project_Workspace\active-development\learn_comptia_network+\[39msrc\contexts\AuthContext.tsx:308:5
    at commitHookEffectListMount [90m(C:\Users\brand\Development\Project_Workspace\active-development\learn_comptia_network+\[39mnode_modules\[4mreact-dom[24m\cjs\react-dom.development.js:23189:26[90m)[39m
    at commitPassiveMountOnFiber [90m(C:\Users\brand\Development\Project_Workspace\active-development\learn_comptia_network+\[39mnode_modules\[4mreact-dom[24m\cjs\react-dom.development.js:24970:11[90m)[39m
    at commitPassiveMountEffects_complete [90m(C:\Users\brand\Development\Project_Workspace\active-development\learn_comptia_network+\[39mnode_modules\[4mreact-dom[24m\cjs\react-dom.development.js:24930:9[90m)[39m
    at commitPassiveMountEffects_begin [90m(C:\Users\brand\Development\Project_Workspace\active-development\learn_comptia_network+\[39mnode_modules\[4mreact-dom[24m\cjs\react-dom.development.js:24917:7[90m)[39m
    at commitPassiveMountEffects [90m(C:\Users\brand\Development\Project_Workspace\active-development\learn_comptia_network+\[39mnode_modules\[4mreact-dom[24m\cjs\react-dom.development.js:24905:3[90m)[39m
    at flushPassiveEffectsImpl [90m(C:\Users\brand\Development\Project_Workspace\active-development\learn_comptia_network+\[39mnode_modules\[4mreact-dom[24m\cjs\react-dom.development.js:27078:3[90m)[39m
    at flushPassiveEffects [90m(C:\Users\brand\Development\Project_Workspace\active-development\learn_comptia_network+\[39mnode_modules\[4mreact-dom[24m\cjs\react-dom.development.js:27023:14[90m)[39m
Error: Uncaught [TypeError: Cannot read properties of undefined (reading 'getItem')]
    at reportException (C:\Users\brand\Development\Project_Workspace\active-development\learn_comptia_network+\node_modules\jsdom\lib\jsdom\living\helpers\runtime-script-errors.js:66:24)
    at innerInvokeEventListeners (C:\Users\brand\Development\Project_Workspace\active-development\learn_comptia_network+\node_modules\jsdom\lib\jsdom\living\events\EventTarget-impl.js:353:9)
    at invokeEventListeners (C:\Users\brand\Development\Project_Workspace\active-development\learn_comptia_network+\node_modules\jsdom\lib\jsdom\living\events\EventTarget-impl.js:286:3)
    at HTMLUnknownElementImpl._dispatch (C:\Users\brand\Development\Project_Workspace\active-development\learn_comptia_network+\node_modules\jsdom\lib\jsdom\living\events\EventTarget-impl.js:233:9)
    at HTMLUnknownElementImpl.dispatchEvent (C:\Users\brand\Development\Project_Workspace\active-development\learn_comptia_network+\node_modules\jsdom\lib\jsdom\living\events\EventTarget-impl.js:104:17)
    at HTMLUnknownElement.dispatchEvent (C:\Users\brand\Development\Project_Workspace\active-development\learn_comptia_network+\node_modules\jsdom\lib\jsdom\living\generated\EventTarget.js:241:34)
    at Object.invokeGuardedCallbackDev (C:\Users\brand\Development\Project_Workspace\active-development\learn_comptia_network+\node_modules\react-dom\cjs\react-dom.development.js:4213:16)
    at invokeGuardedCallback (C:\Users\brand\Development\Project_Workspace\active-development\learn_comptia_network+\node_modules\react-dom\cjs\react-dom.development.js:4277:31)
    at reportUncaughtErrorInDEV (C:\Users\brand\Development\Project_Workspace\active-development\learn_comptia_network+\node_modules\react-dom\cjs\react-dom.development.js:22877:5)
    at captureCommitPhaseError (C:\Users\brand\Development\Project_Workspace\active-development\learn_comptia_network+\node_modules\react-dom\cjs\react-dom.development.js:27165:5) TypeError: Cannot read properties of undefined (reading 'getItem')
    at Module.getAuthData [90m(C:\Users\brand\Development\Project_Workspace\active-development\learn_comptia_network+\[39msrc\utils\auth.ts:150:30[90m)[39m
    at [90mC:\Users\brand\Development\Project_Workspace\active-development\learn_comptia_network+\[39msrc\contexts\AuthContext.tsx:259:22
    at [90mC:\Users\brand\Development\Project_Workspace\active-development\learn_comptia_network+\[39msrc\contexts\AuthContext.tsx:308:5
    at commitHookEffectListMount [90m(C:\Users\brand\Development\Project_Workspace\active-development\learn_comptia_network+\[39mnode_modules\[4mreact-dom[24m\cjs\react-dom.development.js:23189:26[90m)[39m
    at invokePassiveEffectMountInDEV [90m(C:\Users\brand\Development\Project_Workspace\active-development\learn_comptia_network+\[39mnode_modules\[4mreact-dom[24m\cjs\react-dom.development.js:25193:13[90m)[39m
    at invokeEffectsInDev [90m(C:\Users\brand\Development\Project_Workspace\active-development\learn_comptia_network+\[39mnode_modules\[4mreact-dom[24m\cjs\react-dom.development.js:27390:11[90m)[39m
    at commitDoubleInvokeEffectsInDEV [90m(C:\Users\brand\Development\Project_Workspace\active-development\learn_comptia_network+\[39mnode_modules\[4mreact-dom[24m\cjs\react-dom.development.js:27369:7[90m)[39m
    at flushPassiveEffectsImpl [90m(C:\Users\brand\Development\Project_Workspace\active-development\learn_comptia_network+\[39mnode_modules\[4mreact-dom[24m\cjs\react-dom.development.js:27095:5[90m)[39m
    at flushPassiveEffects [90m(C:\Users\brand\Development\Project_Workspace\active-development\learn_comptia_network+\[39mnode_modules\[4mreact-dom[24m\cjs\react-dom.development.js:27023:14[90m)[39m
    at performSyncWorkOnRoot [90m(C:\Users\brand\Development\Project_Workspace\active-development\learn_comptia_network+\[39mnode_modules\[4mreact-dom[24m\cjs\react-dom.development.js:26115:3[90m)[39m
The above error occurred in the <AuthProvider> component:

    at AuthProvider (C:\Users\brand\Development\Project_Workspace\active-development\learn_comptia_network+\src\contexts\AuthContext.tsx:36:25)
    at ThemeProvider (C:\Users\brand\Development\Project_Workspace\active-development\learn_comptia_network+\src\contexts\ThemeContext.tsx:8:26)
    at App

Consider adding an error boundary to your tree to customize error handling behavior.
Visit https://reactjs.org/link/error-boundaries to learn more about error boundaries.
The above error occurred in the <AuthProvider> component:

    at AuthProvider (C:\Users\brand\Development\Project_Workspace\active-development\learn_comptia_network+\src\contexts\AuthContext.tsx:36:25)
    at ThemeProvider (C:\Users\brand\Development\Project_Workspace\active-development\learn_comptia_network+\src\contexts\ThemeContext.tsx:8:26)
    at App

Consider adding an error boundary to your tree to customize error handling behavior.
Visit https://reactjs.org/link/error-boundaries to learn more about error boundaries.

[90mstdout[2m | tests/unit/components/App.test.tsx[2m > [22m[2mApp Component[2m > [22m[2mPerformance[2m > [22m[2mshould not cause memory leaks on unmount
[22m[39m🔴 API Error (Reset Progress)

[90mstderr[2m | tests/unit/components/App.test.tsx[2m > [22m[2mApp Component[2m > [22m[2mPerformance[2m > [22m[2mshould not cause memory leaks on unmount
[22m[39m  Code: UNKNOWN
  Message: Cannot read properties of undefined (reading 'getItem')
  User Message: An unexpected error occurred. Please try again.
  Timestamp: 2025-10-29T14:53:48.575Z
  Retryable: [33mfalse[39m
Warning: An update to TestComponent inside a test was not wrapped in act(...).

When testing, code that causes React state updates should be wrapped into act(...):

act(() => {
  /* fire events that update state */
});
/* assert on the output */

This ensures that you're testing the behavior the user would see in the browser. Learn more at https://reactjs.org/link/wrap-tests-with-act
    at TestComponent (C:\Users\brand\Development\Project_Workspace\active-development\learn_comptia_network+\node_modules\@testing-library\react\dist\pure.js:329:5)
Error: Uncaught [TypeError: Cannot read properties of undefined (reading 'getItem')]
    at reportException (C:\Users\brand\Development\Project_Workspace\active-development\learn_comptia_network+\node_modules\jsdom\lib\jsdom\living\helpers\runtime-script-errors.js:66:24)
    at innerInvokeEventListeners (C:\Users\brand\Development\Project_Workspace\active-development\learn_comptia_network+\node_modules\jsdom\lib\jsdom\living\events\EventTarget-impl.js:353:9)
    at invokeEventListeners (C:\Users\brand\Development\Project_Workspace\active-development\learn_comptia_network+\node_modules\jsdom\lib\jsdom\living\events\EventTarget-impl.js:286:3)
    at HTMLUnknownElementImpl._dispatch (C:\Users\brand\Development\Project_Workspace\active-development\learn_comptia_network+\node_modules\jsdom\lib\jsdom\living\events\EventTarget-impl.js:233:9)
    at HTMLUnknownElementImpl.dispatchEvent (C:\Users\brand\Development\Project_Workspace\active-development\learn_comptia_network+\node_modules\jsdom\lib\jsdom\living\events\EventTarget-impl.js:104:17)
    at HTMLUnknownElement.dispatchEvent (C:\Users\brand\Development\Project_Workspace\active-development\learn_comptia_network+\node_modules\jsdom\lib\jsdom\living\generated\EventTarget.js:241:34)
    at Object.invokeGuardedCallbackDev (C:\Users\brand\Development\Project_Workspace\active-development\learn_comptia_network+\node_modules\react-dom\cjs\react-dom.development.js:4213:16)
    at invokeGuardedCallback (C:\Users\brand\Development\Project_Workspace\active-development\learn_comptia_network+\node_modules\react-dom\cjs\react-dom.development.js:4277:31)
    at reportUncaughtErrorInDEV (C:\Users\brand\Development\Project_Workspace\active-development\learn_comptia_network+\node_modules\react-dom\cjs\react-dom.development.js:22877:5)
    at captureCommitPhaseError (C:\Users\brand\Development\Project_Workspace\active-development\learn_comptia_network+\node_modules\react-dom\cjs\react-dom.development.js:27165:5) TypeError: Cannot read properties of undefined (reading 'getItem')
    at Module.getAuthData [90m(C:\Users\brand\Development\Project_Workspace\active-development\learn_comptia_network+\[39msrc\utils\auth.ts:150:30[90m)[39m
    at [90mC:\Users\brand\Development\Project_Workspace\active-development\learn_comptia_network+\[39msrc\contexts\AuthContext.tsx:259:22
    at [90mC:\Users\brand\Development\Project_Workspace\active-development\learn_comptia_network+\[39msrc\contexts\AuthContext.tsx:308:5
    at commitHookEffectListMount [90m(C:\Users\brand\Development\Project_Workspace\active-development\learn_comptia_network+\[39mnode_modules\[4mreact-dom[24m\cjs\react-dom.development.js:23189:26[90m)[39m
    at commitPassiveMountOnFiber [90m(C:\Users\brand\Development\Project_Workspace\active-development\learn_comptia_network+\[39mnode_modules\[4mreact-dom[24m\cjs\react-dom.development.js:24970:11[90m)[39m
    at commitPassiveMountEffects_complete [90m(C:\Users\brand\Development\Project_Workspace\active-development\learn_comptia_network+\[39mnode_modules\[4mreact-dom[24m\cjs\react-dom.development.js:24930:9[90m)[39m
    at commitPassiveMountEffects_begin [90m(C:\Users\brand\Development\Project_Workspace\active-development\learn_comptia_network+\[39mnode_modules\[4mreact-dom[24m\cjs\react-dom.development.js:24917:7[90m)[39m
    at commitPassiveMountEffects [90m(C:\Users\brand\Development\Project_Workspace\active-development\learn_comptia_network+\[39mnode_modules\[4mreact-dom[24m\cjs\react-dom.development.js:24905:3[90m)[39m
    at flushPassiveEffectsImpl [90m(C:\Users\brand\Development\Project_Workspace\active-development\learn_comptia_network+\[39mnode_modules\[4mreact-dom[24m\cjs\react-dom.development.js:27078:3[90m)[39m
    at flushPassiveEffects [90m(C:\Users\brand\Development\Project_Workspace\active-development\learn_comptia_network+\[39mnode_modules\[4mreact-dom[24m\cjs\react-dom.development.js:27023:14[90m)[39m
Error: Uncaught [TypeError: Cannot read properties of undefined (reading 'getItem')]
    at reportException (C:\Users\brand\Development\Project_Workspace\active-development\learn_comptia_network+\node_modules\jsdom\lib\jsdom\living\helpers\runtime-script-errors.js:66:24)
    at innerInvokeEventListeners (C:\Users\brand\Development\Project_Workspace\active-development\learn_comptia_network+\node_modules\jsdom\lib\jsdom\living\events\EventTarget-impl.js:353:9)
    at invokeEventListeners (C:\Users\brand\Development\Project_Workspace\active-development\learn_comptia_network+\node_modules\jsdom\lib\jsdom\living\events\EventTarget-impl.js:286:3)
    at HTMLUnknownElementImpl._dispatch (C:\Users\brand\Development\Project_Workspace\active-development\learn_comptia_network+\node_modules\jsdom\lib\jsdom\living\events\EventTarget-impl.js:233:9)
    at HTMLUnknownElementImpl.dispatchEvent (C:\Users\brand\Development\Project_Workspace\active-development\learn_comptia_network+\node_modules\jsdom\lib\jsdom\living\events\EventTarget-impl.js:104:17)
    at HTMLUnknownElement.dispatchEvent (C:\Users\brand\Development\Project_Workspace\active-development\learn_comptia_network+\node_modules\jsdom\lib\jsdom\living\generated\EventTarget.js:241:34)
    at Object.invokeGuardedCallbackDev (C:\Users\brand\Development\Project_Workspace\active-development\learn_comptia_network+\node_modules\react-dom\cjs\react-dom.development.js:4213:16)
    at invokeGuardedCallback (C:\Users\brand\Development\Project_Workspace\active-development\learn_comptia_network+\node_modules\react-dom\cjs\react-dom.development.js:4277:31)
    at reportUncaughtErrorInDEV (C:\Users\brand\Development\Project_Workspace\active-development\learn_comptia_network+\node_modules\react-dom\cjs\react-dom.development.js:22877:5)
    at captureCommitPhaseError (C:\Users\brand\Development\Project_Workspace\active-development\learn_comptia_network+\node_modules\react-dom\cjs\react-dom.development.js:27165:5) TypeError: Cannot read properties of undefined (reading 'getItem')
    at Module.getAuthData [90m(C:\Users\brand\Development\Project_Workspace\active-development\learn_comptia_network+\[39msrc\utils\auth.ts:150:30[90m)[39m
    at [90mC:\Users\brand\Development\Project_Workspace\active-development\learn_comptia_network+\[39msrc\contexts\AuthContext.tsx:259:22
    at [90mC:\Users\brand\Development\Project_Workspace\active-development\learn_comptia_network+\[39msrc\contexts\AuthContext.tsx:308:5
    at commitHookEffectListMount [90m(C:\Users\brand\Development\Project_Workspace\active-development\learn_comptia_network+\[39mnode_modules\[4mreact-dom[24m\cjs\react-dom.development.js:23189:26[90m)[39m
    at invokePassiveEffectMountInDEV [90m(C:\Users\brand\Development\Project_Workspace\active-development\learn_comptia_network+\[39mnode_modules\[4mreact-dom[24m\cjs\react-dom.development.js:25193:13[90m)[39m
    at invokeEffectsInDev [90m(C:\Users\brand\Development\Project_Workspace\active-development\learn_comptia_network+\[39mnode_modules\[4mreact-dom[24m\cjs\react-dom.development.js:27390:11[90m)[39m
    at commitDoubleInvokeEffectsInDEV [90m(C:\Users\brand\Development\Project_Workspace\active-development\learn_comptia_network+\[39mnode_modules\[4mreact-dom[24m\cjs\react-dom.development.js:27369:7[90m)[39m
    at flushPassiveEffectsImpl [90m(C:\Users\brand\Development\Project_Workspace\active-development\learn_comptia_network+\[39mnode_modules\[4mreact-dom[24m\cjs\react-dom.development.js:27095:5[90m)[39m
    at flushPassiveEffects [90m(C:\Users\brand\Development\Project_Workspace\active-development\learn_comptia_network+\[39mnode_modules\[4mreact-dom[24m\cjs\react-dom.development.js:27023:14[90m)[39m
    at performSyncWorkOnRoot [90m(C:\Users\brand\Development\Project_Workspace\active-development\learn_comptia_network+\[39mnode_modules\[4mreact-dom[24m\cjs\react-dom.development.js:26115:3[90m)[39m
The above error occurred in the <AuthProvider> component:

    at AuthProvider (C:\Users\brand\Development\Project_Workspace\active-development\learn_comptia_network+\src\contexts\AuthContext.tsx:36:25)
    at ThemeProvider (C:\Users\brand\Development\Project_Workspace\active-development\learn_comptia_network+\src\contexts\ThemeContext.tsx:8:26)
    at App

Consider adding an error boundary to your tree to customize error handling behavior.
Visit https://reactjs.org/link/error-boundaries to learn more about error boundaries.
The above error occurred in the <AuthProvider> component:

    at AuthProvider (C:\Users\brand\Development\Project_Workspace\active-development\learn_comptia_network+\src\contexts\AuthContext.tsx:36:25)
    at ThemeProvider (C:\Users\brand\Development\Project_Workspace\active-development\learn_comptia_network+\src\contexts\ThemeContext.tsx:8:26)
    at App

Consider adding an error boundary to your tree to customize error handling behavior.
Visit https://reactjs.org/link/error-boundaries to learn more about error boundaries.

[90mstdout[2m | tests/unit/components/App.test.tsx[2m > [22m[2mApp Component[2m > [22m[2mMultiple Instances[2m > [22m[2mshould handle multiple app instances gracefully
[22m[39m🔴 API Error (Reset Progress)

[90mstderr[2m | tests/unit/components/App.test.tsx[2m > [22m[2mApp Component[2m > [22m[2mMultiple Instances[2m > [22m[2mshould handle multiple app instances gracefully
[22m[39m  Code: UNKNOWN
  Message: Cannot read properties of undefined (reading 'getItem')
  User Message: An unexpected error occurred. Please try again.
  Timestamp: 2025-10-29T14:53:48.624Z
  Retryable: [33mfalse[39m
Warning: An update to TestComponent inside a test was not wrapped in act(...).

When testing, code that causes React state updates should be wrapped into act(...):

act(() => {
  /* fire events that update state */
});
/* assert on the output */

This ensures that you're testing the behavior the user would see in the browser. Learn more at https://reactjs.org/link/wrap-tests-with-act
    at TestComponent (C:\Users\brand\Development\Project_Workspace\active-development\learn_comptia_network+\node_modules\@testing-library\react\dist\pure.js:329:5)
Error: Uncaught [TypeError: Cannot read properties of undefined (reading 'getItem')]
    at reportException (C:\Users\brand\Development\Project_Workspace\active-development\learn_comptia_network+\node_modules\jsdom\lib\jsdom\living\helpers\runtime-script-errors.js:66:24)
    at innerInvokeEventListeners (C:\Users\brand\Development\Project_Workspace\active-development\learn_comptia_network+\node_modules\jsdom\lib\jsdom\living\events\EventTarget-impl.js:353:9)
    at invokeEventListeners (C:\Users\brand\Development\Project_Workspace\active-development\learn_comptia_network+\node_modules\jsdom\lib\jsdom\living\events\EventTarget-impl.js:286:3)
    at HTMLUnknownElementImpl._dispatch (C:\Users\brand\Development\Project_Workspace\active-development\learn_comptia_network+\node_modules\jsdom\lib\jsdom\living\events\EventTarget-impl.js:233:9)
    at HTMLUnknownElementImpl.dispatchEvent (C:\Users\brand\Development\Project_Workspace\active-development\learn_comptia_network+\node_modules\jsdom\lib\jsdom\living\events\EventTarget-impl.js:104:17)
    at HTMLUnknownElement.dispatchEvent (C:\Users\brand\Development\Project_Workspace\active-development\learn_comptia_network+\node_modules\jsdom\lib\jsdom\living\generated\EventTarget.js:241:34)
    at Object.invokeGuardedCallbackDev (C:\Users\brand\Development\Project_Workspace\active-development\learn_comptia_network+\node_modules\react-dom\cjs\react-dom.development.js:4213:16)
    at invokeGuardedCallback (C:\Users\brand\Development\Project_Workspace\active-development\learn_comptia_network+\node_modules\react-dom\cjs\react-dom.development.js:4277:31)
    at reportUncaughtErrorInDEV (C:\Users\brand\Development\Project_Workspace\active-development\learn_comptia_network+\node_modules\react-dom\cjs\react-dom.development.js:22877:5)
    at captureCommitPhaseError (C:\Users\brand\Development\Project_Workspace\active-development\learn_comptia_network+\node_modules\react-dom\cjs\react-dom.development.js:27165:5) TypeError: Cannot read properties of undefined (reading 'getItem')
    at Module.getAuthData [90m(C:\Users\brand\Development\Project_Workspace\active-development\learn_comptia_network+\[39msrc\utils\auth.ts:150:30[90m)[39m
    at [90mC:\Users\brand\Development\Project_Workspace\active-development\learn_comptia_network+\[39msrc\contexts\AuthContext.tsx:259:22
    at [90mC:\Users\brand\Development\Project_Workspace\active-development\learn_comptia_network+\[39msrc\contexts\AuthContext.tsx:308:5
    at commitHookEffectListMount [90m(C:\Users\brand\Development\Project_Workspace\active-development\learn_comptia_network+\[39mnode_modules\[4mreact-dom[24m\cjs\react-dom.development.js:23189:26[90m)[39m
    at commitPassiveMountOnFiber [90m(C:\Users\brand\Development\Project_Workspace\active-development\learn_comptia_network+\[39mnode_modules\[4mreact-dom[24m\cjs\react-dom.development.js:24970:11[90m)[39m
    at commitPassiveMountEffects_complete [90m(C:\Users\brand\Development\Project_Workspace\active-development\learn_comptia_network+\[39mnode_modules\[4mreact-dom[24m\cjs\react-dom.development.js:24930:9[90m)[39m
    at commitPassiveMountEffects_begin [90m(C:\Users\brand\Development\Project_Workspace\active-development\learn_comptia_network+\[39mnode_modules\[4mreact-dom[24m\cjs\react-dom.development.js:24917:7[90m)[39m
    at commitPassiveMountEffects [90m(C:\Users\brand\Development\Project_Workspace\active-development\learn_comptia_network+\[39mnode_modules\[4mreact-dom[24m\cjs\react-dom.development.js:24905:3[90m)[39m
    at flushPassiveEffectsImpl [90m(C:\Users\brand\Development\Project_Workspace\active-development\learn_comptia_network+\[39mnode_modules\[4mreact-dom[24m\cjs\react-dom.development.js:27078:3[90m)[39m
    at flushPassiveEffects [90m(C:\Users\brand\Development\Project_Workspace\active-development\learn_comptia_network+\[39mnode_modules\[4mreact-dom[24m\cjs\react-dom.development.js:27023:14[90m)[39m
Error: Uncaught [TypeError: Cannot read properties of undefined (reading 'getItem')]
    at reportException (C:\Users\brand\Development\Project_Workspace\active-development\learn_comptia_network+\node_modules\jsdom\lib\jsdom\living\helpers\runtime-script-errors.js:66:24)
    at innerInvokeEventListeners (C:\Users\brand\Development\Project_Workspace\active-development\learn_comptia_network+\node_modules\jsdom\lib\jsdom\living\events\EventTarget-impl.js:353:9)
    at invokeEventListeners (C:\Users\brand\Development\Project_Workspace\active-development\learn_comptia_network+\node_modules\jsdom\lib\jsdom\living\events\EventTarget-impl.js:286:3)
    at HTMLUnknownElementImpl._dispatch (C:\Users\brand\Development\Project_Workspace\active-development\learn_comptia_network+\node_modules\jsdom\lib\jsdom\living\events\EventTarget-impl.js:233:9)
    at HTMLUnknownElementImpl.dispatchEvent (C:\Users\brand\Development\Project_Workspace\active-development\learn_comptia_network+\node_modules\jsdom\lib\jsdom\living\events\EventTarget-impl.js:104:17)
    at HTMLUnknownElement.dispatchEvent (C:\Users\brand\Development\Project_Workspace\active-development\learn_comptia_network+\node_modules\jsdom\lib\jsdom\living\generated\EventTarget.js:241:34)
    at Object.invokeGuardedCallbackDev (C:\Users\brand\Development\Project_Workspace\active-development\learn_comptia_network+\node_modules\react-dom\cjs\react-dom.development.js:4213:16)
    at invokeGuardedCallback (C:\Users\brand\Development\Project_Workspace\active-development\learn_comptia_network+\node_modules\react-dom\cjs\react-dom.development.js:4277:31)
    at reportUncaughtErrorInDEV (C:\Users\brand\Development\Project_Workspace\active-development\learn_comptia_network+\node_modules\react-dom\cjs\react-dom.development.js:22877:5)
    at captureCommitPhaseError (C:\Users\brand\Development\Project_Workspace\active-development\learn_comptia_network+\node_modules\react-dom\cjs\react-dom.development.js:27165:5) TypeError: Cannot read properties of undefined (reading 'getItem')
    at Module.getAuthData [90m(C:\Users\brand\Development\Project_Workspace\active-development\learn_comptia_network+\[39msrc\utils\auth.ts:150:30[90m)[39m
    at [90mC:\Users\brand\Development\Project_Workspace\active-development\learn_comptia_network+\[39msrc\contexts\AuthContext.tsx:259:22
    at [90mC:\Users\brand\Development\Project_Workspace\active-development\learn_comptia_network+\[39msrc\contexts\AuthContext.tsx:308:5
    at commitHookEffectListMount [90m(C:\Users\brand\Development\Project_Workspace\active-development\learn_comptia_network+\[39mnode_modules\[4mreact-dom[24m\cjs\react-dom.development.js:23189:26[90m)[39m
    at invokePassiveEffectMountInDEV [90m(C:\Users\brand\Development\Project_Workspace\active-development\learn_comptia_network+\[39mnode_modules\[4mreact-dom[24m\cjs\react-dom.development.js:25193:13[90m)[39m
    at invokeEffectsInDev [90m(C:\Users\brand\Development\Project_Workspace\active-development\learn_comptia_network+\[39mnode_modules\[4mreact-dom[24m\cjs\react-dom.development.js:27390:11[90m)[39m
    at commitDoubleInvokeEffectsInDEV [90m(C:\Users\brand\Development\Project_Workspace\active-development\learn_comptia_network+\[39mnode_modules\[4mreact-dom[24m\cjs\react-dom.development.js:27369:7[90m)[39m
    at flushPassiveEffectsImpl [90m(C:\Users\brand\Development\Project_Workspace\active-development\learn_comptia_network+\[39mnode_modules\[4mreact-dom[24m\cjs\react-dom.development.js:27095:5[90m)[39m
    at flushPassiveEffects [90m(C:\Users\brand\Development\Project_Workspace\active-development\learn_comptia_network+\[39mnode_modules\[4mreact-dom[24m\cjs\react-dom.development.js:27023:14[90m)[39m
    at performSyncWorkOnRoot [90m(C:\Users\brand\Development\Project_Workspace\active-development\learn_comptia_network+\[39mnode_modules\[4mreact-dom[24m\cjs\react-dom.development.js:26115:3[90m)[39m
The above error occurred in the <AuthProvider> component:

    at AuthProvider (C:\Users\brand\Development\Project_Workspace\active-development\learn_comptia_network+\src\contexts\AuthContext.tsx:36:25)
    at ThemeProvider (C:\Users\brand\Development\Project_Workspace\active-development\learn_comptia_network+\src\contexts\ThemeContext.tsx:8:26)
    at App

Consider adding an error boundary to your tree to customize error handling behavior.
Visit https://reactjs.org/link/error-boundaries to learn more about error boundaries.
The above error occurred in the <AuthProvider> component:

    at AuthProvider (C:\Users\brand\Development\Project_Workspace\active-development\learn_comptia_network+\src\contexts\AuthContext.tsx:36:25)
    at ThemeProvider (C:\Users\brand\Development\Project_Workspace\active-development\learn_comptia_network+\src\contexts\ThemeContext.tsx:8:26)
    at App

Consider adding an error boundary to your tree to customize error handling behavior.
Visit https://reactjs.org/link/error-boundaries to learn more about error boundaries.

[90mstdout[2m | tests/unit/components/App.test.tsx[2m > [22m[2mApp Component[2m > [22m[2mMultiple Instances[2m > [22m[2mshould share state across app instances via stores
[22m[39m🔴 API Error (Reset Progress)

[90mstderr[2m | tests/unit/components/App.test.tsx[2m > [22m[2mApp Component[2m > [22m[2mMultiple Instances[2m > [22m[2mshould share state across app instances via stores
[22m[39m  Code: UNKNOWN
  Message: Cannot read properties of undefined (reading 'getItem')
  User Message: An unexpected error occurred. Please try again.
  Timestamp: 2025-10-29T14:53:48.676Z
  Retryable: [33mfalse[39m
Warning: An update to TestComponent inside a test was not wrapped in act(...).

When testing, code that causes React state updates should be wrapped into act(...):

act(() => {
  /* fire events that update state */
});
/* assert on the output */

This ensures that you're testing the behavior the user would see in the browser. Learn more at https://reactjs.org/link/wrap-tests-with-act
    at TestComponent (C:\Users\brand\Development\Project_Workspace\active-development\learn_comptia_network+\node_modules\@testing-library\react\dist\pure.js:329:5)
Error: Uncaught [TypeError: Cannot read properties of undefined (reading 'getItem')]
    at reportException (C:\Users\brand\Development\Project_Workspace\active-development\learn_comptia_network+\node_modules\jsdom\lib\jsdom\living\helpers\runtime-script-errors.js:66:24)
    at innerInvokeEventListeners (C:\Users\brand\Development\Project_Workspace\active-development\learn_comptia_network+\node_modules\jsdom\lib\jsdom\living\events\EventTarget-impl.js:353:9)
    at invokeEventListeners (C:\Users\brand\Development\Project_Workspace\active-development\learn_comptia_network+\node_modules\jsdom\lib\jsdom\living\events\EventTarget-impl.js:286:3)
    at HTMLUnknownElementImpl._dispatch (C:\Users\brand\Development\Project_Workspace\active-development\learn_comptia_network+\node_modules\jsdom\lib\jsdom\living\events\EventTarget-impl.js:233:9)
    at HTMLUnknownElementImpl.dispatchEvent (C:\Users\brand\Development\Project_Workspace\active-development\learn_comptia_network+\node_modules\jsdom\lib\jsdom\living\events\EventTarget-impl.js:104:17)
    at HTMLUnknownElement.dispatchEvent (C:\Users\brand\Development\Project_Workspace\active-development\learn_comptia_network+\node_modules\jsdom\lib\jsdom\living\generated\EventTarget.js:241:34)
    at Object.invokeGuardedCallbackDev (C:\Users\brand\Development\Project_Workspace\active-development\learn_comptia_network+\node_modules\react-dom\cjs\react-dom.development.js:4213:16)
    at invokeGuardedCallback (C:\Users\brand\Development\Project_Workspace\active-development\learn_comptia_network+\node_modules\react-dom\cjs\react-dom.development.js:4277:31)
    at reportUncaughtErrorInDEV (C:\Users\brand\Development\Project_Workspace\active-development\learn_comptia_network+\node_modules\react-dom\cjs\react-dom.development.js:22877:5)
    at captureCommitPhaseError (C:\Users\brand\Development\Project_Workspace\active-development\learn_comptia_network+\node_modules\react-dom\cjs\react-dom.development.js:27165:5) TypeError: Cannot read properties of undefined (reading 'getItem')
    at Module.getAuthData [90m(C:\Users\brand\Development\Project_Workspace\active-development\learn_comptia_network+\[39msrc\utils\auth.ts:150:30[90m)[39m
    at [90mC:\Users\brand\Development\Project_Workspace\active-development\learn_comptia_network+\[39msrc\contexts\AuthContext.tsx:259:22
    at [90mC:\Users\brand\Development\Project_Workspace\active-development\learn_comptia_network+\[39msrc\contexts\AuthContext.tsx:308:5
    at commitHookEffectListMount [90m(C:\Users\brand\Development\Project_Workspace\active-development\learn_comptia_network+\[39mnode_modules\[4mreact-dom[24m\cjs\react-dom.development.js:23189:26[90m)[39m
    at commitPassiveMountOnFiber [90m(C:\Users\brand\Development\Project_Workspace\active-development\learn_comptia_network+\[39mnode_modules\[4mreact-dom[24m\cjs\react-dom.development.js:24970:11[90m)[39m
    at commitPassiveMountEffects_complete [90m(C:\Users\brand\Development\Project_Workspace\active-development\learn_comptia_network+\[39mnode_modules\[4mreact-dom[24m\cjs\react-dom.development.js:24930:9[90m)[39m
    at commitPassiveMountEffects_begin [90m(C:\Users\brand\Development\Project_Workspace\active-development\learn_comptia_network+\[39mnode_modules\[4mreact-dom[24m\cjs\react-dom.development.js:24917:7[90m)[39m
    at commitPassiveMountEffects [90m(C:\Users\brand\Development\Project_Workspace\active-development\learn_comptia_network+\[39mnode_modules\[4mreact-dom[24m\cjs\react-dom.development.js:24905:3[90m)[39m
    at flushPassiveEffectsImpl [90m(C:\Users\brand\Development\Project_Workspace\active-development\learn_comptia_network+\[39mnode_modules\[4mreact-dom[24m\cjs\react-dom.development.js:27078:3[90m)[39m
    at flushPassiveEffects [90m(C:\Users\brand\Development\Project_Workspace\active-development\learn_comptia_network+\[39mnode_modules\[4mreact-dom[24m\cjs\react-dom.development.js:27023:14[90m)[39m
Error: Uncaught [TypeError: Cannot read properties of undefined (reading 'getItem')]
    at reportException (C:\Users\brand\Development\Project_Workspace\active-development\learn_comptia_network+\node_modules\jsdom\lib\jsdom\living\helpers\runtime-script-errors.js:66:24)
    at innerInvokeEventListeners (C:\Users\brand\Development\Project_Workspace\active-development\learn_comptia_network+\node_modules\jsdom\lib\jsdom\living\events\EventTarget-impl.js:353:9)
    at invokeEventListeners (C:\Users\brand\Development\Project_Workspace\active-development\learn_comptia_network+\node_modules\jsdom\lib\jsdom\living\events\EventTarget-impl.js:286:3)
    at HTMLUnknownElementImpl._dispatch (C:\Users\brand\Development\Project_Workspace\active-development\learn_comptia_network+\node_modules\jsdom\lib\jsdom\living\events\EventTarget-impl.js:233:9)
    at HTMLUnknownElementImpl.dispatchEvent (C:\Users\brand\Development\Project_Workspace\active-development\learn_comptia_network+\node_modules\jsdom\lib\jsdom\living\events\EventTarget-impl.js:104:17)
    at HTMLUnknownElement.dispatchEvent (C:\Users\brand\Development\Project_Workspace\active-development\learn_comptia_network+\node_modules\jsdom\lib\jsdom\living\generated\EventTarget.js:241:34)
    at Object.invokeGuardedCallbackDev (C:\Users\brand\Development\Project_Workspace\active-development\learn_comptia_network+\node_modules\react-dom\cjs\react-dom.development.js:4213:16)
    at invokeGuardedCallback (C:\Users\brand\Development\Project_Workspace\active-development\learn_comptia_network+\node_modules\react-dom\cjs\react-dom.development.js:4277:31)
    at reportUncaughtErrorInDEV (C:\Users\brand\Development\Project_Workspace\active-development\learn_comptia_network+\node_modules\react-dom\cjs\react-dom.development.js:22877:5)
    at captureCommitPhaseError (C:\Users\brand\Development\Project_Workspace\active-development\learn_comptia_network+\node_modules\react-dom\cjs\react-dom.development.js:27165:5) TypeError: Cannot read properties of undefined (reading 'getItem')
    at Module.getAuthData [90m(C:\Users\brand\Development\Project_Workspace\active-development\learn_comptia_network+\[39msrc\utils\auth.ts:150:30[90m)[39m
    at [90mC:\Users\brand\Development\Project_Workspace\active-development\learn_comptia_network+\[39msrc\contexts\AuthContext.tsx:259:22
    at [90mC:\Users\brand\Development\Project_Workspace\active-development\learn_comptia_network+\[39msrc\contexts\AuthContext.tsx:308:5
    at commitHookEffectListMount [90m(C:\Users\brand\Development\Project_Workspace\active-development\learn_comptia_network+\[39mnode_modules\[4mreact-dom[24m\cjs\react-dom.development.js:23189:26[90m)[39m
    at invokePassiveEffectMountInDEV [90m(C:\Users\brand\Development\Project_Workspace\active-development\learn_comptia_network+\[39mnode_modules\[4mreact-dom[24m\cjs\react-dom.development.js:25193:13[90m)[39m
    at invokeEffectsInDev [90m(C:\Users\brand\Development\Project_Workspace\active-development\learn_comptia_network+\[39mnode_modules\[4mreact-dom[24m\cjs\react-dom.development.js:27390:11[90m)[39m
    at commitDoubleInvokeEffectsInDEV [90m(C:\Users\brand\Development\Project_Workspace\active-development\learn_comptia_network+\[39mnode_modules\[4mreact-dom[24m\cjs\react-dom.development.js:27369:7[90m)[39m
    at flushPassiveEffectsImpl [90m(C:\Users\brand\Development\Project_Workspace\active-development\learn_comptia_network+\[39mnode_modules\[4mreact-dom[24m\cjs\react-dom.development.js:27095:5[90m)[39m
    at flushPassiveEffects [90m(C:\Users\brand\Development\Project_Workspace\active-development\learn_comptia_network+\[39mnode_modules\[4mreact-dom[24m\cjs\react-dom.development.js:27023:14[90m)[39m
    at [90mC:\Users\brand\Development\Project_Workspace\active-development\learn_comptia_network+\[39mnode_modules\[4mreact-dom[24m\cjs\react-dom.development.js:26808:9
The above error occurred in the <AuthProvider> component:

    at AuthProvider (C:\Users\brand\Development\Project_Workspace\active-development\learn_comptia_network+\src\contexts\AuthContext.tsx:36:25)
    at ThemeProvider (C:\Users\brand\Development\Project_Workspace\active-development\learn_comptia_network+\src\contexts\ThemeContext.tsx:8:26)
    at App

Consider adding an error boundary to your tree to customize error handling behavior.
Visit https://reactjs.org/link/error-boundaries to learn more about error boundaries.
The above error occurred in the <AuthProvider> component:

    at AuthProvider (C:\Users\brand\Development\Project_Workspace\active-development\learn_comptia_network+\src\contexts\AuthContext.tsx:36:25)
    at ThemeProvider (C:\Users\brand\Development\Project_Workspace\active-development\learn_comptia_network+\src\contexts\ThemeContext.tsx:8:26)
    at App

Consider adding an error boundary to your tree to customize error handling behavior.
Visit https://reactjs.org/link/error-boundaries to learn more about error boundaries.

 [32m✓[39m tests/unit/cloud/CloudArchitectureDesigner.test.tsx[2m > [22mCloudArchitectureDesigner[2m > [22mArchitecture Validation[2m > [22mshould calculate validation score correctly
 [32m✓[39m tests/unit/cloud/CloudArchitectureDesigner.test.tsx[2m > [22mCloudArchitectureDesigner[2m > [22mExport Functionality[2m > [22mshould export design as JSON
 [32m✓[39m tests/unit/cloud/CloudArchitectureDesigner.test.tsx[2m > [22mCloudArchitectureDesigner[2m > [22mExport Functionality[2m > [22mshould include all design data in export
 [32m✓[39m tests/unit/cloud/CloudArchitectureDesigner.test.tsx[2m > [22mCloudArchitectureDesigner[2m > [22mAccessibility[2m > [22mshould have no accessibility violations[33m 421[2mms[22m[39m
 [32m✓[39m tests/unit/cloud/CloudArchitectureDesigner.test.tsx[2m > [22mCloudArchitectureDesigner[2m > [22mAccessibility[2m > [22mshould support keyboard navigation
 [32m✓[39m tests/unit/cloud/CloudArchitectureDesigner.test.tsx[2m > [22mCloudArchitectureDesigner[2m > [22mAccessibility[2m > [22mshould have proper ARIA labels
 [32m✓[39m tests/unit/cloud/CloudArchitectureDesigner.test.tsx[2m > [22mCloudArchitectureDesigner[2m > [22mPerformance[2m > [22mshould render large architectures efficiently
[90mstdout[2m | tests/integration/auth-flow.test.tsx[2m > [22m[2mSession Management[2m > [22m[2mshould clear session on logout
[22m[39m🔴 API Error (POST /auth/logout)

[90mstderr[2m | tests/integration/auth-flow.test.tsx[2m > [22m[2mSession Management[2m > [22m[2mshould clear session on logout
[22m[39m  Code: UNKNOWN
  Message: Unknown error occurred
  User Message: An unexpected error occurred. Please try again.
  Details: {
    code: [32m'NOT_FOUND'[39m,
    message: [32m'Not found'[39m,
    userMessage: [32m'The requested resource was not found.'[39m,
    statusCode: [33m404[39m,
    timestamp: [32m'2025-10-29T14:53:49.483Z'[39m,
    retryable: [33mfalse[39m
  }
  Timestamp: 2025-10-29T14:53:49.483Z
  Retryable: [33mfalse[39m
Logout API error: {
  code: [32m'UNKNOWN'[39m,
  message: [32m'Unknown error occurred'[39m,
  userMessage: [32m'An unexpected error occurred. Please try again.'[39m,
  details: {
    code: [32m'NOT_FOUND'[39m,
    message: [32m'Not found'[39m,
    userMessage: [32m'The requested resource was not found.'[39m,
    statusCode: [33m404[39m,
    timestamp: [32m'2025-10-29T14:53:49.483Z'[39m,
    retryable: [33mfalse[39m
  },
  timestamp: [32m'2025-10-29T14:53:49.483Z'[39m,
  retryable: [33mfalse[39m
}

[90mstdout[2m | tests/integration/auth-flow.test.tsx[2m > [22m[2mSession Management[2m > [22m[2mshould clear session on logout
[22m[39m🔴 API Error (POST /auth/logout)
🔴 API Error (POST /auth/logout)
🔴 API Error (POST /auth/logout)
🔴 API Error (POST /auth/logout)
🔴 API Error (POST /auth/logout)
🔴 API Error (POST /auth/logout)
🔴 API Error (POST /auth/logout)
🔴 API Error (POST /auth/logout)
🔴 API Error (POST /auth/logout)
🔴 API Error (POST /auth/logout)
🔴 API Error (POST /auth/logout)
🔴 API Error (POST /auth/login)
🔴 API Error (Login)

[90mstderr[2m | tests/integration/auth-flow.test.tsx[2m > [22m[2mSession Management[2m > [22m[2mshould clear session on logout
[22m[39m  Code: UNKNOWN
  Message: Unknown error occurred
  User Message: An unexpected error occurred. Please try again.
  Details: {
    code: [32m'NOT_FOUND'[39m,
    message: [32m'Not found'[39m,
    userMessage: [32m'The requested resource was not found.'[39m,
    statusCode: [33m404[39m,
    timestamp: [32m'2025-10-29T14:53:49.489Z'[39m,
    retryable: [33mfalse[39m
  }
  Timestamp: 2025-10-29T14:53:49.490Z
  Retryable: [33mfalse[39m
Logout API error: {
  code: [32m'UNKNOWN'[39m,
  message: [32m'Unknown error occurred'[39m,
  userMessage: [32m'An unexpected error occurred. Please try again.'[39m,
  details: {
    code: [32m'NOT_FOUND'[39m,
    message: [32m'Not found'[39m,
    userMessage: [32m'The requested resource was not found.'[39m,
    statusCode: [33m404[39m,
    timestamp: [32m'2025-10-29T14:53:49.489Z'[39m,
    retryable: [33mfalse[39m
  },
  timestamp: [32m'2025-10-29T14:53:49.490Z'[39m,
  retryable: [33mfalse[39m
}
  Code: UNKNOWN
  Message: Unknown error occurred
  User Message: An unexpected error occurred. Please try again.
  Details: {
    code: [32m'NOT_FOUND'[39m,
    message: [32m'Not found'[39m,
    userMessage: [32m'The requested resource was not found.'[39m,
    statusCode: [33m404[39m,
    timestamp: [32m'2025-10-29T14:53:49.490Z'[39m,
    retryable: [33mfalse[39m
  }
  Timestamp: 2025-10-29T14:53:49.490Z
  Retryable: [33mfalse[39m
Logout API error: {
  code: [32m'UNKNOWN'[39m,
  message: [32m'Unknown error occurred'[39m,
  userMessage: [32m'An unexpected error occurred. Please try again.'[39m,
  details: {
    code: [32m'NOT_FOUND'[39m,
    message: [32m'Not found'[39m,
    userMessage: [32m'The requested resource was not found.'[39m,
    statusCode: [33m404[39m,
    timestamp: [32m'2025-10-29T14:53:49.490Z'[39m,
    retryable: [33mfalse[39m
  },
  timestamp: [32m'2025-10-29T14:53:49.490Z'[39m,
  retryable: [33mfalse[39m
}
  Code: UNKNOWN
  Message: Unknown error occurred
  User Message: An unexpected error occurred. Please try again.
  Details: {
    code: [32m'NOT_FOUND'[39m,
    message: [32m'Not found'[39m,
    userMessage: [32m'The requested resource was not found.'[39m,
    statusCode: [33m404[39m,
    timestamp: [32m'2025-10-29T14:53:49.491Z'[39m,
    retryable: [33mfalse[39m
  }
  Timestamp: 2025-10-29T14:53:49.491Z
  Retryable: [33mfalse[39m
Logout API error: {
  code: [32m'UNKNOWN'[39m,
  message: [32m'Unknown error occurred'[39m,
  userMessage: [32m'An unexpected error occurred. Please try again.'[39m,
  details: {
    code: [32m'NOT_FOUND'[39m,
    message: [32m'Not found'[39m,
    userMessage: [32m'The requested resource was not found.'[39m,
    statusCode: [33m404[39m,
    timestamp: [32m'2025-10-29T14:53:49.491Z'[39m,
    retryable: [33mfalse[39m
  },
  timestamp: [32m'2025-10-29T14:53:49.491Z'[39m,
  retryable: [33mfalse[39m
}
  Code: UNKNOWN
  Message: Unknown error occurred
  User Message: An unexpected error occurred. Please try again.
  Details: {
    code: [32m'NOT_FOUND'[39m,
    message: [32m'Not found'[39m,
    userMessage: [32m'The requested resource was not found.'[39m,
    statusCode: [33m404[39m,
    timestamp: [32m'2025-10-29T14:53:49.492Z'[39m,
    retryable: [33mfalse[39m
  }
  Timestamp: 2025-10-29T14:53:49.492Z
  Retryable: [33mfalse[39m
Logout API error: {
  code: [32m'UNKNOWN'[39m,
  message: [32m'Unknown error occurred'[39m,
  userMessage: [32m'An unexpected error occurred. Please try again.'[39m,
  details: {
    code: [32m'NOT_FOUND'[39m,
    message: [32m'Not found'[39m,
    userMessage: [32m'The requested resource was not found.'[39m,
    statusCode: [33m404[39m,
    timestamp: [32m'2025-10-29T14:53:49.492Z'[39m,
    retryable: [33mfalse[39m
  },
  timestamp: [32m'2025-10-29T14:53:49.492Z'[39m,
  retryable: [33mfalse[39m
}
  Code: UNKNOWN
  Message: Unknown error occurred
  User Message: An unexpected error occurred. Please try again.
  Details: {
    code: [32m'NOT_FOUND'[39m,
    message: [32m'Not found'[39m,
    userMessage: [32m'The requested resource was not found.'[39m,
    statusCode: [33m404[39m,
    timestamp: [32m'2025-10-29T14:53:49.494Z'[39m,
    retryable: [33mfalse[39m
  }
  Timestamp: 2025-10-29T14:53:49.495Z
  Retryable: [33mfalse[39m
Logout API error: {
  code: [32m'UNKNOWN'[39m,
  message: [32m'Unknown error occurred'[39m,
  userMessage: [32m'An unexpected error occurred. Please try again.'[39m,
  details: {
    code: [32m'NOT_FOUND'[39m,
    message: [32m'Not found'[39m,
    userMessage: [32m'The requested resource was not found.'[39m,
    statusCode: [33m404[39m,
    timestamp: [32m'2025-10-29T14:53:49.494Z'[39m,
    retryable: [33mfalse[39m
  },
  timestamp: [32m'2025-10-29T14:53:49.495Z'[39m,
  retryable: [33mfalse[39m
}
  Code: UNKNOWN
  Message: Unknown error occurred
  User Message: An unexpected error occurred. Please try again.
  Details: {
    code: [32m'NOT_FOUND'[39m,
    message: [32m'Not found'[39m,
    userMessage: [32m'The requested resource was not found.'[39m,
    statusCode: [33m404[39m,
    timestamp: [32m'2025-10-29T14:53:49.498Z'[39m,
    retryable: [33mfalse[39m
  }
  Timestamp: 2025-10-29T14:53:49.498Z
  Retryable: [33mfalse[39m
Logout API error: {
  code: [32m'UNKNOWN'[39m,
  message: [32m'Unknown error occurred'[39m,
  userMessage: [32m'An unexpected error occurred. Please try again.'[39m,
  details: {
    code: [32m'NOT_FOUND'[39m,
    message: [32m'Not found'[39m,
    userMessage: [32m'The requested resource was not found.'[39m,
    statusCode: [33m404[39m,
    timestamp: [32m'2025-10-29T14:53:49.498Z'[39m,
    retryable: [33mfalse[39m
  },
  timestamp: [32m'2025-10-29T14:53:49.498Z'[39m,
  retryable: [33mfalse[39m
}
  Code: UNKNOWN
  Message: Unknown error occurred
  User Message: An unexpected error occurred. Please try again.
  Details: {
    code: [32m'NOT_FOUND'[39m,
    message: [32m'Not found'[39m,
    userMessage: [32m'The requested resource was not found.'[39m,
    statusCode: [33m404[39m,
    timestamp: [32m'2025-10-29T14:53:49.501Z'[39m,
    retryable: [33mfalse[39m
  }
  Timestamp: 2025-10-29T14:53:49.501Z
  Retryable: [33mfalse[39m
Logout API error: {
  code: [32m'UNKNOWN'[39m,
  message: [32m'Unknown error occurred'[39m,
  userMessage: [32m'An unexpected error occurred. Please try again.'[39m,
  details: {
    code: [32m'NOT_FOUND'[39m,
    message: [32m'Not found'[39m,
    userMessage: [32m'The requested resource was not found.'[39m,
    statusCode: [33m404[39m,
    timestamp: [32m'2025-10-29T14:53:49.501Z'[39m,
    retryable: [33mfalse[39m
  },
  timestamp: [32m'2025-10-29T14:53:49.501Z'[39m,
  retryable: [33mfalse[39m
}
  Code: UNKNOWN
  Message: Unknown error occurred
  User Message: An unexpected error occurred. Please try again.
  Details: {
    code: [32m'NOT_FOUND'[39m,
    message: [32m'Not found'[39m,
    userMessage: [32m'The requested resource was not found.'[39m,
    statusCode: [33m404[39m,
    timestamp: [32m'2025-10-29T14:53:49.503Z'[39m,
    retryable: [33mfalse[39m
  }
  Timestamp: 2025-10-29T14:53:49.503Z
  Retryable: [33mfalse[39m
Logout API error: {
  code: [32m'UNKNOWN'[39m,
  message: [32m'Unknown error occurred'[39m,
  userMessage: [32m'An unexpected error occurred. Please try again.'[39m,
  details: {
    code: [32m'NOT_FOUND'[39m,
    message: [32m'Not found'[39m,
    userMessage: [32m'The requested resource was not found.'[39m,
    statusCode: [33m404[39m,
    timestamp: [32m'2025-10-29T14:53:49.503Z'[39m,
    retryable: [33mfalse[39m
  },
  timestamp: [32m'2025-10-29T14:53:49.503Z'[39m,
  retryable: [33mfalse[39m
}
  Code: UNKNOWN
  Message: Unknown error occurred
  User Message: An unexpected error occurred. Please try again.
  Details: {
    code: [32m'NOT_FOUND'[39m,
    message: [32m'Not found'[39m,
    userMessage: [32m'The requested resource was not found.'[39m,
    statusCode: [33m404[39m,
    timestamp: [32m'2025-10-29T14:53:49.505Z'[39m,
    retryable: [33mfalse[39m
  }
  Timestamp: 2025-10-29T14:53:49.505Z
  Retryable: [33mfalse[39m
Logout API error: {
  code: [32m'UNKNOWN'[39m,
  message: [32m'Unknown error occurred'[39m,
  userMessage: [32m'An unexpected error occurred. Please try again.'[39m,
  details: {
    code: [32m'NOT_FOUND'[39m,
    message: [32m'Not found'[39m,
    userMessage: [32m'The requested resource was not found.'[39m,
    statusCode: [33m404[39m,
    timestamp: [32m'2025-10-29T14:53:49.505Z'[39m,
    retryable: [33mfalse[39m
  },
  timestamp: [32m'2025-10-29T14:53:49.505Z'[39m,
  retryable: [33mfalse[39m
}
  Code: UNKNOWN
  Message: Unknown error occurred
  User Message: An unexpected error occurred. Please try again.
  Details: {
    code: [32m'NOT_FOUND'[39m,
    message: [32m'Not found'[39m,
    userMessage: [32m'The requested resource was not found.'[39m,
    statusCode: [33m404[39m,
    timestamp: [32m'2025-10-29T14:53:49.507Z'[39m,
    retryable: [33mfalse[39m
  }
  Timestamp: 2025-10-29T14:53:49.508Z
  Retryable: [33mfalse[39m
Logout API error: {
  code: [32m'UNKNOWN'[39m,
  message: [32m'Unknown error occurred'[39m,
  userMessage: [32m'An unexpected error occurred. Please try again.'[39m,
  details: {
    code: [32m'NOT_FOUND'[39m,
    message: [32m'Not found'[39m,
    userMessage: [32m'The requested resource was not found.'[39m,
    statusCode: [33m404[39m,
    timestamp: [32m'2025-10-29T14:53:49.507Z'[39m,
    retryable: [33mfalse[39m
  },
  timestamp: [32m'2025-10-29T14:53:49.508Z'[39m,
  retryable: [33mfalse[39m
}
  Code: UNKNOWN
  Message: Unknown error occurred
  User Message: An unexpected error occurred. Please try again.
  Details: {
    code: [32m'NOT_FOUND'[39m,
    message: [32m'Not found'[39m,
    userMessage: [32m'The requested resource was not found.'[39m,
    statusCode: [33m404[39m,
    timestamp: [32m'2025-10-29T14:53:49.512Z'[39m,
    retryable: [33mfalse[39m
  }
  Timestamp: 2025-10-29T14:53:49.512Z
  Retryable: [33mfalse[39m
Logout API error: {
  code: [32m'UNKNOWN'[39m,
  message: [32m'Unknown error occurred'[39m,
  userMessage: [32m'An unexpected error occurred. Please try again.'[39m,
  details: {
    code: [32m'NOT_FOUND'[39m,
    message: [32m'Not found'[39m,
    userMessage: [32m'The requested resource was not found.'[39m,
    statusCode: [33m404[39m,
    timestamp: [32m'2025-10-29T14:53:49.512Z'[39m,
    retryable: [33mfalse[39m
  },
  timestamp: [32m'2025-10-29T14:53:49.512Z'[39m,
  retryable: [33mfalse[39m
}
  Code: UNKNOWN
  Message: Unknown error occurred
  User Message: An unexpected error occurred. Please try again.
  Details: {
    code: [32m'NOT_FOUND'[39m,
    message: [32m'Not found'[39m,
    userMessage: [32m'The requested resource was not found.'[39m,
    statusCode: [33m404[39m,
    timestamp: [32m'2025-10-29T14:53:49.514Z'[39m,
    retryable: [33mfalse[39m
  }
  Timestamp: 2025-10-29T14:53:49.514Z
  Retryable: [33mfalse[39m
  Code: UNKNOWN
  Message: Unknown error occurred
  User Message: An unexpected error occurred. Please try again.
  Details: {
    code: [32m'UNKNOWN'[39m,
    message: [32m'Unknown error occurred'[39m,
    userMessage: [32m'An unexpected error occurred. Please try again.'[39m,
    details: {
      code: [32m'NOT_FOUND'[39m,
      message: [32m'Not found'[39m,
      userMessage: [32m'The requested resource was not found.'[39m,
      statusCode: [33m404[39m,
      timestamp: [32m'2025-10-29T14:53:49.514Z'[39m,
      retryable: [33mfalse[39m
    },
    timestamp: [32m'2025-10-29T14:53:49.514Z'[39m,
    retryable: [33mfalse[39m
  }
  Timestamp: 2025-10-29T14:53:49.514Z
  Retryable: [33mfalse[39m

[90mstdout[2m | tests/integration/auth-flow.test.tsx
[22m[39m🔴 API Error (GET /auth/me)
🔴 API Error (Refresh User)

[90mstderr[2m | tests/integration/auth-flow.test.tsx
[22m[39m  Code: UNKNOWN
  Message: Unknown error occurred
  User Message: An unexpected error occurred. Please try again.
  Details: {
    code: [32m'NOT_FOUND'[39m,
    message: [32m'Not found'[39m,
    userMessage: [32m'The requested resource was not found.'[39m,
    statusCode: [33m404[39m,
    timestamp: [32m'2025-10-29T14:53:49.518Z'[39m,
    retryable: [33mfalse[39m
  }
  Timestamp: 2025-10-29T14:53:49.518Z
  Retryable: [33mfalse[39m
  Code: UNKNOWN
  Message: Unknown error occurred
  User Message: An unexpected error occurred. Please try again.
  Details: {
    code: [32m'UNKNOWN'[39m,
    message: [32m'Unknown error occurred'[39m,
    userMessage: [32m'An unexpected error occurred. Please try again.'[39m,
    details: {
      code: [32m'NOT_FOUND'[39m,
      message: [32m'Not found'[39m,
      userMessage: [32m'The requested resource was not found.'[39m,
      statusCode: [33m404[39m,
      timestamp: [32m'2025-10-29T14:53:49.518Z'[39m,
      retryable: [33mfalse[39m
    },
    timestamp: [32m'2025-10-29T14:53:49.518Z'[39m,
    retryable: [33mfalse[39m
  }
  Timestamp: 2025-10-29T14:53:49.519Z
  Retryable: [33mfalse[39m

 [31m×[39m tests/integration/auth-flow.test.tsx[2m > [22mSession Management[2m > [22mshould clear session on logout[33m 4947[2mms[22m[39m
[31m   → Unknown error occurred[39m
 [32m✓[39m tests/unit/cloud/CloudArchitectureDesigner.test.tsx[2m > [22mCloudArchitectureDesigner[2m > [22mPerformance[2m > [22mshould handle multiple rapid interactions
 [32m✓[39m tests/unit/cloud/CloudArchitectureDesigner.test.tsx[2m > [22mCloudArchitectureDesigner[2m > [22mEdge Cases[2m > [22mshould handle empty design name
 [32m✓[39m tests/unit/cloud/CloudArchitectureDesigner.test.tsx[2m > [22mCloudArchitectureDesigner[2m > [22mEdge Cases[2m > [22mshould handle maximum zoom level
 [32m✓[39m tests/unit/cloud/CloudArchitectureDesigner.test.tsx[2m > [22mCloudArchitectureDesigner[2m > [22mEdge Cases[2m > [22mshould handle canvas boundary limits
 [32m✓[39m tests/unit/protocols/PortProtocolTrainer.test.tsx[2m > [22mPortProtocolTrainer[2m > [22mNavigation[2m > [22mshould wrap around at end of deck[33m 3340[2mms[22m[39m
 [32m✓[39m tests/unit/protocols/PortProtocolTrainer.test.tsx[2m > [22mPortProtocolTrainer[2m > [22mExplanation System[2m > [22mshould display explanation textarea
 [32m✓[39m tests/unit/protocols/PortProtocolTrainer.test.tsx[2m > [22mPortProtocolTrainer[2m > [22mExplanation System[2m > [22mshould count words in explanation[33m 1208[2mms[22m[39m
 [32m✓[39m tests/unit/protocols/PortProtocolTrainer.test.tsx[2m > [22mPortProtocolTrainer[2m > [22mExplanation System[2m > [22mshould disable submit button for insufficient words
 [32m✓[39m tests/unit/protocols/PortProtocolTrainer.test.tsx[2m > [22mPortProtocolTrainer[2m > [22mExplanation System[2m > [22mshould enable submit button for sufficient words[33m 3365[2mms[22m[39m
 [31m×[39m tests/integration/api-integration.test.ts[2m > [22mAPI Client[2m > [22mRequest Handling[2m > [22mshould handle timeout errors[33m 10011[2mms[22m[39m
[31m   → Test timed out in 10000ms.
If this is a long-running test, pass a timeout value as the last argument or configure it globally with "testTimeout".[39m
 [31m×[39m tests/integration/api-integration.test.ts[2m > [22mAPI Client[2m > [22mError Handling[2m > [22mshould parse 401 error correctly
[31m   → expected { code: 'UNKNOWN', …(5) } to match object { code: 'UNAUTHORIZED', …(1) }
(11 matching properties omitted from actual)[39m
 [31m×[39m tests/integration/api-integration.test.ts[2m > [22mAPI Client[2m > [22mError Handling[2m > [22mshould parse validation errors correctly
[31m   → expected { code: 'UNKNOWN', …(5) } to match object { code: 'VALIDATION_ERROR', …(1) }
(12 matching properties omitted from actual)[39m
 [31m×[39m tests/integration/api-integration.test.ts[2m > [22mAuthentication Service[2m > [22mLogin[2m > [22mshould login successfully with demo credentials
[31m   → Unknown error occurred[39m
 [31m×[39m tests/integration/api-integration.test.ts[2m > [22mAuthentication Service[2m > [22mLogin[2m > [22mshould reject invalid credentials
[31m   → expected { code: 'UNKNOWN', …(5) } to match object { response: { status: 401 } }
(11 matching properties omitted from actual)[39m
 [31m×[39m tests/integration/api-integration.test.ts[2m > [22mAuthentication Service[2m > [22mLogin[2m > [22mshould store token in localStorage when rememberMe is true
[31m   → Unknown error occurred[39m
 [31m×[39m tests/integration/api-integration.test.ts[2m > [22mAuthentication Service[2m > [22mRegister[2m > [22mshould register new user successfully
[31m   → Unknown error occurred[39m
 [31m×[39m tests/integration/api-integration.test.ts[2m > [22mAuthentication Service[2m > [22mRegister[2m > [22mshould reject duplicate email
[31m   → expected { code: 'UNKNOWN', …(5) } to match object { response: { status: 409 } }
(11 matching properties omitted from actual)[39m
 [31m×[39m tests/integration/api-integration.test.ts[2m > [22mAuthentication Service[2m > [22mRegister[2m > [22mshould reject password mismatch
[31m   → expected { code: 'UNKNOWN', …(5) } to match object { response: { status: 422 } }
(11 matching properties omitted from actual)[39m
 [31m×[39m tests/integration/api-integration.test.ts[2m > [22mAuthentication Service[2m > [22mLogout[2m > [22mshould clear auth data on logout
[31m   → Unknown error occurred[39m
 [31m×[39m tests/integration/api-integration.test.ts[2m > [22mProgress Service[2m > [22mshould update component progress
[31m   → Unknown error occurred[39m
 [31m×[39m tests/integration/api-integration.test.ts[2m > [22mProgress Service[2m > [22mshould get all progress
[31m   → Unknown error occurred[39m
 [32m✓[39m tests/integration/api-integration.test.ts[2m > [22mProgress Service[2m > [22mshould calculate category progress correctly
 [31m×[39m tests/integration/api-integration.test.ts[2m > [22mAssessment Service[2m > [22mshould get quiz by ID
[31m   → Unknown error occurred[39m
 [31m×[39m tests/integration/api-integration.test.ts[2m > [22mAssessment Service[2m > [22mshould submit quiz and calculate score
[31m   → Unknown error occurred[39m
 [31m×[39m tests/integration/api-integration.test.ts[2m > [22mAssessment Service[2m > [22mshould store quiz attempts
[31m   → Unknown error occurred[39m
 [31m×[39m tests/integration/api-integration.test.ts[2m > [22mUser Service[2m > [22mshould get user profile
[31m   → Unknown error occurred[39m
 [31m×[39m tests/integration/api-integration.test.ts[2m > [22mUser Service[2m > [22mshould update user profile
[31m   → Unknown error occurred[39m
 [31m×[39m tests/integration/api-integration.test.ts[2m > [22mUser Service[2m > [22mshould get user settings
[31m   → Unknown error occurred[39m
 [31m×[39m tests/integration/api-integration.test.ts[2m > [22mUser Service[2m > [22mshould update user settings
[31m   → Unknown error occurred[39m
[90mstdout[2m | tests/integration/api-integration.test.ts[2m > [22m[2mAPI Client[2m > [22m[2mError Handling[2m > [22m[2mshould parse 401 error correctly
[22m[39m🔴 API Error (GET /test)

[90mstderr[2m | tests/integration/api-integration.test.ts[2m > [22m[2mAPI Client[2m > [22m[2mError Handling[2m > [22m[2mshould parse 401 error correctly
[22m[39m  Code: UNKNOWN
  Message: Unknown error occurred
  User Message: An unexpected error occurred. Please try again.
  Details: {
    code: [32m'UNAUTHORIZED'[39m,
    message: [32m'Unauthorized'[39m,
    userMessage: [32m'Invalid credentials. Please check your email and password.'[39m,
    statusCode: [33m401[39m,
    timestamp: [32m'2025-10-29T14:53:56.314Z'[39m,
    retryable: [33mfalse[39m
  }
  Timestamp: 2025-10-29T14:53:56.316Z
  Retryable: [33mfalse[39m

[90mstdout[2m | tests/integration/api-integration.test.ts[2m > [22m[2mAPI Client[2m > [22m[2mError Handling[2m > [22m[2mshould parse validation errors correctly
[22m[39m🔴 API Error (POST /test)

[90mstderr[2m | tests/integration/api-integration.test.ts[2m > [22m[2mAPI Client[2m > [22m[2mError Handling[2m > [22m[2mshould parse validation errors correctly
[22m[39m  Code: UNKNOWN
  Message: Unknown error occurred
  User Message: An unexpected error occurred. Please try again.
  Details: {
    code: [32m'VALIDATION_ERROR'[39m,
    message: [32m'Validation error'[39m,
    userMessage: [32m'Please check your input and try again.'[39m,
    statusCode: [33m422[39m,
    details: { email: [32m'Invalid email format'[39m, password: [32m'Password too short'[39m },
    timestamp: [32m'2025-10-29T14:53:56.335Z'[39m,
    retryable: [33mfalse[39m
  }
  Timestamp: 2025-10-29T14:53:56.335Z
  Retryable: [33mfalse[39m

[90mstdout[2m | tests/integration/api-integration.test.ts[2m > [22m[2mAuthentication Service[2m > [22m[2mLogin[2m > [22m[2mshould login successfully with demo credentials
[22m[39m🔴 API Error (POST /auth/login)

[90mstderr[2m | tests/integration/api-integration.test.ts[2m > [22m[2mAuthentication Service[2m > [22m[2mLogin[2m > [22m[2mshould login successfully with demo credentials
[22m[39m  Code: UNKNOWN
  Message: Unknown error occurred
  User Message: An unexpected error occurred. Please try again.
  Details: {
    code: [32m'UNKNOWN'[39m,
    message: [32m"Cannot read properties of undefined (reading 'headers')"[39m,
    userMessage: [32m'An unexpected error occurred. Please try again.'[39m,
    timestamp: [32m'2025-10-29T14:53:56.339Z'[39m,
    retryable: [33mfalse[39m
  }
  Timestamp: 2025-10-29T14:53:56.339Z
  Retryable: [33mfalse[39m

[90mstdout[2m | tests/integration/api-integration.test.ts[2m > [22m[2mAuthentication Service[2m > [22m[2mLogin[2m > [22m[2mshould reject invalid credentials
[22m[39m🔴 API Error (POST /auth/login)

[90mstderr[2m | tests/integration/api-integration.test.ts[2m > [22m[2mAuthentication Service[2m > [22m[2mLogin[2m > [22m[2mshould reject invalid credentials
[22m[39m  Code: UNKNOWN
  Message: Unknown error occurred
  User Message: An unexpected error occurred. Please try again.
  Details: {
    code: [32m'UNKNOWN'[39m,
    message: [32m"Cannot read properties of undefined (reading 'headers')"[39m,
    userMessage: [32m'An unexpected error occurred. Please try again.'[39m,
    timestamp: [32m'2025-10-29T14:53:56.342Z'[39m,
    retryable: [33mfalse[39m
  }
  Timestamp: 2025-10-29T14:53:56.342Z
  Retryable: [33mfalse[39m

[90mstdout[2m | tests/integration/api-integration.test.ts[2m > [22m[2mAuthentication Service[2m > [22m[2mLogin[2m > [22m[2mshould store token in localStorage when rememberMe is true
[22m[39m🔴 API Error (POST /auth/login)

[90mstderr[2m | tests/integration/api-integration.test.ts[2m > [22m[2mAuthentication Service[2m > [22m[2mLogin[2m > [22m[2mshould store token in localStorage when rememberMe is true
[22m[39m  Code: UNKNOWN
  Message: Unknown error occurred
  User Message: An unexpected error occurred. Please try again.
  Details: {
    code: [32m'UNKNOWN'[39m,
    message: [32m"Cannot read properties of undefined (reading 'headers')"[39m,
    userMessage: [32m'An unexpected error occurred. Please try again.'[39m,
    timestamp: [32m'2025-10-29T14:53:56.346Z'[39m,
    retryable: [33mfalse[39m
  }
  Timestamp: 2025-10-29T14:53:56.346Z
  Retryable: [33mfalse[39m

[90mstdout[2m | tests/integration/api-integration.test.ts[2m > [22m[2mAuthentication Service[2m > [22m[2mRegister[2m > [22m[2mshould register new user successfully
[22m[39m🔴 API Error (POST /auth/register)

[90mstderr[2m | tests/integration/api-integration.test.ts[2m > [22m[2mAuthentication Service[2m > [22m[2mRegister[2m > [22m[2mshould register new user successfully
[22m[39m  Code: UNKNOWN
  Message: Unknown error occurred
  User Message: An unexpected error occurred. Please try again.
  Details: {
    code: [32m'UNKNOWN'[39m,
    message: [32m"Cannot read properties of undefined (reading 'headers')"[39m,
    userMessage: [32m'An unexpected error occurred. Please try again.'[39m,
    timestamp: [32m'2025-10-29T14:53:56.348Z'[39m,
    retryable: [33mfalse[39m
  }
  Timestamp: 2025-10-29T14:53:56.348Z
  Retryable: [33mfalse[39m

[90mstdout[2m | tests/integration/api-integration.test.ts[2m > [22m[2mAuthentication Service[2m > [22m[2mRegister[2m > [22m[2mshould reject duplicate email
[22m[39m🔴 API Error (POST /auth/register)

[90mstderr[2m | tests/integration/api-integration.test.ts[2m > [22m[2mAuthentication Service[2m > [22m[2mRegister[2m > [22m[2mshould reject duplicate email
[22m[39m  Code: UNKNOWN
  Message: Unknown error occurred
  User Message: An unexpected error occurred. Please try again.
  Details: {
    code: [32m'UNKNOWN'[39m,
    message: [32m"Cannot read properties of undefined (reading 'headers')"[39m,
    userMessage: [32m'An unexpected error occurred. Please try again.'[39m,
    timestamp: [32m'2025-10-29T14:53:56.350Z'[39m,
    retryable: [33mfalse[39m
  }
  Timestamp: 2025-10-29T14:53:56.351Z
  Retryable: [33mfalse[39m

[90mstdout[2m | tests/integration/api-integration.test.ts[2m > [22m[2mAuthentication Service[2m > [22m[2mRegister[2m > [22m[2mshould reject password mismatch
[22m[39m🔴 API Error (POST /auth/register)

[90mstderr[2m | tests/integration/api-integration.test.ts[2m > [22m[2mAuthentication Service[2m > [22m[2mRegister[2m > [22m[2mshould reject password mismatch
[22m[39m  Code: UNKNOWN
  Message: Unknown error occurred
  User Message: An unexpected error occurred. Please try again.
  Details: {
    code: [32m'UNKNOWN'[39m,
    message: [32m"Cannot read properties of undefined (reading 'headers')"[39m,
    userMessage: [32m'An unexpected error occurred. Please try again.'[39m,
    timestamp: [32m'2025-10-29T14:53:56.353Z'[39m,
    retryable: [33mfalse[39m
  }
  Timestamp: 2025-10-29T14:53:56.353Z
  Retryable: [33mfalse[39m

[90mstdout[2m | tests/integration/api-integration.test.ts[2m > [22m[2mAuthentication Service[2m > [22m[2mLogout[2m > [22m[2mshould clear auth data on logout
[22m[39m🔴 API Error (POST /auth/login)

[90mstderr[2m | tests/integration/api-integration.test.ts[2m > [22m[2mAuthentication Service[2m > [22m[2mLogout[2m > [22m[2mshould clear auth data on logout
[22m[39m  Code: UNKNOWN
  Message: Unknown error occurred
  User Message: An unexpected error occurred. Please try again.
  Details: {
    code: [32m'UNKNOWN'[39m,
    message: [32m"Cannot read properties of undefined (reading 'headers')"[39m,
    userMessage: [32m'An unexpected error occurred. Please try again.'[39m,
    timestamp: [32m'2025-10-29T14:53:56.356Z'[39m,
    retryable: [33mfalse[39m
  }
  Timestamp: 2025-10-29T14:53:56.356Z
  Retryable: [33mfalse[39m

[90mstdout[2m | tests/integration/api-integration.test.ts[2m > [22m[2mProgress Service[2m > [22m[2mshould update component progress
[22m[39m🔴 API Error (PUT /progress/component/network-fundamentals)

[90mstderr[2m | tests/integration/api-integration.test.ts[2m > [22m[2mProgress Service[2m > [22m[2mshould update component progress
[22m[39m  Code: UNKNOWN
  Message: Unknown error occurred
  User Message: An unexpected error occurred. Please try again.
  Details: {
    code: [32m'UNKNOWN'[39m,
    message: [32m"Cannot read properties of undefined (reading 'headers')"[39m,
    userMessage: [32m'An unexpected error occurred. Please try again.'[39m,
    timestamp: [32m'2025-10-29T14:53:56.357Z'[39m,
    retryable: [33mfalse[39m
  }
  Timestamp: 2025-10-29T14:53:56.357Z
  Retryable: [33mfalse[39m

[90mstdout[2m | tests/integration/api-integration.test.ts[2m > [22m[2mProgress Service[2m > [22m[2mshould get all progress
[22m[39m🔴 API Error (PUT /progress/component/comp1)

[90mstderr[2m | tests/integration/api-integration.test.ts[2m > [22m[2mProgress Service[2m > [22m[2mshould get all progress
[22m[39m  Code: UNKNOWN
  Message: Unknown error occurred
  User Message: An unexpected error occurred. Please try again.
  Details: {
    code: [32m'UNKNOWN'[39m,
    message: [32m"Cannot read properties of undefined (reading 'headers')"[39m,
    userMessage: [32m'An unexpected error occurred. Please try again.'[39m,
    timestamp: [32m'2025-10-29T14:53:56.359Z'[39m,
    retryable: [33mfalse[39m
  }
  Timestamp: 2025-10-29T14:53:56.359Z
  Retryable: [33mfalse[39m

[90mstdout[2m | tests/integration/api-integration.test.ts[2m > [22m[2mAssessment Service[2m > [22m[2mshould get quiz by ID
[22m[39m🔴 API Error (GET /assessments/quiz/network-fundamentals)

[90mstderr[2m | tests/integration/api-integration.test.ts[2m > [22m[2mAssessment Service[2m > [22m[2mshould get quiz by ID
[22m[39m  Code: UNKNOWN
  Message: Unknown error occurred
  User Message: An unexpected error occurred. Please try again.
  Details: {
    code: [32m'UNKNOWN'[39m,
    message: [32m"Cannot read properties of undefined (reading 'headers')"[39m,
    userMessage: [32m'An unexpected error occurred. Please try again.'[39m,
    timestamp: [32m'2025-10-29T14:53:56.361Z'[39m,
    retryable: [33mfalse[39m
  }
  Timestamp: 2025-10-29T14:53:56.361Z
  Retryable: [33mfalse[39m

[90mstdout[2m | tests/integration/api-integration.test.ts[2m > [22m[2mAssessment Service[2m > [22m[2mshould submit quiz and calculate score
[22m[39m🔴 API Error (GET /assessments/quiz/network-fundamentals)

[90mstderr[2m | tests/integration/api-integration.test.ts[2m > [22m[2mAssessment Service[2m > [22m[2mshould submit quiz and calculate score
[22m[39m  Code: UNKNOWN
  Message: Unknown error occurred
  User Message: An unexpected error occurred. Please try again.
  Details: {
    code: [32m'UNKNOWN'[39m,
    message: [32m"Cannot read properties of undefined (reading 'headers')"[39m,
    userMessage: [32m'An unexpected error occurred. Please try again.'[39m,
    timestamp: [32m'2025-10-29T14:53:56.363Z'[39m,
    retryable: [33mfalse[39m
  }
  Timestamp: 2025-10-29T14:53:56.363Z
  Retryable: [33mfalse[39m

[90mstdout[2m | tests/integration/api-integration.test.ts[2m > [22m[2mAssessment Service[2m > [22m[2mshould store quiz attempts
[22m[39m🔴 API Error (GET /assessments/quiz/network-fundamentals)

[90mstderr[2m | tests/integration/api-integration.test.ts[2m > [22m[2mAssessment Service[2m > [22m[2mshould store quiz attempts
[22m[39m  Code: UNKNOWN
  Message: Unknown error occurred
  User Message: An unexpected error occurred. Please try again.
  Details: {
    code: [32m'UNKNOWN'[39m,
    message: [32m"Cannot read properties of undefined (reading 'headers')"[39m,
    userMessage: [32m'An unexpected error occurred. Please try again.'[39m,
    timestamp: [32m'2025-10-29T14:53:56.364Z'[39m,
    retryable: [33mfalse[39m
  }
  Timestamp: 2025-10-29T14:53:56.364Z
  Retryable: [33mfalse[39m

[90mstdout[2m | tests/integration/api-integration.test.ts[2m > [22m[2mUser Service[2m > [22m[2mshould get user profile
[22m[39m🔴 API Error (POST /auth/login)
🔴 API Error (GET /users/profile)

[90mstderr[2m | tests/integration/api-integration.test.ts[2m > [22m[2mUser Service[2m > [22m[2mshould get user profile
[22m[39m  Code: UNKNOWN
  Message: Unknown error occurred
  User Message: An unexpected error occurred. Please try again.
  Details: {
    code: [32m'UNKNOWN'[39m,
    message: [32m"Cannot read properties of undefined (reading 'headers')"[39m,
    userMessage: [32m'An unexpected error occurred. Please try again.'[39m,
    timestamp: [32m'2025-10-29T14:53:56.365Z'[39m,
    retryable: [33mfalse[39m
  }
  Timestamp: 2025-10-29T14:53:56.366Z
  Retryable: [33mfalse[39m
  Code: UNKNOWN
  Message: Unknown error occurred
  User Message: An unexpected error occurred. Please try again.
  Details: {
    code: [32m'UNKNOWN'[39m,
    message: [32m"Cannot read properties of undefined (reading 'headers')"[39m,
    userMessage: [32m'An unexpected error occurred. Please try again.'[39m,
    timestamp: [32m'2025-10-29T14:53:56.366Z'[39m,
    retryable: [33mfalse[39m
  }
  Timestamp: 2025-10-29T14:53:56.367Z
  Retryable: [33mfalse[39m

[90mstdout[2m | tests/integration/api-integration.test.ts[2m > [22m[2mUser Service[2m > [22m[2mshould update user profile
[22m[39m🔴 API Error (POST /auth/login)
🔴 API Error (PUT /users/profile)

[90mstderr[2m | tests/integration/api-integration.test.ts[2m > [22m[2mUser Service[2m > [22m[2mshould update user profile
[22m[39m  Code: UNKNOWN
  Message: Unknown error occurred
  User Message: An unexpected error occurred. Please try again.
  Details: {
    code: [32m'UNKNOWN'[39m,
    message: [32m"Cannot read properties of undefined (reading 'headers')"[39m,
    userMessage: [32m'An unexpected error occurred. Please try again.'[39m,
    timestamp: [32m'2025-10-29T14:53:56.368Z'[39m,
    retryable: [33mfalse[39m
  }
  Timestamp: 2025-10-29T14:53:56.368Z
  Retryable: [33mfalse[39m
  Code: UNKNOWN
  Message: Unknown error occurred
  User Message: An unexpected error occurred. Please try again.
  Details: {
    code: [32m'UNKNOWN'[39m,
    message: [32m"Cannot read properties of undefined (reading 'headers')"[39m,
    userMessage: [32m'An unexpected error occurred. Please try again.'[39m,
    timestamp: [32m'2025-10-29T14:53:56.371Z'[39m,
    retryable: [33mfalse[39m
  }
  Timestamp: 2025-10-29T14:53:56.371Z
  Retryable: [33mfalse[39m

[90mstdout[2m | tests/integration/api-integration.test.ts[2m > [22m[2mUser Service[2m > [22m[2mshould get user settings
[22m[39m🔴 API Error (POST /auth/login)
🔴 API Error (GET /users/settings)

[90mstderr[2m | tests/integration/api-integration.test.ts[2m > [22m[2mUser Service[2m > [22m[2mshould get user settings
[22m[39m  Code: UNKNOWN
  Message: Unknown error occurred
  User Message: An unexpected error occurred. Please try again.
  Details: {
    code: [32m'UNKNOWN'[39m,
    message: [32m"Cannot read properties of undefined (reading 'headers')"[39m,
    userMessage: [32m'An unexpected error occurred. Please try again.'[39m,
    timestamp: [32m'2025-10-29T14:53:56.379Z'[39m,
    retryable: [33mfalse[39m
  }
  Timestamp: 2025-10-29T14:53:56.379Z
  Retryable: [33mfalse[39m
  Code: UNKNOWN
  Message: Unknown error occurred
  User Message: An unexpected error occurred. Please try again.
  Details: {
    code: [32m'UNKNOWN'[39m,
    message: [32m"Cannot read properties of undefined (reading 'headers')"[39m,
    userMessage: [32m'An unexpected error occurred. Please try again.'[39m,
    timestamp: [32m'2025-10-29T14:53:56.382Z'[39m,
    retryable: [33mfalse[39m
  }
  Timestamp: 2025-10-29T14:53:56.382Z
  Retryable: [33mfalse[39m

[90mstdout[2m | tests/integration/api-integration.test.ts[2m > [22m[2mUser Service[2m > [22m[2mshould update user settings
[22m[39m🔴 API Error (POST /auth/login)
🔴 API Error (PUT /users/settings)

[90mstderr[2m | tests/integration/api-integration.test.ts[2m > [22m[2mUser Service[2m > [22m[2mshould update user settings
[22m[39m  Code: UNKNOWN
  Message: Unknown error occurred
  User Message: An unexpected error occurred. Please try again.
  Details: {
    code: [32m'UNKNOWN'[39m,
    message: [32m"Cannot read properties of undefined (reading 'headers')"[39m,
    userMessage: [32m'An unexpected error occurred. Please try again.'[39m,
    timestamp: [32m'2025-10-29T14:53:56.384Z'[39m,
    retryable: [33mfalse[39m
  }
  Timestamp: 2025-10-29T14:53:56.385Z
  Retryable: [33mfalse[39m
  Code: UNKNOWN
  Message: Unknown error occurred
  User Message: An unexpected error occurred. Please try again.
  Details: {
    code: [32m'UNKNOWN'[39m,
    message: [32m"Cannot read properties of undefined (reading 'headers')"[39m,
    userMessage: [32m'An unexpected error occurred. Please try again.'[39m,
    timestamp: [32m'2025-10-29T14:53:56.385Z'[39m,
    retryable: [33mfalse[39m
  }
  Timestamp: 2025-10-29T14:53:56.385Z
  Retryable: [33mfalse[39m

 [32m✓[39m tests/unit/protocols/PortProtocolTrainer.test.tsx[2m > [22mPortProtocolTrainer[2m > [22mExplanation System[2m > [22mshould calculate explanation score[33m 2652[2mms[22m[39m
 [31m×[39m tests/unit/protocols/PortProtocolTrainer.test.tsx[2m > [22mPortProtocolTrainer[2m > [22mExplanation System[2m > [22mshould provide feedback after submission[33m 2931[2mms[22m[39m
[31m   → Unable to find an element with the text: /Feedback:/i. This could be because the text is broken up by multiple elements. In this case, you can provide a function for your text matcher to make your matcher more flexible.

Ignored nodes: comments, script, style
[36m<body>[31m
  [36m<div>[31m
    [36m<div[31m
      [33mclass[31m=[32m"port-protocol-trainer"[31m
    [36m>[31m
      [36m<div[31m
        [33mclass[31m=[32m"trainer-header"[31m
      [36m>[31m
        [36m<h2>[31m
          [0mPort & Protocol Explanation Trainer[0m
        [36m</h2>[31m
        [36m<p[31m
          [33mclass[31m=[32m"subtitle"[31m
        [36m>[31m
          [0mDeep understanding through explanation, not just memorization[0m
        [36m</p>[31m
        [36m<div[31m
          [33mclass[31m=[32m"progress-bar"[31m
        [36m>[31m
          [36m<div[31m
            [33mclass[31m=[32m"progress-fill"[31m
            [33mstyle[31m=[32m"width: 0%;"[31m
          [36m/>[31m
          [36m<span[31m
            [33mclass[31m=[32m"progress-text"[31m
          [36m>[31m
            [0m0[0m
            [0m / [0m
            [0m15[0m
            [0m cards mastered[0m
          [36m</span>[31m
        [36m</div>[31m
        [36m<div[31m
          [33mclass[31m=[32m"filter-controls"[31m
        [36m>[31m
          [36m<label>[31m
            [0mFilter by protocol:[0m
          [36m</label>[31m
          [36m<select>[31m
            [36m<option[31m
              [33mvalue[31m=[32m"all"[31m
            [36m>[31m
              [0mAll Protocols[0m
            [36m</option>[31m
            [36m<option[31m
              [33mvalue[31m=[32m"ftp"[31m
            [36m>[31m
              [0mFTP[0m
            [36m</option>[31m
            [36m<option[31m
              [33mvalue[31m=[32m"sftp"[31m
            [36m>[31m
              [0mSFTP/SSH[0m
            [36m</option>[31m
            [36m<option[31m
              [33mvalue[31m=[32m"telnet"[31m
            [36m>[31m
              [0mTelnet[0m
            [36m</option>[31m
            [36m<option[31m
              [33mvalue[31m=[32m"smtp"[31m
            [36m>[31m
              [0mSMTP[0m
            [36m</option>[31m
            [36m<option[31m
              [33mvalue[31m=[32m"smtps"[31m
            [36m>[31m
              [0mSMTPS[0m
            [36m</option>[31m
            [36m<option[31m
              [33mvalue[31m=[32m"dns"[31m
            [36m>[31m
              [0mDNS[0m
            [36m</option>[31m
            [36m<option[31m
              [33mvalue[31m=[32m"dhcp"[31m
            [36m>[31m
              [0mDHCP[0m
            [36m</option>[31m
            [36m<option[31m
              [33mvalue[31m=[32m"tftp"[31m
            [36m>[31m
              [0mTFTP[0m
            [36m</option>[31m
            [36m<option[31m
              [33mvalue[31m=[32m"http"[31m
            [36m>[31m
              [0mHTTP[0m
            [36m</option>[31m
            [36m<option[31m
              [33mvalue[31m=[32m"https"[31m
            [36m>[31m
              [0mHTTPS[0m
            [36m</option>[31m
            [36m<option[31m
              [33mvalue[31m=[32m"ntp"[31m
            [36m>[31m
              [0mNTP[0m
            [36m</option>[31m
            [36m<option[31m
              [33mvalue[31m=[32m"snmp"[31m
            [36m>[31m
              [0mSNMP[0m
            [36m</option>[31m
            [36m<option[31m
              [33mvalue[31m=[32m"ldap"[31m
            [36m>[31m
              [0mLDAP[0m
            [36m</option>[31m
            [36m<option[31m
              [33mvalue[31m=[32m"ldaps"[31m
            [36m>[31m
              [0mLDAPS[0m
            [36m</option>[31m
            [36m<option[31m
              [33mvalue[31m=[32m"smb"[31m
            [36m>[31m
              [0mSMB[0m
            [36m</option>[31m
            [36m<option[31m
              [33mvalue[31m=[32m"syslog"[31m
            [36m>[31m
              [0mSyslog[0m
            [36m</option>[31m
            [36m<option[31m
              [33mvalue[31m=[32m"sqlserver"[31m
            [36m>[31m
              [0mSQL Server[0m
            [36m</option>[31m
            [36m<option[31m
              [33mvalue[31m=[32m"rdp"[31m
            [36m>[31m
              [0mRDP[0m
            [36m</option>[31m
            [36m<option[31m
              [33mvalue[31m=[32m"sip"[31m
            [36m>[31m
              [0mSIP[0m
            [36m</option>[31m
          [36m</select>[31m
        [36m</div>[31m
      [36m</div>[31m
      [36m<div[31m
        [33mclass[31m=[32m"flashcard-container"[31m
      [36m>[31m
        [36m<div[31m
          [33mclass[31m=[32m"card-counter"[31m
        [36m>[31m
          [0mCard [0m
          [0m1[0m
          [0m of [0m
          [0m15[0m
        [36m</div>[31m
        [36m<div[31m
          [33mclass[31m=[32m"protocol-badge insecure"[31m
        [36m>[31m
          [36m<span[31m
            [33mclass[31m=[32m"protocol-name"[31m
          [36m>[31m
            [0mFTP[0m
          [36m</span>[31m
          [36m<span[31m
            [33mclass[31m=[32m"protocol-ports"[31m
          [36m>[31m
            [0m20, 21[0m
          [36m</span>[31m
          [36m<span[31m
            [33mclass[31m=[32m"security-indicator insecure"[31m
          [36m>[31m
            [0minsecure[0m
          [36m</span>[31m
        [36m</div>[31m
        [36m<div[31m
          [33mclass[31m=[32m"flashcard"[31m
        [36m>[31m
          [36m<div[31m
            [33mclass[31m=[32m"card-question"[31m
          [36m>[31m
            [36m<h3>[31m
              [0mQuestion:[0m
            [36m</h3>[31m
            [36m<p>[31m
              [0mWhy does FTP use TWO different ports (20 and 21)?[0m
            [36m</p>[31m
          [36m</div>[31m
          [36m<div[31m
            [33mclass[31m=[32m"explanation-section"[31m
          [36m>[31m
            [36m<h4>[31m
              [0mExplain in your own words why FTP needs separate ports for commands and data[0m
            [36m</h4>[31m
            [36m<textarea[31m
              [33mplaceholder[31m=[32m"Type your explanation here... (minimum 20 words)"[31m
              [33mrows[31m=[32m"6"[31m
            [36m>[31m
              [0mHTTP transmits data without encryption on port 80, which makes it insecure for sensitive information.[0m
            [36m</textarea>[31m
            [36m<div[31m
              [33mclass[31m=[32m"explanation-meta"[31m
            [36m>[31m
              [36m<span[31m
                [33mclass[31m=[32m"word-count insufficient"[31m
              [36m>[31m
                [0mWord count: [0m
                [0m15[0m
                [0m / [0m
                [0m20[0m
                [0m minimum[0m
              [36m</span>[31m
              [36m<button[31m
                [33mclass[31m=[32m"submit-b...

Ignored nodes: comments, script, style
[36m<html>[31m
  [36m<head />[31m
  [36m<body>[31m
    [36m<div>[31m
      [36m<div[31m
        [33mclass[31m=[32m"port-protocol-trainer"[31m
      [36m>[31m
        [36m<div[31m
          [33mclass[31m=[32m"trainer-header"[31m
        [36m>[31m
          [36m<h2>[31m
            [0mPort & Protocol Explanation Trainer[0m
          [36m</h2>[31m
          [36m<p[31m
            [33mclass[31m=[32m"subtitle"[31m
          [36m>[31m
            [0mDeep understanding through explanation, not just memorization[0m
          [36m</p>[31m
          [36m<div[31m
            [33mclass[31m=[32m"progress-bar"[31m
          [36m>[31m
            [36m<div[31m
              [33mclass[31m=[32m"progress-fill"[31m
              [33mstyle[31m=[32m"width: 0%;"[31m
            [36m/>[31m
            [36m<span[31m
              [33mclass[31m=[32m"progress-text"[31m
            [36m>[31m
              [0m0[0m
              [0m / [0m
              [0m15[0m
              [0m cards mastered[0m
            [36m</span>[31m
          [36m</div>[31m
          [36m<div[31m
            [33mclass[31m=[32m"filter-controls"[31m
          [36m>[31m
            [36m<label>[31m
              [0mFilter by protocol:[0m
            [36m</label>[31m
            [36m<select>[31m
              [36m<option[31m
                [33mvalue[31m=[32m"all"[31m
              [36m>[31m
                [0mAll Protocols[0m
              [36m</option>[31m
              [36m<option[31m
                [33mvalue[31m=[32m"ftp"[31m
              [36m>[31m
                [0mFTP[0m
              [36m</option>[31m
              [36m<option[31m
                [33mvalue[31m=[32m"sftp"[31m
              [36m>[31m
                [0mSFTP/SSH[0m
              [36m</option>[31m
              [36m<option[31m
                [33mvalue[31m=[32m"telnet"[31m
              [36m>[31m
                [0mTelnet[0m
              [36m</option>[31m
              [36m<option[31m
                [33mvalue[31m=[32m"smtp"[31m
              [36m>[31m
                [0mSMTP[0m
              [36m</option>[31m
              [36m<option[31m
                [33mvalue[31m=[32m"smtps"[31m
              [36m>[31m
                [0mSMTPS[0m
              [36m</option>[31m
              [36m<option[31m
                [33mvalue[31m=[32m"dns"[31m
              [36m>[31m
                [0mDNS[0m
              [36m</option>[31m
              [36m<option[31m
                [33mvalue[31m=[32m"dhcp"[31m
              [36m>[31m
                [0mDHCP[0m
              [36m</option>[31m
              [36m<option[31m
                [33mvalue[31m=[32m"tftp"[31m
              [36m>[31m
                [0mTFTP[0m
              [36m</option>[31m
              [36m<option[31m
                [33mvalue[31m=[32m"http"[31m
              [36m>[31m
                [0mHTTP[0m
              [36m</option>[31m
              [36m<option[31m
                [33mvalue[31m=[32m"https"[31m
              [36m>[31m
                [0mHTTPS[0m
              [36m</option>[31m
              [36m<option[31m
                [33mvalue[31m=[32m"ntp"[31m
              [36m>[31m
                [0mNTP[0m
              [36m</option>[31m
              [36m<option[31m
                [33mvalue[31m=[32m"snmp"[31m
              [36m>[31m
                [0mSNMP[0m
              [36m</option>[31m
              [36m<option[31m
                [33mvalue[31m=[32m"ldap"[31m
              [36m>[31m
                [0mLDAP[0m
              [36m</option>[31m
              [36m<option[31m
                [33mvalue[31m=[32m"ldaps"[31m
              [36m>[31m
                [0mLDAPS[0m
              [36m</option>[31m
              [36m<option[31m
                [33mvalue[31m=[32m"smb"[31m
              [36m>[31m
                [0mSMB[0m
              [36m</option>[31m
              [36m<option[31m
                [33mvalue[31m=[32m"syslog"[31m
              [36m>[31m
                [0mSyslog[0m
              [36m</option>[31m
              [36m<option[31m
                [33mvalue[31m=[32m"sqlserver"[31m
              [36m>[31m
                [0mSQL Server[0m
              [36m</option>[31m
              [36m<option[31m
                [33mvalue[31m=[32m"rdp"[31m
              [36m>[31m
                [0mRDP[0m
              [36m</option>[31m
              [36m<option[31m
                [33mvalue[31m=[32m"sip"[31m
              [36m>[31m
                [0mSIP[0m
              [36m</option>[31m
            [36m</select>[31m
          [36m</div>[31m
        [36m</div>[31m
        [36m<div[31m
          [33mclass[31m=[32m"flashcard-container"[31m
        [36m>[31m
          [36m<div[31m
            [33mclass[31m=[32m"card-counter"[31m
          [36m>[31m
            [0mCard [0m
            [0m1[0m
            [0m of [0m
            [0m15[0m
          [36m</div>[31m
          [36m<div[31m
            [33mclass[31m=[32m"protocol-badge insecure"[31m
          [36m>[31m
            [36m<span[31m
              [33mclass[31m=[32m"protocol-name"[31m
            [36m>[31m
              [0mFTP[0m
            [36m</span>[31m
            [36m<span[31m
              [33mclass[31m=[32m"protocol-ports"[31m
            [36m>[31m
              [0m20, 21[0m
            [36m</span>[31m
            [36m<span[31m
              [33mclass[31m=[32m"security-indicator insecure"[31m
            [36m>[31m
              [0minsecure[0m
            [36m</span>[31m
          [36m</div>[31m
          [36m<div[31m
            [33mclass[31m=[32m"flashcard"[31m
          [36m>[31m
            [36m<div[31m
              [33mclass[31m=[32m"card-question"[31m
            [36m>[31m
              [36m<h3>[31m
                [0mQuestion:[0m
              [36m</h3>[31m
              [36m<p>[31m
                [0mWhy does FTP use TWO different ports (20 and 21)?[0m
              [36m</p>[31m
            [36m</div>[31m
            [36m<div[31m
              [33mclass[31m=[32m"explanation-section"[31m
            [36m>[31m
              [36m<h4>[31m
                [0mExplain in your own words why FTP needs separate ports for commands and data[0m
              [36m</h4>[31m
              [36m<textarea[31m
                [33mplaceholder[31m=[32m"Type your explanation here... (minimum 20 words)"[31m
                [33mrows[31m=[32m"6"[31m
              [36m>[31m
                [0mHTTP transmits data without encryption on port 80, which makes it insecure for sensitive information.[0m
              [36m</textarea>[31m
              [36m<div[31m
                [33mclass[31m=[3...[39m
 [32m✓[39m tests/unit/protocols/PortProtocolTrainer.test.tsx[2m > [22mPortProtocolTrainer[2m > [22mExplanation System[2m > [22mshould mark card as mastered for high score[33m 4583[2mms[22m[39m
 [32m✓[39m tests/unit/protocols/PortProtocolTrainer.test.tsx[2m > [22mPortProtocolTrainer[2m > [22mHints System[2m > [22mshould display hint buttons
 [32m✓[39m tests/unit/protocols/PortProtocolTrainer.test.tsx[2m > [22mPortProtocolTrainer[2m > [22mHints System[2m > [22mshould reveal hint on click
 [32m✓[39m tests/unit/protocols/PortProtocolTrainer.test.tsx[2m > [22mPortProtocolTrainer[2m > [22mHints System[2m > [22mshould disable used hints
 [32m✓[39m tests/unit/protocols/PortProtocolTrainer.test.tsx[2m > [22mPortProtocolTrainer[2m > [22mAnswer Display[2m > [22mshould toggle answer visibility
 [32m✓[39m tests/unit/protocols/PortProtocolTrainer.test.tsx[2m > [22mPortProtocolTrainer[2m > [22mAnswer Display[2m > [22mshould hide answer when toggled
 [32m✓[39m tests/unit/protocols/PortProtocolTrainer.test.tsx[2m > [22mPortProtocolTrainer[2m > [22mProtocol Details[2m > [22mshould display protocol badge
 [32m✓[39m tests/unit/protocols/PortProtocolTrainer.test.tsx[2m > [22mPortProtocolTrainer[2m > [22mProtocol Details[2m > [22mshould show security indicator
 [32m✓[39m tests/unit/protocols/PortProtocolTrainer.test.tsx[2m > [22mPortProtocolTrainer[2m > [22mProtocol Details[2m > [22mshould display protocol details section
 [32m✓[39m tests/unit/protocols/PortProtocolTrainer.test.tsx[2m > [22mPortProtocolTrainer[2m > [22mProtocol Details[2m > [22mshould show vulnerabilities
 [32m✓[39m tests/unit/protocols/PortProtocolTrainer.test.tsx[2m > [22mPortProtocolTrainer[2m > [22mProtocol Details[2m > [22mshould show best practices
 [31m×[39m tests/unit/protocols/PortProtocolTrainer.test.tsx[2m > [22mPortProtocolTrainer[2m > [22mProtocol Filtering[2m > [22mshould filter cards by protocol
[31m   → Found a label with the text of: /Filter by protocol/i, however no form control was found associated to that label. Make sure you're using the "for" attribute or "aria-labelledby" attribute correctly.

Ignored nodes: comments, script, style
[36m<body>[31m
  [36m<div>[31m
    [36m<div[31m
      [33mclass[31m=[32m"port-protocol-trainer"[31m
    [36m>[31m
      [36m<div[31m
        [33mclass[31m=[32m"trainer-header"[31m
      [36m>[31m
        [36m<h2>[31m
          [0mPort & Protocol Explanation Trainer[0m
        [36m</h2>[31m
        [36m<p[31m
          [33mclass[31m=[32m"subtitle"[31m
        [36m>[31m
          [0mDeep understanding through explanation, not just memorization[0m
        [36m</p>[31m
        [36m<div[31m
          [33mclass[31m=[32m"progress-bar"[31m
        [36m>[31m
          [36m<div[31m
            [33mclass[31m=[32m"progress-fill"[31m
            [33mstyle[31m=[32m"width: 0%;"[31m
          [36m/>[31m
          [36m<span[31m
            [33mclass[31m=[32m"progress-text"[31m
          [36m>[31m
            [0m0[0m
            [0m / [0m
            [0m15[0m
            [0m cards mastered[0m
          [36m</span>[31m
        [36m</div>[31m
        [36m<div[31m
          [33mclass[31m=[32m"filter-controls"[31m
        [36m>[31m
          [36m<label>[31m
            [0mFilter by protocol:[0m
          [36m</label>[31m
          [36m<select>[31m
            [36m<option[31m
              [33mvalue[31m=[32m"all"[31m
            [36m>[31m
              [0mAll Protocols[0m
            [36m</option>[31m
            [36m<option[31m
              [33mvalue[31m=[32m"ftp"[31m
            [36m>[31m
              [0mFTP[0m
            [36m</option>[31m
            [36m<option[31m
              [33mvalue[31m=[32m"sftp"[31m
            [36m>[31m
              [0mSFTP/SSH[0m
            [36m</option>[31m
            [36m<option[31m
              [33mvalue[31m=[32m"telnet"[31m
            [36m>[31m
              [0mTelnet[0m
            [36m</option>[31m
            [36m<option[31m
              [33mvalue[31m=[32m"smtp"[31m
            [36m>[31m
              [0mSMTP[0m
            [36m</option>[31m
            [36m<option[31m
              [33mvalue[31m=[32m"smtps"[31m
            [36m>[31m
              [0mSMTPS[0m
            [36m</option>[31m
            [36m<option[31m
              [33mvalue[31m=[32m"dns"[31m
            [36m>[31m
              [0mDNS[0m
            [36m</option>[31m
            [36m<option[31m
              [33mvalue[31m=[32m"dhcp"[31m
            [36m>[31m
              [0mDHCP[0m
            [36m</option>[31m
            [36m<option[31m
              [33mvalue[31m=[32m"tftp"[31m
            [36m>[31m
              [0mTFTP[0m
            [36m</option>[31m
            [36m<option[31m
              [33mvalue[31m=[32m"http"[31m
            [36m>[31m
              [0mHTTP[0m
            [36m</option>[31m
            [36m<option[31m
              [33mvalue[31m=[32m"https"[31m
            [36m>[31m
              [0mHTTPS[0m
            [36m</option>[31m
            [36m<option[31m
              [33mvalue[31m=[32m"ntp"[31m
            [36m>[31m
              [0mNTP[0m
            [36m</option>[31m
            [36m<option[31m
              [33mvalue[31m=[32m"snmp"[31m
            [36m>[31m
              [0mSNMP[0m
            [36m</option>[31m
            [36m<option[31m
              [33mvalue[31m=[32m"ldap"[31m
            [36m>[31m
              [0mLDAP[0m
            [36m</option>[31m
            [36m<option[31m
              [33mvalue[31m=[32m"ldaps"[31m
            [36m>[31m
              [0mLDAPS[0m
            [36m</option>[31m
            [36m<option[31m
              [33mvalue[31m=[32m"smb"[31m
            [36m>[31m
              [0mSMB[0m
            [36m</option>[31m
            [36m<option[31m
              [33mvalue[31m=[32m"syslog"[31m
            [36m>[31m
              [0mSyslog[0m
            [36m</option>[31m
            [36m<option[31m
              [33mvalue[31m=[32m"sqlserver"[31m
            [36m>[31m
              [0mSQL Server[0m
            [36m</option>[31m
            [36m<option[31m
              [33mvalue[31m=[32m"rdp"[31m
            [36m>[31m
              [0mRDP[0m
            [36m</option>[31m
            [36m<option[31m
              [33mvalue[31m=[32m"sip"[31m
            [36m>[31m
              [0mSIP[0m
            [36m</option>[31m
          [36m</select>[31m
        [36m</div>[31m
      [36m</div>[31m
      [36m<div[31m
        [33mclass[31m=[32m"flashcard-container"[31m
      [36m>[31m
        [36m<div[31m
          [33mclass[31m=[32m"card-counter"[31m
        [36m>[31m
          [0mCard [0m
          [0m1[0m
          [0m of [0m
          [0m15[0m
        [36m</div>[31m
        [36m<div[31m
          [33mclass[31m=[32m"protocol-badge insecure"[31m
        [36m>[31m
          [36m<span[31m
            [33mclass[31m=[32m"protocol-name"[31m
          [36m>[31m
            [0mFTP[0m
          [36m</span>[31m
          [36m<span[31m
            [33mclass[31m=[32m"protocol-ports"[31m
          [36m>[31m
            [0m20, 21[0m
          [36m</span>[31m
          [36m<span[31m
            [33mclass[31m=[32m"security-indicator insecure"[31m
          [36m>[31m
            [0minsecure[0m
          [36m</span>[31m
        [36m</div>[31m
        [36m<div[31m
          [33mclass[31m=[32m"flashcard"[31m
        [36m>[31m
          [36m<div[31m
            [33mclass[31m=[32m"card-question"[31m
          [36m>[31m
            [36m<h3>[31m
              [0mQuestion:[0m
            [36m</h3>[31m
            [36m<p>[31m
              [0mWhy does FTP use TWO different ports (20 and 21)?[0m
            [36m</p>[31m
          [36m</div>[31m
          [36m<div[31m
            [33mclass[31m=[32m"explanation-section"[31m
          [36m>[31m
            [36m<h4>[31m
              [0mExplain in your own words why FTP needs separate ports for commands and data[0m
            [36m</h4>[31m
            [36m<textarea[31m
              [33mplaceholder[31m=[32m"Type your explanation here... (minimum 20 words)"[31m
              [33mrows[31m=[32m"6"[31m
            [36m/>[31m
            [36m<div[31m
              [33mclass[31m=[32m"explanation-meta"[31m
            [36m>[31m
              [36m<span[31m
                [33mclass[31m=[32m"word-count insufficient"[31m
              [36m>[31m
                [0mWord count: [0m
                [0m0[0m
                [0m / [0m
                [0m20[0m
                [0m minimum[0m
              [36m</span>[31m
              [36m<button[31m
                [33mclass[31m=[32m"submit-btn"[31m
                [33mdisabled[31m=[32m""[31m
              [36m>[31m
                [0mSubmit Explanation[0m
              [36m</button>[39...[39m
 [31m×[39m tests/unit/protocols/PortProtocolTrainer.test.tsx[2m > [22mPortProtocolTrainer[2m > [22mProtocol Filtering[2m > [22mshould reset to all protocols
[31m   → Found a label with the text of: /Filter by protocol/i, however no form control was found associated to that label. Make sure you're using the "for" attribute or "aria-labelledby" attribute correctly.

Ignored nodes: comments, script, style
[36m<body>[31m
  [36m<div>[31m
    [36m<div[31m
      [33mclass[31m=[32m"port-protocol-trainer"[31m
    [36m>[31m
      [36m<div[31m
        [33mclass[31m=[32m"trainer-header"[31m
      [36m>[31m
        [36m<h2>[31m
          [0mPort & Protocol Explanation Trainer[0m
        [36m</h2>[31m
        [36m<p[31m
          [33mclass[31m=[32m"subtitle"[31m
        [36m>[31m
          [0mDeep understanding through explanation, not just memorization[0m
        [36m</p>[31m
        [36m<div[31m
          [33mclass[31m=[32m"progress-bar"[31m
        [36m>[31m
          [36m<div[31m
            [33mclass[31m=[32m"progress-fill"[31m
            [33mstyle[31m=[32m"width: 0%;"[31m
          [36m/>[31m
          [36m<span[31m
            [33mclass[31m=[32m"progress-text"[31m
          [36m>[31m
            [0m0[0m
            [0m / [0m
            [0m15[0m
            [0m cards mastered[0m
          [36m</span>[31m
        [36m</div>[31m
        [36m<div[31m
          [33mclass[31m=[32m"filter-controls"[31m
        [36m>[31m
          [36m<label>[31m
            [0mFilter by protocol:[0m
          [36m</label>[31m
          [36m<select>[31m
            [36m<option[31m
              [33mvalue[31m=[32m"all"[31m
            [36m>[31m
              [0mAll Protocols[0m
            [36m</option>[31m
            [36m<option[31m
              [33mvalue[31m=[32m"ftp"[31m
            [36m>[31m
              [0mFTP[0m
            [36m</option>[31m
            [36m<option[31m
              [33mvalue[31m=[32m"sftp"[31m
            [36m>[31m
              [0mSFTP/SSH[0m
            [36m</option>[31m
            [36m<option[31m
              [33mvalue[31m=[32m"telnet"[31m
            [36m>[31m
              [0mTelnet[0m
            [36m</option>[31m
            [36m<option[31m
              [33mvalue[31m=[32m"smtp"[31m
            [36m>[31m
              [0mSMTP[0m
            [36m</option>[31m
            [36m<option[31m
              [33mvalue[31m=[32m"smtps"[31m
            [36m>[31m
              [0mSMTPS[0m
            [36m</option>[31m
            [36m<option[31m
              [33mvalue[31m=[32m"dns"[31m
            [36m>[31m
              [0mDNS[0m
            [36m</option>[31m
            [36m<option[31m
              [33mvalue[31m=[32m"dhcp"[31m
            [36m>[31m
              [0mDHCP[0m
            [36m</option>[31m
            [36m<option[31m
              [33mvalue[31m=[32m"tftp"[31m
            [36m>[31m
              [0mTFTP[0m
            [36m</option>[31m
            [36m<option[31m
              [33mvalue[31m=[32m"http"[31m
            [36m>[31m
              [0mHTTP[0m
            [36m</option>[31m
            [36m<option[31m
              [33mvalue[31m=[32m"https"[31m
            [36m>[31m
              [0mHTTPS[0m
            [36m</option>[31m
            [36m<option[31m
              [33mvalue[31m=[32m"ntp"[31m
            [36m>[31m
              [0mNTP[0m
            [36m</option>[31m
            [36m<option[31m
              [33mvalue[31m=[32m"snmp"[31m
            [36m>[31m
              [0mSNMP[0m
            [36m</option>[31m
            [36m<option[31m
              [33mvalue[31m=[32m"ldap"[31m
            [36m>[31m
              [0mLDAP[0m
            [36m</option>[31m
            [36m<option[31m
              [33mvalue[31m=[32m"ldaps"[31m
            [36m>[31m
              [0mLDAPS[0m
            [36m</option>[31m
            [36m<option[31m
              [33mvalue[31m=[32m"smb"[31m
            [36m>[31m
              [0mSMB[0m
            [36m</option>[31m
            [36m<option[31m
              [33mvalue[31m=[32m"syslog"[31m
            [36m>[31m
              [0mSyslog[0m
            [36m</option>[31m
            [36m<option[31m
              [33mvalue[31m=[32m"sqlserver"[31m
            [36m>[31m
              [0mSQL Server[0m
            [36m</option>[31m
            [36m<option[31m
              [33mvalue[31m=[32m"rdp"[31m
            [36m>[31m
              [0mRDP[0m
            [36m</option>[31m
            [36m<option[31m
              [33mvalue[31m=[32m"sip"[31m
            [36m>[31m
              [0mSIP[0m
            [36m</option>[31m
          [36m</select>[31m
        [36m</div>[31m
      [36m</div>[31m
      [36m<div[31m
        [33mclass[31m=[32m"flashcard-container"[31m
      [36m>[31m
        [36m<div[31m
          [33mclass[31m=[32m"card-counter"[31m
        [36m>[31m
          [0mCard [0m
          [0m1[0m
          [0m of [0m
          [0m15[0m
        [36m</div>[31m
        [36m<div[31m
          [33mclass[31m=[32m"protocol-badge insecure"[31m
        [36m>[31m
          [36m<span[31m
            [33mclass[31m=[32m"protocol-name"[31m
          [36m>[31m
            [0mFTP[0m
          [36m</span>[31m
          [36m<span[31m
            [33mclass[31m=[32m"protocol-ports"[31m
          [36m>[31m
            [0m20, 21[0m
          [36m</span>[31m
          [36m<span[31m
            [33mclass[31m=[32m"security-indicator insecure"[31m
          [36m>[31m
            [0minsecure[0m
          [36m</span>[31m
        [36m</div>[31m
        [36m<div[31m
          [33mclass[31m=[32m"flashcard"[31m
        [36m>[31m
          [36m<div[31m
            [33mclass[31m=[32m"card-question"[31m
          [36m>[31m
            [36m<h3>[31m
              [0mQuestion:[0m
            [36m</h3>[31m
            [36m<p>[31m
              [0mWhy does FTP use TWO different ports (20 and 21)?[0m
            [36m</p>[31m
          [36m</div>[31m
          [36m<div[31m
            [33mclass[31m=[32m"explanation-section"[31m
          [36m>[31m
            [36m<h4>[31m
              [0mExplain in your own words why FTP needs separate ports for commands and data[0m
            [36m</h4>[31m
            [36m<textarea[31m
              [33mplaceholder[31m=[32m"Type your explanation here... (minimum 20 words)"[31m
              [33mrows[31m=[32m"6"[31m
            [36m/>[31m
            [36m<div[31m
              [33mclass[31m=[32m"explanation-meta"[31m
            [36m>[31m
              [36m<span[31m
                [33mclass[31m=[32m"word-count insufficient"[31m
              [36m>[31m
                [0mWord count: [0m
                [0m0[0m
                [0m / [0m
                [0m20[0m
                [0m minimum[0m
              [36m</span>[31m
              [36m<button[31m
                [33mclass[31m=[32m"submit-btn"[31m
                [33mdisabled[31m=[32m""[31m
              [36m>[31m
                [0mSubmit Explanation[0m
              [36m</button>[39...[39m
 [32m✓[39m tests/unit/protocols/PortProtocolTrainer.test.tsx[2m > [22mPortProtocolTrainer[2m > [22mProgress Tracking[2m > [22mshould update progress bar
 [32m✓[39m tests/unit/protocols/PortProtocolTrainer.test.tsx[2m > [22mPortProtocolTrainer[2m > [22mProgress Tracking[2m > [22mshould track completed cards
 [31m×[39m tests/unit/protocols/PortProtocolTrainer.test.tsx[2m > [22mPortProtocolTrainer[2m > [22mAccessibility[2m > [22mshould have no accessibility violations
[31m   → expect(received).toHaveNoViolations(expected)

Expected the HTML found at $('select') to have no violations:

<select>

Received:

"Select element must have an accessible name (select-name)"

Fix any of the following:
  Element does not have an implicit (wrapped) <label>
  Element does not have an explicit <label>
  aria-label attribute does not exist or is empty
  aria-labelledby attribute does not exist, references elements that do not exist or references elements that are empty
  Element has no title attribute
  Element's default semantics were not overridden with role="none" or role="presentation"

You can find more information on this issue here: 
https://dequeuniversity.com/rules/axe/4.10/select-name?application=axeAPI[39m
 [32m✓[39m tests/unit/protocols/PortProtocolTrainer.test.tsx[2m > [22mPortProtocolTrainer[2m > [22mAccessibility[2m > [22mshould support keyboard navigation
 [31m×[39m tests/unit/protocols/PortProtocolTrainer.test.tsx[2m > [22mPortProtocolTrainer[2m > [22mAccessibility[2m > [22mshould have proper labels
[31m   → Found a label with the text of: /Filter by protocol/i, however no form control was found associated to that label. Make sure you're using the "for" attribute or "aria-labelledby" attribute correctly.

Ignored nodes: comments, script, style
[36m<body>[31m
  [36m<div>[31m
    [36m<div[31m
      [33mclass[31m=[32m"port-protocol-trainer"[31m
    [36m>[31m
      [36m<div[31m
        [33mclass[31m=[32m"trainer-header"[31m
      [36m>[31m
        [36m<h2>[31m
          [0mPort & Protocol Explanation Trainer[0m
        [36m</h2>[31m
        [36m<p[31m
          [33mclass[31m=[32m"subtitle"[31m
        [36m>[31m
          [0mDeep understanding through explanation, not just memorization[0m
        [36m</p>[31m
        [36m<div[31m
          [33mclass[31m=[32m"progress-bar"[31m
        [36m>[31m
          [36m<div[31m
            [33mclass[31m=[32m"progress-fill"[31m
            [33mstyle[31m=[32m"width: 0%;"[31m
          [36m/>[31m
          [36m<span[31m
            [33mclass[31m=[32m"progress-text"[31m
          [36m>[31m
            [0m0[0m
            [0m / [0m
            [0m15[0m
            [0m cards mastered[0m
          [36m</span>[31m
        [36m</div>[31m
        [36m<div[31m
          [33mclass[31m=[32m"filter-controls"[31m
        [36m>[31m
          [36m<label>[31m
            [0mFilter by protocol:[0m
          [36m</label>[31m
          [36m<select>[31m
            [36m<option[31m
              [33mvalue[31m=[32m"all"[31m
            [36m>[31m
              [0mAll Protocols[0m
            [36m</option>[31m
            [36m<option[31m
              [33mvalue[31m=[32m"ftp"[31m
            [36m>[31m
              [0mFTP[0m
            [36m</option>[31m
            [36m<option[31m
              [33mvalue[31m=[32m"sftp"[31m
            [36m>[31m
              [0mSFTP/SSH[0m
            [36m</option>[31m
            [36m<option[31m
              [33mvalue[31m=[32m"telnet"[31m
            [36m>[31m
              [0mTelnet[0m
            [36m</option>[31m
            [36m<option[31m
              [33mvalue[31m=[32m"smtp"[31m
            [36m>[31m
              [0mSMTP[0m
            [36m</option>[31m
            [36m<option[31m
              [33mvalue[31m=[32m"smtps"[31m
            [36m>[31m
              [0mSMTPS[0m
            [36m</option>[31m
            [36m<option[31m
              [33mvalue[31m=[32m"dns"[31m
            [36m>[31m
              [0mDNS[0m
            [36m</option>[31m
            [36m<option[31m
              [33mvalue[31m=[32m"dhcp"[31m
            [36m>[31m
              [0mDHCP[0m
            [36m</option>[31m
            [36m<option[31m
              [33mvalue[31m=[32m"tftp"[31m
            [36m>[31m
              [0mTFTP[0m
            [36m</option>[31m
            [36m<option[31m
              [33mvalue[31m=[32m"http"[31m
            [36m>[31m
              [0mHTTP[0m
            [36m</option>[31m
            [36m<option[31m
              [33mvalue[31m=[32m"https"[31m
            [36m>[31m
              [0mHTTPS[0m
            [36m</option>[31m
            [36m<option[31m
              [33mvalue[31m=[32m"ntp"[31m
            [36m>[31m
              [0mNTP[0m
            [36m</option>[31m
            [36m<option[31m
              [33mvalue[31m=[32m"snmp"[31m
            [36m>[31m
              [0mSNMP[0m
            [36m</option>[31m
            [36m<option[31m
              [33mvalue[31m=[32m"ldap"[31m
            [36m>[31m
              [0mLDAP[0m
            [36m</option>[31m
            [36m<option[31m
              [33mvalue[31m=[32m"ldaps"[31m
            [36m>[31m
              [0mLDAPS[0m
            [36m</option>[31m
            [36m<option[31m
              [33mvalue[31m=[32m"smb"[31m
            [36m>[31m
              [0mSMB[0m
            [36m</option>[31m
            [36m<option[31m
              [33mvalue[31m=[32m"syslog"[31m
            [36m>[31m
              [0mSyslog[0m
            [36m</option>[31m
            [36m<option[31m
              [33mvalue[31m=[32m"sqlserver"[31m
            [36m>[31m
              [0mSQL Server[0m
            [36m</option>[31m
            [36m<option[31m
              [33mvalue[31m=[32m"rdp"[31m
            [36m>[31m
              [0mRDP[0m
            [36m</option>[31m
            [36m<option[31m
              [33mvalue[31m=[32m"sip"[31m
            [36m>[31m
              [0mSIP[0m
            [36m</option>[31m
          [36m</select>[31m
        [36m</div>[31m
      [36m</div>[31m
      [36m<div[31m
        [33mclass[31m=[32m"flashcard-container"[31m
      [36m>[31m
        [36m<div[31m
          [33mclass[31m=[32m"card-counter"[31m
        [36m>[31m
          [0mCard [0m
          [0m1[0m
          [0m of [0m
          [0m15[0m
        [36m</div>[31m
        [36m<div[31m
          [33mclass[31m=[32m"protocol-badge insecure"[31m
        [36m>[31m
          [36m<span[31m
            [33mclass[31m=[32m"protocol-name"[31m
          [36m>[31m
            [0mFTP[0m
          [36m</span>[31m
          [36m<span[31m
            [33mclass[31m=[32m"protocol-ports"[31m
          [36m>[31m
            [0m20, 21[0m
          [36m</span>[31m
          [36m<span[31m
            [33mclass[31m=[32m"security-indicator insecure"[31m
          [36m>[31m
            [0minsecure[0m
          [36m</span>[31m
        [36m</div>[31m
        [36m<div[31m
          [33mclass[31m=[32m"flashcard"[31m
        [36m>[31m
          [36m<div[31m
            [33mclass[31m=[32m"card-question"[31m
          [36m>[31m
            [36m<h3>[31m
              [0mQuestion:[0m
            [36m</h3>[31m
            [36m<p>[31m
              [0mWhy does FTP use TWO different ports (20 and 21)?[0m
            [36m</p>[31m
          [36m</div>[31m
          [36m<div[31m
            [33mclass[31m=[32m"explanation-section"[31m
          [36m>[31m
            [36m<h4>[31m
              [0mExplain in your own words why FTP needs separate ports for commands and data[0m
            [36m</h4>[31m
            [36m<textarea[31m
              [33mplaceholder[31m=[32m"Type your explanation here... (minimum 20 words)"[31m
              [33mrows[31m=[32m"6"[31m
            [36m/>[31m
            [36m<div[31m
              [33mclass[31m=[32m"explanation-meta"[31m
            [36m>[31m
              [36m<span[31m
                [33mclass[31m=[32m"word-count insufficient"[31m
              [36m>[31m
                [0mWord count: [0m
                [0m0[0m
                [0m / [0m
                [0m20[0m
                [0m minimum[0m
              [36m</span>[31m
              [36m<button[31m
                [33mclass[31m=[32m"submit-btn"[31m
                [33mdisabled[31m=[32m""[31m
              [36m>[31m
                [0mSubmit Explanation[0m
              [36m</button>[39...[39m
 [32m✓[39m tests/unit/protocols/PortProtocolTrainer.test.tsx[2m > [22mPortProtocolTrainer[2m > [22mPerformance[2m > [22mshould render quickly
 [32m✓[39m tests/unit/protocols/PortProtocolTrainer.test.tsx[2m > [22mPortProtocolTrainer[2m > [22mPerformance[2m > [22mshould handle rapid navigation[33m 605[2mms[22m[39m
 [32m✓[39m tests/unit/protocols/PortProtocolTrainer.test.tsx[2m > [22mPortProtocolTrainer[2m > [22mEdge Cases[2m > [22mshould handle empty explanation
 [31m×[39m tests/unit/protocols/PortProtocolTrainer.test.tsx[2m > [22mPortProtocolTrainer[2m > [22mEdge Cases[2m > [22mshould handle very long explanations[33m 10025[2mms[22m[39m
[31m   → Test timed out in 10000ms.
If this is a long-running test, pass a timeout value as the last argument or configure it globally with "testTimeout".[39m
 [32m✓[39m tests/unit/protocols/PortProtocolTrainer.test.tsx[2m > [22mPortProtocolTrainer[2m > [22mEdge Cases[2m > [22mshould handle special characters[33m 375[2mms[22m[39m

[31m⎯⎯⎯⎯⎯⎯[1m[7m Failed Suites 4 [27m[22m⎯⎯⎯⎯⎯⎯⎯[39m

[31m[1m[7m FAIL [27m[22m[39m tests/e2e/user-workflows.test.ts[2m [ tests/e2e/user-workflows.test.ts ][22m
[31m[1mError[22m: Playwright Test did not expect test.describe() to be called here.
Most common reasons include:
- You are calling test.describe() in a configuration file.
- You are calling test.describe() in a file that is imported by the configuration file.
- You have two different versions of @playwright/test. This usually happens
  when one of the dependencies in your package.json depends on @playwright/test.[39m
[90m [2m❯[22m TestTypeImpl._currentSuite node_modules/playwright/lib/common/testType.js:[2m74:13[22m[39m
[90m [2m❯[22m TestTypeImpl._describe node_modules/playwright/lib/common/testType.js:[2m114:24[22m[39m
[90m [2m❯[22m Function.describe node_modules/playwright/lib/transform/transform.js:[2m275:12[22m[39m
[36m [2m❯[22m tests/e2e/user-workflows.test.ts:[2m8:6[22m[39m
    [90m  6| [39m[35mimport[39m { test[33m,[39m expect } [35mfrom[39m [32m'@playwright/test'[39m[33m;[39m
    [90m  7| [39m
    [90m  8| [39mtest[33m.[39m[34mdescribe[39m([32m'Complete Learning Journey'[39m[33m,[39m () [33m=>[39m {
    [90m   | [39m     [31m^[39m
    [90m  9| [39m  test[33m.[39m[34mbeforeEach[39m([35masync[39m ({ page }) [33m=>[39m {
    [90m 10| [39m    [35mawait[39m page[33m.[39m[34mgoto[39m([32m'/'[39m)[33m;[39m

[31m[2m⎯⎯⎯⎯⎯⎯⎯⎯⎯⎯⎯⎯⎯⎯⎯⎯⎯⎯⎯⎯⎯⎯[1/110]⎯[22m[39m

[31m[1m[7m FAIL [27m[22m[39m tests/integration/routing.test.tsx[2m [ tests/integration/routing.test.tsx ][22m
[31m[1mError[22m: Failed to resolve import "../../../src/routes" from "tests/integration/routing.test.tsx". Does the file exist?[39m
  Plugin: [35mvite:import-analysis[39m
  File: [36mC:/Users/brand/Development/Project_Workspace/active-development/learn_comptia_network+/tests/integration/routing.test.tsx[39m:4:23
[33m  3  |  import { render, screen, waitFor } from "@testing-library/react";
  4  |  import { RouterProvider, createMemoryRouter } from "react-router-dom";
  5  |  import { router } from "../../../src/routes";
     |                          ^
  6  |  import { ThemeProvider } from "../../../src/contexts/ThemeContext";
  7  |  import { ProgressProvider } from "../../../src/contexts/ProgressContext";[39m
[90m [2m❯[22m TransformPluginContext._formatError node_modules/vitest/node_modules/vite/dist/node/chunks/dep-BK3b2jBa.js:[2m49258:41[22m[39m
[90m [2m❯[22m TransformPluginContext.error node_modules/vitest/node_modules/vite/dist/node/chunks/dep-BK3b2jBa.js:[2m49253:16[22m[39m
[90m [2m❯[22m normalizeUrl node_modules/vitest/node_modules/vite/dist/node/chunks/dep-BK3b2jBa.js:[2m64307:23[22m[39m
[90m [2m❯[22m node_modules/vitest/node_modules/vite/dist/node/chunks/dep-BK3b2jBa.js:[2m64439:39[22m[39m
[90m [2m❯[22m TransformPluginContext.transform node_modules/vitest/node_modules/vite/dist/node/chunks/dep-BK3b2jBa.js:[2m64366:7[22m[39m
[90m [2m❯[22m PluginContainer.transform node_modules/vitest/node_modules/vite/dist/node/chunks/dep-BK3b2jBa.js:[2m49099:18[22m[39m
[90m [2m❯[22m loadAndTransform node_modules/vitest/node_modules/vite/dist/node/chunks/dep-BK3b2jBa.js:[2m51978:27[22m[39m

[31m[2m⎯⎯⎯⎯⎯⎯⎯⎯⎯⎯⎯⎯⎯⎯⎯⎯⎯⎯⎯⎯⎯⎯⎯⎯⎯⎯⎯⎯⎯⎯[22m[39m
[31m[1mSerialized Error:[22m[39m [90m{ __vitest_rollup_error__: { plugin: 'vite:import-analysis', id: 'C:/Users/brand/Development/Project_Workspace/active-development/learn_comptia_network+/tests/integration/routing.test.tsx', loc: { file: 'C:/Users/brand/Development/Project_Workspace/active-development/learn_comptia_network+/tests/integration/routing.test.tsx', line: 4, column: 23 }, frame: '3  |  import { render, screen, waitFor } from "@testing-library/react";\n4  |  import { RouterProvider, createMemoryRouter } from "react-router-dom";\n5  |  import { router } from "../../../src/routes";\n   |                          ^\n6  |  import { ThemeProvider } from "../../../src/contexts/ThemeContext";\n7  |  import { ProgressProvider } from "../../../src/contexts/ProgressContext";' } }[39m
[31m[2m⎯⎯⎯⎯⎯⎯⎯⎯⎯⎯⎯⎯⎯⎯⎯⎯⎯⎯⎯⎯⎯⎯[2/110]⎯[22m[39m

[31m[1m[7m FAIL [27m[22m[39m tests/unit/assessment/IntegratedSimulator.test.tsx[2m [ tests/unit/assessment/IntegratedSimulator.test.tsx ][22m
[31m[1mError[22m: Failed to resolve import "../../../src/components/assessment/IntegratedSimulator" from "tests/unit/assessment/IntegratedSimulator.test.tsx". Does the file exist?[39m
  Plugin: [35mvite:import-analysis[39m
  File: [36mC:/Users/brand/Development/Project_Workspace/active-development/learn_comptia_network+/tests/unit/assessment/IntegratedSimulator.test.tsx[39m:9:32
[33m  4  |  import userEvent from "@testing-library/user-event";
  5  |  import { axe, toHaveNoViolations } from "jest-axe";
  6  |  import IntegratedSimulator from "../../../src/components/assessment/IntegratedSimulator";
     |                                   ^
  7  |  expect.extend(toHaveNoViolations);
  8  |  describe("IntegratedSimulator", () => {[39m
[90m [2m❯[22m TransformPluginContext._formatError node_modules/vitest/node_modules/vite/dist/node/chunks/dep-BK3b2jBa.js:[2m49258:41[22m[39m
[90m [2m❯[22m TransformPluginContext.error node_modules/vitest/node_modules/vite/dist/node/chunks/dep-BK3b2jBa.js:[2m49253:16[22m[39m
[90m [2m❯[22m normalizeUrl node_modules/vitest/node_modules/vite/dist/node/chunks/dep-BK3b2jBa.js:[2m64307:23[22m[39m
[90m [2m❯[22m node_modules/vitest/node_modules/vite/dist/node/chunks/dep-BK3b2jBa.js:[2m64439:39[22m[39m
[90m [2m❯[22m TransformPluginContext.transform node_modules/vitest/node_modules/vite/dist/node/chunks/dep-BK3b2jBa.js:[2m64366:7[22m[39m
[90m [2m❯[22m PluginContainer.transform node_modules/vitest/node_modules/vite/dist/node/chunks/dep-BK3b2jBa.js:[2m49099:18[22m[39m
[90m [2m❯[22m loadAndTransform node_modules/vitest/node_modules/vite/dist/node/chunks/dep-BK3b2jBa.js:[2m51978:27[22m[39m

[31m[2m⎯⎯⎯⎯⎯⎯⎯⎯⎯⎯⎯⎯⎯⎯⎯⎯⎯⎯⎯⎯⎯⎯⎯⎯⎯⎯⎯⎯⎯⎯[22m[39m
[31m[1mSerialized Error:[22m[39m [90m{ __vitest_rollup_error__: { plugin: 'vite:import-analysis', id: 'C:/Users/brand/Development/Project_Workspace/active-development/learn_comptia_network+/tests/unit/assessment/IntegratedSimulator.test.tsx', loc: { file: 'C:/Users/brand/Development/Project_Workspace/active-development/learn_comptia_network+/tests/unit/assessment/IntegratedSimulator.test.tsx', line: 9, column: 32 }, frame: '4  |  import userEvent from "@testing-library/user-event";\n5  |  import { axe, toHaveNoViolations } from "jest-axe";\n6  |  import IntegratedSimulator from "../../../src/components/assessment/IntegratedSimulator";\n   |                                   ^\n7  |  expect.extend(toHaveNoViolations);\n8  |  describe("IntegratedSimulator", () => {' } }[39m
[31m[2m⎯⎯⎯⎯⎯⎯⎯⎯⎯⎯⎯⎯⎯⎯⎯⎯⎯⎯⎯⎯⎯⎯[3/110]⎯[22m[39m

[31m[1m[7m FAIL [27m[22m[39m tests/unit/media/MediaSelectionMatrix.test.tsx[2m [ tests/unit/media/MediaSelectionMatrix.test.tsx ][22m
[31m[1mError[22m: Failed to resolve import "@/components/ui/table" from "src/components/media/MediaSelectionMatrix.tsx". Does the file exist?[39m
  Plugin: [35mvite:import-analysis[39m
  File: [36mC:/Users/brand/Development/Project_Workspace/active-development/learn_comptia_network+/src/components/media/MediaSelectionMatrix.tsx[39m:13:7
[33m  12 |    TableHeader,
  13 |    TableRow
  14 |  } from "@/components/ui/table";
     |          ^
  15 |  import {
  16 |    AlertCircle,[39m
[90m [2m❯[22m TransformPluginContext._formatError node_modules/vitest/node_modules/vite/dist/node/chunks/dep-BK3b2jBa.js:[2m49258:41[22m[39m
[90m [2m❯[22m TransformPluginContext.error node_modules/vitest/node_modules/vite/dist/node/chunks/dep-BK3b2jBa.js:[2m49253:16[22m[39m
[90m [2m❯[22m normalizeUrl node_modules/vitest/node_modules/vite/dist/node/chunks/dep-BK3b2jBa.js:[2m64307:23[22m[39m
[90m [2m❯[22m node_modules/vitest/node_modules/vite/dist/node/chunks/dep-BK3b2jBa.js:[2m64439:39[22m[39m
[90m [2m❯[22m TransformPluginContext.transform node_modules/vitest/node_modules/vite/dist/node/chunks/dep-BK3b2jBa.js:[2m64366:7[22m[39m
[90m [2m❯[22m PluginContainer.transform node_modules/vitest/node_modules/vite/dist/node/chunks/dep-BK3b2jBa.js:[2m49099:18[22m[39m
[90m [2m❯[22m loadAndTransform node_modules/vitest/node_modules/vite/dist/node/chunks/dep-BK3b2jBa.js:[2m51978:27[22m[39m

[31m[2m⎯⎯⎯⎯⎯⎯⎯⎯⎯⎯⎯⎯⎯⎯⎯⎯⎯⎯⎯⎯⎯⎯⎯⎯⎯⎯⎯⎯⎯⎯[22m[39m
[31m[1mSerialized Error:[22m[39m [90m{ __vitest_rollup_error__: { plugin: 'vite:import-analysis', id: 'C:/Users/brand/Development/Project_Workspace/active-development/learn_comptia_network+/src/components/media/MediaSelectionMatrix.tsx', loc: { file: 'C:/Users/brand/Development/Project_Workspace/active-development/learn_comptia_network+/src/components/media/MediaSelectionMatrix.tsx', line: 13, column: 7 }, frame: '12 |    TableHeader,\n13 |    TableRow\n14 |  } from "@/components/ui/table";\n   |          ^\n15 |  import {\n16 |    AlertCircle,' } }[39m
[31m[2m⎯⎯⎯⎯⎯⎯⎯⎯⎯⎯⎯⎯⎯⎯⎯⎯⎯⎯⎯⎯⎯⎯[4/110]⎯[22m[39m

[31m⎯⎯⎯⎯⎯⎯[1m[7m Failed Tests 106 [27m[22m⎯⎯⎯⎯⎯⎯[39m

[31m[1m[7m FAIL [27m[22m[39m tests/integration/api-integration.test.ts[2m > [22mAPI Client[2m > [22mRequest Handling[2m > [22mshould handle network errors
[31m[1mAssertionError[22m: expected { code: 'UNKNOWN', …(5) } to match object { code: 'NETWORK_ERROR', …(1) }
(9 matching properties omitted from actual)[39m

[32m- Expected[39m
[31m+ Received[39m

[2m  Object {[22m
[32m-   "code": "NETWORK_ERROR",[39m
[32m-   "retryable": true,[39m
[31m+   "code": "UNKNOWN",[39m
[31m+   "retryable": false,[39m
[2m  }[22m

[36m [2m❯[22m tests/integration/api-integration.test.ts:[2m85:7[22m[39m
    [90m 83| [39m      (global[33m.[39mfetch [35mas[39m any)[33m.[39m[34mmockRejectedValueOnce[39m([35mnew[39m [33mTypeError[39m([32m'Faile[39m…
    [90m 84| [39m
    [90m 85| [39m      [35mawait[39m [34mexpect[39m(apiClient[33m.[39m[35mget[39m([32m'/test'[39m))[33m.[39mrejects[33m.[39m[34mtoMatchObject[39m({
    [90m   | [39m      [31m^[39m
    [90m 86| [39m        code[33m:[39m [32m'NETWORK_ERROR'[39m[33m,[39m
    [90m 87| [39m        retryable[33m:[39m [35mtrue[39m[33m,[39m

[31m[2m⎯⎯⎯⎯⎯⎯⎯⎯⎯⎯⎯⎯⎯⎯⎯⎯⎯⎯⎯⎯⎯⎯[5/110]⎯[22m[39m

[31m[1m[7m FAIL [27m[22m[39m tests/integration/api-integration.test.ts[2m > [22mAPI Client[2m > [22mRequest Handling[2m > [22mshould handle timeout errors
[31m[1m[7m FAIL [27m[22m[39m tests/unit/protocols/PortProtocolTrainer.test.tsx[2m > [22mPortProtocolTrainer[2m > [22mEdge Cases[2m > [22mshould handle very long explanations
[31m[1mError[22m: Test timed out in 10000ms.
If this is a long-running test, pass a timeout value as the last argument or configure it globally with "testTimeout".[39m
[31m[2m⎯⎯⎯⎯⎯⎯⎯⎯⎯⎯⎯⎯⎯⎯⎯⎯⎯⎯⎯⎯⎯⎯[6/110]⎯[22m[39m

[31m[1m[7m FAIL [27m[22m[39m tests/integration/api-integration.test.ts[2m > [22mAPI Client[2m > [22mError Handling[2m > [22mshould parse 401 error correctly
[31m[1mAssertionError[22m: expected { code: 'UNKNOWN', …(5) } to match object { code: 'UNAUTHORIZED', …(1) }
(11 matching properties omitted from actual)[39m

[32m- Expected[39m
[31m+ Received[39m

[2m  Object {[22m
[32m-   "code": "UNAUTHORIZED",[39m
[32m-   "statusCode": 401,[39m
[31m+   "code": "UNKNOWN",[39m
[2m  }[22m

[36m [2m❯[22m tests/integration/api-integration.test.ts:[2m116:7[22m[39m
    [90m114| [39m      })[33m;[39m
    [90m115| [39m
    [90m116| [39m      [35mawait[39m [34mexpect[39m(apiClient[33m.[39m[35mget[39m([32m'/test'[39m))[33m.[39mrejects[33m.[39m[34mtoMatchObject[39m({
    [90m   | [39m      [31m^[39m
    [90m117| [39m        code[33m:[39m [32m'UNAUTHORIZED'[39m[33m,[39m
    [90m118| [39m        statusCode[33m:[39m [34m401[39m[33m,[39m

[31m[2m⎯⎯⎯⎯⎯⎯⎯⎯⎯⎯⎯⎯⎯⎯⎯⎯⎯⎯⎯⎯⎯⎯[7/110]⎯[22m[39m

[31m[1m[7m FAIL [27m[22m[39m tests/integration/api-integration.test.ts[2m > [22mAPI Client[2m > [22mError Handling[2m > [22mshould parse validation errors correctly
[31m[1mAssertionError[22m: expected { code: 'UNKNOWN', …(5) } to match object { code: 'VALIDATION_ERROR', …(1) }
(12 matching properties omitted from actual)[39m

[32m- Expected[39m
[31m+ Received[39m

[2m  Object {[22m
[32m-   "code": "VALIDATION_ERROR",[39m
[32m-   "statusCode": 422,[39m
[31m+   "code": "UNKNOWN",[39m
[2m  }[22m

[36m [2m❯[22m tests/integration/api-integration.test.ts:[2m136:7[22m[39m
    [90m134| [39m      })[33m;[39m
    [90m135| [39m
    [90m136| [39m      [35mawait[39m [34mexpect[39m(apiClient[33m.[39m[34mpost[39m([32m'/test'[39m[33m,[39m {}))[33m.[39mrejects[33m.[39m[34mtoMatchObject[39m({
    [90m   | [39m      [31m^[39m
    [90m137| [39m        code[33m:[39m [32m'VALIDATION_ERROR'[39m[33m,[39m
    [90m138| [39m        statusCode[33m:[39m [34m422[39m[33m,[39m

[31m[2m⎯⎯⎯⎯⎯⎯⎯⎯⎯⎯⎯⎯⎯⎯⎯⎯⎯⎯⎯⎯⎯⎯[8/110]⎯[22m[39m

[31m[1m[7m FAIL [27m[22m[39m tests/integration/api-integration.test.ts[2m > [22mAuthentication Service[2m > [22mLogin[2m > [22mshould login successfully with demo credentials
[31m[1mUnknown Error[22m: Unknown error occurred[39m
[31m[2m⎯⎯⎯⎯⎯⎯⎯⎯⎯⎯⎯⎯⎯⎯⎯⎯⎯⎯⎯⎯⎯⎯⎯⎯⎯⎯⎯⎯⎯⎯[22m[39m
[31m[1mSerialized Error:[22m[39m [90m{ code: 'UNKNOWN', userMessage: 'An unexpected error occurred. Please try again.', details: { code: 'UNKNOWN', message: 'Cannot read properties of undefined (reading \'headers\')', userMessage: 'An unexpected error occurred. Please try again.', timestamp: '2025-10-29T14:53:56.339Z', retryable: false }, timestamp: '2025-10-29T14:53:56.339Z', retryable: false }[39m
[31m[2m⎯⎯⎯⎯⎯⎯⎯⎯⎯⎯⎯⎯⎯⎯⎯⎯⎯⎯⎯⎯⎯⎯[9/110]⎯[22m[39m

[31m[1m[7m FAIL [27m[22m[39m tests/integration/api-integration.test.ts[2m > [22mAuthentication Service[2m > [22mLogin[2m > [22mshould reject invalid credentials
[31m[1mAssertionError[22m: expected { code: 'UNKNOWN', …(5) } to match object { response: { status: 401 } }
(11 matching properties omitted from actual)[39m

[32m- Expected[39m
[31m+ Received[39m

[2m  Object {[22m
[32m-   "response": Object {[39m
[32m-     "status": 401,[39m
[31m+   "code": "UNKNOWN",[39m
[31m+   "details": Object {[39m
[31m+     "code": "UNKNOWN",[39m
[31m+     "message": "Cannot read properties of undefined (reading 'headers')",[39m
[31m+     "retryable": false,[39m
[31m+     "timestamp": "2025-10-29T14:53:56.342Z",[39m
[31m+     "userMessage": "An unexpected error occurred. Please try again.",[39m
[2m    },[22m
[31m+   "message": "Unknown error occurred",[39m
[31m+   "retryable": false,[39m
[31m+   "timestamp": "2025-10-29T14:53:56.342Z",[39m
[31m+   "userMessage": "An unexpected error occurred. Please try again.",[39m
[2m  }[22m

[36m [2m❯[22m tests/integration/api-integration.test.ts:[2m174:7[22m[39m
    [90m172| [39m      }[33m;[39m
    [90m173| [39m
    [90m174| [39m      [35mawait[39m [34mexpect[39m(authService[33m.[39m[34mlogin[39m(credentials))[33m.[39mrejects[33m.[39m[34mtoMatchObje[39m…
    [90m   | [39m      [31m^[39m
    [90m175| [39m        response[33m:[39m {
    [90m176| [39m          status[33m:[39m [34m401[39m[33m,[39m

[31m[2m⎯⎯⎯⎯⎯⎯⎯⎯⎯⎯⎯⎯⎯⎯⎯⎯⎯⎯⎯⎯⎯[10/110]⎯[22m[39m

[31m[1m[7m FAIL [27m[22m[39m tests/integration/api-integration.test.ts[2m > [22mAuthentication Service[2m > [22mLogin[2m > [22mshould store token in localStorage when rememberMe is true
[31m[1mUnknown Error[22m: Unknown error occurred[39m
[31m[2m⎯⎯⎯⎯⎯⎯⎯⎯⎯⎯⎯⎯⎯⎯⎯⎯⎯⎯⎯⎯⎯⎯⎯⎯⎯⎯⎯⎯⎯⎯[22m[39m
[31m[1mSerialized Error:[22m[39m [90m{ code: 'UNKNOWN', userMessage: 'An unexpected error occurred. Please try again.', details: { code: 'UNKNOWN', message: 'Cannot read properties of undefined (reading \'headers\')', userMessage: 'An unexpected error occurred. Please try again.', timestamp: '2025-10-29T14:53:56.346Z', retryable: false }, timestamp: '2025-10-29T14:53:56.346Z', retryable: false }[39m
[31m[2m⎯⎯⎯⎯⎯⎯⎯⎯⎯⎯⎯⎯⎯⎯⎯⎯⎯⎯⎯⎯⎯[11/110]⎯[22m[39m

[31m[1m[7m FAIL [27m[22m[39m tests/integration/api-integration.test.ts[2m > [22mAuthentication Service[2m > [22mRegister[2m > [22mshould register new user successfully
[31m[1mUnknown Error[22m: Unknown error occurred[39m
[31m[2m⎯⎯⎯⎯⎯⎯⎯⎯⎯⎯⎯⎯⎯⎯⎯⎯⎯⎯⎯⎯⎯⎯⎯⎯⎯⎯⎯⎯⎯⎯[22m[39m
[31m[1mSerialized Error:[22m[39m [90m{ code: 'UNKNOWN', userMessage: 'An unexpected error occurred. Please try again.', details: { code: 'UNKNOWN', message: 'Cannot read properties of undefined (reading \'headers\')', userMessage: 'An unexpected error occurred. Please try again.', timestamp: '2025-10-29T14:53:56.348Z', retryable: false }, timestamp: '2025-10-29T14:53:56.348Z', retryable: false }[39m
[31m[2m⎯⎯⎯⎯⎯⎯⎯⎯⎯⎯⎯⎯⎯⎯⎯⎯⎯⎯⎯⎯⎯[12/110]⎯[22m[39m

[31m[1m[7m FAIL [27m[22m[39m tests/integration/api-integration.test.ts[2m > [22mAuthentication Service[2m > [22mRegister[2m > [22mshould reject duplicate email
[31m[1mAssertionError[22m: expected { code: 'UNKNOWN', …(5) } to match object { response: { status: 409 } }
(11 matching properties omitted from actual)[39m

[32m- Expected[39m
[31m+ Received[39m

[2m  Object {[22m
[32m-   "response": Object {[39m
[32m-     "status": 409,[39m
[31m+   "code": "UNKNOWN",[39m
[31m+   "details": Object {[39m
[31m+     "code": "UNKNOWN",[39m
[31m+     "message": "Cannot read properties of undefined (reading 'headers')",[39m
[31m+     "retryable": false,[39m
[31m+     "timestamp": "2025-10-29T14:53:56.350Z",[39m
[31m+     "userMessage": "An unexpected error occurred. Please try again.",[39m
[2m    },[22m
[31m+   "message": "Unknown error occurred",[39m
[31m+   "retryable": false,[39m
[31m+   "timestamp": "2025-10-29T14:53:56.351Z",[39m
[31m+   "userMessage": "An unexpected error occurred. Please try again.",[39m
[2m  }[22m

[36m [2m❯[22m tests/integration/api-integration.test.ts:[2m226:7[22m[39m
    [90m224| [39m      }[33m;[39m
    [90m225| [39m
    [90m226| [39m      [35mawait[39m [34mexpect[39m(authService[33m.[39m[34mregister[39m(userData))[33m.[39mrejects[33m.[39m[34mtoMatchObje[39m…
    [90m   | [39m      [31m^[39m
    [90m227| [39m        response[33m:[39m {
    [90m228| [39m          status[33m:[39m [34m409[39m[33m,[39m

[31m[2m⎯⎯⎯⎯⎯⎯⎯⎯⎯⎯⎯⎯⎯⎯⎯⎯⎯⎯⎯⎯⎯[13/110]⎯[22m[39m

[31m[1m[7m FAIL [27m[22m[39m tests/integration/api-integration.test.ts[2m > [22mAuthentication Service[2m > [22mRegister[2m > [22mshould reject password mismatch
[31m[1mAssertionError[22m: expected { code: 'UNKNOWN', …(5) } to match object { response: { status: 422 } }
(11 matching properties omitted from actual)[39m

[32m- Expected[39m
[31m+ Received[39m

[2m  Object {[22m
[32m-   "response": Object {[39m
[32m-     "status": 422,[39m
[31m+   "code": "UNKNOWN",[39m
[31m+   "details": Object {[39m
[31m+     "code": "UNKNOWN",[39m
[31m+     "message": "Cannot read properties of undefined (reading 'headers')",[39m
[31m+     "retryable": false,[39m
[31m+     "timestamp": "2025-10-29T14:53:56.353Z",[39m
[31m+     "userMessage": "An unexpected error occurred. Please try again.",[39m
[2m    },[22m
[31m+   "message": "Unknown error occurred",[39m
[31m+   "retryable": false,[39m
[31m+   "timestamp": "2025-10-29T14:53:56.353Z",[39m
[31m+   "userMessage": "An unexpected error occurred. Please try again.",[39m
[2m  }[22m

[36m [2m❯[22m tests/integration/api-integration.test.ts:[2m244:7[22m[39m
    [90m242| [39m      }[33m;[39m
    [90m243| [39m
    [90m244| [39m      [35mawait[39m [34mexpect[39m(authService[33m.[39m[34mregister[39m(userData))[33m.[39mrejects[33m.[39m[34mtoMatchObje[39m…
    [90m   | [39m      [31m^[39m
    [90m245| [39m        response[33m:[39m {
    [90m246| [39m          status[33m:[39m [34m422[39m[33m,[39m

[31m[2m⎯⎯⎯⎯⎯⎯⎯⎯⎯⎯⎯⎯⎯⎯⎯⎯⎯⎯⎯⎯⎯[14/110]⎯[22m[39m

[31m[1m[7m FAIL [27m[22m[39m tests/integration/api-integration.test.ts[2m > [22mAuthentication Service[2m > [22mLogout[2m > [22mshould clear auth data on logout
[31m[1mUnknown Error[22m: Unknown error occurred[39m
[31m[2m⎯⎯⎯⎯⎯⎯⎯⎯⎯⎯⎯⎯⎯⎯⎯⎯⎯⎯⎯⎯⎯⎯⎯⎯⎯⎯⎯⎯⎯⎯[22m[39m
[31m[1mSerialized Error:[22m[39m [90m{ code: 'UNKNOWN', userMessage: 'An unexpected error occurred. Please try again.', details: { code: 'UNKNOWN', message: 'Cannot read properties of undefined (reading \'headers\')', userMessage: 'An unexpected error occurred. Please try again.', timestamp: '2025-10-29T14:53:56.356Z', retryable: false }, timestamp: '2025-10-29T14:53:56.356Z', retryable: false }[39m
[31m[2m⎯⎯⎯⎯⎯⎯⎯⎯⎯⎯⎯⎯⎯⎯⎯⎯⎯⎯⎯⎯⎯[15/110]⎯[22m[39m

[31m[1m[7m FAIL [27m[22m[39m tests/integration/api-integration.test.ts[2m > [22mProgress Service[2m > [22mshould update component progress
[31m[1mUnknown Error[22m: Unknown error occurred[39m
[31m[2m⎯⎯⎯⎯⎯⎯⎯⎯⎯⎯⎯⎯⎯⎯⎯⎯⎯⎯⎯⎯⎯⎯⎯⎯⎯⎯⎯⎯⎯⎯[22m[39m
[31m[1mSerialized Error:[22m[39m [90m{ code: 'UNKNOWN', userMessage: 'An unexpected error occurred. Please try again.', details: { code: 'UNKNOWN', message: 'Cannot read properties of undefined (reading \'headers\')', userMessage: 'An unexpected error occurred. Please try again.', timestamp: '2025-10-29T14:53:56.357Z', retryable: false }, timestamp: '2025-10-29T14:53:56.357Z', retryable: false }[39m
[31m[2m⎯⎯⎯⎯⎯⎯⎯⎯⎯⎯⎯⎯⎯⎯⎯⎯⎯⎯⎯⎯⎯[16/110]⎯[22m[39m

[31m[1m[7m FAIL [27m[22m[39m tests/integration/api-integration.test.ts[2m > [22mProgress Service[2m > [22mshould get all progress
[31m[1mUnknown Error[22m: Unknown error occurred[39m
[31m[2m⎯⎯⎯⎯⎯⎯⎯⎯⎯⎯⎯⎯⎯⎯⎯⎯⎯⎯⎯⎯⎯⎯⎯⎯⎯⎯⎯⎯⎯⎯[22m[39m
[31m[1mSerialized Error:[22m[39m [90m{ code: 'UNKNOWN', userMessage: 'An unexpected error occurred. Please try again.', details: { code: 'UNKNOWN', message: 'Cannot read properties of undefined (reading \'headers\')', userMessage: 'An unexpected error occurred. Please try again.', timestamp: '2025-10-29T14:53:56.359Z', retryable: false }, timestamp: '2025-10-29T14:53:56.359Z', retryable: false }[39m
[31m[2m⎯⎯⎯⎯⎯⎯⎯⎯⎯⎯⎯⎯⎯⎯⎯⎯⎯⎯⎯⎯⎯[17/110]⎯[22m[39m

[31m[1m[7m FAIL [27m[22m[39m tests/integration/api-integration.test.ts[2m > [22mAssessment Service[2m > [22mshould get quiz by ID
[31m[1mUnknown Error[22m: Unknown error occurred[39m
[31m[2m⎯⎯⎯⎯⎯⎯⎯⎯⎯⎯⎯⎯⎯⎯⎯⎯⎯⎯⎯⎯⎯⎯⎯⎯⎯⎯⎯⎯⎯⎯[22m[39m
[31m[1mSerialized Error:[22m[39m [90m{ code: 'UNKNOWN', userMessage: 'An unexpected error occurred. Please try again.', details: { code: 'UNKNOWN', message: 'Cannot read properties of undefined (reading \'headers\')', userMessage: 'An unexpected error occurred. Please try again.', timestamp: '2025-10-29T14:53:56.361Z', retryable: false }, timestamp: '2025-10-29T14:53:56.361Z', retryable: false }[39m
[31m[2m⎯⎯⎯⎯⎯⎯⎯⎯⎯⎯⎯⎯⎯⎯⎯⎯⎯⎯⎯⎯⎯[18/110]⎯[22m[39m

[31m[1m[7m FAIL [27m[22m[39m tests/integration/api-integration.test.ts[2m > [22mAssessment Service[2m > [22mshould submit quiz and calculate score
[31m[1mUnknown Error[22m: Unknown error occurred[39m
[31m[2m⎯⎯⎯⎯⎯⎯⎯⎯⎯⎯⎯⎯⎯⎯⎯⎯⎯⎯⎯⎯⎯⎯⎯⎯⎯⎯⎯⎯⎯⎯[22m[39m
[31m[1mSerialized Error:[22m[39m [90m{ code: 'UNKNOWN', userMessage: 'An unexpected error occurred. Please try again.', details: { code: 'UNKNOWN', message: 'Cannot read properties of undefined (reading \'headers\')', userMessage: 'An unexpected error occurred. Please try again.', timestamp: '2025-10-29T14:53:56.363Z', retryable: false }, timestamp: '2025-10-29T14:53:56.363Z', retryable: false }[39m
[31m[2m⎯⎯⎯⎯⎯⎯⎯⎯⎯⎯⎯⎯⎯⎯⎯⎯⎯⎯⎯⎯⎯[19/110]⎯[22m[39m

[31m[1m[7m FAIL [27m[22m[39m tests/integration/api-integration.test.ts[2m > [22mAssessment Service[2m > [22mshould store quiz attempts
[31m[1mUnknown Error[22m: Unknown error occurred[39m
[31m[2m⎯⎯⎯⎯⎯⎯⎯⎯⎯⎯⎯⎯⎯⎯⎯⎯⎯⎯⎯⎯⎯⎯⎯⎯⎯⎯⎯⎯⎯⎯[22m[39m
[31m[1mSerialized Error:[22m[39m [90m{ code: 'UNKNOWN', userMessage: 'An unexpected error occurred. Please try again.', details: { code: 'UNKNOWN', message: 'Cannot read properties of undefined (reading \'headers\')', userMessage: 'An unexpected error occurred. Please try again.', timestamp: '2025-10-29T14:53:56.364Z', retryable: false }, timestamp: '2025-10-29T14:53:56.364Z', retryable: false }[39m
[31m[2m⎯⎯⎯⎯⎯⎯⎯⎯⎯⎯⎯⎯⎯⎯⎯⎯⎯⎯⎯⎯⎯[20/110]⎯[22m[39m

[31m[1m[7m FAIL [27m[22m[39m tests/integration/api-integration.test.ts[2m > [22mUser Service[2m > [22mshould get user profile
[31m[1mUnknown Error[22m: Unknown error occurred[39m
[31m[2m⎯⎯⎯⎯⎯⎯⎯⎯⎯⎯⎯⎯⎯⎯⎯⎯⎯⎯⎯⎯⎯⎯⎯⎯⎯⎯⎯⎯⎯⎯[22m[39m
[31m[1mSerialized Error:[22m[39m [90m{ code: 'UNKNOWN', userMessage: 'An unexpected error occurred. Please try again.', details: { code: 'UNKNOWN', message: 'Cannot read properties of undefined (reading \'headers\')', userMessage: 'An unexpected error occurred. Please try again.', timestamp: '2025-10-29T14:53:56.366Z', retryable: false }, timestamp: '2025-10-29T14:53:56.367Z', retryable: false }[39m
[31m[2m⎯⎯⎯⎯⎯⎯⎯⎯⎯⎯⎯⎯⎯⎯⎯⎯⎯⎯⎯⎯⎯[21/110]⎯[22m[39m

[31m[1m[7m FAIL [27m[22m[39m tests/integration/api-integration.test.ts[2m > [22mUser Service[2m > [22mshould update user profile
[31m[1mUnknown Error[22m: Unknown error occurred[39m
[31m[2m⎯⎯⎯⎯⎯⎯⎯⎯⎯⎯⎯⎯⎯⎯⎯⎯⎯⎯⎯⎯⎯⎯⎯⎯⎯⎯⎯⎯⎯⎯[22m[39m
[31m[1mSerialized Error:[22m[39m [90m{ code: 'UNKNOWN', userMessage: 'An unexpected error occurred. Please try again.', details: { code: 'UNKNOWN', message: 'Cannot read properties of undefined (reading \'headers\')', userMessage: 'An unexpected error occurred. Please try again.', timestamp: '2025-10-29T14:53:56.371Z', retryable: false }, timestamp: '2025-10-29T14:53:56.371Z', retryable: false }[39m
[31m[2m⎯⎯⎯⎯⎯⎯⎯⎯⎯⎯⎯⎯⎯⎯⎯⎯⎯⎯⎯⎯⎯[22/110]⎯[22m[39m

[31m[1m[7m FAIL [27m[22m[39m tests/integration/api-integration.test.ts[2m > [22mUser Service[2m > [22mshould get user settings
[31m[1mUnknown Error[22m: Unknown error occurred[39m
[31m[2m⎯⎯⎯⎯⎯⎯⎯⎯⎯⎯⎯⎯⎯⎯⎯⎯⎯⎯⎯⎯⎯⎯⎯⎯⎯⎯⎯⎯⎯⎯[22m[39m
[31m[1mSerialized Error:[22m[39m [90m{ code: 'UNKNOWN', userMessage: 'An unexpected error occurred. Please try again.', details: { code: 'UNKNOWN', message: 'Cannot read properties of undefined (reading \'headers\')', userMessage: 'An unexpected error occurred. Please try again.', timestamp: '2025-10-29T14:53:56.382Z', retryable: false }, timestamp: '2025-10-29T14:53:56.382Z', retryable: false }[39m
[31m[2m⎯⎯⎯⎯⎯⎯⎯⎯⎯⎯⎯⎯⎯⎯⎯⎯⎯⎯⎯⎯⎯[23/110]⎯[22m[39m

[31m[1m[7m FAIL [27m[22m[39m tests/integration/api-integration.test.ts[2m > [22mUser Service[2m > [22mshould update user settings
[31m[1mUnknown Error[22m: Unknown error occurred[39m
[31m[2m⎯⎯⎯⎯⎯⎯⎯⎯⎯⎯⎯⎯⎯⎯⎯⎯⎯⎯⎯⎯⎯⎯⎯⎯⎯⎯⎯⎯⎯⎯[22m[39m
[31m[1mSerialized Error:[22m[39m [90m{ code: 'UNKNOWN', userMessage: 'An unexpected error occurred. Please try again.', details: { code: 'UNKNOWN', message: 'Cannot read properties of undefined (reading \'headers\')', userMessage: 'An unexpected error occurred. Please try again.', timestamp: '2025-10-29T14:53:56.385Z', retryable: false }, timestamp: '2025-10-29T14:53:56.385Z', retryable: false }[39m
[31m[2m⎯⎯⎯⎯⎯⎯⎯⎯⎯⎯⎯⎯⎯⎯⎯⎯⎯⎯⎯⎯⎯[24/110]⎯[22m[39m

[31m[1m[7m FAIL [27m[22m[39m tests/integration/auth-flow.test.tsx[2m > [22mLogin Flow[2m > [22mshould render login form
[31m[1m[7m FAIL [27m[22m[39m tests/integration/auth-flow.test.tsx[2m > [22mLogin Flow[2m > [22mshould validate email format
[31m[1m[7m FAIL [27m[22m[39m tests/integration/auth-flow.test.tsx[2m > [22mLogin Flow[2m > [22mshould require password
[31m[1m[7m FAIL [27m[22m[39m tests/integration/auth-flow.test.tsx[2m > [22mLogin Flow[2m > [22mshould login successfully with valid credentials
[31m[1m[7m FAIL [27m[22m[39m tests/integration/auth-flow.test.tsx[2m > [22mLogin Flow[2m > [22mshould show error for invalid credentials
[31m[1m[7m FAIL [27m[22m[39m tests/integration/auth-flow.test.tsx[2m > [22mLogin Flow[2m > [22mshould remember user when remember me is checked
[31m[1mError[22m: useAuth must be used within an AuthProvider[39m
[36m [2m❯[22m Module.useAuth src/contexts/AuthContext.tsx:[2m376:11[22m[39m
    [90m374| [39m  [35mconst[39m context [33m=[39m [34museContext[39m([33mAuthContext[39m)[33m;[39m
    [90m375| [39m  [35mif[39m (context [33m===[39m undefined) {
    [90m376| [39m    [35mthrow[39m [35mnew[39m [33mError[39m([32m'useAuth must be used within an AuthProvider'[39m)[33m;[39m
    [90m   | [39m          [31m^[39m
    [90m377| [39m  }
    [90m378| [39m  [35mreturn[39m context[33m;[39m
[90m [2m❯[22m LoginForm src/components/auth/LoginForm.tsx:[2m19:39[22m[39m
[90m [2m❯[22m renderWithHooks node_modules/react-dom/cjs/react-dom.development.js:[2m15486:18[22m[39m
[90m [2m❯[22m mountIndeterminateComponent node_modules/react-dom/cjs/react-dom.development.js:[2m20103:13[22m[39m
[90m [2m❯[22m beginWork node_modules/react-dom/cjs/react-dom.development.js:[2m21626:16[22m[39m
[90m [2m❯[22m beginWork$1 node_modules/react-dom/cjs/react-dom.development.js:[2m27465:14[22m[39m
[90m [2m❯[22m performUnitOfWork node_modules/react-dom/cjs/react-dom.development.js:[2m26599:12[22m[39m
[90m [2m❯[22m workLoopSync node_modules/react-dom/cjs/react-dom.development.js:[2m26505:5[22m[39m
[90m [2m❯[22m renderRootSync node_modules/react-dom/cjs/react-dom.development.js:[2m26473:7[22m[39m
[90m [2m❯[22m recoverFromConcurrentError node_modules/react-dom/cjs/react-dom.development.js:[2m25889:20[22m[39m

[31m[2m⎯⎯⎯⎯⎯⎯⎯⎯⎯⎯⎯⎯⎯⎯⎯⎯⎯⎯⎯⎯⎯[25/110]⎯[22m[39m

[31m[1m[7m FAIL [27m[22m[39m tests/integration/auth-flow.test.tsx[2m > [22mRegistration Flow[2m > [22mshould render registration form
[31m[1m[7m FAIL [27m[22m[39m tests/integration/auth-flow.test.tsx[2m > [22mRegistration Flow[2m > [22mshould validate password strength
[31m[1m[7m FAIL [27m[22m[39m tests/integration/auth-flow.test.tsx[2m > [22mRegistration Flow[2m > [22mshould validate password match
[31m[1m[7m FAIL [27m[22m[39m tests/integration/auth-flow.test.tsx[2m > [22mRegistration Flow[2m > [22mshould register successfully with valid data
[31m[1mError[22m: useAuth must be used within an AuthProvider[39m
[36m [2m❯[22m Module.useAuth src/contexts/AuthContext.tsx:[2m376:11[22m[39m
    [90m374| [39m  [35mconst[39m context [33m=[39m [34museContext[39m([33mAuthContext[39m)[33m;[39m
    [90m375| [39m  [35mif[39m (context [33m===[39m undefined) {
    [90m376| [39m    [35mthrow[39m [35mnew[39m [33mError[39m([32m'useAuth must be used within an AuthProvider'[39m)[33m;[39m
    [90m   | [39m          [31m^[39m
    [90m377| [39m  }
    [90m378| [39m  [35mreturn[39m context[33m;[39m
[90m [2m❯[22m RegisterForm src/components/auth/RegisterForm.tsx:[2m15:42[22m[39m
[90m [2m❯[22m renderWithHooks node_modules/react-dom/cjs/react-dom.development.js:[2m15486:18[22m[39m
[90m [2m❯[22m mountIndeterminateComponent node_modules/react-dom/cjs/react-dom.development.js:[2m20103:13[22m[39m
[90m [2m❯[22m beginWork node_modules/react-dom/cjs/react-dom.development.js:[2m21626:16[22m[39m
[90m [2m❯[22m beginWork$1 node_modules/react-dom/cjs/react-dom.development.js:[2m27465:14[22m[39m
[90m [2m❯[22m performUnitOfWork node_modules/react-dom/cjs/react-dom.development.js:[2m26599:12[22m[39m
[90m [2m❯[22m workLoopSync node_modules/react-dom/cjs/react-dom.development.js:[2m26505:5[22m[39m
[90m [2m❯[22m renderRootSync node_modules/react-dom/cjs/react-dom.development.js:[2m26473:7[22m[39m
[90m [2m❯[22m recoverFromConcurrentError node_modules/react-dom/cjs/react-dom.development.js:[2m25889:20[22m[39m

[31m[2m⎯⎯⎯⎯⎯⎯⎯⎯⎯⎯⎯⎯⎯⎯⎯⎯⎯⎯⎯⎯⎯[26/110]⎯[22m[39m

[31m[1m[7m FAIL [27m[22m[39m tests/integration/auth-flow.test.tsx[2m > [22mSession Management[2m > [22mshould clear session on logout
[31m[1mUnknown Error[22m: Unknown error occurred[39m
[31m[2m⎯⎯⎯⎯⎯⎯⎯⎯⎯⎯⎯⎯⎯⎯⎯⎯⎯⎯⎯⎯⎯⎯⎯⎯⎯⎯⎯⎯⎯⎯[22m[39m
[31m[1mSerialized Error:[22m[39m [90m{ code: 'UNKNOWN', userMessage: 'An unexpected error occurred. Please try again.', details: { code: 'UNKNOWN', message: 'Unknown error occurred', userMessage: 'An unexpected error occurred. Please try again.', details: { code: 'NOT_FOUND', message: 'Not found', userMessage: 'The requested resource was not found.', statusCode: 404, timestamp: '2025-10-29T14:53:49.514Z', retryable: false }, timestamp: '2025-10-29T14:53:49.514Z', retryable: false }, timestamp: '2025-10-29T14:53:49.514Z', retryable: false }[39m
[31m[2m⎯⎯⎯⎯⎯⎯⎯⎯⎯⎯⎯⎯⎯⎯⎯⎯⎯⎯⎯⎯⎯[27/110]⎯[22m[39m

[31m[1m[7m FAIL [27m[22m[39m tests/integration/navigation.test.tsx[2m > [22mNavigation Integration[2m > [22mRoute Navigation[2m > [22mshould navigate to cloud designer
[31m[1m[7m FAIL [27m[22m[39m tests/integration/navigation.test.tsx[2m > [22mNavigation Integration[2m > [22mRoute Navigation[2m > [22mshould navigate to protocol trainer
[31m[1m[7m FAIL [27m[22m[39m tests/integration/navigation.test.tsx[2m > [22mNavigation Integration[2m > [22mRoute Navigation[2m > [22mshould navigate to media matrix
[31m[1m[7m FAIL [27m[22m[39m tests/integration/navigation.test.tsx[2m > [22mNavigation Integration[2m > [22mRoute Navigation[2m > [22mshould navigate back to home
[31m[1m[7m FAIL [27m[22m[39m tests/integration/navigation.test.tsx[2m > [22mNavigation Integration[2m > [22mSidebar Navigation[2m > [22mshould highlight active route
[31m[1m[7m FAIL [27m[22m[39m tests/integration/navigation.test.tsx[2m > [22mNavigation Integration[2m > [22mSidebar Navigation[2m > [22mshould expand/collapse sidebar sections
[31m[1m[7m FAIL [27m[22m[39m tests/integration/navigation.test.tsx[2m > [22mNavigation Integration[2m > [22mSidebar Navigation[2m > [22mshould show progress indicators
[31m[1m[7m FAIL [27m[22m[39m tests/integration/navigation.test.tsx[2m > [22mNavigation Integration[2m > [22mBrowser History[2m > [22mshould support back button
[31m[1m[7m FAIL [27m[22m[39m tests/integration/navigation.test.tsx[2m > [22mNavigation Integration[2m > [22mBrowser History[2m > [22mshould support forward button
[31m[1m[7m FAIL [27m[22m[39m tests/integration/navigation.test.tsx[2m > [22mNavigation Integration[2m > [22mBrowser History[2m > [22mshould preserve state across navigation
[31m[1m[7m FAIL [27m[22m[39m tests/integration/navigation.test.tsx[2m > [22mNavigation Integration[2m > [22mDeep Linking[2m > [22mshould load directly to cloud designer
[31m[1m[7m FAIL [27m[22m[39m tests/integration/navigation.test.tsx[2m > [22mNavigation Integration[2m > [22mDeep Linking[2m > [22mshould load directly to protocol trainer
[31m[1m[7m FAIL [27m[22m[39m tests/integration/navigation.test.tsx[2m > [22mNavigation Integration[2m > [22mStore Integration[2m > [22mshould update currentPath in store on navigation
[31m[1m[7m FAIL [27m[22m[39m tests/integration/navigation.test.tsx[2m > [22mNavigation Integration[2m > [22mStore Integration[2m > [22mshould persist navigation state
[31m[1m[7m FAIL [27m[22m[39m tests/integration/navigation.test.tsx[2m > [22mNavigation Integration[2m > [22mBreadcrumbs[2m > [22mshould display breadcrumbs for nested routes
[31m[1m[7m FAIL [27m[22m[39m tests/integration/navigation.test.tsx[2m > [22mNavigation Integration[2m > [22mBreadcrumbs[2m > [22mshould navigate via breadcrumbs
[31m[1m[7m FAIL [27m[22m[39m tests/integration/navigation.test.tsx[2m > [22mNavigation Integration[2m > [22mMobile Navigation[2m > [22mshould show mobile menu button
[31m[1m[7m FAIL [27m[22m[39m tests/integration/navigation.test.tsx[2m > [22mNavigation Integration[2m > [22mMobile Navigation[2m > [22mshould toggle mobile menu
[31m[1m[7m FAIL [27m[22m[39m tests/integration/navigation.test.tsx[2m > [22mNavigation Integration[2m > [22mMobile Navigation[2m > [22mshould close mobile menu after navigation
[31m[1m[7m FAIL [27m[22m[39m tests/integration/navigation.test.tsx[2m > [22mNavigation Integration[2m > [22mNavigation Accessibility[2m > [22mshould support keyboard navigation
[31m[1m[7m FAIL [27m[22m[39m tests/integration/navigation.test.tsx[2m > [22mNavigation Integration[2m > [22mNavigation Accessibility[2m > [22mshould have proper aria-labels
[31m[1m[7m FAIL [27m[22m[39m tests/integration/navigation.test.tsx[2m > [22mNavigation Integration[2m > [22mNavigation Accessibility[2m > [22mshould announce route changes to screen readers
[31m[1m[7m FAIL [27m[22m[39m tests/integration/navigation.test.tsx[2m > [22mNavigation Integration[2m > [22mNavigation Performance[2m > [22mshould navigate quickly
[31m[1m[7m FAIL [27m[22m[39m tests/integration/navigation.test.tsx[2m > [22mNavigation Integration[2m > [22mNavigation Performance[2m > [22mshould not cause memory leaks on repeated navigation
[31m[1mError[22m: Element type is invalid: expected a string (for built-in components) or a class/function (for composite components) but got: undefined. You likely forgot to export your component from the file it's defined in, or you might have mixed up default and named imports.[39m
[90m [2m❯[22m createFiberFromTypeAndProps node_modules/react-dom/cjs/react-dom.development.js:[2m28478:17[22m[39m
[90m [2m❯[22m createFiberFromElement node_modules/react-dom/cjs/react-dom.development.js:[2m28504:15[22m[39m
[90m [2m❯[22m reconcileSingleElement node_modules/react-dom/cjs/react-dom.development.js:[2m13986:23[22m[39m
[90m [2m❯[22m reconcileChildFibers node_modules/react-dom/cjs/react-dom.development.js:[2m14044:35[22m[39m
[90m [2m❯[22m reconcileChildren node_modules/react-dom/cjs/react-dom.development.js:[2m19186:28[22m[39m
[90m [2m❯[22m updateContextProvider node_modules/react-dom/cjs/react-dom.development.js:[2m21193:3[22m[39m
[90m [2m❯[22m beginWork node_modules/react-dom/cjs/react-dom.development.js:[2m21688:14[22m[39m
[90m [2m❯[22m beginWork$1 node_modules/react-dom/cjs/react-dom.development.js:[2m27465:14[22m[39m
[90m [2m❯[22m performUnitOfWork node_modules/react-dom/cjs/react-dom.development.js:[2m26599:12[22m[39m
[90m [2m❯[22m workLoopSync node_modules/react-dom/cjs/react-dom.development.js:[2m26505:5[22m[39m

[31m[2m⎯⎯⎯⎯⎯⎯⎯⎯⎯⎯⎯⎯⎯⎯⎯⎯⎯⎯⎯⎯⎯[28/110]⎯[22m[39m

[31m[1m[7m FAIL [27m[22m[39m tests/integration/navigation.test.tsx[2m > [22mNavigation Integration[2m > [22mDeep Linking[2m > [22mshould handle invalid routes
[31m[1mTestingLibraryElementError[22m: Unable to find an element with the text: /Welcome|Not Found/i. This could be because the text is broken up by multiple elements. In this case, you can provide a function for your text matcher to make your matcher more flexible.

Ignored nodes: comments, script, style
[36m<body>[31m
  [36m<div />[31m
[36m</body>[31m[39m
[90m [2m❯[22m Object.getElementError node_modules/@testing-library/dom/dist/config.js:[2m37:19[22m[39m
[90m [2m❯[22m node_modules/@testing-library/dom/dist/query-helpers.js:[2m76:38[22m[39m
[90m [2m❯[22m node_modules/@testing-library/dom/dist/query-helpers.js:[2m52:17[22m[39m
[90m [2m❯[22m node_modules/@testing-library/dom/dist/query-helpers.js:[2m95:19[22m[39m
[36m [2m❯[22m tests/integration/navigation.test.tsx:[2m207:21[22m[39m
    [90m205| [39m
    [90m206| [39m      [90m// Should show 404 or redirect to home[39m
    [90m207| [39m      [34mexpect[39m(screen[33m.[39m[34mgetByText[39m([36m/Welcome|Not Found/i[39m))[33m.[39m[34mtoBeInTheDocument[39m…
    [90m   | [39m                    [31m^[39m
    [90m208| [39m    })[33m;[39m
    [90m209| [39m  })[33m;[39m

[31m[2m⎯⎯⎯⎯⎯⎯⎯⎯⎯⎯⎯⎯⎯⎯⎯⎯⎯⎯⎯⎯⎯[29/110]⎯[22m[39m

[31m[1m[7m FAIL [27m[22m[39m tests/integration/state-management.test.tsx[2m > [22mState Management Integration[2m > [22mProgress State[2m > [22mshould update component progress
[31m[1mTypeError[22m: Cannot read properties of undefined (reading 'cloud-designer')[39m
[36m [2m❯[22m tests/integration/state-management.test.tsx:[2m36:23[22m[39m
    [90m 34| [39m
    [90m 35| [39m      [35mconst[39m { progress } [33m=[39m useAppStore[33m.[39m[34mgetState[39m()[33m;[39m
    [90m 36| [39m      [34mexpect[39m(progress[33m.[39mcomponentScores[[32m'cloud-designer'[39m])[33m.[39m[34mtoBe[39m([34m85[39m)[33m;[39m
    [90m   | [39m                      [31m^[39m
    [90m 37| [39m    })[33m;[39m
    [90m 38| [39m

[31m[2m⎯⎯⎯⎯⎯⎯⎯⎯⎯⎯⎯⎯⎯⎯⎯⎯⎯⎯⎯⎯⎯[30/110]⎯[22m[39m

[31m[1m[7m FAIL [27m[22m[39m tests/integration/state-management.test.tsx[2m > [22mState Management Integration[2m > [22mProgress State[2m > [22mshould calculate total score correctly
[31m[1mAssertionError[22m: expected undefined to be 90 // Object.is equality[39m

[32m- Expected:[39m 
90

[31m+ Received:[39m 
undefined

[36m [2m❯[22m tests/integration/state-management.test.tsx:[2m49:35[22m[39m
    [90m 47| [39m
    [90m 48| [39m      [35mconst[39m { progress } [33m=[39m useAppStore[33m.[39m[34mgetState[39m()[33m;[39m
    [90m 49| [39m      [34mexpect[39m(progress[33m.[39mtotalScore)[33m.[39m[34mtoBe[39m([34m90[39m)[33m;[39m [90m// Average of 80, 90, 100[39m
    [90m   | [39m                                  [31m^[39m
    [90m 50| [39m    })[33m;[39m
    [90m 51| [39m

[31m[2m⎯⎯⎯⎯⎯⎯⎯⎯⎯⎯⎯⎯⎯⎯⎯⎯⎯⎯⎯⎯⎯[31/110]⎯[22m[39m

[31m[1m[7m FAIL [27m[22m[39m tests/integration/state-management.test.tsx[2m > [22mState Management Integration[2m > [22mProgress State[2m > [22mshould mark components as complete
[31m[1mAssertionError[22m: the given combination of arguments (undefined and string) is invalid for this assertion. You can use an array, a map, an object, a set, a string, or a weakset instead of a string[39m
[36m [2m❯[22m tests/integration/state-management.test.tsx:[2m60:44[22m[39m
    [90m 58| [39m
    [90m 59| [39m      [35mconst[39m { progress } [33m=[39m useAppStore[33m.[39m[34mgetState[39m()[33m;[39m
    [90m 60| [39m      [34mexpect[39m(progress[33m.[39mcompletedComponents)[33m.[39m[34mtoContain[39m([32m'cloud-designer'[39m)[33m;[39m
    [90m   | [39m                                           [31m^[39m
    [90m 61| [39m    })[33m;[39m
    [90m 62| [39m

[31m[2m⎯⎯⎯⎯⎯⎯⎯⎯⎯⎯⎯⎯⎯⎯⎯⎯⎯⎯⎯⎯⎯[32/110]⎯[22m[39m

[31m[1m[7m FAIL [27m[22m[39m tests/integration/state-management.test.tsx[2m > [22mState Management Integration[2m > [22mProgress State[2m > [22mshould not duplicate completed components
[31m[1mTypeError[22m: Cannot read properties of undefined (reading 'filter')[39m
[36m [2m❯[22m tests/integration/state-management.test.tsx:[2m73:50[22m[39m
    [90m 71| [39m
    [90m 72| [39m      [35mconst[39m { progress } [33m=[39m useAppStore[33m.[39m[34mgetState[39m()[33m;[39m
    [90m 73| [39m      [35mconst[39m count [33m=[39m progress[33m.[39mcompletedComponents[33m.[39m[34mfilter[39m(
    [90m   | [39m                                                 [31m^[39m
    [90m 74| [39m        id [33m=>[39m id [33m===[39m [32m'cloud-designer'[39m
    [90m 75| [39m      )[33m.[39mlength[33m;[39m

[31m[2m⎯⎯⎯⎯⎯⎯⎯⎯⎯⎯⎯⎯⎯⎯⎯⎯⎯⎯⎯⎯⎯[33/110]⎯[22m[39m

[31m[1m[7m FAIL [27m[22m[39m tests/integration/state-management.test.tsx[2m > [22mState Management Integration[2m > [22mProgress State[2m > [22mshould update last activity timestamp
[31m[1mAssertionError[22m: expected NaN to be greater than or equal to 1761749612622[39m
[36m [2m❯[22m tests/integration/state-management.test.tsx:[2m89:28[22m[39m
    [90m 87| [39m      [35mconst[39m { progress } [33m=[39m useAppStore[33m.[39m[34mgetState[39m()[33m;[39m
    [90m 88| [39m      [35mconst[39m activityTime [33m=[39m [35mnew[39m [33mDate[39m(progress[33m.[39mlastActivity)[33m.[39m[34mgetTime[39m()[33m;[39m
    [90m 89| [39m      [34mexpect[39m(activityTime)[33m.[39m[34mtoBeGreaterThanOrEqual[39m(beforeTime)[33m;[39m
    [90m   | [39m                           [31m^[39m
    [90m 90| [39m    })[33m;[39m
    [90m 91| [39m  })[33m;[39m

[31m[2m⎯⎯⎯⎯⎯⎯⎯⎯⎯⎯⎯⎯⎯⎯⎯⎯⎯⎯⎯⎯⎯[34/110]⎯[22m[39m

[31m[1m[7m FAIL [27m[22m[39m tests/integration/state-management.test.tsx[2m > [22mState Management Integration[2m > [22mState Persistence[2m > [22mshould persist progress to localStorage
[31m[1mTypeError[22m: Cannot read properties of undefined (reading 'cloud-designer')[39m
[36m [2m❯[22m tests/integration/state-management.test.tsx:[2m207:36[22m[39m
    [90m205| [39m
    [90m206| [39m      [35mconst[39m parsed [33m=[39m [33mJSON[39m[33m.[39m[34mparse[39m(stored[33m![39m)[33m;[39m
    [90m207| [39m      [34mexpect[39m(parsed[33m.[39mstate[33m.[39mprogress[33m.[39mcomponentScores[[32m'cloud-designer'[39m])[33m.[39m…
    [90m   | [39m                                   [31m^[39m
    [90m208| [39m    })[33m;[39m
    [90m209| [39m

[31m[2m⎯⎯⎯⎯⎯⎯⎯⎯⎯⎯⎯⎯⎯⎯⎯⎯⎯⎯⎯⎯⎯[35/110]⎯[22m[39m

[31m[1m[7m FAIL [27m[22m[39m tests/integration/state-management.test.tsx[2m > [22mState Management Integration[2m > [22mMultiple Updates[2m > [22mshould handle rapid successive updates
[31m[1mTypeError[22m: Cannot convert undefined or null to object[39m
[36m [2m❯[22m tests/integration/state-management.test.tsx:[2m272:21[22m[39m
    [90m270| [39m
    [90m271| [39m      [35mconst[39m { progress } [33m=[39m useAppStore[33m.[39m[34mgetState[39m()[33m;[39m
    [90m272| [39m      [34mexpect[39m([33mObject[39m[33m.[39m[34mkeys[39m(progress[33m.[39mcomponentScores)[33m.[39mlength)[33m.[39m[34mtoBe[39m([34m100[39m)[33m;[39m
    [90m   | [39m                    [31m^[39m
    [90m273| [39m    })[33m;[39m
    [90m274| [39m

[31m[2m⎯⎯⎯⎯⎯⎯⎯⎯⎯⎯⎯⎯⎯⎯⎯⎯⎯⎯⎯⎯⎯[36/110]⎯[22m[39m

[31m[1m[7m FAIL [27m[22m[39m tests/integration/state-management.test.tsx[2m > [22mState Management Integration[2m > [22mMultiple Updates[2m > [22mshould maintain data consistency with concurrent updates
[31m[1mTypeError[22m: Cannot read properties of undefined (reading 'component-1')[39m
[36m [2m❯[22m tests/integration/state-management.test.tsx:[2m285:23[22m[39m
    [90m283| [39m
    [90m284| [39m      [35mconst[39m { progress } [33m=[39m useAppStore[33m.[39m[34mgetState[39m()[33m;[39m
    [90m285| [39m      [34mexpect[39m(progress[33m.[39mcomponentScores[[32m'component-1'[39m])[33m.[39m[34mtoBe[39m([34m85[39m)[33m;[39m
    [90m   | [39m                      [31m^[39m
    [90m286| [39m      [34mexpect[39m(progress[33m.[39mcompletedComponents)[33m.[39m[34mtoContain[39m([32m'component-1'[39m)[33m;[39m
    [90m287| [39m    })[33m;[39m

[31m[2m⎯⎯⎯⎯⎯⎯⎯⎯⎯⎯⎯⎯⎯⎯⎯⎯⎯⎯⎯⎯⎯[37/110]⎯[22m[39m

[31m[1m[7m FAIL [27m[22m[39m tests/integration/state-management.test.tsx[2m > [22mState Management Integration[2m > [22mEdge Cases[2m > [22mshould handle empty component ID
[31m[1mTypeError[22m: Cannot read properties of undefined (reading '')[39m
[36m [2m❯[22m tests/integration/state-management.test.tsx:[2m303:23[22m[39m
    [90m301| [39m
    [90m302| [39m      [35mconst[39m { progress } [33m=[39m useAppStore[33m.[39m[34mgetState[39m()[33m;[39m
    [90m303| [39m      [34mexpect[39m(progress[33m.[39mcomponentScores[[32m''[39m])[33m.[39m[34mtoBe[39m([34m75[39m)[33m;[39m
    [90m   | [39m                      [31m^[39m
    [90m304| [39m    })[33m;[39m
    [90m305| [39m

[31m[2m⎯⎯⎯⎯⎯⎯⎯⎯⎯⎯⎯⎯⎯⎯⎯⎯⎯⎯⎯⎯⎯[38/110]⎯[22m[39m

[31m[1m[7m FAIL [27m[22m[39m tests/integration/state-management.test.tsx[2m > [22mState Management Integration[2m > [22mEdge Cases[2m > [22mshould handle negative scores
[31m[1mTypeError[22m: Cannot read properties of undefined (reading 'component-1')[39m
[36m [2m❯[22m tests/integration/state-management.test.tsx:[2m315:23[22m[39m
    [90m313| [39m      [35mconst[39m { progress } [33m=[39m useAppStore[33m.[39m[34mgetState[39m()[33m;[39m
    [90m314| [39m      [90m// Should accept but totalScore calculation might clamp[39m
    [90m315| [39m      [34mexpect[39m(progress[33m.[39mcomponentScores[[32m'component-1'[39m])[33m.[39m[34mtoBe[39m([33m-[39m[34m10[39m)[33m;[39m
    [90m   | [39m                      [31m^[39m
    [90m316| [39m    })[33m;[39m
    [90m317| [39m

[31m[2m⎯⎯⎯⎯⎯⎯⎯⎯⎯⎯⎯⎯⎯⎯⎯⎯⎯⎯⎯⎯⎯[39/110]⎯[22m[39m

[31m[1m[7m FAIL [27m[22m[39m tests/integration/state-management.test.tsx[2m > [22mState Management Integration[2m > [22mEdge Cases[2m > [22mshould handle scores over 100
[31m[1mTypeError[22m: Cannot read properties of undefined (reading 'component-1')[39m
[36m [2m❯[22m tests/integration/state-management.test.tsx:[2m326:23[22m[39m
    [90m324| [39m
    [90m325| [39m      [35mconst[39m { progress } [33m=[39m useAppStore[33m.[39m[34mgetState[39m()[33m;[39m
    [90m326| [39m      [34mexpect[39m(progress[33m.[39mcomponentScores[[32m'component-1'[39m])[33m.[39m[34mtoBe[39m([34m150[39m)[33m;[39m
    [90m   | [39m                      [31m^[39m
    [90m327| [39m    })[33m;[39m
    [90m328| [39m

[31m[2m⎯⎯⎯⎯⎯⎯⎯⎯⎯⎯⎯⎯⎯⎯⎯⎯⎯⎯⎯⎯⎯[40/110]⎯[22m[39m

[31m[1m[7m FAIL [27m[22m[39m tests/integration/state-management.test.tsx[2m > [22mState Management Integration[2m > [22mSubscribers[2m > [22mshould notify subscribers on state change
[31m[1mTypeError[22m: Cannot read properties of undefined (reading 'test-component')[39m
[36m [2m❯[22m tests/integration/state-management.test.tsx:[2m385:28[22m[39m
    [90m383| [39m
    [90m384| [39m      [35mconst[39m unsubscribe [33m=[39m useAppStore[33m.[39m[34msubscribe[39m((state) [33m=>[39m {
    [90m385| [39m        [35mif[39m (state[33m.[39mprogress[33m.[39mcomponentScores[[32m'test-component'[39m]) {
    [90m   | [39m                           [31m^[39m
    [90m386| [39m          notified [33m=[39m [35mtrue[39m[33m;[39m
    [90m387| [39m        }
[90m [2m❯[22m node_modules/zustand/esm/vanilla.mjs:[2m9:39[22m[39m
[90m [2m❯[22m setState node_modules/zustand/esm/vanilla.mjs:[2m9:17[22m[39m
[90m [2m❯[22m node_modules/zustand/esm/middleware.mjs:[2m368:7[22m[39m
[90m [2m❯[22m Object.updateProgress src/store/index.ts:[2m46:9[22m[39m
[90m [2m❯[22m tests/integration/state-management.test.tsx:[2m393:15[22m[39m
[90m [2m❯[22m node_modules/@testing-library/react/dist/act-compat.js:[2m48:24[22m[39m
[90m [2m❯[22m act node_modules/react/cjs/react.development.js:[2m2512:16[22m[39m
[90m [2m❯[22m Proxy.<anonymous> node_modules/@testing-library/react/dist/act-compat.js:[2m47:25[22m[39m

[31m[2m⎯⎯⎯⎯⎯⎯⎯⎯⎯⎯⎯⎯⎯⎯⎯⎯⎯⎯⎯⎯⎯[41/110]⎯[22m[39m

[31m[1m[7m FAIL [27m[22m[39m tests/integration/state-management.test.tsx[2m > [22mState Management Integration[2m > [22mSubscribers[2m > [22mshould allow multiple subscribers
[31m[1mTypeError[22m: Cannot read properties of undefined (reading 'test-component')[39m
[36m [2m❯[22m tests/integration/state-management.test.tsx:[2m385:28[22m[39m
    [90m383| [39m
    [90m384| [39m      [35mconst[39m unsubscribe [33m=[39m useAppStore[33m.[39m[34msubscribe[39m((state) [33m=>[39m {
    [90m385| [39m        [35mif[39m (state[33m.[39mprogress[33m.[39mcomponentScores[[32m'test-component'[39m]) {
    [90m   | [39m                           [31m^[39m
    [90m386| [39m          notified [33m=[39m [35mtrue[39m[33m;[39m
    [90m387| [39m        }
[90m [2m❯[22m node_modules/zustand/esm/vanilla.mjs:[2m9:39[22m[39m
[90m [2m❯[22m setState node_modules/zustand/esm/vanilla.mjs:[2m9:17[22m[39m
[90m [2m❯[22m node_modules/zustand/esm/middleware.mjs:[2m368:7[22m[39m
[90m [2m❯[22m Object.setCurrentPath src/store/index.ts:[2m71:41[22m[39m
[90m [2m❯[22m tests/integration/state-management.test.tsx:[2m14:11[22m[39m

[31m[2m⎯⎯⎯⎯⎯⎯⎯⎯⎯⎯⎯⎯⎯⎯⎯⎯⎯⎯⎯⎯⎯[42/110]⎯[22m[39m

[31m[1m[7m FAIL [27m[22m[39m tests/unit/assessment.test.ts[2m > [22mIntegrated Assessment Component[2m > [22mIntegrated Scoring System[2m > [22mshould calculate domain mastery levels
[31m[1mAssertionError[22m: expected 'Proficient' to be 'Competent' // Object.is equality[39m

Expected: [32m"[7mCompet[27ment"[39m
Received: [31m"[7mProfici[27ment"[39m

[36m [2m❯[22m tests/unit/assessment.test.ts:[2m154:35[22m[39m
    [90m152| [39m      [34mexpect[39m(mastery[[32m'Network Topologies'[39m])[33m.[39m[34mtoBe[39m([32m'Expert'[39m)[33m;[39m
    [90m153| [39m      [34mexpect[39m(mastery[[32m'OSI Model'[39m])[33m.[39m[34mtoBe[39m([32m'Proficient'[39m)[33m;[39m
    [90m154| [39m      [34mexpect[39m(mastery[[32m'Security'[39m])[33m.[39m[34mtoBe[39m([32m'Competent'[39m)[33m;[39m
    [90m   | [39m                                  [31m^[39m
    [90m155| [39m    })[33m;[39m
    [90m156| [39m  })[33m;[39m

[31m[2m⎯⎯⎯⎯⎯⎯⎯⎯⎯⎯⎯⎯⎯⎯⎯⎯⎯⎯⎯⎯⎯[43/110]⎯[22m[39m

[31m[1m[7m FAIL [27m[22m[39m tests/unit/cloud.test.ts[2m > [22mCloud Architecture Component[2m > [22mCloud Cost Optimization[2m > [22mshould recommend right-sizing for oversized instances
[31m[1mAssertionError[22m: expected 'maintain' to be 'downsize' // Object.is equality[39m

Expected: [32m"downsize"[39m
Received: [31m"maintain"[39m

[36m [2m❯[22m tests/unit/cloud.test.ts:[2m180:37[22m[39m
    [90m178| [39m
    [90m179| [39m      [35mconst[39m recommendation [33m=[39m [34mrecommendRightSizing[39m(utilization)[33m;[39m
    [90m180| [39m      [34mexpect[39m(recommendation[33m.[39maction)[33m.[39m[34mtoBe[39m([32m'downsize'[39m)[33m;[39m
    [90m   | [39m                                    [31m^[39m
    [90m181| [39m      [34mexpect[39m(recommendation[33m.[39msuggestedInstance)[33m.[39m[34mtoBe[39m([32m't3.large'[39m)[33m;[39m
    [90m182| [39m    })[33m;[39m

[31m[2m⎯⎯⎯⎯⎯⎯⎯⎯⎯⎯⎯⎯⎯⎯⎯⎯⎯⎯⎯⎯⎯[44/110]⎯[22m[39m

[31m[1m[7m FAIL [27m[22m[39m tests/unit/ipv4.test.ts[2m > [22mIPv4 Addressing Component[2m > [22mCIDR and Subnet Mask Conversion[2m > [22mshould handle edge case subnet masks
[31m[1mAssertionError[22m: expected '255.255.255.255' to be '0.0.0.0' // Object.is equality[39m

Expected: [32m"0.0.0.0"[39m
Received: [31m"255.255.255.255"[39m

[36m [2m❯[22m tests/unit/ipv4.test.ts:[2m82:35[22m[39m
    [90m 80| [39m    [34mit[39m([32m'should handle edge case subnet masks'[39m[33m,[39m () [33m=>[39m {
    [90m 81| [39m      [34mexpect[39m([34mcidrToSubnetMask[39m([34m32[39m))[33m.[39m[34mtoBe[39m([32m'255.255.255.255'[39m)[33m;[39m
    [90m 82| [39m      [34mexpect[39m([34mcidrToSubnetMask[39m([34m0[39m))[33m.[39m[34mtoBe[39m([32m'0.0.0.0'[39m)[33m;[39m
    [90m   | [39m                                  [31m^[39m
    [90m 83| [39m    })[33m;[39m
    [90m 84| [39m  })[33m;[39m

[31m[2m⎯⎯⎯⎯⎯⎯⎯⎯⎯⎯⎯⎯⎯⎯⎯⎯⎯⎯⎯⎯⎯[45/110]⎯[22m[39m

[31m[1m[7m FAIL [27m[22m[39m tests/unit/modern.test.ts[2m > [22mModern Technologies Component[2m > [22mIPv6 Addressing[2m > [22mshould compress IPv6 addresses correctly
[31m[1mAssertionError[22m: expected '2001:db8:::1' to be '2001:db8::1' // Object.is equality[39m

Expected: [32m"2001:db8::1"[39m
Received: [31m"2001:db8::[7m:[27m1"[39m

[36m [2m❯[22m tests/unit/modern.test.ts:[2m40:26[22m[39m
    [90m 38| [39m      [35mconst[39m compressed [33m=[39m [34mcompressIPv6[39m(address)[33m;[39m
    [90m 39| [39m
    [90m 40| [39m      [34mexpect[39m(compressed)[33m.[39m[34mtoBe[39m([32m'2001:db8::1'[39m)[33m;[39m
    [90m   | [39m                         [31m^[39m
    [90m 41| [39m    })[33m;[39m
    [90m 42| [39m

[31m[2m⎯⎯⎯⎯⎯⎯⎯⎯⎯⎯⎯⎯⎯⎯⎯⎯⎯⎯⎯⎯⎯[46/110]⎯[22m[39m

[31m[1m[7m FAIL [27m[22m[39m tests/unit/modern.test.ts[2m > [22mModern Technologies Component[2m > [22mInfrastructure as Code (IaC)[2m > [22mshould calculate IaC adoption benefits
[31m[1mAssertionError[22m: expected 90 to be greater than 90[39m
[36m [2m❯[22m tests/unit/modern.test.ts:[2m296:39[22m[39m
    [90m294| [39m
    [90m295| [39m      [34mexpect[39m(benefits[33m.[39mtimeReduction)[33m.[39m[34mtoBeGreaterThan[39m([34m90[39m)[33m;[39m
    [90m296| [39m      [34mexpect[39m(benefits[33m.[39merrorReduction)[33m.[39m[34mtoBeGreaterThan[39m([34m90[39m)[33m;[39m
    [90m   | [39m                                      [31m^[39m
    [90m297| [39m    })[33m;[39m
    [90m298| [39m  })[33m;[39m

[31m[2m⎯⎯⎯⎯⎯⎯⎯⎯⎯⎯⎯⎯⎯⎯⎯⎯⎯⎯⎯⎯⎯[47/110]⎯[22m[39m

[31m[1m[7m FAIL [27m[22m[39m tests/unit/components/App.test.tsx[2m > [22mApp Component[2m > [22mProgress Integration[2m > [22mshould calculate overall progress
[31m[1mAssertionError[22m: expected 3 to be 2 // Object.is equality[39m

[32m- Expected[39m
[31m+ Received[39m

[32m- 2[39m
[31m+ 3[39m

[36m [2m❯[22m tests/unit/components/App.test.tsx:[2m153:38[22m[39m
    [90m151| [39m
    [90m152| [39m      [35mconst[39m overall [33m=[39m result[33m.[39mcurrent[33m.[39m[34mgetOverallProgress[39m()[33m;[39m
    [90m153| [39m      [34mexpect[39m(overall[33m.[39mtotalCompleted)[33m.[39m[34mtoBe[39m([34m2[39m)[33m;[39m
    [90m   | [39m                                     [31m^[39m
    [90m154| [39m      [34mexpect[39m(overall[33m.[39maverageScore)[33m.[39m[34mtoBeCloseTo[39m([34m92.5[39m[33m,[39m [34m1[39m)[33m;[39m
    [90m155| [39m    })[33m;[39m

[31m[2m⎯⎯⎯⎯⎯⎯⎯⎯⎯⎯⎯⎯⎯⎯⎯⎯⎯⎯⎯⎯⎯[48/110]⎯[22m[39m

[31m[1m[7m FAIL [27m[22m[39m tests/unit/components/App.test.tsx[2m > [22mApp Component[2m > [22mError Handling[2m > [22mshould render with missing localStorage
[31m[1mAssertionError[22m: expected [Function] to not throw an error but 'TypeError: Cannot read properties of …' was thrown[39m

[32m- Expected:[39m 
undefined

[31m+ Received:[39m 
"TypeError: Cannot read properties of undefined (reading 'getItem')"

[36m [2m❯[22m tests/unit/components/App.test.tsx:[2m225:14[22m[39m
    [90m223| [39m      [34mexpect[39m(() [33m=>[39m {
    [90m224| [39m        [34mrender[39m([33m<[39m[33mApp[39m [33m/[39m[33m>[39m)[33m;[39m
    [90m225| [39m      })[33m.[39mnot[33m.[39m[34mtoThrow[39m()[33m;[39m
    [90m   | [39m             [31m^[39m
    [90m226| [39m
    [90m227| [39m      [90m// Restore localStorage[39m

[31m[2m⎯⎯⎯⎯⎯⎯⎯⎯⎯⎯⎯⎯⎯⎯⎯⎯⎯⎯⎯⎯⎯[49/110]⎯[22m[39m

[31m[1m[7m FAIL [27m[22m[39m tests/unit/components/App.test.tsx[2m > [22mApp Component[2m > [22mStrictMode[2m > [22mshould run effects twice in development (StrictMode behavior)
[31m[1mReferenceError[22m: React is not defined[39m
[36m [2m❯[22m tests/unit/components/App.test.tsx:[2m240:33[22m[39m
    [90m238| [39m
    [90m239| [39m      [90m// Mock a component to track effect runs[39m
    [90m240| [39m      [35mconst[39m originalUseEffect [33m=[39m [33mReact[39m[33m.[39museEffect[33m;[39m
    [90m   | [39m                                [31m^[39m
    [90m241| [39m      vi[33m.[39m[34mspyOn[39m([33mReact[39m[33m,[39m [32m'useEffect'[39m)[33m.[39m[34mmockImplementation[39m((effect[33m,[39m deps) [33m=[39m…
    [90m242| [39m        effectCount[33m++[39m[33m;[39m

[31m[2m⎯⎯⎯⎯⎯⎯⎯⎯⎯⎯⎯⎯⎯⎯⎯⎯⎯⎯⎯⎯⎯[50/110]⎯[22m[39m

[31m[1m[7m FAIL [27m[22m[39m tests/unit/components/App.test.tsx[2m > [22mApp Component[2m > [22mPerformance[2m > [22mshould render within acceptable time
[31m[1m[7m FAIL [27m[22m[39m tests/unit/components/App.test.tsx[2m > [22mApp Component[2m > [22mPerformance[2m > [22mshould not cause memory leaks on unmount
[31m[1m[7m FAIL [27m[22m[39m tests/unit/components/App.test.tsx[2m > [22mApp Component[2m > [22mMultiple Instances[2m > [22mshould handle multiple app instances gracefully
[31m[1m[7m FAIL [27m[22m[39m tests/unit/components/App.test.tsx[2m > [22mApp Component[2m > [22mMultiple Instances[2m > [22mshould share state across app instances via stores
[31m[1mTypeError[22m: Cannot read properties of undefined (reading 'getItem')[39m
[36m [2m❯[22m Module.getAuthData src/utils/auth.ts:[2m150:30[22m[39m
    [90m148| [39m */[39m
    [90m149| [39m[35mexport[39m [35mconst[39m getAuthData [33m=[39m ()[33m:[39m { user[33m:[39m [33mUser[39m[33m;[39m token[33m:[39m string } [33m|[39m [35mnull[39m [33m=>[39m…
    [90m150| [39m  [35mconst[39m token [33m=[39m localStorage[33m.[39m[34mgetItem[39m([33mSTORAGE_KEYS[39m[33m.[39m[33mTOKEN[39m) [33m||[39m
    [90m   | [39m                             [31m^[39m
    [90m151| [39m                sessionStorage[33m.[39m[34mgetItem[39m([33mSTORAGE_KEYS[39m[33m.[39m[33mTOKEN[39m)[33m;[39m
    [90m152| [39m  [35mconst[39m userStr [33m=[39m localStorage[33m.[39m[34mgetItem[39m([33mSTORAGE_KEYS[39m[33m.[39m[33mUSER[39m) [33m||[39m
[90m [2m❯[22m src/contexts/AuthContext.tsx:[2m259:22[22m[39m
[90m [2m❯[22m src/contexts/AuthContext.tsx:[2m308:5[22m[39m
[90m [2m❯[22m commitHookEffectListMount node_modules/react-dom/cjs/react-dom.development.js:[2m23189:26[22m[39m
[90m [2m❯[22m commitPassiveMountOnFiber node_modules/react-dom/cjs/react-dom.development.js:[2m24970:11[22m[39m
[90m [2m❯[22m commitPassiveMountEffects_complete node_modules/react-dom/cjs/react-dom.development.js:[2m24930:9[22m[39m
[90m [2m❯[22m commitPassiveMountEffects_begin node_modules/react-dom/cjs/react-dom.development.js:[2m24917:7[22m[39m
[90m [2m❯[22m commitPassiveMountEffects node_modules/react-dom/cjs/react-dom.development.js:[2m24905:3[22m[39m
[90m [2m❯[22m flushPassiveEffectsImpl node_modules/react-dom/cjs/react-dom.development.js:[2m27078:3[22m[39m
[90m [2m❯[22m flushPassiveEffects node_modules/react-dom/cjs/react-dom.development.js:[2m27023:14[22m[39m

[31m[2m⎯⎯⎯⎯⎯⎯⎯⎯⎯⎯⎯⎯⎯⎯⎯⎯⎯⎯⎯⎯⎯[51/110]⎯[22m[39m

[31m[1m[7m FAIL [27m[22m[39m tests/unit/components/ErrorBoundary.test.tsx[2m > [22mErrorBoundary[2m > [22mError Display[2m > [22mshould display error icon
[31m[1mTestingLibraryElementError[22m: Unable to find an element with the role "img"

Here are the available roles:

  heading:

  Name "Oops! Something went wrong":
  [36m<h1[31m
    [33mclass[31m=[32m"text-2xl font-bold text-gray-900 dark:text-white mb-2"[31m
  [36m/>[31m

  --------------------------------------------------
  paragraph:

  Name "":
  [36m<p[31m
    [33mclass[31m=[32m"text-gray-600 dark:text-gray-400 mb-6"[31m
  [36m/>[31m

  Name "":
  [36m<p[31m
    [33mclass[31m=[32m"text-sm text-red-800 dark:text-red-200 font-mono"[31m
  [36m/>[31m

  --------------------------------------------------
  link:

  Name "Go to Home Page":
  [36m<a[31m
    [33mclass[31m=[32m"block w-full bg-blue-600 hover:bg-blue-700 text-white font-semibold py-2 px-4 rounded-lg transition-colors"[31m
    [33mhref[31m=[32m"/"[31m
  [36m/>[31m

  --------------------------------------------------
  button:

  Name "Reload Page":
  [36m<button[31m
    [33mclass[31m=[32m"block w-full bg-gray-200 dark:bg-gray-700 hover:bg-gray-300 dark:hover:bg-gray-600 text-gray-900 dark:text-white font-semibold py-2 px-4 rounded-lg transition-colors"[31m
  [36m/>[31m

  --------------------------------------------------

Ignored nodes: comments, script, style
[36m<body>[31m
  [36m<div>[31m
    [36m<div[31m
      [33mclass[31m=[32m"min-h-screen bg-gray-50 dark:bg-gray-900 flex items-center justify-center p-4"[31m
    [36m>[31m
      [36m<div[31m
        [33mclass[31m=[32m"max-w-md w-full bg-white dark:bg-gray-800 rounded-lg shadow-lg p-8 text-center"[31m
      [36m>[31m
        [36m<div[31m
          [33mclass[31m=[32m"w-16 h-16 bg-red-100 dark:bg-red-900/30 rounded-full flex items-center justify-center mx-auto mb-4"[31m
        [36m>[31m
          [36m<svg[31m
            [33mclass[31m=[32m"w-8 h-8 text-red-600 dark:text-red-400"[31m
            [33mfill[31m=[32m"none"[31m
            [33mstroke[31m=[32m"currentColor"[31m
            [33mviewBox[31m=[32m"0 0 24 24"[31m
          [36m>[31m
            [36m<path[31m
              [33md[31m=[32m"M12 9v2m0 4h.01m-6.938 4h13.856c1.54 0 2.502-1.667 1.732-3L13.732 4c-.77-1.333-2.694-1.333-3.464 0L3.34 16c-.77 1.333.192 3 1.732 3z"[31m
              [33mstroke-linecap[31m=[32m"round"[31m
              [33mstroke-linejoin[31m=[32m"round"[31m
              [33mstroke-width[31m=[32m"2"[31m
            [36m/>[31m
          [36m</svg>[31m
        [36m</div>[31m
        [36m<h1[31m
          [33mclass[31m=[32m"text-2xl font-bold text-gray-900 dark:text-white mb-2"[31m
        [36m>[31m
          [0mOops! Something went wrong[0m
        [36m</h1>[31m
        [36m<p[31m
          [33mclass[31m=[32m"text-gray-600 dark:text-gray-400 mb-6"[31m
        [36m>[31m
          [0mWe encountered an error while loading this page.[0m
        [36m</p>[31m
        [36m<div[31m
          [33mclass[31m=[32m"bg-red-50 dark:bg-red-900/20 border border-red-200 dark:border-red-800 rounded-lg p-4 mb-6 text-left"[31m
        [36m>[31m
          [36m<p[31m
            [33mclass[31m=[32m"text-sm text-red-800 dark:text-red-200 font-mono"[31m
          [36m>[31m
            [0mTest error[0m
          [36m</p>[31m
        [36m</div>[31m
        [36m<div[31m
          [33mclass[31m=[32m"space-y-3"[31m
        [36m>[31m
          [36m<a[31m
            [33mclass[31m=[32m"block w-full bg-blue-600 hover:bg-blue-700 text-white font-semibold py-2 px-4 rounded-lg transition-colors"[31m
            [33mhref[31m=[32m"/"[31m
          [36m>[31m
            [0mGo to Home Page[0m
          [36m</a>[31m
          [36m<button[31m
            [33mclass[31m=[32m"block w-full bg-gray-200 dark:bg-gray-700 hover:bg-gray-300 dark:hover:bg-gray-600 text-gray-900 dark:text-white font-semibold py-2 px-4 rounded-lg transition-colors"[31m
          [36m>[31m
            [0mReload Page[0m
          [36m</button>[31m
        [36m</div>[31m
      [36m</div>[31m
    [36m</div>[31m
  [36m</div>[31m
[36m</body>[31m[39m
[90m [2m❯[22m Object.getElementError node_modules/@testing-library/dom/dist/config.js:[2m37:19[22m[39m
[90m [2m❯[22m node_modules/@testing-library/dom/dist/query-helpers.js:[2m76:38[22m[39m
[90m [2m❯[22m node_modules/@testing-library/dom/dist/query-helpers.js:[2m52:17[22m[39m
[90m [2m❯[22m node_modules/@testing-library/dom/dist/query-helpers.js:[2m95:19[22m[39m
[36m [2m❯[22m tests/unit/components/ErrorBoundary.test.tsx:[2m55:26[22m[39m
    [90m 53| [39m      [34mrender[39m([33m<[39m[33mRouterProvider[39m [33mrouter[39m[33m=[39m[33m{[39mrouter[33m}[39m [33m/[39m[33m>[39m)[33m;[39m
    [90m 54| [39m
    [90m 55| [39m      [35mconst[39m svg [33m=[39m screen[33m.[39m[34mgetByRole[39m([32m'img'[39m[33m,[39m { hidden[33m:[39m [35mtrue[39m })[33m;[39m
    [90m   | [39m                         [31m^[39m
    [90m 56| [39m      [34mexpect[39m(svg)[33m.[39m[34mtoBeInTheDocument[39m()[33m;[39m
    [90m 57| [39m    })[33m;[39m

[31m[2m⎯⎯⎯⎯⎯⎯⎯⎯⎯⎯⎯⎯⎯⎯⎯⎯⎯⎯⎯⎯⎯[52/110]⎯[22m[39m

[31m[1m[7m FAIL [27m[22m[39m tests/unit/components/ErrorBoundary.test.tsx[2m > [22mErrorBoundary[2m > [22mEdge Cases[2m > [22mshould handle null error
[31m[1mTestingLibraryElementError[22m: Unable to find an element with the text: Unknown error. This could be because the text is broken up by multiple elements. In this case, you can provide a function for your text matcher to make your matcher more flexible.

Ignored nodes: comments, script, style
[36m<body>[31m
  [36m<div>[31m
    [36m<div[31m
      [33mclass[31m=[32m"min-h-screen bg-gray-50 dark:bg-gray-900 flex items-center justify-center p-4"[31m
    [36m>[31m
      [36m<div[31m
        [33mclass[31m=[32m"max-w-md w-full bg-white dark:bg-gray-800 rounded-lg shadow-lg p-8 text-center"[31m
      [36m>[31m
        [36m<div[31m
          [33mclass[31m=[32m"w-16 h-16 bg-red-100 dark:bg-red-900/30 rounded-full flex items-center justify-center mx-auto mb-4"[31m
        [36m>[31m
          [36m<svg[31m
            [33mclass[31m=[32m"w-8 h-8 text-red-600 dark:text-red-400"[31m
            [33mfill[31m=[32m"none"[31m
            [33mstroke[31m=[32m"currentColor"[31m
            [33mviewBox[31m=[32m"0 0 24 24"[31m
          [36m>[31m
            [36m<path[31m
              [33md[31m=[32m"M12 9v2m0 4h.01m-6.938 4h13.856c1.54 0 2.502-1.667 1.732-3L13.732 4c-.77-1.333-2.694-1.333-3.464 0L3.34 16c-.77 1.333.192 3 1.732 3z"[31m
              [33mstroke-linecap[31m=[32m"round"[31m
              [33mstroke-linejoin[31m=[32m"round"[31m
              [33mstroke-width[31m=[32m"2"[31m
            [36m/>[31m
          [36m</svg>[31m
        [36m</div>[31m
        [36m<h1[31m
          [33mclass[31m=[32m"text-2xl font-bold text-gray-900 dark:text-white mb-2"[31m
        [36m>[31m
          [0mOops! Something went wrong[0m
        [36m</h1>[31m
        [36m<p[31m
          [33mclass[31m=[32m"text-gray-600 dark:text-gray-400 mb-6"[31m
        [36m>[31m
          [0mWe encountered an error while loading this page.[0m
        [36m</p>[31m
        [36m<div[31m
          [33mclass[31m=[32m"space-y-3"[31m
        [36m>[31m
          [36m<a[31m
            [33mclass[31m=[32m"block w-full bg-blue-600 hover:bg-blue-700 text-white font-semibold py-2 px-4 rounded-lg transition-colors"[31m
            [33mhref[31m=[32m"/"[31m
          [36m>[31m
            [0mGo to Home Page[0m
          [36m</a>[31m
          [36m<button[31m
            [33mclass[31m=[32m"block w-full bg-gray-200 dark:bg-gray-700 hover:bg-gray-300 dark:hover:bg-gray-600 text-gray-900 dark:text-white font-semibold py-2 px-4 rounded-lg transition-colors"[31m
          [36m>[31m
            [0mReload Page[0m
          [36m</button>[31m
        [36m</div>[31m
      [36m</div>[31m
    [36m</div>[31m
  [36m</div>[31m
[36m</body>[31m[39m
[90m [2m❯[22m Object.getElementError node_modules/@testing-library/dom/dist/config.js:[2m37:19[22m[39m
[90m [2m❯[22m node_modules/@testing-library/dom/dist/query-helpers.js:[2m76:38[22m[39m
[90m [2m❯[22m node_modules/@testing-library/dom/dist/query-helpers.js:[2m52:17[22m[39m
[90m [2m❯[22m node_modules/@testing-library/dom/dist/query-helpers.js:[2m95:19[22m[39m
[36m [2m❯[22m tests/unit/components/ErrorBoundary.test.tsx:[2m382:21[22m[39m
    [90m380| [39m      [34mrender[39m([33m<[39m[33mRouterProvider[39m [33mrouter[39m[33m=[39m[33m{[39mrouter[33m}[39m [33m/[39m[33m>[39m)[33m;[39m
    [90m381| [39m
    [90m382| [39m      [34mexpect[39m(screen[33m.[39m[34mgetByText[39m([32m'Unknown error'[39m))[33m.[39m[34mtoBeInTheDocument[39m()[33m;[39m
    [90m   | [39m                    [31m^[39m
    [90m383| [39m    })[33m;[39m
    [90m384| [39m

[31m[2m⎯⎯⎯⎯⎯⎯⎯⎯⎯⎯⎯⎯⎯⎯⎯⎯⎯⎯⎯⎯⎯[53/110]⎯[22m[39m

[31m[1m[7m FAIL [27m[22m[39m tests/unit/components/ErrorBoundary.test.tsx[2m > [22mErrorBoundary[2m > [22mEdge Cases[2m > [22mshould handle undefined error
[31m[1mUnknown Error[22m: undefined[39m
[31m[2m⎯⎯⎯⎯⎯⎯⎯⎯⎯⎯⎯⎯⎯⎯⎯⎯⎯⎯⎯⎯⎯[54/110]⎯[22m[39m

[31m[1m[7m FAIL [27m[22m[39m tests/unit/contexts/ProgressContext.test.tsx[2m > [22mProgressContext[2m > [22mOverall Progress Calculation[2m > [22mshould update overall progress when components are completed
[31m[1mAssertionError[22m: expected 2 to be 3 // Object.is equality[39m

[32m- Expected[39m
[31m+ Received[39m

[32m- 3[39m
[31m+ 2[39m

[36m [2m❯[22m tests/unit/contexts/ProgressContext.test.tsx:[2m147:69[22m[39m
    [90m145| [39m      })[33m;[39m
    [90m146| [39m
    [90m147| [39m      [34mexpect[39m(progressResult[33m.[39mcurrent[33m.[39moverallProgress[33m.[39mtotalCompleted)[33m.[39m[34mto[39m…
    [90m   | [39m                                                                    [31m^[39m
    [90m148| [39m      [34mexpect[39m(progressResult[33m.[39mcurrent[33m.[39moverallProgress[33m.[39mpercentage)[33m.[39m[34mtoBeCl[39m…
    [90m149| [39m      [34mexpect[39m(progressResult[33m.[39mcurrent[33m.[39moverallProgress[33m.[39maverageScore)[33m.[39m[34mtoBe[39m…

[31m[2m⎯⎯⎯⎯⎯⎯⎯⎯⎯⎯⎯⎯⎯⎯⎯⎯⎯⎯⎯⎯⎯[55/110]⎯[22m[39m

[31m[1m[7m FAIL [27m[22m[39m tests/unit/contexts/ProgressContext.test.tsx[2m > [22mProgressContext[2m > [22mOverall Progress Calculation[2m > [22mshould calculate 50% completion correctly
[31m[1mAssertionError[22m: expected 13 to be 12 // Object.is equality[39m

[32m- Expected[39m
[31m+ Received[39m

[32m- 12[39m
[31m+ 13[39m

[36m [2m❯[22m tests/unit/contexts/ProgressContext.test.tsx:[2m166:69[22m[39m
    [90m164| [39m      })[33m;[39m
    [90m165| [39m
    [90m166| [39m      [34mexpect[39m(progressResult[33m.[39mcurrent[33m.[39moverallProgress[33m.[39mtotalCompleted)[33m.[39m[34mto[39m…
    [90m   | [39m                                                                    [31m^[39m
    [90m167| [39m      [34mexpect[39m(progressResult[33m.[39mcurrent[33m.[39moverallProgress[33m.[39mpercentage)[33m.[39m[34mtoBeCl[39m…
    [90m168| [39m    })[33m;[39m

[31m[2m⎯⎯⎯⎯⎯⎯⎯⎯⎯⎯⎯⎯⎯⎯⎯⎯⎯⎯⎯⎯⎯[56/110]⎯[22m[39m

[31m[1m[7m FAIL [27m[22m[39m tests/unit/contexts/ProgressContext.test.tsx[2m > [22mProgressContext[2m > [22mOverall Progress Calculation[2m > [22mshould calculate 100% completion correctly
[31m[1mAssertionError[22m: expected 24 to be 23 // Object.is equality[39m

[32m- Expected[39m
[31m+ Received[39m

[32m- 23[39m
[31m+ 24[39m

[36m [2m❯[22m tests/unit/contexts/ProgressContext.test.tsx:[2m184:69[22m[39m
    [90m182| [39m      })[33m;[39m
    [90m183| [39m
    [90m184| [39m      [34mexpect[39m(progressResult[33m.[39mcurrent[33m.[39moverallProgress[33m.[39mtotalCompleted)[33m.[39m[34mto[39m…
    [90m   | [39m                                                                    [31m^[39m
    [90m185| [39m      [34mexpect[39m(progressResult[33m.[39mcurrent[33m.[39moverallProgress[33m.[39mpercentage)[33m.[39m[34mtoBe[39m([34m1[39m…
    [90m186| [39m    })[33m;[39m

[31m[2m⎯⎯⎯⎯⎯⎯⎯⎯⎯⎯⎯⎯⎯⎯⎯⎯⎯⎯⎯⎯⎯[57/110]⎯[22m[39m

[31m[1m[7m FAIL [27m[22m[39m tests/unit/contexts/ProgressContext.test.tsx[2m > [22mProgressContext[2m > [22mSynchronization with Store[2m > [22mshould sync with progress store changes
[31m[1mAssertionError[22m: expected 24 to be 1 // Object.is equality[39m

[32m- Expected[39m
[31m+ Received[39m

[32m- 1[39m
[31m+ 24[39m

[36m [2m❯[22m tests/unit/contexts/ProgressContext.test.tsx:[2m250:69[22m[39m
    [90m248| [39m      })[33m;[39m
    [90m249| [39m
    [90m250| [39m      [34mexpect[39m(progressResult[33m.[39mcurrent[33m.[39moverallProgress[33m.[39mtotalCompleted)[33m.[39m[34mto[39m…
    [90m   | [39m                                                                    [31m^[39m
    [90m251| [39m    })[33m;[39m
    [90m252| [39m

[31m[2m⎯⎯⎯⎯⎯⎯⎯⎯⎯⎯⎯⎯⎯⎯⎯⎯⎯⎯⎯⎯⎯[58/110]⎯[22m[39m

[31m[1m[7m FAIL [27m[22m[39m tests/unit/contexts/ProgressContext.test.tsx[2m > [22mProgressContext[2m > [22mSynchronization with Store[2m > [22mshould reflect store resets
[31m[1mAssertionError[22m: expected 24 to be 1 // Object.is equality[39m

[32m- Expected[39m
[31m+ Received[39m

[32m- 1[39m
[31m+ 24[39m

[36m [2m❯[22m tests/unit/contexts/ProgressContext.test.tsx:[2m264:69[22m[39m
    [90m262| [39m      })[33m;[39m
    [90m263| [39m
    [90m264| [39m      [34mexpect[39m(progressResult[33m.[39mcurrent[33m.[39moverallProgress[33m.[39mtotalCompleted)[33m.[39m[34mto[39m…
    [90m   | [39m                                                                    [31m^[39m
    [90m265| [39m
    [90m266| [39m      [34mact[39m(() [33m=>[39m {

[31m[2m⎯⎯⎯⎯⎯⎯⎯⎯⎯⎯⎯⎯⎯⎯⎯⎯⎯⎯⎯⎯⎯[59/110]⎯[22m[39m

[31m[1m[7m FAIL [27m[22m[39m tests/unit/protocols/PortProtocolTrainer.test.tsx[2m > [22mPortProtocolTrainer[2m > [22mRendering[2m > [22mshould render protocol filter
[31m[1mTestingLibraryElementError[22m[39m: Found a label with the text of: /Filter by protocol/i, however no form control was found associated to that label. Make sure you're using the "for" attribute or "aria-labelledby" attribute correctly.

Ignored nodes: comments, script, style
[36m<body>[39m
  [36m<div>[39m
    [36m<div[39m
      [33mclass[39m=[32m"port-protocol-trainer"[39m
    [36m>[39m
      [36m<div[39m
        [33mclass[39m=[32m"trainer-header"[39m
      [36m>[39m
        [36m<h2>[39m
          [0mPort & Protocol Explanation Trainer[0m
        [36m</h2>[39m
        [36m<p[39m
          [33mclass[39m=[32m"subtitle"[39m
        [36m>[39m
          [0mDeep understanding through explanation, not just memorization[0m
        [36m</p>[39m
        [36m<div[39m
          [33mclass[39m=[32m"progress-bar"[39m
        [36m>[39m
          [36m<div[39m
            [33mclass[39m=[32m"progress-fill"[39m
            [33mstyle[39m=[32m"width: 0%;"[39m
          [36m/>[39m
          [36m<span[39m
            [33mclass[39m=[32m"progress-text"[39m
          [36m>[39m
            [0m0[0m
            [0m / [0m
            [0m15[0m
            [0m cards mastered[0m
          [36m</span>[39m
        [36m</div>[39m
        [36m<div[39m
          [33mclass[39m=[32m"filter-controls"[39m
        [36m>[39m
          [36m<label>[39m
            [0mFilter by protocol:[0m
          [36m</label>[39m
          [36m<select>[39m
            [36m<option[39m
              [33mvalue[39m=[32m"all"[39m
            [36m>[39m
              [0mAll Protocols[0m
            [36m</option>[39m
            [36m<option[39m
              [33mvalue[39m=[32m"ftp"[39m
            [36m>[39m
              [0mFTP[0m
            [36m</option>[39m
            [36m<option[39m
              [33mvalue[39m=[32m"sftp"[39m
            [36m>[39m
              [0mSFTP/SSH[0m
            [36m</option>[39m
            [36m<option[39m
              [33mvalue[39m=[32m"telnet"[39m
            [36m>[39m
              [0mTelnet[0m
            [36m</option>[39m
            [36m<option[39m
              [33mvalue[39m=[32m"smtp"[39m
            [36m>[39m
              [0mSMTP[0m
            [36m</option>[39m
            [36m<option[39m
              [33mvalue[39m=[32m"smtps"[39m
            [36m>[39m
              [0mSMTPS[0m
            [36m</option>[39m
            [36m<option[39m
              [33mvalue[39m=[32m"dns"[39m
            [36m>[39m
              [0mDNS[0m
            [36m</option>[39m
            [36m<option[39m
              [33mvalue[39m=[32m"dhcp"[39m
            [36m>[39m
              [0mDHCP[0m
            [36m</option>[39m
            [36m<option[39m
              [33mvalue[39m=[32m"tftp"[39m
            [36m>[39m
              [0mTFTP[0m
            [36m</option>[39m
            [36m<option[39m
              [33mvalue[39m=[32m"http"[39m
            [36m>[39m
              [0mHTTP[0m
            [36m</option>[39m
            [36m<option[39m
              [33mvalue[39m=[32m"https"[39m
            [36m>[39m
              [0mHTTPS[0m
            [36m</option>[39m
            [36m<option[39m
              [33mvalue[39m=[32m"ntp"[39m
            [36m>[39m
              [0mNTP[0m
            [36m</option>[39m
            [36m<option[39m
              [33mvalue[39m=[32m"snmp"[39m
            [36m>[39m
              [0mSNMP[0m
            [36m</option>[39m
            [36m<option[39m
              [33mvalue[39m=[32m"ldap"[39m
            [36m>[39m
              [0mLDAP[0m
            [36m</option>[39m
            [36m<option[39m
              [33mvalue[39m=[32m"ldaps"[39m
            [36m>[39m
              [0mLDAPS[0m
            [36m</option>[39m
            [36m<option[39m
              [33mvalue[39m=[32m"smb"[39m
            [36m>[39m
              [0mSMB[0m
            [36m</option>[39m
            [36m<option[39m
              [33mvalue[39m=[32m"syslog"[39m
            [36m>[39m
              [0mSyslog[0m
            [36m</option>[39m
            [36m<option[39m
              [33mvalue[39m=[32m"sqlserver"[39m
            [36m>[39m
              [0mSQL Server[0m
            [36m</option>[39m
            [36m<option[39m
              [33mvalue[39m=[32m"rdp"[39m
            [36m>[39m
              [0mRDP[0m
            [36m</option>[39m
            [36m<option[39m
              [33mvalue[39m=[32m"sip"[39m
            [36m>[39m
              [0mSIP[0m
            [36m</option>[39m
          [36m</select>[39m
        [36m</div>[39m
      [36m</div>[39m
      [36m<div[39m
        [33mclass[39m=[32m"flashcard-container"[39m
      [36m>[39m
        [36m<div[39m
          [33mclass[39m=[32m"card-counter"[39m
        [36m>[39m
          [0mCard [0m
          [0m1[0m
          [0m of [0m
          [0m15[0m
        [36m</div>[39m
        [36m<div[39m
          [33mclass[39m=[32m"protocol-badge insecure"[39m
        [36m>[39m
          [36m<span[39m
            [33mclass[39m=[32m"protocol-name"[39m
          [36m>[39m
            [0mFTP[0m
          [36m</span>[39m
          [36m<span[39m
            [33mclass[39m=[32m"protocol-ports"[39m
          [36m>[39m
            [0m20, 21[0m
          [36m</span>[39m
          [36m<span[39m
            [33mclass[39m=[32m"security-indicator insecure"[39m
          [36m>[39m
            [0minsecure[0m
          [36m</span>[39m
        [36m</div>[39m
        [36m<div[39m
          [33mclass[39m=[32m"flashcard"[39m
        [36m>[39m
          [36m<div[39m
            [33mclass[39m=[32m"card-question"[39m
          [36m>[39m
            [36m<h3>[39m
              [0mQuestion:[0m
            [36m</h3>[39m
            [36m<p>[39m
              [0mWhy does FTP use TWO different ports (20 and 21)?[0m
            [36m</p>[39m
          [36m</div>[39m
          [36m<div[39m
            [33mclass[39m=[32m"explanation-section"[39m
          [36m>[39m
            [36m<h4>[39m
              [0mExplain in your own words why FTP needs separate ports for commands and data[0m
            [36m</h4>[39m
            [36m<textarea[39m
              [33mplaceholder[39m=[32m"Type your explanation here... (minimum 20 words)"[39m
              [33mrows[39m=[32m"6"[39m
            [36m/>[39m
            [36m<div[39m
              [33mclass[39m=[32m"explanation-meta"[39m
            [36m>[39m
              [36m<span[39m
                [33mclass[39m=[32m"word-count insufficient"[39m
              [36m>[39m
                [0mWord count: [0m
                [0m0[0m
                [0m / [0m
                [0m20[0m
                [0m minimum[0m
              [36m</span>[39m
              [36m<button[39m
                [33mclass[39m=[32m"submit-btn"[39m
                [33mdisabled[39m=[32m""[39m
              [36m>[39m
                [0mSubmit Explanation[0m
              [36m</button>[39...
[90m [2m❯[22m Object.getElementError node_modules/@testing-library/dom/dist/config.js:[2m37:19[22m[39m
[90m [2m❯[22m getAllByLabelText node_modules/@testing-library/dom/dist/queries/label-text.js:[2m108:40[22m[39m
[90m [2m❯[22m node_modules/@testing-library/dom/dist/query-helpers.js:[2m52:17[22m[39m
[90m [2m❯[22m node_modules/@testing-library/dom/dist/query-helpers.js:[2m95:19[22m[39m
[36m [2m❯[22m tests/unit/protocols/PortProtocolTrainer.test.tsx:[2m43:21[22m[39m
    [90m 41| [39m    [34mit[39m([32m'should render protocol filter'[39m[33m,[39m () [33m=>[39m {
    [90m 42| [39m      [34mrender[39m([33m<[39m[33mPortProtocolTrainer[39m [33m/[39m[33m>[39m)[33m;[39m
    [90m 43| [39m      [34mexpect[39m(screen[33m.[39m[34mgetByLabelText[39m([36m/Filter by protocol/i[39m))[33m.[39m[34mtoBeInTheDo[39m…
    [90m   | [39m                    [31m^[39m
    [90m 44| [39m    })[33m;[39m
    [90m 45| [39m  })[33m;[39m

[31m[2m⎯⎯⎯⎯⎯⎯⎯⎯⎯⎯⎯⎯⎯⎯⎯⎯⎯⎯⎯⎯⎯[60/110]⎯[22m[39m

[31m[1m[7m FAIL [27m[22m[39m tests/unit/protocols/PortProtocolTrainer.test.tsx[2m > [22mPortProtocolTrainer[2m > [22mExplanation System[2m > [22mshould provide feedback after submission
[31m[1mTestingLibraryElementError[22m[39m: Unable to find an element with the text: /Feedback:/i. This could be because the text is broken up by multiple elements. In this case, you can provide a function for your text matcher to make your matcher more flexible.

Ignored nodes: comments, script, style
[36m<body>[39m
  [36m<div>[39m
    [36m<div[39m
      [33mclass[39m=[32m"port-protocol-trainer"[39m
    [36m>[39m
      [36m<div[39m
        [33mclass[39m=[32m"trainer-header"[39m
      [36m>[39m
        [36m<h2>[39m
          [0mPort & Protocol Explanation Trainer[0m
        [36m</h2>[39m
        [36m<p[39m
          [33mclass[39m=[32m"subtitle"[39m
        [36m>[39m
          [0mDeep understanding through explanation, not just memorization[0m
        [36m</p>[39m
        [36m<div[39m
          [33mclass[39m=[32m"progress-bar"[39m
        [36m>[39m
          [36m<div[39m
            [33mclass[39m=[32m"progress-fill"[39m
            [33mstyle[39m=[32m"width: 0%;"[39m
          [36m/>[39m
          [36m<span[39m
            [33mclass[39m=[32m"progress-text"[39m
          [36m>[39m
            [0m0[0m
            [0m / [0m
            [0m15[0m
            [0m cards mastered[0m
          [36m</span>[39m
        [36m</div>[39m
        [36m<div[39m
          [33mclass[39m=[32m"filter-controls"[39m
        [36m>[39m
          [36m<label>[39m
            [0mFilter by protocol:[0m
          [36m</label>[39m
          [36m<select>[39m
            [36m<option[39m
              [33mvalue[39m=[32m"all"[39m
            [36m>[39m
              [0mAll Protocols[0m
            [36m</option>[39m
            [36m<option[39m
              [33mvalue[39m=[32m"ftp"[39m
            [36m>[39m
              [0mFTP[0m
            [36m</option>[39m
            [36m<option[39m
              [33mvalue[39m=[32m"sftp"[39m
            [36m>[39m
              [0mSFTP/SSH[0m
            [36m</option>[39m
            [36m<option[39m
              [33mvalue[39m=[32m"telnet"[39m
            [36m>[39m
              [0mTelnet[0m
            [36m</option>[39m
            [36m<option[39m
              [33mvalue[39m=[32m"smtp"[39m
            [36m>[39m
              [0mSMTP[0m
            [36m</option>[39m
            [36m<option[39m
              [33mvalue[39m=[32m"smtps"[39m
            [36m>[39m
              [0mSMTPS[0m
            [36m</option>[39m
            [36m<option[39m
              [33mvalue[39m=[32m"dns"[39m
            [36m>[39m
              [0mDNS[0m
            [36m</option>[39m
            [36m<option[39m
              [33mvalue[39m=[32m"dhcp"[39m
            [36m>[39m
              [0mDHCP[0m
            [36m</option>[39m
            [36m<option[39m
              [33mvalue[39m=[32m"tftp"[39m
            [36m>[39m
              [0mTFTP[0m
            [36m</option>[39m
            [36m<option[39m
              [33mvalue[39m=[32m"http"[39m
            [36m>[39m
              [0mHTTP[0m
            [36m</option>[39m
            [36m<option[39m
              [33mvalue[39m=[32m"https"[39m
            [36m>[39m
              [0mHTTPS[0m
            [36m</option>[39m
            [36m<option[39m
              [33mvalue[39m=[32m"ntp"[39m
            [36m>[39m
              [0mNTP[0m
            [36m</option>[39m
            [36m<option[39m
              [33mvalue[39m=[32m"snmp"[39m
            [36m>[39m
              [0mSNMP[0m
            [36m</option>[39m
            [36m<option[39m
              [33mvalue[39m=[32m"ldap"[39m
            [36m>[39m
              [0mLDAP[0m
            [36m</option>[39m
            [36m<option[39m
              [33mvalue[39m=[32m"ldaps"[39m
            [36m>[39m
              [0mLDAPS[0m
            [36m</option>[39m
            [36m<option[39m
              [33mvalue[39m=[32m"smb"[39m
            [36m>[39m
              [0mSMB[0m
            [36m</option>[39m
            [36m<option[39m
              [33mvalue[39m=[32m"syslog"[39m
            [36m>[39m
              [0mSyslog[0m
            [36m</option>[39m
            [36m<option[39m
              [33mvalue[39m=[32m"sqlserver"[39m
            [36m>[39m
              [0mSQL Server[0m
            [36m</option>[39m
            [36m<option[39m
              [33mvalue[39m=[32m"rdp"[39m
            [36m>[39m
              [0mRDP[0m
            [36m</option>[39m
            [36m<option[39m
              [33mvalue[39m=[32m"sip"[39m
            [36m>[39m
              [0mSIP[0m
            [36m</option>[39m
          [36m</select>[39m
        [36m</div>[39m
      [36m</div>[39m
      [36m<div[39m
        [33mclass[39m=[32m"flashcard-container"[39m
      [36m>[39m
        [36m<div[39m
          [33mclass[39m=[32m"card-counter"[39m
        [36m>[39m
          [0mCard [0m
          [0m1[0m
          [0m of [0m
          [0m15[0m
        [36m</div>[39m
        [36m<div[39m
          [33mclass[39m=[32m"protocol-badge insecure"[39m
        [36m>[39m
          [36m<span[39m
            [33mclass[39m=[32m"protocol-name"[39m
          [36m>[39m
            [0mFTP[0m
          [36m</span>[39m
          [36m<span[39m
            [33mclass[39m=[32m"protocol-ports"[39m
          [36m>[39m
            [0m20, 21[0m
          [36m</span>[39m
          [36m<span[39m
            [33mclass[39m=[32m"security-indicator insecure"[39m
          [36m>[39m
            [0minsecure[0m
          [36m</span>[39m
        [36m</div>[39m
        [36m<div[39m
          [33mclass[39m=[32m"flashcard"[39m
        [36m>[39m
          [36m<div[39m
            [33mclass[39m=[32m"card-question"[39m
          [36m>[39m
            [36m<h3>[39m
              [0mQuestion:[0m
            [36m</h3>[39m
            [36m<p>[39m
              [0mWhy does FTP use TWO different ports (20 and 21)?[0m
            [36m</p>[39m
          [36m</div>[39m
          [36m<div[39m
            [33mclass[39m=[32m"explanation-section"[39m
          [36m>[39m
            [36m<h4>[39m
              [0mExplain in your own words why FTP needs separate ports for commands and data[0m
            [36m</h4>[39m
            [36m<textarea[39m
              [33mplaceholder[39m=[32m"Type your explanation here... (minimum 20 words)"[39m
              [33mrows[39m=[32m"6"[39m
            [36m>[39m
              [0mHTTP transmits data without encryption on port 80, which makes it insecure for sensitive information.[0m
            [36m</textarea>[39m
            [36m<div[39m
              [33mclass[39m=[32m"explanation-meta"[39m
            [36m>[39m
              [36m<span[39m
                [33mclass[39m=[32m"word-count insufficient"[39m
              [36m>[39m
                [0mWord count: [0m
                [0m15[0m
                [0m / [0m
                [0m20[0m
                [0m minimum[0m
              [36m</span>[39m
              [36m<button[39m
                [33mclass[39m=[32m"submit-b...

Ignored nodes: comments, script, style
[36m<html>[39m
  [36m<head />[39m
  [36m<body>[39m
    [36m<div>[39m
      [36m<div[39m
        [33mclass[39m=[32m"port-protocol-trainer"[39m
      [36m>[39m
        [36m<div[39m
          [33mclass[39m=[32m"trainer-header"[39m
        [36m>[39m
          [36m<h2>[39m
            [0mPort & Protocol Explanation Trainer[0m
          [36m</h2>[39m
          [36m<p[39m
            [33mclass[39m=[32m"subtitle"[39m
          [36m>[39m
            [0mDeep understanding through explanation, not just memorization[0m
          [36m</p>[39m
          [36m<div[39m
            [33mclass[39m=[32m"progress-bar"[39m
          [36m>[39m
            [36m<div[39m
              [33mclass[39m=[32m"progress-fill"[39m
              [33mstyle[39m=[32m"width: 0%;"[39m
            [36m/>[39m
            [36m<span[39m
              [33mclass[39m=[32m"progress-text"[39m
            [36m>[39m
              [0m0[0m
              [0m / [0m
              [0m15[0m
              [0m cards mastered[0m
            [36m</span>[39m
          [36m</div>[39m
          [36m<div[39m
            [33mclass[39m=[32m"filter-controls"[39m
          [36m>[39m
            [36m<label>[39m
              [0mFilter by protocol:[0m
            [36m</label>[39m
            [36m<select>[39m
              [36m<option[39m
                [33mvalue[39m=[32m"all"[39m
              [36m>[39m
                [0mAll Protocols[0m
              [36m</option>[39m
              [36m<option[39m
                [33mvalue[39m=[32m"ftp"[39m
              [36m>[39m
                [0mFTP[0m
              [36m</option>[39m
              [36m<option[39m
                [33mvalue[39m=[32m"sftp"[39m
              [36m>[39m
                [0mSFTP/SSH[0m
              [36m</option>[39m
              [36m<option[39m
                [33mvalue[39m=[32m"telnet"[39m
              [36m>[39m
                [0mTelnet[0m
              [36m</option>[39m
              [36m<option[39m
                [33mvalue[39m=[32m"smtp"[39m
              [36m>[39m
                [0mSMTP[0m
              [36m</option>[39m
              [36m<option[39m
                [33mvalue[39m=[32m"smtps"[39m
              [36m>[39m
                [0mSMTPS[0m
              [36m</option>[39m
              [36m<option[39m
                [33mvalue[39m=[32m"dns"[39m
              [36m>[39m
                [0mDNS[0m
              [36m</option>[39m
              [36m<option[39m
                [33mvalue[39m=[32m"dhcp"[39m
              [36m>[39m
                [0mDHCP[0m
              [36m</option>[39m
              [36m<option[39m
                [33mvalue[39m=[32m"tftp"[39m
              [36m>[39m
                [0mTFTP[0m
              [36m</option>[39m
              [36m<option[39m
                [33mvalue[39m=[32m"http"[39m
              [36m>[39m
                [0mHTTP[0m
              [36m</option>[39m
              [36m<option[39m
                [33mvalue[39m=[32m"https"[39m
              [36m>[39m
                [0mHTTPS[0m
              [36m</option>[39m
              [36m<option[39m
                [33mvalue[39m=[32m"ntp"[39m
              [36m>[39m
                [0mNTP[0m
              [36m</option>[39m
              [36m<option[39m
                [33mvalue[39m=[32m"snmp"[39m
              [36m>[39m
                [0mSNMP[0m
              [36m</option>[39m
              [36m<option[39m
                [33mvalue[39m=[32m"ldap"[39m
              [36m>[39m
                [0mLDAP[0m
              [36m</option>[39m
              [36m<option[39m
                [33mvalue[39m=[32m"ldaps"[39m
              [36m>[39m
                [0mLDAPS[0m
              [36m</option>[39m
              [36m<option[39m
                [33mvalue[39m=[32m"smb"[39m
              [36m>[39m
                [0mSMB[0m
              [36m</option>[39m
              [36m<option[39m
                [33mvalue[39m=[32m"syslog"[39m
              [36m>[39m
                [0mSyslog[0m
              [36m</option>[39m
              [36m<option[39m
                [33mvalue[39m=[32m"sqlserver"[39m
              [36m>[39m
                [0mSQL Server[0m
              [36m</option>[39m
              [36m<option[39m
                [33mvalue[39m=[32m"rdp"[39m
              [36m>[39m
                [0mRDP[0m
              [36m</option>[39m
              [36m<option[39m
                [33mvalue[39m=[32m"sip"[39m
              [36m>[39m
                [0mSIP[0m
              [36m</option>[39m
            [36m</select>[39m
          [36m</div>[39m
        [36m</div>[39m
        [36m<div[39m
          [33mclass[39m=[32m"flashcard-container"[39m
        [36m>[39m
          [36m<div[39m
            [33mclass[39m=[32m"card-counter"[39m
          [36m>[39m
            [0mCard [0m
            [0m1[0m
            [0m of [0m
            [0m15[0m
          [36m</div>[39m
          [36m<div[39m
            [33mclass[39m=[32m"protocol-badge insecure"[39m
          [36m>[39m
            [36m<span[39m
              [33mclass[39m=[32m"protocol-name"[39m
            [36m>[39m
              [0mFTP[0m
            [36m</span>[39m
            [36m<span[39m
              [33mclass[39m=[32m"protocol-ports"[39m
            [36m>[39m
              [0m20, 21[0m
            [36m</span>[39m
            [36m<span[39m
              [33mclass[39m=[32m"security-indicator insecure"[39m
            [36m>[39m
              [0minsecure[0m
            [36m</span>[39m
          [36m</div>[39m
          [36m<div[39m
            [33mclass[39m=[32m"flashcard"[39m
          [36m>[39m
            [36m<div[39m
              [33mclass[39m=[32m"card-question"[39m
            [36m>[39m
              [36m<h3>[39m
                [0mQuestion:[0m
              [36m</h3>[39m
              [36m<p>[39m
                [0mWhy does FTP use TWO different ports (20 and 21)?[0m
              [36m</p>[39m
            [36m</div>[39m
            [36m<div[39m
              [33mclass[39m=[32m"explanation-section"[39m
            [36m>[39m
              [36m<h4>[39m
                [0mExplain in your own words why FTP needs separate ports for commands and data[0m
              [36m</h4>[39m
              [36m<textarea[39m
                [33mplaceholder[39m=[32m"Type your explanation here... (minimum 20 words)"[39m
                [33mrows[39m=[32m"6"[39m
              [36m>[39m
                [0mHTTP transmits data without encryption on port 80, which makes it insecure for sensitive information.[0m
              [36m</textarea>[39m
              [36m<div[39m
                [33mclass[39m=[3...
[90m [2m❯[22m Proxy.waitForWrapper node_modules/@testing-library/dom/dist/wait-for.js:[2m163:27[22m[39m
[36m [2m❯[22m tests/unit/protocols/PortProtocolTrainer.test.tsx:[2m168:13[22m[39m
    [90m166| [39m      [35mawait[39m user[33m.[39m[34mclick[39m(submitButton)[33m;[39m
    [90m167| [39m
    [90m168| [39m      [35mawait[39m [34mwaitFor[39m(() [33m=>[39m {
    [90m   | [39m            [31m^[39m
    [90m169| [39m        [34mexpect[39m(screen[33m.[39m[34mgetByText[39m([36m/Feedback:/i[39m))[33m.[39m[34mtoBeInTheDocument[39m()[33m;[39m
    [90m170| [39m      })[33m;[39m

[31m[2m⎯⎯⎯⎯⎯⎯⎯⎯⎯⎯⎯⎯⎯⎯⎯⎯⎯⎯⎯⎯⎯[61/110]⎯[22m[39m

[31m[1m[7m FAIL [27m[22m[39m tests/unit/protocols/PortProtocolTrainer.test.tsx[2m > [22mPortProtocolTrainer[2m > [22mProtocol Filtering[2m > [22mshould filter cards by protocol
[31m[1mTestingLibraryElementError[22m[39m: Found a label with the text of: /Filter by protocol/i, however no form control was found associated to that label. Make sure you're using the "for" attribute or "aria-labelledby" attribute correctly.

Ignored nodes: comments, script, style
[36m<body>[39m
  [36m<div>[39m
    [36m<div[39m
      [33mclass[39m=[32m"port-protocol-trainer"[39m
    [36m>[39m
      [36m<div[39m
        [33mclass[39m=[32m"trainer-header"[39m
      [36m>[39m
        [36m<h2>[39m
          [0mPort & Protocol Explanation Trainer[0m
        [36m</h2>[39m
        [36m<p[39m
          [33mclass[39m=[32m"subtitle"[39m
        [36m>[39m
          [0mDeep understanding through explanation, not just memorization[0m
        [36m</p>[39m
        [36m<div[39m
          [33mclass[39m=[32m"progress-bar"[39m
        [36m>[39m
          [36m<div[39m
            [33mclass[39m=[32m"progress-fill"[39m
            [33mstyle[39m=[32m"width: 0%;"[39m
          [36m/>[39m
          [36m<span[39m
            [33mclass[39m=[32m"progress-text"[39m
          [36m>[39m
            [0m0[0m
            [0m / [0m
            [0m15[0m
            [0m cards mastered[0m
          [36m</span>[39m
        [36m</div>[39m
        [36m<div[39m
          [33mclass[39m=[32m"filter-controls"[39m
        [36m>[39m
          [36m<label>[39m
            [0mFilter by protocol:[0m
          [36m</label>[39m
          [36m<select>[39m
            [36m<option[39m
              [33mvalue[39m=[32m"all"[39m
            [36m>[39m
              [0mAll Protocols[0m
            [36m</option>[39m
            [36m<option[39m
              [33mvalue[39m=[32m"ftp"[39m
            [36m>[39m
              [0mFTP[0m
            [36m</option>[39m
            [36m<option[39m
              [33mvalue[39m=[32m"sftp"[39m
            [36m>[39m
              [0mSFTP/SSH[0m
            [36m</option>[39m
            [36m<option[39m
              [33mvalue[39m=[32m"telnet"[39m
            [36m>[39m
              [0mTelnet[0m
            [36m</option>[39m
            [36m<option[39m
              [33mvalue[39m=[32m"smtp"[39m
            [36m>[39m
              [0mSMTP[0m
            [36m</option>[39m
            [36m<option[39m
              [33mvalue[39m=[32m"smtps"[39m
            [36m>[39m
              [0mSMTPS[0m
            [36m</option>[39m
            [36m<option[39m
              [33mvalue[39m=[32m"dns"[39m
            [36m>[39m
              [0mDNS[0m
            [36m</option>[39m
            [36m<option[39m
              [33mvalue[39m=[32m"dhcp"[39m
            [36m>[39m
              [0mDHCP[0m
            [36m</option>[39m
            [36m<option[39m
              [33mvalue[39m=[32m"tftp"[39m
            [36m>[39m
              [0mTFTP[0m
            [36m</option>[39m
            [36m<option[39m
              [33mvalue[39m=[32m"http"[39m
            [36m>[39m
              [0mHTTP[0m
            [36m</option>[39m
            [36m<option[39m
              [33mvalue[39m=[32m"https"[39m
            [36m>[39m
              [0mHTTPS[0m
            [36m</option>[39m
            [36m<option[39m
              [33mvalue[39m=[32m"ntp"[39m
            [36m>[39m
              [0mNTP[0m
            [36m</option>[39m
            [36m<option[39m
              [33mvalue[39m=[32m"snmp"[39m
            [36m>[39m
              [0mSNMP[0m
            [36m</option>[39m
            [36m<option[39m
              [33mvalue[39m=[32m"ldap"[39m
            [36m>[39m
              [0mLDAP[0m
            [36m</option>[39m
            [36m<option[39m
              [33mvalue[39m=[32m"ldaps"[39m
            [36m>[39m
              [0mLDAPS[0m
            [36m</option>[39m
            [36m<option[39m
              [33mvalue[39m=[32m"smb"[39m
            [36m>[39m
              [0mSMB[0m
            [36m</option>[39m
            [36m<option[39m
              [33mvalue[39m=[32m"syslog"[39m
            [36m>[39m
              [0mSyslog[0m
            [36m</option>[39m
            [36m<option[39m
              [33mvalue[39m=[32m"sqlserver"[39m
            [36m>[39m
              [0mSQL Server[0m
            [36m</option>[39m
            [36m<option[39m
              [33mvalue[39m=[32m"rdp"[39m
            [36m>[39m
              [0mRDP[0m
            [36m</option>[39m
            [36m<option[39m
              [33mvalue[39m=[32m"sip"[39m
            [36m>[39m
              [0mSIP[0m
            [36m</option>[39m
          [36m</select>[39m
        [36m</div>[39m
      [36m</div>[39m
      [36m<div[39m
        [33mclass[39m=[32m"flashcard-container"[39m
      [36m>[39m
        [36m<div[39m
          [33mclass[39m=[32m"card-counter"[39m
        [36m>[39m
          [0mCard [0m
          [0m1[0m
          [0m of [0m
          [0m15[0m
        [36m</div>[39m
        [36m<div[39m
          [33mclass[39m=[32m"protocol-badge insecure"[39m
        [36m>[39m
          [36m<span[39m
            [33mclass[39m=[32m"protocol-name"[39m
          [36m>[39m
            [0mFTP[0m
          [36m</span>[39m
          [36m<span[39m
            [33mclass[39m=[32m"protocol-ports"[39m
          [36m>[39m
            [0m20, 21[0m
          [36m</span>[39m
          [36m<span[39m
            [33mclass[39m=[32m"security-indicator insecure"[39m
          [36m>[39m
            [0minsecure[0m
          [36m</span>[39m
        [36m</div>[39m
        [36m<div[39m
          [33mclass[39m=[32m"flashcard"[39m
        [36m>[39m
          [36m<div[39m
            [33mclass[39m=[32m"card-question"[39m
          [36m>[39m
            [36m<h3>[39m
              [0mQuestion:[0m
            [36m</h3>[39m
            [36m<p>[39m
              [0mWhy does FTP use TWO different ports (20 and 21)?[0m
            [36m</p>[39m
          [36m</div>[39m
          [36m<div[39m
            [33mclass[39m=[32m"explanation-section"[39m
          [36m>[39m
            [36m<h4>[39m
              [0mExplain in your own words why FTP needs separate ports for commands and data[0m
            [36m</h4>[39m
            [36m<textarea[39m
              [33mplaceholder[39m=[32m"Type your explanation here... (minimum 20 words)"[39m
              [33mrows[39m=[32m"6"[39m
            [36m/>[39m
            [36m<div[39m
              [33mclass[39m=[32m"explanation-meta"[39m
            [36m>[39m
              [36m<span[39m
                [33mclass[39m=[32m"word-count insufficient"[39m
              [36m>[39m
                [0mWord count: [0m
                [0m0[0m
                [0m / [0m
                [0m20[0m
                [0m minimum[0m
              [36m</span>[39m
              [36m<button[39m
                [33mclass[39m=[32m"submit-btn"[39m
                [33mdisabled[39m=[32m""[39m
              [36m>[39m
                [0mSubmit Explanation[0m
              [36m</button>[39...
[90m [2m❯[22m Object.getElementError node_modules/@testing-library/dom/dist/config.js:[2m37:19[22m[39m
[90m [2m❯[22m getAllByLabelText node_modules/@testing-library/dom/dist/queries/label-text.js:[2m108:40[22m[39m
[90m [2m❯[22m node_modules/@testing-library/dom/dist/query-helpers.js:[2m52:17[22m[39m
[90m [2m❯[22m node_modules/@testing-library/dom/dist/query-helpers.js:[2m95:19[22m[39m
[36m [2m❯[22m tests/unit/protocols/PortProtocolTrainer.test.tsx:[2m313:35[22m[39m
    [90m311| [39m      [34mrender[39m([33m<[39m[33mPortProtocolTrainer[39m [33m/[39m[33m>[39m)[33m;[39m
    [90m312| [39m
    [90m313| [39m      [35mconst[39m filterSelect [33m=[39m screen[33m.[39m[34mgetByLabelText[39m([36m/Filter by protocol/i[39m…
    [90m   | [39m                                  [31m^[39m
    [90m314| [39m      [35mawait[39m user[33m.[39m[34mselectOptions[39m(filterSelect[33m,[39m [32m'HTTP'[39m)[33m;[39m
    [90m315| [39m

[31m[2m⎯⎯⎯⎯⎯⎯⎯⎯⎯⎯⎯⎯⎯⎯⎯⎯⎯⎯⎯⎯⎯[62/110]⎯[22m[39m

[31m[1m[7m FAIL [27m[22m[39m tests/unit/protocols/PortProtocolTrainer.test.tsx[2m > [22mPortProtocolTrainer[2m > [22mProtocol Filtering[2m > [22mshould reset to all protocols
[31m[1mTestingLibraryElementError[22m[39m: Found a label with the text of: /Filter by protocol/i, however no form control was found associated to that label. Make sure you're using the "for" attribute or "aria-labelledby" attribute correctly.

Ignored nodes: comments, script, style
[36m<body>[39m
  [36m<div>[39m
    [36m<div[39m
      [33mclass[39m=[32m"port-protocol-trainer"[39m
    [36m>[39m
      [36m<div[39m
        [33mclass[39m=[32m"trainer-header"[39m
      [36m>[39m
        [36m<h2>[39m
          [0mPort & Protocol Explanation Trainer[0m
        [36m</h2>[39m
        [36m<p[39m
          [33mclass[39m=[32m"subtitle"[39m
        [36m>[39m
          [0mDeep understanding through explanation, not just memorization[0m
        [36m</p>[39m
        [36m<div[39m
          [33mclass[39m=[32m"progress-bar"[39m
        [36m>[39m
          [36m<div[39m
            [33mclass[39m=[32m"progress-fill"[39m
            [33mstyle[39m=[32m"width: 0%;"[39m
          [36m/>[39m
          [36m<span[39m
            [33mclass[39m=[32m"progress-text"[39m
          [36m>[39m
            [0m0[0m
            [0m / [0m
            [0m15[0m
            [0m cards mastered[0m
          [36m</span>[39m
        [36m</div>[39m
        [36m<div[39m
          [33mclass[39m=[32m"filter-controls"[39m
        [36m>[39m
          [36m<label>[39m
            [0mFilter by protocol:[0m
          [36m</label>[39m
          [36m<select>[39m
            [36m<option[39m
              [33mvalue[39m=[32m"all"[39m
            [36m>[39m
              [0mAll Protocols[0m
            [36m</option>[39m
            [36m<option[39m
              [33mvalue[39m=[32m"ftp"[39m
            [36m>[39m
              [0mFTP[0m
            [36m</option>[39m
            [36m<option[39m
              [33mvalue[39m=[32m"sftp"[39m
            [36m>[39m
              [0mSFTP/SSH[0m
            [36m</option>[39m
            [36m<option[39m
              [33mvalue[39m=[32m"telnet"[39m
            [36m>[39m
              [0mTelnet[0m
            [36m</option>[39m
            [36m<option[39m
              [33mvalue[39m=[32m"smtp"[39m
            [36m>[39m
              [0mSMTP[0m
            [36m</option>[39m
            [36m<option[39m
              [33mvalue[39m=[32m"smtps"[39m
            [36m>[39m
              [0mSMTPS[0m
            [36m</option>[39m
            [36m<option[39m
              [33mvalue[39m=[32m"dns"[39m
            [36m>[39m
              [0mDNS[0m
            [36m</option>[39m
            [36m<option[39m
              [33mvalue[39m=[32m"dhcp"[39m
            [36m>[39m
              [0mDHCP[0m
            [36m</option>[39m
            [36m<option[39m
              [33mvalue[39m=[32m"tftp"[39m
            [36m>[39m
              [0mTFTP[0m
            [36m</option>[39m
            [36m<option[39m
              [33mvalue[39m=[32m"http"[39m
            [36m>[39m
              [0mHTTP[0m
            [36m</option>[39m
            [36m<option[39m
              [33mvalue[39m=[32m"https"[39m
            [36m>[39m
              [0mHTTPS[0m
            [36m</option>[39m
            [36m<option[39m
              [33mvalue[39m=[32m"ntp"[39m
            [36m>[39m
              [0mNTP[0m
            [36m</option>[39m
            [36m<option[39m
              [33mvalue[39m=[32m"snmp"[39m
            [36m>[39m
              [0mSNMP[0m
            [36m</option>[39m
            [36m<option[39m
              [33mvalue[39m=[32m"ldap"[39m
            [36m>[39m
              [0mLDAP[0m
            [36m</option>[39m
            [36m<option[39m
              [33mvalue[39m=[32m"ldaps"[39m
            [36m>[39m
              [0mLDAPS[0m
            [36m</option>[39m
            [36m<option[39m
              [33mvalue[39m=[32m"smb"[39m
            [36m>[39m
              [0mSMB[0m
            [36m</option>[39m
            [36m<option[39m
              [33mvalue[39m=[32m"syslog"[39m
            [36m>[39m
              [0mSyslog[0m
            [36m</option>[39m
            [36m<option[39m
              [33mvalue[39m=[32m"sqlserver"[39m
            [36m>[39m
              [0mSQL Server[0m
            [36m</option>[39m
            [36m<option[39m
              [33mvalue[39m=[32m"rdp"[39m
            [36m>[39m
              [0mRDP[0m
            [36m</option>[39m
            [36m<option[39m
              [33mvalue[39m=[32m"sip"[39m
            [36m>[39m
              [0mSIP[0m
            [36m</option>[39m
          [36m</select>[39m
        [36m</div>[39m
      [36m</div>[39m
      [36m<div[39m
        [33mclass[39m=[32m"flashcard-container"[39m
      [36m>[39m
        [36m<div[39m
          [33mclass[39m=[32m"card-counter"[39m
        [36m>[39m
          [0mCard [0m
          [0m1[0m
          [0m of [0m
          [0m15[0m
        [36m</div>[39m
        [36m<div[39m
          [33mclass[39m=[32m"protocol-badge insecure"[39m
        [36m>[39m
          [36m<span[39m
            [33mclass[39m=[32m"protocol-name"[39m
          [36m>[39m
            [0mFTP[0m
          [36m</span>[39m
          [36m<span[39m
            [33mclass[39m=[32m"protocol-ports"[39m
          [36m>[39m
            [0m20, 21[0m
          [36m</span>[39m
          [36m<span[39m
            [33mclass[39m=[32m"security-indicator insecure"[39m
          [36m>[39m
            [0minsecure[0m
          [36m</span>[39m
        [36m</div>[39m
        [36m<div[39m
          [33mclass[39m=[32m"flashcard"[39m
        [36m>[39m
          [36m<div[39m
            [33mclass[39m=[32m"card-question"[39m
          [36m>[39m
            [36m<h3>[39m
              [0mQuestion:[0m
            [36m</h3>[39m
            [36m<p>[39m
              [0mWhy does FTP use TWO different ports (20 and 21)?[0m
            [36m</p>[39m
          [36m</div>[39m
          [36m<div[39m
            [33mclass[39m=[32m"explanation-section"[39m
          [36m>[39m
            [36m<h4>[39m
              [0mExplain in your own words why FTP needs separate ports for commands and data[0m
            [36m</h4>[39m
            [36m<textarea[39m
              [33mplaceholder[39m=[32m"Type your explanation here... (minimum 20 words)"[39m
              [33mrows[39m=[32m"6"[39m
            [36m/>[39m
            [36m<div[39m
              [33mclass[39m=[32m"explanation-meta"[39m
            [36m>[39m
              [36m<span[39m
                [33mclass[39m=[32m"word-count insufficient"[39m
              [36m>[39m
                [0mWord count: [0m
                [0m0[0m
                [0m / [0m
                [0m20[0m
                [0m minimum[0m
              [36m</span>[39m
              [36m<button[39m
                [33mclass[39m=[32m"submit-btn"[39m
                [33mdisabled[39m=[32m""[39m
              [36m>[39m
                [0mSubmit Explanation[0m
              [36m</button>[39...
[90m [2m❯[22m Object.getElementError node_modules/@testing-library/dom/dist/config.js:[2m37:19[22m[39m
[90m [2m❯[22m getAllByLabelText node_modules/@testing-library/dom/dist/queries/label-text.js:[2m108:40[22m[39m
[90m [2m❯[22m node_modules/@testing-library/dom/dist/query-helpers.js:[2m52:17[22m[39m
[90m [2m❯[22m node_modules/@testing-library/dom/dist/query-helpers.js:[2m95:19[22m[39m
[36m [2m❯[22m tests/unit/protocols/PortProtocolTrainer.test.tsx:[2m323:35[22m[39m
    [90m321| [39m      [34mrender[39m([33m<[39m[33mPortProtocolTrainer[39m [33m/[39m[33m>[39m)[33m;[39m
    [90m322| [39m
    [90m323| [39m      [35mconst[39m filterSelect [33m=[39m screen[33m.[39m[34mgetByLabelText[39m([36m/Filter by protocol/i[39m…
    [90m   | [39m                                  [31m^[39m
    [90m324| [39m      [35mawait[39m user[33m.[39m[34mselectOptions[39m(filterSelect[33m,[39m [32m'All Protocols'[39m)[33m;[39m
    [90m325| [39m

[31m[2m⎯⎯⎯⎯⎯⎯⎯⎯⎯⎯⎯⎯⎯⎯⎯⎯⎯⎯⎯⎯⎯[63/110]⎯[22m[39m

[31m[1m[7m FAIL [27m[22m[39m tests/unit/protocols/PortProtocolTrainer.test.tsx[2m > [22mPortProtocolTrainer[2m > [22mAccessibility[2m > [22mshould have no accessibility violations
[31m[1mError[22m: expect(received).toHaveNoViolations(expected)

Expected the HTML found at $('select') to have no violations:

<select>

Received:

"Select element must have an accessible name (select-name)"

Fix any of the following:
  Element does not have an implicit (wrapped) <label>
  Element does not have an explicit <label>
  aria-label attribute does not exist or is empty
  aria-labelledby attribute does not exist, references elements that do not exist or references elements that are empty
  Element has no title attribute
  Element's default semantics were not overridden with role="none" or role="presentation"

You can find more information on this issue here: 
https://dequeuniversity.com/rules/axe/4.10/select-name?application=axeAPI[39m
[36m [2m❯[22m tests/unit/protocols/PortProtocolTrainer.test.tsx:[2m358:23[22m[39m
    [90m356| [39m      [35mconst[39m { container } [33m=[39m [34mrender[39m([33m<[39m[33mPortProtocolTrainer[39m [33m/[39m[33m>[39m)[33m;[39m
    [90m357| [39m      [35mconst[39m results [33m=[39m [35mawait[39m [34maxe[39m(container)[33m;[39m
    [90m358| [39m      [34mexpect[39m(results)[33m.[39m[34mtoHaveNoViolations[39m()[33m;[39m
    [90m   | [39m                      [31m^[39m
    [90m359| [39m    })[33m;[39m
    [90m360| [39m

[31m[2m⎯⎯⎯⎯⎯⎯⎯⎯⎯⎯⎯⎯⎯⎯⎯⎯⎯⎯⎯⎯⎯[64/110]⎯[22m[39m

[31m[1m[7m FAIL [27m[22m[39m tests/unit/protocols/PortProtocolTrainer.test.tsx[2m > [22mPortProtocolTrainer[2m > [22mAccessibility[2m > [22mshould have proper labels
[31m[1mTestingLibraryElementError[22m[39m: Found a label with the text of: /Filter by protocol/i, however no form control was found associated to that label. Make sure you're using the "for" attribute or "aria-labelledby" attribute correctly.

Ignored nodes: comments, script, style
[36m<body>[39m
  [36m<div>[39m
    [36m<div[39m
      [33mclass[39m=[32m"port-protocol-trainer"[39m
    [36m>[39m
      [36m<div[39m
        [33mclass[39m=[32m"trainer-header"[39m
      [36m>[39m
        [36m<h2>[39m
          [0mPort & Protocol Explanation Trainer[0m
        [36m</h2>[39m
        [36m<p[39m
          [33mclass[39m=[32m"subtitle"[39m
        [36m>[39m
          [0mDeep understanding through explanation, not just memorization[0m
        [36m</p>[39m
        [36m<div[39m
          [33mclass[39m=[32m"progress-bar"[39m
        [36m>[39m
          [36m<div[39m
            [33mclass[39m=[32m"progress-fill"[39m
            [33mstyle[39m=[32m"width: 0%;"[39m
          [36m/>[39m
          [36m<span[39m
            [33mclass[39m=[32m"progress-text"[39m
          [36m>[39m
            [0m0[0m
            [0m / [0m
            [0m15[0m
            [0m cards mastered[0m
          [36m</span>[39m
        [36m</div>[39m
        [36m<div[39m
          [33mclass[39m=[32m"filter-controls"[39m
        [36m>[39m
          [36m<label>[39m
            [0mFilter by protocol:[0m
          [36m</label>[39m
          [36m<select>[39m
            [36m<option[39m
              [33mvalue[39m=[32m"all"[39m
            [36m>[39m
              [0mAll Protocols[0m
            [36m</option>[39m
            [36m<option[39m
              [33mvalue[39m=[32m"ftp"[39m
            [36m>[39m
              [0mFTP[0m
            [36m</option>[39m
            [36m<option[39m
              [33mvalue[39m=[32m"sftp"[39m
            [36m>[39m
              [0mSFTP/SSH[0m
            [36m</option>[39m
            [36m<option[39m
              [33mvalue[39m=[32m"telnet"[39m
            [36m>[39m
              [0mTelnet[0m
            [36m</option>[39m
            [36m<option[39m
              [33mvalue[39m=[32m"smtp"[39m
            [36m>[39m
              [0mSMTP[0m
            [36m</option>[39m
            [36m<option[39m
              [33mvalue[39m=[32m"smtps"[39m
            [36m>[39m
              [0mSMTPS[0m
            [36m</option>[39m
            [36m<option[39m
              [33mvalue[39m=[32m"dns"[39m
            [36m>[39m
              [0mDNS[0m
            [36m</option>[39m
            [36m<option[39m
              [33mvalue[39m=[32m"dhcp"[39m
            [36m>[39m
              [0mDHCP[0m
            [36m</option>[39m
            [36m<option[39m
              [33mvalue[39m=[32m"tftp"[39m
            [36m>[39m
              [0mTFTP[0m
            [36m</option>[39m
            [36m<option[39m
              [33mvalue[39m=[32m"http"[39m
            [36m>[39m
              [0mHTTP[0m
            [36m</option>[39m
            [36m<option[39m
              [33mvalue[39m=[32m"https"[39m
            [36m>[39m
              [0mHTTPS[0m
            [36m</option>[39m
            [36m<option[39m
              [33mvalue[39m=[32m"ntp"[39m
            [36m>[39m
              [0mNTP[0m
            [36m</option>[39m
            [36m<option[39m
              [33mvalue[39m=[32m"snmp"[39m
            [36m>[39m
              [0mSNMP[0m
            [36m</option>[39m
            [36m<option[39m
              [33mvalue[39m=[32m"ldap"[39m
            [36m>[39m
              [0mLDAP[0m
            [36m</option>[39m
            [36m<option[39m
              [33mvalue[39m=[32m"ldaps"[39m
            [36m>[39m
              [0mLDAPS[0m
            [36m</option>[39m
            [36m<option[39m
              [33mvalue[39m=[32m"smb"[39m
            [36m>[39m
              [0mSMB[0m
            [36m</option>[39m
            [36m<option[39m
              [33mvalue[39m=[32m"syslog"[39m
            [36m>[39m
              [0mSyslog[0m
            [36m</option>[39m
            [36m<option[39m
              [33mvalue[39m=[32m"sqlserver"[39m
            [36m>[39m
              [0mSQL Server[0m
            [36m</option>[39m
            [36m<option[39m
              [33mvalue[39m=[32m"rdp"[39m
            [36m>[39m
              [0mRDP[0m
            [36m</option>[39m
            [36m<option[39m
              [33mvalue[39m=[32m"sip"[39m
            [36m>[39m
              [0mSIP[0m
            [36m</option>[39m
          [36m</select>[39m
        [36m</div>[39m
      [36m</div>[39m
      [36m<div[39m
        [33mclass[39m=[32m"flashcard-container"[39m
      [36m>[39m
        [36m<div[39m
          [33mclass[39m=[32m"card-counter"[39m
        [36m>[39m
          [0mCard [0m
          [0m1[0m
          [0m of [0m
          [0m15[0m
        [36m</div>[39m
        [36m<div[39m
          [33mclass[39m=[32m"protocol-badge insecure"[39m
        [36m>[39m
          [36m<span[39m
            [33mclass[39m=[32m"protocol-name"[39m
          [36m>[39m
            [0mFTP[0m
          [36m</span>[39m
          [36m<span[39m
            [33mclass[39m=[32m"protocol-ports"[39m
          [36m>[39m
            [0m20, 21[0m
          [36m</span>[39m
          [36m<span[39m
            [33mclass[39m=[32m"security-indicator insecure"[39m
          [36m>[39m
            [0minsecure[0m
          [36m</span>[39m
        [36m</div>[39m
        [36m<div[39m
          [33mclass[39m=[32m"flashcard"[39m
        [36m>[39m
          [36m<div[39m
            [33mclass[39m=[32m"card-question"[39m
          [36m>[39m
            [36m<h3>[39m
              [0mQuestion:[0m
            [36m</h3>[39m
            [36m<p>[39m
              [0mWhy does FTP use TWO different ports (20 and 21)?[0m
            [36m</p>[39m
          [36m</div>[39m
          [36m<div[39m
            [33mclass[39m=[32m"explanation-section"[39m
          [36m>[39m
            [36m<h4>[39m
              [0mExplain in your own words why FTP needs separate ports for commands and data[0m
            [36m</h4>[39m
            [36m<textarea[39m
              [33mplaceholder[39m=[32m"Type your explanation here... (minimum 20 words)"[39m
              [33mrows[39m=[32m"6"[39m
            [36m/>[39m
            [36m<div[39m
              [33mclass[39m=[32m"explanation-meta"[39m
            [36m>[39m
              [36m<span[39m
                [33mclass[39m=[32m"word-count insufficient"[39m
              [36m>[39m
                [0mWord count: [0m
                [0m0[0m
                [0m / [0m
                [0m20[0m
                [0m minimum[0m
              [36m</span>[39m
              [36m<button[39m
                [33mclass[39m=[32m"submit-btn"[39m
                [33mdisabled[39m=[32m""[39m
              [36m>[39m
                [0mSubmit Explanation[0m
              [36m</button>[39...
[90m [2m❯[22m Object.getElementError node_modules/@testing-library/dom/dist/config.js:[2m37:19[22m[39m
[90m [2m❯[22m getAllByLabelText node_modules/@testing-library/dom/dist/queries/label-text.js:[2m108:40[22m[39m
[90m [2m❯[22m node_modules/@testing-library/dom/dist/query-helpers.js:[2m52:17[22m[39m
[90m [2m❯[22m node_modules/@testing-library/dom/dist/query-helpers.js:[2m95:19[22m[39m
[36m [2m❯[22m tests/unit/protocols/PortProtocolTrainer.test.tsx:[2m371:35[22m[39m
    [90m369| [39m      [34mrender[39m([33m<[39m[33mPortProtocolTrainer[39m [33m/[39m[33m>[39m)[33m;[39m
    [90m370| [39m
    [90m371| [39m      [35mconst[39m filterSelect [33m=[39m screen[33m.[39m[34mgetByLabelText[39m([36m/Filter by protocol/i[39m…
    [90m   | [39m                                  [31m^[39m
    [90m372| [39m      [34mexpect[39m(filterSelect)[33m.[39m[34mtoHaveAccessibleName[39m()[33m;[39m
    [90m373| [39m    })[33m;[39m

[31m[2m⎯⎯⎯⎯⎯⎯⎯⎯⎯⎯⎯⎯⎯⎯⎯⎯⎯⎯⎯⎯⎯[65/110]⎯[22m[39m

[31m[1m[7m FAIL [27m[22m[39m tests/unit/stores/appStore.test.ts[2m > [22mappStore[2m > [22mPersistence[2m > [22mshould not persist sidebar state
[31m[1mAssertionError[22m: expected false to be true // Object.is equality[39m

[32m- Expected[39m
[31m+ Received[39m

[32m- true[39m
[31m+ false[39m

[36m [2m❯[22m tests/unit/stores/appStore.test.ts:[2m240:43[22m[39m
    [90m238| [39m      [35mconst[39m { result[33m:[39m result2 } [33m=[39m [34mrenderHook[39m(() [33m=>[39m [34museAppStore[39m())[33m;[39m
    [90m239| [39m      [90m// Sidebar state should reset to default (true) as it's not in p[39m…
    [90m240| [39m      [34mexpect[39m(result2[33m.[39mcurrent[33m.[39msidebarOpen)[33m.[39m[34mtoBe[39m([35mtrue[39m)[33m;[39m
    [90m   | [39m                                          [31m^[39m
    [90m241| [39m    })[33m;[39m
    [90m242| [39m

[31m[2m⎯⎯⎯⎯⎯⎯⎯⎯⎯⎯⎯⎯⎯⎯⎯⎯⎯⎯⎯⎯⎯[66/110]⎯[22m[39m

[31m[1m[7m FAIL [27m[22m[39m tests/unit/stores/appStore.test.ts[2m > [22mappStore[2m > [22mPersistence[2m > [22mshould not persist search query
[31m[1mAssertionError[22m: expected 'test query' to be '' // Object.is equality[39m

[32m- Expected[39m
[31m+ Received[39m

[31m+ test query[39m

[36m [2m❯[22m tests/unit/stores/appStore.test.ts:[2m250:43[22m[39m
    [90m248| [39m
    [90m249| [39m      [35mconst[39m { result[33m:[39m result2 } [33m=[39m [34mrenderHook[39m(() [33m=>[39m [34museAppStore[39m())[33m;[39m
    [90m250| [39m      [34mexpect[39m(result2[33m.[39mcurrent[33m.[39msearchQuery)[33m.[39m[34mtoBe[39m([32m''[39m)[33m;[39m
    [90m   | [39m                                          [31m^[39m
    [90m251| [39m    })[33m;[39m
    [90m252| [39m  })[33m;[39m

[31m[2m⎯⎯⎯⎯⎯⎯⎯⎯⎯⎯⎯⎯⎯⎯⎯⎯⎯⎯⎯⎯⎯[67/110]⎯[22m[39m

[31m[1m[7m FAIL [27m[22m[39m tests/unit/stores/progressStore.test.ts[2m > [22mprogressStore[2m > [22mCategory Progress[2m > [22mshould calculate category progress with no components
[31m[1mAssertionError[22m: expected 1 to be +0 // Object.is equality[39m

[32m- Expected[39m
[31m+ Received[39m

[32m- 0[39m
[31m+ 1[39m

[36m [2m❯[22m tests/unit/stores/progressStore.test.ts:[2m100:48[22m[39m
    [90m 98| [39m
    [90m 99| [39m      [34mexpect[39m(categoryProgress[33m.[39mcomponentsCompleted)[33m.[39m[34mtoBe[39m([34m0[39m)[33m;[39m
    [90m100| [39m      [34mexpect[39m(categoryProgress[33m.[39mtotalComponents)[33m.[39m[34mtoBe[39m([34m0[39m)[33m;[39m
    [90m   | [39m                                               [31m^[39m
    [90m101| [39m      [34mexpect[39m(categoryProgress[33m.[39maverageScore)[33m.[39m[34mtoBe[39m([34m0[39m)[33m;[39m
    [90m102| [39m      [34mexpect[39m(categoryProgress[33m.[39mtotalTimeSpent)[33m.[39m[34mtoBe[39m([34m0[39m)[33m;[39m

[31m[2m⎯⎯⎯⎯⎯⎯⎯⎯⎯⎯⎯⎯⎯⎯⎯⎯⎯⎯⎯⎯⎯[68/110]⎯[22m[39m

[31m[1m[7m FAIL [27m[22m[39m tests/unit/stores/progressStore.test.ts[2m > [22mprogressStore[2m > [22mCategory Progress[2m > [22mshould calculate category progress with completed components
[31m[1mAssertionError[22m: expected +0 to be 2 // Object.is equality[39m

[32m- Expected[39m
[31m+ Received[39m

[32m- 2[39m
[31m+ 0[39m

[36m [2m❯[22m tests/unit/stores/progressStore.test.ts:[2m115:52[22m[39m
    [90m113| [39m
    [90m114| [39m      [35mconst[39m categoryProgress [33m=[39m result[33m.[39mcurrent[33m.[39m[34mgetCategoryProgress[39m([32m'clo[39m…
    [90m115| [39m      [34mexpect[39m(categoryProgress[33m.[39mcomponentsCompleted)[33m.[39m[34mtoBe[39m([34m2[39m)[33m;[39m
    [90m   | [39m                                                   [31m^[39m
    [90m116| [39m      [34mexpect[39m(categoryProgress[33m.[39mtotalComponents)[33m.[39m[34mtoBe[39m([34m2[39m)[33m;[39m
    [90m117| [39m      [34mexpect[39m(categoryProgress[33m.[39maverageScore)[33m.[39m[34mtoBe[39m([34m87.5[39m)[33m;[39m

[31m[2m⎯⎯⎯⎯⎯⎯⎯⎯⎯⎯⎯⎯⎯⎯⎯⎯⎯⎯⎯⎯⎯[69/110]⎯[22m[39m

[31m[1m[7m FAIL [27m[22m[39m tests/unit/stores/progressStore.test.ts[2m > [22mprogressStore[2m > [22mOverall Progress[2m > [22mshould calculate overall progress with no completion
[31m[1mAssertionError[22m: expected 4 to be +0 // Object.is equality[39m

[32m- Expected[39m
[31m+ Received[39m

[32m- 0[39m
[31m+ 4[39m

[36m [2m❯[22m tests/unit/stores/progressStore.test.ts:[2m154:38[22m[39m
    [90m152| [39m      [35mconst[39m overall [33m=[39m result[33m.[39mcurrent[33m.[39m[34mgetOverallProgress[39m()[33m;[39m
    [90m153| [39m
    [90m154| [39m      [34mexpect[39m(overall[33m.[39mtotalCompleted)[33m.[39m[34mtoBe[39m([34m0[39m)[33m;[39m
    [90m   | [39m                                     [31m^[39m
    [90m155| [39m      [34mexpect[39m(overall[33m.[39mtotalComponents)[33m.[39m[34mtoBe[39m([34m23[39m)[33m;[39m
    [90m156| [39m      [34mexpect[39m(overall[33m.[39mpercentage)[33m.[39m[34mtoBe[39m([34m0[39m)[33m;[39m

[31m[2m⎯⎯⎯⎯⎯⎯⎯⎯⎯⎯⎯⎯⎯⎯⎯⎯⎯⎯⎯⎯⎯[70/110]⎯[22m[39m

[31m[1m[7m FAIL [27m[22m[39m tests/unit/stores/progressStore.test.ts[2m > [22mprogressStore[2m > [22mOverall Progress[2m > [22mshould calculate overall progress with some completions
[31m[1mAssertionError[22m: expected 7 to be 3 // Object.is equality[39m

[32m- Expected[39m
[31m+ Received[39m

[32m- 3[39m
[31m+ 7[39m

[36m [2m❯[22m tests/unit/stores/progressStore.test.ts:[2m169:38[22m[39m
    [90m167| [39m
    [90m168| [39m      [35mconst[39m overall [33m=[39m result[33m.[39mcurrent[33m.[39m[34mgetOverallProgress[39m()[33m;[39m
    [90m169| [39m      [34mexpect[39m(overall[33m.[39mtotalCompleted)[33m.[39m[34mtoBe[39m([34m3[39m)[33m;[39m
    [90m   | [39m                                     [31m^[39m
    [90m170| [39m      [34mexpect[39m(overall[33m.[39mpercentage)[33m.[39m[34mtoBeCloseTo[39m([34m13.04[39m[33m,[39m [34m1[39m)[33m;[39m
    [90m171| [39m      [34mexpect[39m(overall[33m.[39maverageScore)[33m.[39m[34mtoBeCloseTo[39m([34m85[39m[33m,[39m [34m0[39m)[33m;[39m

[31m[2m⎯⎯⎯⎯⎯⎯⎯⎯⎯⎯⎯⎯⎯⎯⎯⎯⎯⎯⎯⎯⎯[71/110]⎯[22m[39m

[31m[1m[7m FAIL [27m[22m[39m tests/unit/stores/progressStore.test.ts[2m > [22mprogressStore[2m > [22mOverall Progress[2m > [22mshould calculate 100% completion correctly
[31m[1mAssertionError[22m: expected 27 to be 23 // Object.is equality[39m

[32m- Expected[39m
[31m+ Received[39m

[32m- 23[39m
[31m+ 27[39m

[36m [2m❯[22m tests/unit/stores/progressStore.test.ts:[2m183:38[22m[39m
    [90m181| [39m
    [90m182| [39m      [35mconst[39m overall [33m=[39m result[33m.[39mcurrent[33m.[39m[34mgetOverallProgress[39m()[33m;[39m
    [90m183| [39m      [34mexpect[39m(overall[33m.[39mtotalCompleted)[33m.[39m[34mtoBe[39m([34m23[39m)[33m;[39m
    [90m   | [39m                                     [31m^[39m
    [90m184| [39m      [34mexpect[39m(overall[33m.[39mpercentage)[33m.[39m[34mtoBe[39m([34m100[39m)[33m;[39m
    [90m185| [39m    })[33m;[39m

[31m[2m⎯⎯⎯⎯⎯⎯⎯⎯⎯⎯⎯⎯⎯⎯⎯⎯⎯⎯⎯⎯⎯[72/110]⎯[22m[39m

[31m[1m[7m FAIL [27m[22m[39m tests/unit/stores/progressStore.test.ts[2m > [22mprogressStore[2m > [22mOverall Progress[2m > [22mshould ignore incomplete components in score calculation
[31m[1mAssertionError[22m: expected 89.33333333333333 to be 100 // Object.is equality[39m

[32m- Expected[39m
[31m+ Received[39m

[32m- 100[39m
[31m+ 89.33333333333333[39m

[36m [2m❯[22m tests/unit/stores/progressStore.test.ts:[2m198:36[22m[39m
    [90m196| [39m
    [90m197| [39m      [35mconst[39m overall [33m=[39m result[33m.[39mcurrent[33m.[39m[34mgetOverallProgress[39m()[33m;[39m
    [90m198| [39m      [34mexpect[39m(overall[33m.[39maverageScore)[33m.[39m[34mtoBe[39m([34m100[39m)[33m;[39m
    [90m   | [39m                                   [31m^[39m
    [90m199| [39m    })[33m;[39m
    [90m200| [39m  })[33m;[39m

[31m[2m⎯⎯⎯⎯⎯⎯⎯⎯⎯⎯⎯⎯⎯⎯⎯⎯⎯⎯⎯⎯⎯[73/110]⎯[22m[39m

[31m[1m[7m FAIL [27m[22m[39m tests/unit/stores/progressStore.test.ts[2m > [22mprogressStore[2m > [22mReset Functions[2m > [22mshould reset all progress
[31m[1mAssertionError[22m: expected { Object (osi-layer-builder, cloud-architecture, ...) } to deeply equal {}[39m

[32m- Expected[39m
[31m+ Received[39m

[32m- Object {}[39m
[31m+ Object {[39m
[31m+   "cloud-architecture": Object {[39m
[31m+     "attempts": 0,[39m
[31m+     "completed": false,[39m
[31m+     "componentId": "cloud-architecture",[39m
[31m+     "lastVisited": "2025-10-29T14:53:46.447Z",[39m
[31m+     "score": 90,[39m
[31m+     "timeSpent": 300,[39m
[31m+   },[39m
[31m+   "cloud-summary": Object {[39m
[31m+     "attempts": 0,[39m
[31m+     "completed": false,[39m
[31m+     "componentId": "cloud-summary",[39m
[31m+     "lastVisited": "2025-10-29T14:53:46.447Z",[39m
[31m+     "score": 85,[39m
[31m+     "timeSpent": 200,[39m
[31m+   },[39m
[31m+   "comp-1": Object {[39m
[31m+     "attempts": 1,[39m
[31m+     "completed": true,[39m
[31m+     "componentId": "comp-1",[39m
[31m+     "lastVisited": "2025-10-29T14:53:46.609Z",[39m
[31m+     "score": 100,[39m
[31m+     "timeSpent": 0,[39m
[31m+   },[39m
[31m+   "comp-2": Object {[39m
[31m+     "attempts": 0,[39m
[31m+     "completed": false,[39m
[31m+     "componentId": "comp-2",[39m
[31m+     "lastVisited": "2025-10-29T14:53:46.609Z",[39m
[31m+     "timeSpent": 50,[39m
[31m+   },[39m
[31m+   "component-1": Object {[39m
[31m+     "attempts": 2,[39m
[31m+     "completed": true,[39m
[31m+     "componentId": "component-1",[39m
[31m+     "lastVisited": "2025-10-29T14:53:46.546Z",[39m
[31m+     "score": 90,[39m
[31m+     "timeSpent": 0,[39m
[31m+   },[39m
[31m+   "component-10": Object {[39m
[31m+     "attempts": 1,[39m
[31m+     "completed": true,[39m
[31m+     "componentId": "component-10",[39m
[31m+     "lastVisited": "2025-10-29T14:53:46.547Z",[39m
[31m+     "score": 90,[39m
[31m+     "timeSpent": 0,[39m
[31m+   },[39m
[31m+   "component-11": Object {[39m
[31m+     "attempts": 1,[39m
[31m+     "completed": true,[39m
[31m+     "componentId": "component-11",[39m
[31m+     "lastVisited": "2025-10-29T14:53:46.547Z",[39m
[31m+     "score": 90,[39m
[31m+     "timeSpent": 0,[39m
[31m+   },[39m
[31m+   "component-12": Object {[39m
[31m+     "attempts": 1,[39m
[31m+     "completed": true,[39m
[31m+     "componentId": "component-12",[39m
[31m+     "lastVisited": "2025-10-29T14:53:46.547Z",[39m
[31m+     "score": 90,[39m
[31m+     "timeSpent": 0,[39m
[31m+   },[39m
[31m+   "component-13": Object {[39m
[31m+     "attempts": 1,[39m
[31m+     "completed": true,[39m
[31m+     "componentId": "component-13",[39m
[31m+     "lastVisited": "2025-10-29T14:53:46.547Z",[39m
[31m+     "score": 90,[39m
[31m+     "timeSpent": 0,[39m
[31m+   },[39m
[31m+   "component-14": Object {[39m
[31m+     "attempts": 1,[39m
[31m+     "completed": true,[39m
[31m+     "componentId": "component-14",[39m
[31m+     "lastVisited": "2025-10-29T14:53:46.547Z",[39m
[31m+     "score": 90,[39m
[31m+     "timeSpent": 0,[39m
[31m+   },[39m
[31m+   "component-15": Object {[39m
[31m+     "attempts": 1,[39m
[31m+     "completed": true,[39m
[31m+     "componentId": "component-15",[39m
[31m+     "lastVisited": "2025-10-29T14:53:46.547Z",[39m
[31m+     "score": 90,[39m
[31m+     "timeSpent": 0,[39m
[31m+   },[39m
[31m+   "component-16": Object {[39m
[31m+     "attempts": 1,[39m
[31m+     "completed": true,[39m
[31m+     "componentId": "component-16",[39m
[31m+     "lastVisited": "2025-10-29T14:53:46.547Z",[39m
[31m+     "score": 90,[39m
[31m+     "timeSpent": 0,[39m
[31m+   },[39m
[31m+   "component-17": Object {[39m
[31m+     "attempts": 1,[39m
[31m+     "completed": true,[39m
[31m+     "componentId": "component-17",[39m
[31m+     "lastVisited": "2025-10-29T14:53:46.547Z",[39m
[31m+     "score": 90,[39m
[31m+     "timeSpent": 0,[39m
[31m+   },[39m
[31m+   "component-18": Object {[39m
[31m+     "attempts": 1,[39m
[31m+     "completed": true,[39m
[31m+     "componentId": "component-18",[39m
[31m+     "lastVisited": "2025-10-29T14:53:46.547Z",[39m
[31m+     "score": 90,[39m
[31m+     "timeSpent": 0,[39m
[31m+   },[39m
[31m+   "component-19": Object {[39m
[31m+     "attempts": 1,[39m
[31m+     "completed": true,[39m
[31m+     "componentId": "component-19",[39m
[31m+     "lastVisited": "2025-10-29T14:53:46.547Z",[39m
[31m+     "score": 90,[39m
[31m+     "timeSpent": 0,[39m
[31m+   },[39m
[31m+   "component-2": Object {[39m
[31m+     "attempts": 2,[39m
[31m+     "completed": true,[39m
[31m+     "componentId": "component-2",[39m
[31m+     "lastVisited": "2025-10-29T14:53:46.546Z",[39m
[31m+     "score": 90,[39m
[31m+     "timeSpent": 0,[39m
[31m+   },[39m
[31m+   "component-20": Object {[39m
[31m+     "attempts": 1,[39m
[31m+     "completed": true,[39m
[31m+     "componentId": "component-20",[39m
[31m+     "lastVisited": "2025-10-29T14:53:46.547Z",[39m
[31m+     "score": 90,[39m
[31m+     "timeSpent": 0,[39m
[31m+   },[39m
[31m+   "component-21": Object {[39m
[31m+     "attempts": 1,[39m
[31m+     "completed": true,[39m
[31m+     "componentId": "component-21",[39m
[31m+     "lastVisited": "2025-10-29T14:53:46.547Z",[39m
[31m+     "score": 90,[39m
[31m+     "timeSpent": 0,[39m
[31m+   },[39m
[31m+   "component-22": Object {[39m
[31m+     "attempts": 1,[39m
[31m+     "completed": true,[39m
[31m+     "componentId": "component-22",[39m
[31m+     "lastVisited": "2025-10-29T14:53:46.548Z",[39m
[31m+     "score": 90,[39m
[31m+     "timeSpent": 0,[39m
[31m+   },[39m
[31m+   "component-23": Object {[39m
[31m+     "attempts": 1,[39m
[31m+     "completed": true,[39m
[31m+     "componentId": "component-23",[39m
[31m+     "lastVisited": "2025-10-29T14:53:46.548Z",[39m
[31m+     "score": 90,[39m
[31m+     "timeSpent": 0,[39m
[31m+   },[39m
[31m+   "component-3": Object {[39m
[31m+     "attempts": 2,[39m
[31m+     "completed": true,[39m
[31m+     "componentId": "component-3",[39m
[31m+     "lastVisited": "2025-10-29T14:53:46.546Z",[39m
[31m+     "score": 90,[39m
[31m+     "timeSpent": 0,[39m
[31m+   },[39m
[31m+   "component-4": Object {[39m
[31m+     "attempts": 1,[39m
[31m+     "completed": true,[39m
[31m+     "componentId": "component-4",[39m
[31m+     "lastVisited": "2025-10-29T14:53:46.546Z",[39m
[31m+     "score": 90,[39m
[31m+     "timeSpent": 0,[39m
[31m+   },[39m
[31m+   "component-5": Object {[39m
[31m+     "attempts": 1,[39m
[31m+     "completed": true,[39m
[31m+     "componentId": "component-5",[39m
[31m+     "lastVisited": "2025-10-29T14:53:46.546Z",[39m
[31m+     "score": 90,[39m
[31m+     "timeSpent": 0,[39m
[31m+   },[39m
[31m+   "component-6": Object {[39m
[31m+     "attempts": 1,[39m
[31m+     "completed": true,[39m
[31m+     "componentId": "component-6",[39m
[31m+     "lastVisited": "2025-10-29T14:53:46.546Z",[39m
[31m+     "score": 90,[39m
[31m+     "timeSpent": 0,[39m
[31m+   },[39m
[31m+   "component-7": Object {[39m
[31m+     "attempts": 1,[39m
[31m+     "completed": true,[39m
[31m+     "componentId": "component-7",[39m
[31m+     "lastVisited": "2025-10-29T14:53:46.546Z",[39m
[31m+     "score": 90,[39m
[31m+     "timeSpent": 0,[39m
[31m+   },[39m
[31m+   "component-8": Object {[39m
[31m+     "attempts": 1,[39m
[31m+     "completed": true,[39m
[31m+     "componentId": "component-8",[39m
[31m+     "lastVisited": "2025-10-29T14:53:46.546Z",[39m
[31m+     "score": 90,[39m
[31m+     "timeSpent": 0,[39m
[31m+   },[39m
[31m+   "component-9": Object {[39m
[31m+     "attempts": 1,[39m
[31m+     "completed": true,[39m
[31m+     "componentId": "component-9",[39m
[31m+     "lastVisited": "2025-10-29T14:53:46.547Z",[39m
[31m+     "score": 90,[39m
[31m+     "timeSpent": 0,[39m
[31m+   },[39m
[31m+   "ipv4-subnet": Object {[39m
[31m+     "attempts": 1,[39m
[31m+     "completed": true,[39m
[31m+     "componentId": "ipv4-subnet",[39m
[31m+     "lastVisited": "2025-10-29T14:53:46.500Z",[39m
[31m+     "score": 95,[39m
[31m+     "timeSpent": 0,[39m
[31m+   },[39m
[31m+   "ipv4-troubleshooter": Object {[39m
[31m+     "attempts": 0,[39m
[31m+     "completed": false,[39m
[31m+     "componentId": "ipv4-troubleshooter",[39m
[31m+     "lastVisited": "2025-10-29T14:53:46.500Z",[39m
[31m+     "timeSpent": 100,[39m
[31m+   },[39m
[31m+   "osi-layer-builder": Object {[39m
[31m+     "attempts": 1,[39m
[31m+     "completed": false,[39m
[31m+     "componentId": "osi-layer-builder",[39m
[31m+     "lastVisited": "2025-10-29T14:53:46.301Z",[39m
[31m+     "timeSpent": 300,[39m
[31m+   },[39m
[31m+   "ports-demo": Object {[39m
[31m+     "attempts": 1,[39m
[31m+     "completed": true,[39m
[31m+     "componentId": "ports-demo",[39m
[31m+     "lastVisited": "2025-10-29T14:53:46.464Z",[39m
[31m+     "score": 90,[39m
[31m+     "timeSpent": 0,[39m
[31m+   },[39m
[31m+   "ports-scanner": Object {[39m
[31m+     "attempts": 1,[39m
[31m+     "completed": true,[39m
[31m+     "componentId": "ports-scanner",[39m
[31m+     "lastVisited": "2025-10-29T14:53:46.464Z",[39m
[31m+     "score": 80,[39m
[31m+     "timeSpent": 0,[39m
[31m+   },[39m
[31m+   "ports-trainer": Object {[39m
[31m+     "attempts": 4,[39m
[31m+     "completed": true,[39m
[31m+     "componentId": "ports-trainer",[39m
[31m+     "lastVisited": "2025-10-29T14:53:46.463Z",[39m
[31m+     "score": 70,[39m
[31m+     "timeSpent": 0,[39m
[31m+   },[39m
[31m+   "test-1": Object {[39m
[31m+     "attempts": 1,[39m
[31m+     "completed": true,[39m
[31m+     "componentId": "test-1",[39m
[31m+     "lastVisited": "2025-10-29T14:53:46.652Z",[39m
[31m+     "score": 80,[39m
[31m+     "timeSpent": 0,[39m
[31m+   },[39m
[31m+   "test-2": Object {[39m
[31m+     "attempts": 1,[39m
[31m+     "completed": true,[39m
[31m+     "componentId": "test-2",[39m
[31m+     "lastVisited": "2025-10-29T14:53:46.652Z",[39m
[31m+     "score": 90,[39m
[31m+     "timeSpent": 0,[39m
[31m+   },[39m
[31m+   "topology-analyzer": Object {[39m
[31m+     "attempts": 0,[39m
[31m+     "completed": false,[39m
[31m+     "componentId": "topology-analyzer",[39m
[31m+     "lastVisited": "2025-10-29T14:53:46.399Z",[39m
[31m+     "timeSpent": 150,[39m
[31m+   },[39m
[31m+ }[39m

[36m [2m❯[22m tests/unit/stores/progressStore.test.ts:[2m211:48[22m[39m
    [90m209| [39m      })[33m;[39m
    [90m210| [39m
    [90m211| [39m      [34mexpect[39m(result[33m.[39mcurrent[33m.[39mcomponentProgress)[33m.[39m[34mtoEqual[39m({})[33m;[39m
    [90m   | [39m                                               [31m^[39m
    [90m212| [39m      [35mconst[39m overall [33m=[39m result[33m.[39mcurrent[33m.[39m[34mgetOverallProgress[39m()[33m;[39m
    [90m213| [39m      [34mexpect[39m(overall[33m.[39mtotalCompleted)[33m.[39m[34mtoBe[39m([34m0[39m)[33m;[39m

[31m[2m⎯⎯⎯⎯⎯⎯⎯⎯⎯⎯⎯⎯⎯⎯⎯⎯⎯⎯⎯⎯⎯[74/110]⎯[22m[39m

[31m[1m[7m FAIL [27m[22m[39m tests/unit/stores/progressStore.test.ts[2m > [22mprogressStore[2m > [22mReset Functions[2m > [22mshould handle resetting non-existent component
[31m[1mAssertionError[22m: expected { Object (osi-layer-builder, cloud-architecture, ...) } to deeply equal {}[39m

[32m- Expected[39m
[31m+ Received[39m

[32m- Object {}[39m
[31m+ Object {[39m
[31m+   "cloud-architecture": Object {[39m
[31m+     "attempts": 0,[39m
[31m+     "completed": false,[39m
[31m+     "componentId": "cloud-architecture",[39m
[31m+     "lastVisited": "2025-10-29T14:53:46.447Z",[39m
[31m+     "score": 90,[39m
[31m+     "timeSpent": 300,[39m
[31m+   },[39m
[31m+   "cloud-summary": Object {[39m
[31m+     "attempts": 0,[39m
[31m+     "completed": false,[39m
[31m+     "componentId": "cloud-summary",[39m
[31m+     "lastVisited": "2025-10-29T14:53:46.447Z",[39m
[31m+     "score": 85,[39m
[31m+     "timeSpent": 200,[39m
[31m+   },[39m
[31m+   "comp-1": Object {[39m
[31m+     "attempts": 1,[39m
[31m+     "completed": true,[39m
[31m+     "componentId": "comp-1",[39m
[31m+     "lastVisited": "2025-10-29T14:53:46.609Z",[39m
[31m+     "score": 100,[39m
[31m+     "timeSpent": 0,[39m
[31m+   },[39m
[31m+   "comp-2": Object {[39m
[31m+     "attempts": 0,[39m
[31m+     "completed": false,[39m
[31m+     "componentId": "comp-2",[39m
[31m+     "lastVisited": "2025-10-29T14:53:46.609Z",[39m
[31m+     "timeSpent": 50,[39m
[31m+   },[39m
[31m+   "component-1": Object {[39m
[31m+     "attempts": 2,[39m
[31m+     "completed": true,[39m
[31m+     "componentId": "component-1",[39m
[31m+     "lastVisited": "2025-10-29T14:53:46.546Z",[39m
[31m+     "score": 90,[39m
[31m+     "timeSpent": 0,[39m
[31m+   },[39m
[31m+   "component-10": Object {[39m
[31m+     "attempts": 1,[39m
[31m+     "completed": true,[39m
[31m+     "componentId": "component-10",[39m
[31m+     "lastVisited": "2025-10-29T14:53:46.547Z",[39m
[31m+     "score": 90,[39m
[31m+     "timeSpent": 0,[39m
[31m+   },[39m
[31m+   "component-11": Object {[39m
[31m+     "attempts": 1,[39m
[31m+     "completed": true,[39m
[31m+     "componentId": "component-11",[39m
[31m+     "lastVisited": "2025-10-29T14:53:46.547Z",[39m
[31m+     "score": 90,[39m
[31m+     "timeSpent": 0,[39m
[31m+   },[39m
[31m+   "component-12": Object {[39m
[31m+     "attempts": 1,[39m
[31m+     "completed": true,[39m
[31m+     "componentId": "component-12",[39m
[31m+     "lastVisited": "2025-10-29T14:53:46.547Z",[39m
[31m+     "score": 90,[39m
[31m+     "timeSpent": 0,[39m
[31m+   },[39m
[31m+   "component-13": Object {[39m
[31m+     "attempts": 1,[39m
[31m+     "completed": true,[39m
[31m+     "componentId": "component-13",[39m
[31m+     "lastVisited": "2025-10-29T14:53:46.547Z",[39m
[31m+     "score": 90,[39m
[31m+     "timeSpent": 0,[39m
[31m+   },[39m
[31m+   "component-14": Object {[39m
[31m+     "attempts": 1,[39m
[31m+     "completed": true,[39m
[31m+     "componentId": "component-14",[39m
[31m+     "lastVisited": "2025-10-29T14:53:46.547Z",[39m
[31m+     "score": 90,[39m
[31m+     "timeSpent": 0,[39m
[31m+   },[39m
[31m+   "component-15": Object {[39m
[31m+     "attempts": 1,[39m
[31m+     "completed": true,[39m
[31m+     "componentId": "component-15",[39m
[31m+     "lastVisited": "2025-10-29T14:53:46.547Z",[39m
[31m+     "score": 90,[39m
[31m+     "timeSpent": 0,[39m
[31m+   },[39m
[31m+   "component-16": Object {[39m
[31m+     "attempts": 1,[39m
[31m+     "completed": true,[39m
[31m+     "componentId": "component-16",[39m
[31m+     "lastVisited": "2025-10-29T14:53:46.547Z",[39m
[31m+     "score": 90,[39m
[31m+     "timeSpent": 0,[39m
[31m+   },[39m
[31m+   "component-17": Object {[39m
[31m+     "attempts": 1,[39m
[31m+     "completed": true,[39m
[31m+     "componentId": "component-17",[39m
[31m+     "lastVisited": "2025-10-29T14:53:46.547Z",[39m
[31m+     "score": 90,[39m
[31m+     "timeSpent": 0,[39m
[31m+   },[39m
[31m+   "component-18": Object {[39m
[31m+     "attempts": 1,[39m
[31m+     "completed": true,[39m
[31m+     "componentId": "component-18",[39m
[31m+     "lastVisited": "2025-10-29T14:53:46.547Z",[39m
[31m+     "score": 90,[39m
[31m+     "timeSpent": 0,[39m
[31m+   },[39m
[31m+   "component-19": Object {[39m
[31m+     "attempts": 1,[39m
[31m+     "completed": true,[39m
[31m+     "componentId": "component-19",[39m
[31m+     "lastVisited": "2025-10-29T14:53:46.547Z",[39m
[31m+     "score": 90,[39m
[31m+     "timeSpent": 0,[39m
[31m+   },[39m
[31m+   "component-2": Object {[39m
[31m+     "attempts": 2,[39m
[31m+     "completed": true,[39m
[31m+     "componentId": "component-2",[39m
[31m+     "lastVisited": "2025-10-29T14:53:46.546Z",[39m
[31m+     "score": 90,[39m
[31m+     "timeSpent": 0,[39m
[31m+   },[39m
[31m+   "component-20": Object {[39m
[31m+     "attempts": 1,[39m
[31m+     "completed": true,[39m
[31m+     "componentId": "component-20",[39m
[31m+     "lastVisited": "2025-10-29T14:53:46.547Z",[39m
[31m+     "score": 90,[39m
[31m+     "timeSpent": 0,[39m
[31m+   },[39m
[31m+   "component-21": Object {[39m
[31m+     "attempts": 1,[39m
[31m+     "completed": true,[39m
[31m+     "componentId": "component-21",[39m
[31m+     "lastVisited": "2025-10-29T14:53:46.547Z",[39m
[31m+     "score": 90,[39m
[31m+     "timeSpent": 0,[39m
[31m+   },[39m
[31m+   "component-22": Object {[39m
[31m+     "attempts": 1,[39m
[31m+     "completed": true,[39m
[31m+     "componentId": "component-22",[39m
[31m+     "lastVisited": "2025-10-29T14:53:46.548Z",[39m
[31m+     "score": 90,[39m
[31m+     "timeSpent": 0,[39m
[31m+   },[39m
[31m+   "component-23": Object {[39m
[31m+     "attempts": 1,[39m
[31m+     "completed": true,[39m
[31m+     "componentId": "component-23",[39m
[31m+     "lastVisited": "2025-10-29T14:53:46.548Z",[39m
[31m+     "score": 90,[39m
[31m+     "timeSpent": 0,[39m
[31m+   },[39m
[31m+   "component-3": Object {[39m
[31m+     "attempts": 2,[39m
[31m+     "completed": true,[39m
[31m+     "componentId": "component-3",[39m
[31m+     "lastVisited": "2025-10-29T14:53:46.546Z",[39m
[31m+     "score": 90,[39m
[31m+     "timeSpent": 0,[39m
[31m+   },[39m
[31m+   "component-4": Object {[39m
[31m+     "attempts": 1,[39m
[31m+     "completed": true,[39m
[31m+     "componentId": "component-4",[39m
[31m+     "lastVisited": "2025-10-29T14:53:46.546Z",[39m
[31m+     "score": 90,[39m
[31m+     "timeSpent": 0,[39m
[31m+   },[39m
[31m+   "component-5": Object {[39m
[31m+     "attempts": 1,[39m
[31m+     "completed": true,[39m
[31m+     "componentId": "component-5",[39m
[31m+     "lastVisited": "2025-10-29T14:53:46.546Z",[39m
[31m+     "score": 90,[39m
[31m+     "timeSpent": 0,[39m
[31m+   },[39m
[31m+   "component-6": Object {[39m
[31m+     "attempts": 1,[39m
[31m+     "completed": true,[39m
[31m+     "componentId": "component-6",[39m
[31m+     "lastVisited": "2025-10-29T14:53:46.546Z",[39m
[31m+     "score": 90,[39m
[31m+     "timeSpent": 0,[39m
[31m+   },[39m
[31m+   "component-7": Object {[39m
[31m+     "attempts": 1,[39m
[31m+     "completed": true,[39m
[31m+     "componentId": "component-7",[39m
[31m+     "lastVisited": "2025-10-29T14:53:46.546Z",[39m
[31m+     "score": 90,[39m
[31m+     "timeSpent": 0,[39m
[31m+   },[39m
[31m+   "component-8": Object {[39m
[31m+     "attempts": 1,[39m
[31m+     "completed": true,[39m
[31m+     "componentId": "component-8",[39m
[31m+     "lastVisited": "2025-10-29T14:53:46.546Z",[39m
[31m+     "score": 90,[39m
[31m+     "timeSpent": 0,[39m
[31m+   },[39m
[31m+   "component-9": Object {[39m
[31m+     "attempts": 1,[39m
[31m+     "completed": true,[39m
[31m+     "componentId": "component-9",[39m
[31m+     "lastVisited": "2025-10-29T14:53:46.547Z",[39m
[31m+     "score": 90,[39m
[31m+     "timeSpent": 0,[39m
[31m+   },[39m
[31m+   "ipv4-subnet": Object {[39m
[31m+     "attempts": 1,[39m
[31m+     "completed": true,[39m
[31m+     "componentId": "ipv4-subnet",[39m
[31m+     "lastVisited": "2025-10-29T14:53:46.500Z",[39m
[31m+     "score": 95,[39m
[31m+     "timeSpent": 0,[39m
[31m+   },[39m
[31m+   "ipv4-troubleshooter": Object {[39m
[31m+     "attempts": 0,[39m
[31m+     "completed": false,[39m
[31m+     "componentId": "ipv4-troubleshooter",[39m
[31m+     "lastVisited": "2025-10-29T14:53:46.500Z",[39m
[31m+     "timeSpent": 100,[39m
[31m+   },[39m
[31m+   "keep-this": Object {[39m
[31m+     "attempts": 1,[39m
[31m+     "completed": true,[39m
[31m+     "componentId": "keep-this",[39m
[31m+     "lastVisited": "2025-10-29T14:53:46.703Z",[39m
[31m+     "score": 85,[39m
[31m+     "timeSpent": 0,[39m
[31m+   },[39m
[31m+   "osi-layer-builder": Object {[39m
[31m+     "attempts": 1,[39m
[31m+     "completed": false,[39m
[31m+     "componentId": "osi-layer-builder",[39m
[31m+     "lastVisited": "2025-10-29T14:53:46.301Z",[39m
[31m+     "timeSpent": 300,[39m
[31m+   },[39m
[31m+   "ports-demo": Object {[39m
[31m+     "attempts": 1,[39m
[31m+     "completed": true,[39m
[31m+     "componentId": "ports-demo",[39m
[31m+     "lastVisited": "2025-10-29T14:53:46.464Z",[39m
[31m+     "score": 90,[39m
[31m+     "timeSpent": 0,[39m
[31m+   },[39m
[31m+   "ports-scanner": Object {[39m
[31m+     "attempts": 1,[39m
[31m+     "completed": true,[39m
[31m+     "componentId": "ports-scanner",[39m
[31m+     "lastVisited": "2025-10-29T14:53:46.464Z",[39m
[31m+     "score": 80,[39m
[31m+     "timeSpent": 0,[39m
[31m+   },[39m
[31m+   "ports-trainer": Object {[39m
[31m+     "attempts": 4,[39m
[31m+     "completed": true,[39m
[31m+     "componentId": "ports-trainer",[39m
[31m+     "lastVisited": "2025-10-29T14:53:46.463Z",[39m
[31m+     "score": 70,[39m
[31m+     "timeSpent": 0,[39m
[31m+   },[39m
[31m+   "test-1": Object {[39m
[31m+     "attempts": 1,[39m
[31m+     "completed": true,[39m
[31m+     "componentId": "test-1",[39m
[31m+     "lastVisited": "2025-10-29T14:53:46.652Z",[39m
[31m+     "score": 80,[39m
[31m+     "timeSpent": 0,[39m
[31m+   },[39m
[31m+   "test-2": Object {[39m
[31m+     "attempts": 1,[39m
[31m+     "completed": true,[39m
[31m+     "componentId": "test-2",[39m
[31m+     "lastVisited": "2025-10-29T14:53:46.652Z",[39m
[31m+     "score": 90,[39m
[31m+     "timeSpent": 0,[39m
[31m+   },[39m
[31m+   "topology-analyzer": Object {[39m
[31m+     "attempts": 0,[39m
[31m+     "completed": false,[39m
[31m+     "componentId": "topology-analyzer",[39m
[31m+     "lastVisited": "2025-10-29T14:53:46.399Z",[39m
[31m+     "timeSpent": 150,[39m
[31m+   },[39m
[31m+ }[39m

[36m [2m❯[22m tests/unit/stores/progressStore.test.ts:[2m234:48[22m[39m
    [90m232| [39m      })[33m;[39m
    [90m233| [39m
    [90m234| [39m      [34mexpect[39m(result[33m.[39mcurrent[33m.[39mcomponentProgress)[33m.[39m[34mtoEqual[39m({})[33m;[39m
    [90m   | [39m                                               [31m^[39m
    [90m235| [39m    })[33m;[39m
    [90m236| [39m  })[33m;[39m

[31m[2m⎯⎯⎯⎯⎯⎯⎯⎯⎯⎯⎯⎯⎯⎯⎯⎯⎯⎯⎯⎯⎯[75/110]⎯[22m[39m

[31m⎯⎯⎯⎯⎯⎯[1m[7m Unhandled Errors [27m[22m⎯⎯⎯⎯⎯⎯[39m
[31m[1m
Vitest caught 9 unhandled errors during the test run.
This might cause false positive tests. Resolve unhandled errors to make sure your tests are not affected.[22m[39m

[31m⎯⎯⎯⎯[1m[7m Unhandled Rejection [27m[22m⎯⎯⎯⎯⎯[39m
[31m[1mUnknown Error[22m: Cannot read properties of undefined (reading 'getItem')[39m
[31m[2m⎯⎯⎯⎯⎯⎯⎯⎯⎯⎯⎯⎯⎯⎯⎯⎯⎯⎯⎯⎯⎯⎯⎯⎯⎯⎯⎯⎯⎯⎯[22m[39m
[31m[1mSerialized Error:[22m[39m [90m{ code: 'UNKNOWN', userMessage: 'An unexpected error occurred. Please try again.', timestamp: '2025-10-29T14:53:48.480Z', retryable: false }[39m
[31mThis error originated in "[1mtests/unit/components/App.test.tsx[22m" test file. It doesn't mean the error was thrown inside the file itself, but while it was running.[39m
[31mThe latest test that might've caused the error is "[1mtests/unit/components/App.test.tsx[22m". It might mean one of the following:
- The error was thrown, while Vitest was running this test.
- If the error occurred after the test had been completed, this was the last documented test before it was thrown.[39m

[31m⎯⎯⎯⎯[1m[7m Unhandled Rejection [27m[22m⎯⎯⎯⎯⎯[39m
[31m[1mUnknown Error[22m: Cannot read properties of undefined (reading 'getItem')[39m
[31m[2m⎯⎯⎯⎯⎯⎯⎯⎯⎯⎯⎯⎯⎯⎯⎯⎯⎯⎯⎯⎯⎯⎯⎯⎯⎯⎯⎯⎯⎯⎯[22m[39m
[31m[1mSerialized Error:[22m[39m [90m{ code: 'UNKNOWN', userMessage: 'An unexpected error occurred. Please try again.', timestamp: '2025-10-29T14:53:48.486Z', retryable: false }[39m
[31mThis error originated in "[1mtests/unit/components/App.test.tsx[22m" test file. It doesn't mean the error was thrown inside the file itself, but while it was running.[39m
[31mThe latest test that might've caused the error is "[1mtests/unit/components/App.test.tsx[22m". It might mean one of the following:
- The error was thrown, while Vitest was running this test.
- If the error occurred after the test had been completed, this was the last documented test before it was thrown.[39m

[31m⎯⎯⎯⎯[1m[7m Unhandled Rejection [27m[22m⎯⎯⎯⎯⎯[39m
[31m[1mUnknown Error[22m: Cannot read properties of undefined (reading 'getItem')[39m
[31m[2m⎯⎯⎯⎯⎯⎯⎯⎯⎯⎯⎯⎯⎯⎯⎯⎯⎯⎯⎯⎯⎯⎯⎯⎯⎯⎯⎯⎯⎯⎯[22m[39m
[31m[1mSerialized Error:[22m[39m [90m{ code: 'UNKNOWN', userMessage: 'An unexpected error occurred. Please try again.', timestamp: '2025-10-29T14:53:48.575Z', retryable: false }[39m
[31mThis error originated in "[1mtests/unit/components/App.test.tsx[22m" test file. It doesn't mean the error was thrown inside the file itself, but while it was running.[39m
[31mThe latest test that might've caused the error is "[1mtests/unit/components/App.test.tsx[22m". It might mean one of the following:
- The error was thrown, while Vitest was running this test.
- If the error occurred after the test had been completed, this was the last documented test before it was thrown.[39m

[31m⎯⎯⎯⎯[1m[7m Unhandled Rejection [27m[22m⎯⎯⎯⎯⎯[39m
[31m[1mUnknown Error[22m: Cannot read properties of undefined (reading 'getItem')[39m
[31m[2m⎯⎯⎯⎯⎯⎯⎯⎯⎯⎯⎯⎯⎯⎯⎯⎯⎯⎯⎯⎯⎯⎯⎯⎯⎯⎯⎯⎯⎯⎯[22m[39m
[31m[1mSerialized Error:[22m[39m [90m{ code: 'UNKNOWN', userMessage: 'An unexpected error occurred. Please try again.', timestamp: '2025-10-29T14:53:48.624Z', retryable: false }[39m
[31mThis error originated in "[1mtests/unit/components/App.test.tsx[22m" test file. It doesn't mean the error was thrown inside the file itself, but while it was running.[39m
[31mThe latest test that might've caused the error is "[1mtests/unit/components/App.test.tsx[22m". It might mean one of the following:
- The error was thrown, while Vitest was running this test.
- If the error occurred after the test had been completed, this was the last documented test before it was thrown.[39m

[31m⎯⎯⎯⎯[1m[7m Unhandled Rejection [27m[22m⎯⎯⎯⎯⎯[39m
[31m[1mUnknown Error[22m: Cannot read properties of undefined (reading 'getItem')[39m
[31m[2m⎯⎯⎯⎯⎯⎯⎯⎯⎯⎯⎯⎯⎯⎯⎯⎯⎯⎯⎯⎯⎯⎯⎯⎯⎯⎯⎯⎯⎯⎯[22m[39m
[31m[1mSerialized Error:[22m[39m [90m{ code: 'UNKNOWN', userMessage: 'An unexpected error occurred. Please try again.', timestamp: '2025-10-29T14:53:48.676Z', retryable: false }[39m
[31mThis error originated in "[1mtests/unit/components/App.test.tsx[22m" test file. It doesn't mean the error was thrown inside the file itself, but while it was running.[39m
[31mThe latest test that might've caused the error is "[1mtests/unit/components/App.test.tsx[22m". It might mean one of the following:
- The error was thrown, while Vitest was running this test.
- If the error occurred after the test had been completed, this was the last documented test before it was thrown.[39m

[31m⎯⎯⎯⎯[1m[7m Unhandled Rejection [27m[22m⎯⎯⎯⎯⎯[39m
[31m[1mUnknown Error[22m: Unknown error occurred[39m
[31m[2m⎯⎯⎯⎯⎯⎯⎯⎯⎯⎯⎯⎯⎯⎯⎯⎯⎯⎯⎯⎯⎯⎯⎯⎯⎯⎯⎯⎯⎯⎯[22m[39m
[31m[1mSerialized Error:[22m[39m [90m{ code: 'UNKNOWN', userMessage: 'An unexpected error occurred. Please try again.', details: { code: 'UNKNOWN', message: 'Cannot read properties of undefined (reading \'headers\')', userMessage: 'An unexpected error occurred. Please try again.', timestamp: '2025-10-29T14:53:56.365Z', retryable: false }, timestamp: '2025-10-29T14:53:56.366Z', retryable: false }[39m
[31mThis error originated in "[1mtests/integration/api-integration.test.ts[22m" test file. It doesn't mean the error was thrown inside the file itself, but while it was running.[39m
[31mThe latest test that might've caused the error is "[1mtests/integration/api-integration.test.ts[22m". It might mean one of the following:
- The error was thrown, while Vitest was running this test.
- If the error occurred after the test had been completed, this was the last documented test before it was thrown.[39m

[31m⎯⎯⎯⎯[1m[7m Unhandled Rejection [27m[22m⎯⎯⎯⎯⎯[39m
[31m[1mUnknown Error[22m: Unknown error occurred[39m
[31m[2m⎯⎯⎯⎯⎯⎯⎯⎯⎯⎯⎯⎯⎯⎯⎯⎯⎯⎯⎯⎯⎯⎯⎯⎯⎯⎯⎯⎯⎯⎯[22m[39m
[31m[1mSerialized Error:[22m[39m [90m{ code: 'UNKNOWN', userMessage: 'An unexpected error occurred. Please try again.', details: { code: 'UNKNOWN', message: 'Cannot read properties of undefined (reading \'headers\')', userMessage: 'An unexpected error occurred. Please try again.', timestamp: '2025-10-29T14:53:56.368Z', retryable: false }, timestamp: '2025-10-29T14:53:56.368Z', retryable: false }[39m
[31mThis error originated in "[1mtests/integration/api-integration.test.ts[22m" test file. It doesn't mean the error was thrown inside the file itself, but while it was running.[39m
[31mThe latest test that might've caused the error is "[1mtests/integration/api-integration.test.ts[22m". It might mean one of the following:
- The error was thrown, while Vitest was running this test.
- If the error occurred after the test had been completed, this was the last documented test before it was thrown.[39m

[31m⎯⎯⎯⎯[1m[7m Unhandled Rejection [27m[22m⎯⎯⎯⎯⎯[39m
[31m[1mUnknown Error[22m: Unknown error occurred[39m
[31m[2m⎯⎯⎯⎯⎯⎯⎯⎯⎯⎯⎯⎯⎯⎯⎯⎯⎯⎯⎯⎯⎯⎯⎯⎯⎯⎯⎯⎯⎯⎯[22m[39m
[31m[1mSerialized Error:[22m[39m [90m{ code: 'UNKNOWN', userMessage: 'An unexpected error occurred. Please try again.', details: { code: 'UNKNOWN', message: 'Cannot read properties of undefined (reading \'headers\')', userMessage: 'An unexpected error occurred. Please try again.', timestamp: '2025-10-29T14:53:56.379Z', retryable: false }, timestamp: '2025-10-29T14:53:56.379Z', retryable: false }[39m
[31mThis error originated in "[1mtests/integration/api-integration.test.ts[22m" test file. It doesn't mean the error was thrown inside the file itself, but while it was running.[39m
[31mThe latest test that might've caused the error is "[1mtests/integration/api-integration.test.ts[22m". It might mean one of the following:
- The error was thrown, while Vitest was running this test.
- If the error occurred after the test had been completed, this was the last documented test before it was thrown.[39m

[31m⎯⎯⎯⎯[1m[7m Unhandled Rejection [27m[22m⎯⎯⎯⎯⎯[39m
[31m[1mUnknown Error[22m: Unknown error occurred[39m
[31m[2m⎯⎯⎯⎯⎯⎯⎯⎯⎯⎯⎯⎯⎯⎯⎯⎯⎯⎯⎯⎯⎯⎯⎯⎯⎯⎯⎯⎯⎯⎯[22m[39m
[31m[1mSerialized Error:[22m[39m [90m{ code: 'UNKNOWN', userMessage: 'An unexpected error occurred. Please try again.', details: { code: 'UNKNOWN', message: 'Cannot read properties of undefined (reading \'headers\')', userMessage: 'An unexpected error occurred. Please try again.', timestamp: '2025-10-29T14:53:56.384Z', retryable: false }, timestamp: '2025-10-29T14:53:56.385Z', retryable: false }[39m
[31mThis error originated in "[1mtests/integration/api-integration.test.ts[22m" test file. It doesn't mean the error was thrown inside the file itself, but while it was running.[39m
[31mThe latest test that might've caused the error is "[1mtests/integration/api-integration.test.ts[22m". It might mean one of the following:
- The error was thrown, while Vitest was running this test.
- If the error occurred after the test had been completed, this was the last documented test before it was thrown.[39m
[31m⎯⎯⎯⎯⎯⎯⎯⎯⎯⎯⎯⎯⎯⎯⎯⎯⎯⎯⎯⎯⎯⎯⎯⎯⎯⎯⎯⎯⎯⎯[39m

[2m Test Files [22m [1m[31m18 failed[39m[22m[2m | [22m[1m[32m7 passed[39m[22m[90m (25)[39m
[2m      Tests [22m [1m[31m106 failed[39m[22m[2m | [22m[1m[32m394 passed[39m[22m[90m (500)[39m
[2m     Errors [22m [1m[31m9 errors[39m[22m
[2m   Start at [22m 07:53:25
[2m   Duration [22m 52.17s[2m (transform 18.32s, setup 153.49s, collect 23.86s, tests 56.74s, environment 112.28s, prepare 25.31s)[22m

JSON report written to C:/Users/brand/Development/Project_Workspace/active-development/learn_comptia_network+/tests/reports/test-results.json
[1m[7m[35m HTML [39m[27m[22m [35mReport is generated[39m
[2m       You can run [22m[1mnpx vite preview --outDir tests/reports[22m[2m to see the test results.[22m
